[2025-03-13T11:59:06.403+0530][0.003s] Heap region size: 1M
[2025-03-13T11:59:06.432+0530][0.032s] Using G1
[2025-03-13T11:59:06.432+0530][0.032s] Heap address: 0x0000000080000000, size: 2048 MB, Compressed Oops mode: 32-bit
[2025-03-13T11:59:06.432+0530][0.032s] Mark closed archive regions in map: [0x00000000fff00000, 0x00000000fff6bff8]
[2025-03-13T11:59:06.432+0530][0.032s] Mark open archive regions in map: [0x00000000ffe00000, 0x00000000ffe47ff8]
[2025-03-13T11:59:06.504+0530][0.104s] Entering safepoint region: Deoptimize
[2025-03-13T11:59:06.504+0530][0.104s] Leaving safepoint region
[2025-03-13T11:59:06.504+0530][0.104s] Total time for which application threads were stopped: 0.0001632 seconds, Stopping threads took: 0.0000420 seconds
[2025-03-13T11:59:06.695+0530][0.295s] Application time: 0.1911270 seconds
[2025-03-13T11:59:06.695+0530][0.295s] Entering safepoint region: Deoptimize
[2025-03-13T11:59:06.695+0530][0.295s] Leaving safepoint region
[2025-03-13T11:59:06.695+0530][0.295s] Total time for which application threads were stopped: 0.0002280 seconds, Stopping threads took: 0.0000095 seconds
[2025-03-13T11:59:06.750+0530][0.350s] Application time: 0.0547409 seconds
[2025-03-13T11:59:06.750+0530][0.350s] Entering safepoint region: EnableBiasedLocking
[2025-03-13T11:59:06.750+0530][0.350s] Leaving safepoint region
[2025-03-13T11:59:06.750+0530][0.350s] Total time for which application threads were stopped: 0.0001847 seconds, Stopping threads took: 0.0000100 seconds
[2025-03-13T11:59:06.817+0530][0.416s] Application time: 0.0661817 seconds
[2025-03-13T11:59:06.817+0530][0.416s] Entering safepoint region: Deoptimize
[2025-03-13T11:59:06.817+0530][0.417s] Leaving safepoint region
[2025-03-13T11:59:06.817+0530][0.417s] Total time for which application threads were stopped: 0.0001916 seconds, Stopping threads took: 0.0000106 seconds
[2025-03-13T11:59:06.841+0530][0.441s] Application time: 0.0243558 seconds
[2025-03-13T11:59:06.841+0530][0.441s] Entering safepoint region: Deoptimize
[2025-03-13T11:59:06.841+0530][0.441s] Leaving safepoint region
[2025-03-13T11:59:06.841+0530][0.441s] Total time for which application threads were stopped: 0.0001970 seconds, Stopping threads took: 0.0000156 seconds
[2025-03-13T11:59:07.100+0530][0.700s] Application time: 0.2587754 seconds
[2025-03-13T11:59:07.100+0530][0.700s] Entering safepoint region: RevokeBias
[2025-03-13T11:59:07.100+0530][0.700s] Leaving safepoint region
[2025-03-13T11:59:07.100+0530][0.700s] Total time for which application threads were stopped: 0.0002147 seconds, Stopping threads took: 0.0001217 seconds
[2025-03-13T11:59:07.102+0530][0.702s] Application time: 0.0017070 seconds
[2025-03-13T11:59:07.102+0530][0.702s] Entering safepoint region: RevokeBias
[2025-03-13T11:59:07.103+0530][0.702s] Leaving safepoint region
[2025-03-13T11:59:07.103+0530][0.702s] Total time for which application threads were stopped: 0.0002916 seconds, Stopping threads took: 0.0001828 seconds
[2025-03-13T11:59:07.103+0530][0.702s] Application time: 0.0000696 seconds
[2025-03-13T11:59:07.103+0530][0.702s] Entering safepoint region: RevokeBias
[2025-03-13T11:59:07.103+0530][0.702s] Leaving safepoint region
[2025-03-13T11:59:07.103+0530][0.702s] Total time for which application threads were stopped: 0.0000698 seconds, Stopping threads took: 0.0000208 seconds
[2025-03-13T11:59:07.299+0530][0.899s] Application time: 0.1964511 seconds
[2025-03-13T11:59:07.299+0530][0.899s] Entering safepoint region: BulkRevokeBias
[2025-03-13T11:59:07.299+0530][0.899s] Leaving safepoint region
[2025-03-13T11:59:07.299+0530][0.899s] Total time for which application threads were stopped: 0.0001433 seconds, Stopping threads took: 0.0000112 seconds
[2025-03-13T11:59:07.549+0530][1.149s] Application time: 0.2494306 seconds
[2025-03-13T11:59:07.549+0530][1.149s] Entering safepoint region: BulkRevokeBias
[2025-03-13T11:59:07.549+0530][1.149s] Leaving safepoint region
[2025-03-13T11:59:07.549+0530][1.149s] Total time for which application threads were stopped: 0.0003624 seconds, Stopping threads took: 0.0000149 seconds
[2025-03-13T11:59:07.562+0530][1.162s] Application time: 0.0132316 seconds
[2025-03-13T11:59:07.562+0530][1.162s] Entering safepoint region: Deoptimize
[2025-03-13T11:59:07.563+0530][1.162s] Leaving safepoint region
[2025-03-13T11:59:07.563+0530][1.162s] Total time for which application threads were stopped: 0.0002441 seconds, Stopping threads took: 0.0000104 seconds
[2025-03-13T11:59:07.598+0530][1.198s] Application time: 0.0355766 seconds
[2025-03-13T11:59:07.598+0530][1.198s] Entering safepoint region: Deoptimize
[2025-03-13T11:59:07.599+0530][1.199s] Leaving safepoint region
[2025-03-13T11:59:07.599+0530][1.199s] Total time for which application threads were stopped: 0.0008337 seconds, Stopping threads took: 0.0000110 seconds
[2025-03-13T11:59:07.606+0530][1.206s] Application time: 0.0068977 seconds
[2025-03-13T11:59:07.606+0530][1.206s] Entering safepoint region: Deoptimize
[2025-03-13T11:59:07.607+0530][1.206s] Leaving safepoint region
[2025-03-13T11:59:07.607+0530][1.206s] Total time for which application threads were stopped: 0.0004788 seconds, Stopping threads took: 0.0001733 seconds
[2025-03-13T11:59:07.869+0530][1.469s] Application time: 0.2628411 seconds
[2025-03-13T11:59:07.869+0530][1.469s] Entering safepoint region: RevokeBias
[2025-03-13T11:59:07.870+0530][1.469s] Leaving safepoint region
[2025-03-13T11:59:07.870+0530][1.469s] Total time for which application threads were stopped: 0.0001394 seconds, Stopping threads took: 0.0000556 seconds
[2025-03-13T11:59:07.870+0530][1.469s] Application time: 0.0000836 seconds
[2025-03-13T11:59:07.870+0530][1.469s] Entering safepoint region: RevokeBias
[2025-03-13T11:59:07.870+0530][1.470s] Leaving safepoint region
[2025-03-13T11:59:07.870+0530][1.470s] Total time for which application threads were stopped: 0.0000693 seconds, Stopping threads took: 0.0000227 seconds
[2025-03-13T11:59:07.870+0530][1.470s] Application time: 0.0000159 seconds
[2025-03-13T11:59:07.870+0530][1.470s] Entering safepoint region: RevokeBias
[2025-03-13T11:59:07.870+0530][1.470s] Leaving safepoint region
[2025-03-13T11:59:07.870+0530][1.470s] Total time for which application threads were stopped: 0.0000576 seconds, Stopping threads took: 0.0000160 seconds
[2025-03-13T11:59:07.870+0530][1.470s] Application time: 0.0000632 seconds
[2025-03-13T11:59:07.870+0530][1.470s] Entering safepoint region: RevokeBias
[2025-03-13T11:59:07.870+0530][1.470s] Leaving safepoint region
[2025-03-13T11:59:07.870+0530][1.470s] Total time for which application threads were stopped: 0.0000900 seconds, Stopping threads took: 0.0000415 seconds
[2025-03-13T11:59:07.870+0530][1.470s] Application time: 0.0000197 seconds
[2025-03-13T11:59:07.870+0530][1.470s] Entering safepoint region: RevokeBias
[2025-03-13T11:59:07.870+0530][1.470s] Leaving safepoint region
[2025-03-13T11:59:07.870+0530][1.470s] Total time for which application threads were stopped: 0.0000464 seconds, Stopping threads took: 0.0000057 seconds
[2025-03-13T11:59:07.870+0530][1.470s] Application time: 0.0000328 seconds
[2025-03-13T11:59:07.870+0530][1.470s] Entering safepoint region: RevokeBias
[2025-03-13T11:59:07.870+0530][1.470s] Leaving safepoint region
[2025-03-13T11:59:07.870+0530][1.470s] Total time for which application threads were stopped: 0.0000510 seconds, Stopping threads took: 0.0000116 seconds
[2025-03-13T11:59:07.870+0530][1.470s] Application time: 0.0000177 seconds
[2025-03-13T11:59:07.870+0530][1.470s] Entering safepoint region: RevokeBias
[2025-03-13T11:59:07.870+0530][1.470s] Leaving safepoint region
[2025-03-13T11:59:07.870+0530][1.470s] Total time for which application threads were stopped: 0.0000423 seconds, Stopping threads took: 0.0000055 seconds
[2025-03-13T11:59:07.871+0530][1.470s] Application time: 0.0002233 seconds
[2025-03-13T11:59:07.871+0530][1.470s] Entering safepoint region: RevokeBias
[2025-03-13T11:59:07.871+0530][1.470s] Leaving safepoint region
[2025-03-13T11:59:07.871+0530][1.470s] Total time for which application threads were stopped: 0.0000923 seconds, Stopping threads took: 0.0000321 seconds
[2025-03-13T11:59:07.880+0530][1.480s] Application time: 0.0092948 seconds
[2025-03-13T11:59:07.880+0530][1.480s] Entering safepoint region: RevokeBias
[2025-03-13T11:59:07.880+0530][1.480s] Leaving safepoint region
[2025-03-13T11:59:07.880+0530][1.480s] Total time for which application threads were stopped: 0.0000941 seconds, Stopping threads took: 0.0000314 seconds
[2025-03-13T11:59:07.884+0530][1.484s] Application time: 0.0039941 seconds
[2025-03-13T11:59:07.884+0530][1.484s] Entering safepoint region: RevokeBias
[2025-03-13T11:59:07.884+0530][1.484s] Leaving safepoint region
[2025-03-13T11:59:07.884+0530][1.484s] Total time for which application threads were stopped: 0.0001259 seconds, Stopping threads took: 0.0000460 seconds
[2025-03-13T11:59:08.884+0530][2.484s] Application time: 1.0001295 seconds
[2025-03-13T11:59:08.884+0530][2.484s] Entering safepoint region: Cleanup
[2025-03-13T11:59:08.884+0530][2.484s] Leaving safepoint region
[2025-03-13T11:59:08.885+0530][2.484s] Total time for which application threads were stopped: 0.0001427 seconds, Stopping threads took: 0.0000191 seconds
[2025-03-13T11:59:09.885+0530][3.484s] Application time: 1.0000672 seconds
[2025-03-13T11:59:09.885+0530][3.484s] Entering safepoint region: Cleanup
[2025-03-13T11:59:09.885+0530][3.485s] Leaving safepoint region
[2025-03-13T11:59:09.885+0530][3.485s] Total time for which application threads were stopped: 0.0001271 seconds, Stopping threads took: 0.0000341 seconds
[2025-03-13T11:59:10.885+0530][4.485s] Application time: 1.0000435 seconds
[2025-03-13T11:59:10.885+0530][4.485s] Entering safepoint region: Cleanup
[2025-03-13T11:59:10.885+0530][4.485s] Leaving safepoint region
[2025-03-13T11:59:10.885+0530][4.485s] Total time for which application threads were stopped: 0.0000896 seconds, Stopping threads took: 0.0000152 seconds
[2025-03-13T11:59:11.885+0530][5.485s] Application time: 1.0000719 seconds
[2025-03-13T11:59:11.885+0530][5.485s] Entering safepoint region: Cleanup
[2025-03-13T11:59:11.885+0530][5.485s] Leaving safepoint region
[2025-03-13T11:59:11.885+0530][5.485s] Total time for which application threads were stopped: 0.0001562 seconds, Stopping threads took: 0.0000636 seconds
[2025-03-13T11:59:12.739+0530][6.339s] Application time: 0.8541895 seconds
[2025-03-13T11:59:12.739+0530][6.339s] Entering safepoint region: RevokeBias
[2025-03-13T11:59:12.740+0530][6.340s] Leaving safepoint region
[2025-03-13T11:59:12.740+0530][6.340s] Total time for which application threads were stopped: 0.0004927 seconds, Stopping threads took: 0.0000179 seconds
[2025-03-13T11:59:12.740+0530][6.340s] Application time: 0.0002102 seconds
[2025-03-13T11:59:12.740+0530][6.340s] Entering safepoint region: RevokeBias
[2025-03-13T11:59:12.740+0530][6.340s] Leaving safepoint region
[2025-03-13T11:59:12.740+0530][6.340s] Total time for which application threads were stopped: 0.0001108 seconds, Stopping threads took: 0.0000157 seconds
[2025-03-13T11:59:12.740+0530][6.340s] Application time: 0.0001344 seconds
[2025-03-13T11:59:12.740+0530][6.340s] Entering safepoint region: RevokeBias
[2025-03-13T11:59:12.740+0530][6.340s] Leaving safepoint region
[2025-03-13T11:59:12.741+0530][6.340s] Total time for which application threads were stopped: 0.0000940 seconds, Stopping threads took: 0.0000134 seconds
[2025-03-13T11:59:12.741+0530][6.341s] Application time: 0.0004529 seconds
[2025-03-13T11:59:12.741+0530][6.341s] Entering safepoint region: RevokeBias
[2025-03-13T11:59:12.741+0530][6.341s] Leaving safepoint region
[2025-03-13T11:59:12.741+0530][6.341s] Total time for which application threads were stopped: 0.0001193 seconds, Stopping threads took: 0.0000167 seconds
[2025-03-13T11:59:12.741+0530][6.341s] Application time: 0.0000376 seconds
[2025-03-13T11:59:12.741+0530][6.341s] Entering safepoint region: RevokeBias
[2025-03-13T11:59:12.741+0530][6.341s] Leaving safepoint region
[2025-03-13T11:59:12.741+0530][6.341s] Total time for which application threads were stopped: 0.0000900 seconds, Stopping threads took: 0.0000089 seconds
[2025-03-13T11:59:12.741+0530][6.341s] Application time: 0.0000301 seconds
[2025-03-13T11:59:12.741+0530][6.341s] Entering safepoint region: RevokeBias
[2025-03-13T11:59:12.741+0530][6.341s] Leaving safepoint region
[2025-03-13T11:59:12.741+0530][6.341s] Total time for which application threads were stopped: 0.0000812 seconds, Stopping threads took: 0.0000102 seconds
[2025-03-13T11:59:12.742+0530][6.341s] Application time: 0.0001331 seconds
[2025-03-13T11:59:12.742+0530][6.341s] Entering safepoint region: RevokeBias
[2025-03-13T11:59:12.742+0530][6.341s] Leaving safepoint region
[2025-03-13T11:59:12.742+0530][6.341s] Total time for which application threads were stopped: 0.0001118 seconds, Stopping threads took: 0.0000096 seconds
[2025-03-13T11:59:12.742+0530][6.342s] Application time: 0.0002944 seconds
[2025-03-13T11:59:12.742+0530][6.342s] Entering safepoint region: RevokeBias
[2025-03-13T11:59:12.742+0530][6.342s] Leaving safepoint region
[2025-03-13T11:59:12.742+0530][6.342s] Total time for which application threads were stopped: 0.0001032 seconds, Stopping threads took: 0.0000131 seconds
[2025-03-13T11:59:12.743+0530][6.343s] Application time: 0.0012578 seconds
[2025-03-13T11:59:12.743+0530][6.343s] Entering safepoint region: RevokeBias
[2025-03-13T11:59:12.744+0530][6.344s] Leaving safepoint region
[2025-03-13T11:59:12.744+0530][6.344s] Total time for which application threads were stopped: 0.0005422 seconds, Stopping threads took: 0.0000147 seconds
[2025-03-13T11:59:12.744+0530][6.344s] Application time: 0.0000406 seconds
[2025-03-13T11:59:12.744+0530][6.344s] Entering safepoint region: RevokeBias
[2025-03-13T11:59:12.744+0530][6.344s] Leaving safepoint region
[2025-03-13T11:59:12.744+0530][6.344s] Total time for which application threads were stopped: 0.0000968 seconds, Stopping threads took: 0.0000132 seconds
[2025-03-13T11:59:12.744+0530][6.344s] Application time: 0.0000204 seconds
[2025-03-13T11:59:12.744+0530][6.344s] Entering safepoint region: RevokeBias
[2025-03-13T11:59:12.744+0530][6.344s] Leaving safepoint region
[2025-03-13T11:59:12.744+0530][6.344s] Total time for which application threads were stopped: 0.0002002 seconds, Stopping threads took: 0.0000090 seconds
[2025-03-13T11:59:12.744+0530][6.344s] Application time: 0.0000326 seconds
[2025-03-13T11:59:12.744+0530][6.344s] Entering safepoint region: RevokeBias
[2025-03-13T11:59:12.744+0530][6.344s] Leaving safepoint region
[2025-03-13T11:59:12.744+0530][6.344s] Total time for which application threads were stopped: 0.0000667 seconds, Stopping threads took: 0.0000094 seconds
[2025-03-13T11:59:12.745+0530][6.344s] Application time: 0.0001260 seconds
[2025-03-13T11:59:12.745+0530][6.344s] Entering safepoint region: RevokeBias
[2025-03-13T11:59:12.745+0530][6.344s] Leaving safepoint region
[2025-03-13T11:59:12.745+0530][6.344s] Total time for which application threads were stopped: 0.0000855 seconds, Stopping threads took: 0.0000111 seconds
[2025-03-13T11:59:12.745+0530][6.344s] Application time: 0.0000262 seconds
[2025-03-13T11:59:12.745+0530][6.344s] Entering safepoint region: RevokeBias
[2025-03-13T11:59:12.745+0530][6.345s] Leaving safepoint region
[2025-03-13T11:59:12.745+0530][6.345s] Total time for which application threads were stopped: 0.0001404 seconds, Stopping threads took: 0.0000082 seconds
[2025-03-13T11:59:12.745+0530][6.345s] Application time: 0.0001198 seconds
[2025-03-13T11:59:12.745+0530][6.345s] Entering safepoint region: RevokeBias
[2025-03-13T11:59:12.745+0530][6.345s] Leaving safepoint region
[2025-03-13T11:59:12.745+0530][6.345s] Total time for which application threads were stopped: 0.0001618 seconds, Stopping threads took: 0.0000100 seconds
[2025-03-13T11:59:12.745+0530][6.345s] Application time: 0.0002594 seconds
[2025-03-13T11:59:12.745+0530][6.345s] Entering safepoint region: RevokeBias
[2025-03-13T11:59:12.745+0530][6.345s] Leaving safepoint region
[2025-03-13T11:59:12.745+0530][6.345s] Total time for which application threads were stopped: 0.0000953 seconds, Stopping threads took: 0.0000100 seconds
[2025-03-13T11:59:12.746+0530][6.345s] Application time: 0.0000308 seconds
[2025-03-13T11:59:12.746+0530][6.345s] Entering safepoint region: RevokeBias
[2025-03-13T11:59:12.746+0530][6.345s] Leaving safepoint region
[2025-03-13T11:59:12.746+0530][6.345s] Total time for which application threads were stopped: 0.0000750 seconds, Stopping threads took: 0.0000173 seconds
[2025-03-13T11:59:12.746+0530][6.345s] Application time: 0.0000421 seconds
[2025-03-13T11:59:12.746+0530][6.345s] Entering safepoint region: RevokeBias
[2025-03-13T11:59:12.746+0530][6.346s] Leaving safepoint region
[2025-03-13T11:59:12.746+0530][6.346s] Total time for which application threads were stopped: 0.0000810 seconds, Stopping threads took: 0.0000086 seconds
[2025-03-13T11:59:12.746+0530][6.346s] Application time: 0.0000675 seconds
[2025-03-13T11:59:12.746+0530][6.346s] Entering safepoint region: RevokeBias
[2025-03-13T11:59:12.746+0530][6.346s] Leaving safepoint region
[2025-03-13T11:59:12.746+0530][6.346s] Total time for which application threads were stopped: 0.0000684 seconds, Stopping threads took: 0.0000074 seconds
[2025-03-13T11:59:12.747+0530][6.346s] Application time: 0.0006482 seconds
[2025-03-13T11:59:12.747+0530][6.346s] Entering safepoint region: RevokeBias
[2025-03-13T11:59:12.747+0530][6.346s] Leaving safepoint region
[2025-03-13T11:59:12.747+0530][6.346s] Total time for which application threads were stopped: 0.0000942 seconds, Stopping threads took: 0.0000128 seconds
[2025-03-13T11:59:12.747+0530][6.347s] Application time: 0.0003081 seconds
[2025-03-13T11:59:12.747+0530][6.347s] Entering safepoint region: RevokeBias
[2025-03-13T11:59:12.747+0530][6.347s] Leaving safepoint region
[2025-03-13T11:59:12.747+0530][6.347s] Total time for which application threads were stopped: 0.0000954 seconds, Stopping threads took: 0.0000121 seconds
[2025-03-13T11:59:12.748+0530][6.347s] Application time: 0.0004690 seconds
[2025-03-13T11:59:12.748+0530][6.347s] Entering safepoint region: RevokeBias
[2025-03-13T11:59:12.748+0530][6.347s] Leaving safepoint region
[2025-03-13T11:59:12.748+0530][6.347s] Total time for which application threads were stopped: 0.0000834 seconds, Stopping threads took: 0.0000105 seconds
[2025-03-13T11:59:12.748+0530][6.348s] Application time: 0.0000239 seconds
[2025-03-13T11:59:12.748+0530][6.348s] Entering safepoint region: RevokeBias
[2025-03-13T11:59:12.748+0530][6.348s] Leaving safepoint region
[2025-03-13T11:59:12.748+0530][6.348s] Total time for which application threads were stopped: 0.0000837 seconds, Stopping threads took: 0.0000079 seconds
[2025-03-13T11:59:12.751+0530][6.350s] Application time: 0.0027058 seconds
[2025-03-13T11:59:12.751+0530][6.350s] Entering safepoint region: RevokeBias
[2025-03-13T11:59:12.751+0530][6.350s] Leaving safepoint region
[2025-03-13T11:59:12.751+0530][6.350s] Total time for which application threads were stopped: 0.0001195 seconds, Stopping threads took: 0.0000161 seconds
[2025-03-13T11:59:12.751+0530][6.351s] Application time: 0.0007859 seconds
[2025-03-13T11:59:12.752+0530][6.351s] Entering safepoint region: RevokeBias
[2025-03-13T11:59:12.752+0530][6.351s] Leaving safepoint region
[2025-03-13T11:59:12.752+0530][6.351s] Total time for which application threads were stopped: 0.0001026 seconds, Stopping threads took: 0.0000154 seconds
[2025-03-13T11:59:12.752+0530][6.352s] Application time: 0.0001881 seconds
[2025-03-13T11:59:12.752+0530][6.352s] Entering safepoint region: RevokeBias
[2025-03-13T11:59:12.752+0530][6.352s] Leaving safepoint region
[2025-03-13T11:59:12.752+0530][6.352s] Total time for which application threads were stopped: 0.0000945 seconds, Stopping threads took: 0.0000128 seconds
[2025-03-13T11:59:12.752+0530][6.352s] Application time: 0.0000469 seconds
[2025-03-13T11:59:12.752+0530][6.352s] Entering safepoint region: RevokeBias
[2025-03-13T11:59:12.752+0530][6.352s] Leaving safepoint region
[2025-03-13T11:59:12.752+0530][6.352s] Total time for which application threads were stopped: 0.0000638 seconds, Stopping threads took: 0.0000065 seconds
[2025-03-13T11:59:12.752+0530][6.352s] Application time: 0.0004038 seconds
[2025-03-13T11:59:12.753+0530][6.352s] Entering safepoint region: RevokeBias
[2025-03-13T11:59:12.753+0530][6.353s] Leaving safepoint region
[2025-03-13T11:59:12.753+0530][6.353s] Total time for which application threads were stopped: 0.0003635 seconds, Stopping threads took: 0.0000853 seconds
[2025-03-13T11:59:12.753+0530][6.353s] Application time: 0.0000327 seconds
[2025-03-13T11:59:12.753+0530][6.353s] Entering safepoint region: RevokeBias
[2025-03-13T11:59:12.753+0530][6.353s] Leaving safepoint region
[2025-03-13T11:59:12.753+0530][6.353s] Total time for which application threads were stopped: 0.0001487 seconds, Stopping threads took: 0.0000725 seconds
[2025-03-13T11:59:12.753+0530][6.353s] Application time: 0.0000360 seconds
[2025-03-13T11:59:12.753+0530][6.353s] Entering safepoint region: RevokeBias
[2025-03-13T11:59:12.753+0530][6.353s] Leaving safepoint region
[2025-03-13T11:59:12.753+0530][6.353s] Total time for which application threads were stopped: 0.0000715 seconds, Stopping threads took: 0.0000075 seconds
[2025-03-13T11:59:12.753+0530][6.353s] Application time: 0.0000275 seconds
[2025-03-13T11:59:12.753+0530][6.353s] Entering safepoint region: RevokeBias
[2025-03-13T11:59:12.753+0530][6.353s] Leaving safepoint region
[2025-03-13T11:59:12.753+0530][6.353s] Total time for which application threads were stopped: 0.0000832 seconds, Stopping threads took: 0.0000224 seconds
[2025-03-13T11:59:12.753+0530][6.353s] Application time: 0.0000901 seconds
[2025-03-13T11:59:12.753+0530][6.353s] Entering safepoint region: RevokeBias
[2025-03-13T11:59:12.753+0530][6.353s] Leaving safepoint region
[2025-03-13T11:59:12.753+0530][6.353s] Total time for which application threads were stopped: 0.0001106 seconds, Stopping threads took: 0.0000305 seconds
[2025-03-13T11:59:12.754+0530][6.353s] Application time: 0.0000243 seconds
[2025-03-13T11:59:12.754+0530][6.353s] Entering safepoint region: RevokeBias
[2025-03-13T11:59:12.754+0530][6.353s] Leaving safepoint region
[2025-03-13T11:59:12.754+0530][6.353s] Total time for which application threads were stopped: 0.0000717 seconds, Stopping threads took: 0.0000084 seconds
[2025-03-13T11:59:12.754+0530][6.353s] Application time: 0.0000248 seconds
[2025-03-13T11:59:12.754+0530][6.353s] Entering safepoint region: RevokeBias
[2025-03-13T11:59:12.754+0530][6.353s] Leaving safepoint region
[2025-03-13T11:59:12.754+0530][6.354s] Total time for which application threads were stopped: 0.0000828 seconds, Stopping threads took: 0.0000065 seconds
[2025-03-13T11:59:12.754+0530][6.354s] Application time: 0.0000168 seconds
[2025-03-13T11:59:12.754+0530][6.354s] Entering safepoint region: RevokeBias
[2025-03-13T11:59:12.754+0530][6.354s] Leaving safepoint region
[2025-03-13T11:59:12.754+0530][6.354s] Total time for which application threads were stopped: 0.0000960 seconds, Stopping threads took: 0.0000062 seconds
[2025-03-13T11:59:12.754+0530][6.354s] Application time: 0.0000226 seconds
[2025-03-13T11:59:12.754+0530][6.354s] Entering safepoint region: RevokeBias
[2025-03-13T11:59:12.754+0530][6.354s] Leaving safepoint region
[2025-03-13T11:59:12.754+0530][6.354s] Total time for which application threads were stopped: 0.0000766 seconds, Stopping threads took: 0.0000218 seconds
[2025-03-13T11:59:12.754+0530][6.354s] Application time: 0.0000376 seconds
[2025-03-13T11:59:12.754+0530][6.354s] Entering safepoint region: BulkRevokeBias
[2025-03-13T11:59:12.755+0530][6.355s] Leaving safepoint region
[2025-03-13T11:59:12.755+0530][6.355s] Total time for which application threads were stopped: 0.0014040 seconds, Stopping threads took: 0.0000064 seconds
[2025-03-13T11:59:12.761+0530][6.361s] Application time: 0.0054605 seconds
[2025-03-13T11:59:12.761+0530][6.361s] Entering safepoint region: RevokeBias
[2025-03-13T11:59:12.761+0530][6.361s] Leaving safepoint region
[2025-03-13T11:59:12.761+0530][6.361s] Total time for which application threads were stopped: 0.0001409 seconds, Stopping threads took: 0.0000325 seconds
[2025-03-13T11:59:12.761+0530][6.361s] Application time: 0.0001643 seconds
[2025-03-13T11:59:12.761+0530][6.361s] Entering safepoint region: RevokeBias
[2025-03-13T11:59:12.761+0530][6.361s] Leaving safepoint region
[2025-03-13T11:59:12.761+0530][6.361s] Total time for which application threads were stopped: 0.0001518 seconds, Stopping threads took: 0.0000591 seconds
[2025-03-13T11:59:12.762+0530][6.361s] Application time: 0.0000967 seconds
[2025-03-13T11:59:12.762+0530][6.361s] Entering safepoint region: RevokeBias
[2025-03-13T11:59:12.762+0530][6.361s] Leaving safepoint region
[2025-03-13T11:59:12.762+0530][6.361s] Total time for which application threads were stopped: 0.0000991 seconds, Stopping threads took: 0.0000246 seconds
[2025-03-13T11:59:12.762+0530][6.362s] Application time: 0.0008793 seconds
[2025-03-13T11:59:12.763+0530][6.362s] Entering safepoint region: RevokeBias
[2025-03-13T11:59:12.763+0530][6.362s] Leaving safepoint region
[2025-03-13T11:59:12.763+0530][6.362s] Total time for which application threads were stopped: 0.0001110 seconds, Stopping threads took: 0.0000118 seconds
[2025-03-13T11:59:12.763+0530][6.362s] Application time: 0.0000265 seconds
[2025-03-13T11:59:12.763+0530][6.362s] Entering safepoint region: RevokeBias
[2025-03-13T11:59:12.763+0530][6.363s] Leaving safepoint region
[2025-03-13T11:59:12.763+0530][6.363s] Total time for which application threads were stopped: 0.0000831 seconds, Stopping threads took: 0.0000199 seconds
[2025-03-13T11:59:12.763+0530][6.363s] Application time: 0.0005988 seconds
[2025-03-13T11:59:12.763+0530][6.363s] Entering safepoint region: RevokeBias
[2025-03-13T11:59:12.763+0530][6.363s] Leaving safepoint region
[2025-03-13T11:59:12.763+0530][6.363s] Total time for which application threads were stopped: 0.0000939 seconds, Stopping threads took: 0.0000072 seconds
[2025-03-13T11:59:12.768+0530][6.368s] Application time: 0.0049469 seconds
[2025-03-13T11:59:12.768+0530][6.368s] Entering safepoint region: RevokeBias
[2025-03-13T11:59:12.769+0530][6.368s] Leaving safepoint region
[2025-03-13T11:59:12.769+0530][6.369s] Total time for which application threads were stopped: 0.0002437 seconds, Stopping threads took: 0.0000370 seconds
[2025-03-13T11:59:12.769+0530][6.369s] Application time: 0.0000457 seconds
[2025-03-13T11:59:12.769+0530][6.369s] Entering safepoint region: RevokeBias
[2025-03-13T11:59:12.769+0530][6.369s] Leaving safepoint region
[2025-03-13T11:59:12.769+0530][6.369s] Total time for which application threads were stopped: 0.0001088 seconds, Stopping threads took: 0.0000256 seconds
[2025-03-13T11:59:12.769+0530][6.369s] Application time: 0.0000232 seconds
[2025-03-13T11:59:12.769+0530][6.369s] Entering safepoint region: RevokeBias
[2025-03-13T11:59:12.769+0530][6.369s] Leaving safepoint region
[2025-03-13T11:59:12.769+0530][6.369s] Total time for which application threads were stopped: 0.0000691 seconds, Stopping threads took: 0.0000081 seconds
[2025-03-13T11:59:12.769+0530][6.369s] Application time: 0.0000517 seconds
[2025-03-13T11:59:12.769+0530][6.369s] Entering safepoint region: RevokeBias
[2025-03-13T11:59:12.769+0530][6.369s] Leaving safepoint region
[2025-03-13T11:59:12.769+0530][6.369s] Total time for which application threads were stopped: 0.0001033 seconds, Stopping threads took: 0.0000137 seconds
[2025-03-13T11:59:12.770+0530][6.370s] Application time: 0.0011673 seconds
[2025-03-13T11:59:12.770+0530][6.370s] Entering safepoint region: RevokeBias
[2025-03-13T11:59:12.770+0530][6.370s] Leaving safepoint region
[2025-03-13T11:59:12.770+0530][6.370s] Total time for which application threads were stopped: 0.0001141 seconds, Stopping threads took: 0.0000340 seconds
[2025-03-13T11:59:12.771+0530][6.370s] Application time: 0.0000328 seconds
[2025-03-13T11:59:12.771+0530][6.370s] Entering safepoint region: RevokeBias
[2025-03-13T11:59:12.771+0530][6.370s] Leaving safepoint region
[2025-03-13T11:59:12.771+0530][6.370s] Total time for which application threads were stopped: 0.0001234 seconds, Stopping threads took: 0.0000075 seconds
[2025-03-13T11:59:12.771+0530][6.370s] Application time: 0.0000294 seconds
[2025-03-13T11:59:12.771+0530][6.370s] Entering safepoint region: BulkRevokeBias
[2025-03-13T11:59:12.772+0530][6.372s] Leaving safepoint region
[2025-03-13T11:59:12.772+0530][6.372s] Total time for which application threads were stopped: 0.0013772 seconds, Stopping threads took: 0.0000075 seconds
[2025-03-13T11:59:12.772+0530][6.372s] Application time: 0.0001215 seconds
[2025-03-13T11:59:12.772+0530][6.372s] Entering safepoint region: RevokeBias
[2025-03-13T11:59:12.772+0530][6.372s] Leaving safepoint region
[2025-03-13T11:59:12.772+0530][6.372s] Total time for which application threads were stopped: 0.0001090 seconds, Stopping threads took: 0.0000140 seconds
[2025-03-13T11:59:12.772+0530][6.372s] Application time: 0.0000356 seconds
[2025-03-13T11:59:12.772+0530][6.372s] Entering safepoint region: RevokeBias
[2025-03-13T11:59:12.772+0530][6.372s] Leaving safepoint region
[2025-03-13T11:59:12.772+0530][6.372s] Total time for which application threads were stopped: 0.0000886 seconds, Stopping threads took: 0.0000119 seconds
[2025-03-13T11:59:12.772+0530][6.372s] Application time: 0.0000196 seconds
[2025-03-13T11:59:12.772+0530][6.372s] Entering safepoint region: RevokeBias
[2025-03-13T11:59:12.773+0530][6.372s] Leaving safepoint region
[2025-03-13T11:59:12.773+0530][6.372s] Total time for which application threads were stopped: 0.0000678 seconds, Stopping threads took: 0.0000064 seconds
[2025-03-13T11:59:12.773+0530][6.372s] Application time: 0.0000254 seconds
[2025-03-13T11:59:12.773+0530][6.372s] Entering safepoint region: RevokeBias
[2025-03-13T11:59:12.773+0530][6.372s] Leaving safepoint region
[2025-03-13T11:59:12.773+0530][6.372s] Total time for which application threads were stopped: 0.0000985 seconds, Stopping threads took: 0.0000240 seconds
[2025-03-13T11:59:12.773+0530][6.373s] Application time: 0.0003627 seconds
[2025-03-13T11:59:12.773+0530][6.373s] Entering safepoint region: RevokeBias
[2025-03-13T11:59:12.773+0530][6.373s] Leaving safepoint region
[2025-03-13T11:59:12.773+0530][6.373s] Total time for which application threads were stopped: 0.0000947 seconds, Stopping threads took: 0.0000298 seconds
[2025-03-13T11:59:12.777+0530][6.377s] Application time: 0.0038540 seconds
[2025-03-13T11:59:12.777+0530][6.377s] Entering safepoint region: RevokeBias
[2025-03-13T11:59:12.777+0530][6.377s] Leaving safepoint region
[2025-03-13T11:59:12.777+0530][6.377s] Total time for which application threads were stopped: 0.0001180 seconds, Stopping threads took: 0.0000101 seconds
[2025-03-13T11:59:12.779+0530][6.379s] Application time: 0.0022418 seconds
[2025-03-13T11:59:12.779+0530][6.379s] Entering safepoint region: RevokeBias
[2025-03-13T11:59:12.780+0530][6.379s] Leaving safepoint region
[2025-03-13T11:59:12.780+0530][6.379s] Total time for which application threads were stopped: 0.0001402 seconds, Stopping threads took: 0.0000383 seconds
[2025-03-13T11:59:12.782+0530][6.381s] Application time: 0.0020409 seconds
[2025-03-13T11:59:12.782+0530][6.381s] Entering safepoint region: RevokeBias
[2025-03-13T11:59:12.782+0530][6.382s] Leaving safepoint region
[2025-03-13T11:59:12.782+0530][6.382s] Total time for which application threads were stopped: 0.0001460 seconds, Stopping threads took: 0.0000161 seconds
[2025-03-13T11:59:12.783+0530][6.383s] Application time: 0.0011055 seconds
[2025-03-13T11:59:12.783+0530][6.383s] Entering safepoint region: RevokeBias
[2025-03-13T11:59:12.783+0530][6.383s] Leaving safepoint region
[2025-03-13T11:59:12.783+0530][6.383s] Total time for which application threads were stopped: 0.0002103 seconds, Stopping threads took: 0.0000192 seconds
[2025-03-13T11:59:12.784+0530][6.384s] Application time: 0.0011860 seconds
[2025-03-13T11:59:12.784+0530][6.384s] Entering safepoint region: RevokeBias
[2025-03-13T11:59:12.785+0530][6.384s] Leaving safepoint region
[2025-03-13T11:59:12.785+0530][6.384s] Total time for which application threads were stopped: 0.0001875 seconds, Stopping threads took: 0.0000186 seconds
[2025-03-13T11:59:12.785+0530][6.385s] Application time: 0.0008995 seconds
[2025-03-13T11:59:12.786+0530][6.385s] Entering safepoint region: RevokeBias
[2025-03-13T11:59:12.786+0530][6.385s] Leaving safepoint region
[2025-03-13T11:59:12.786+0530][6.385s] Total time for which application threads were stopped: 0.0001442 seconds, Stopping threads took: 0.0000165 seconds
[2025-03-13T11:59:12.789+0530][6.389s] Application time: 0.0035749 seconds
[2025-03-13T11:59:12.794+0530][6.394s] Entering safepoint region: RevokeBias
[2025-03-13T11:59:12.794+0530][6.394s] Leaving safepoint region
[2025-03-13T11:59:12.794+0530][6.394s] Total time for which application threads were stopped: 0.0048698 seconds, Stopping threads took: 0.0048044 seconds
[2025-03-13T11:59:12.796+0530][6.396s] Application time: 0.0020720 seconds
[2025-03-13T11:59:12.796+0530][6.396s] Entering safepoint region: RevokeBias
[2025-03-13T11:59:12.796+0530][6.396s] Leaving safepoint region
[2025-03-13T11:59:12.796+0530][6.396s] Total time for which application threads were stopped: 0.0000696 seconds, Stopping threads took: 0.0000108 seconds
[2025-03-13T11:59:12.799+0530][6.399s] Application time: 0.0029283 seconds
[2025-03-13T11:59:12.799+0530][6.399s] Entering safepoint region: RevokeBias
[2025-03-13T11:59:12.799+0530][6.399s] Leaving safepoint region
[2025-03-13T11:59:12.799+0530][6.399s] Total time for which application threads were stopped: 0.0000894 seconds, Stopping threads took: 0.0000124 seconds
[2025-03-13T11:59:12.800+0530][6.399s] Application time: 0.0003333 seconds
[2025-03-13T11:59:12.800+0530][6.400s] Entering safepoint region: RevokeBias
[2025-03-13T11:59:12.800+0530][6.400s] Leaving safepoint region
[2025-03-13T11:59:12.800+0530][6.400s] Total time for which application threads were stopped: 0.0001184 seconds, Stopping threads took: 0.0000114 seconds
[2025-03-13T11:59:12.801+0530][6.400s] Application time: 0.0006937 seconds
[2025-03-13T11:59:12.801+0530][6.400s] Entering safepoint region: RevokeBias
[2025-03-13T11:59:12.801+0530][6.400s] Leaving safepoint region
[2025-03-13T11:59:12.801+0530][6.400s] Total time for which application threads were stopped: 0.0001089 seconds, Stopping threads took: 0.0000135 seconds
[2025-03-13T11:59:12.807+0530][6.407s] Application time: 0.0066744 seconds
[2025-03-13T11:59:12.807+0530][6.407s] Entering safepoint region: RevokeBias
[2025-03-13T11:59:12.807+0530][6.407s] Leaving safepoint region
[2025-03-13T11:59:12.808+0530][6.407s] Total time for which application threads were stopped: 0.0001285 seconds, Stopping threads took: 0.0000169 seconds
[2025-03-13T11:59:12.808+0530][6.408s] Application time: 0.0005686 seconds
[2025-03-13T11:59:12.808+0530][6.408s] Entering safepoint region: RevokeBias
[2025-03-13T11:59:12.808+0530][6.408s] Leaving safepoint region
[2025-03-13T11:59:12.808+0530][6.408s] Total time for which application threads were stopped: 0.0001365 seconds, Stopping threads took: 0.0000141 seconds
[2025-03-13T11:59:12.811+0530][6.411s] Application time: 0.0030831 seconds
[2025-03-13T11:59:12.811+0530][6.411s] Entering safepoint region: RevokeBias
[2025-03-13T11:59:12.811+0530][6.411s] Leaving safepoint region
[2025-03-13T11:59:12.811+0530][6.411s] Total time for which application threads were stopped: 0.0001152 seconds, Stopping threads took: 0.0000141 seconds
[2025-03-13T11:59:12.812+0530][6.412s] Application time: 0.0002448 seconds
[2025-03-13T11:59:12.812+0530][6.412s] Entering safepoint region: Deoptimize
[2025-03-13T11:59:12.812+0530][6.412s] Leaving safepoint region
[2025-03-13T11:59:12.812+0530][6.412s] Total time for which application threads were stopped: 0.0003490 seconds, Stopping threads took: 0.0000091 seconds
[2025-03-13T11:59:12.813+0530][6.413s] Application time: 0.0011681 seconds
[2025-03-13T11:59:12.813+0530][6.413s] Entering safepoint region: RevokeBias
[2025-03-13T11:59:12.813+0530][6.413s] Leaving safepoint region
[2025-03-13T11:59:12.813+0530][6.413s] Total time for which application threads were stopped: 0.0001754 seconds, Stopping threads took: 0.0000151 seconds
[2025-03-13T11:59:12.815+0530][6.414s] Application time: 0.0012261 seconds
[2025-03-13T11:59:12.815+0530][6.415s] Entering safepoint region: RevokeBias
[2025-03-13T11:59:12.815+0530][6.415s] Leaving safepoint region
[2025-03-13T11:59:12.815+0530][6.415s] Total time for which application threads were stopped: 0.0001421 seconds, Stopping threads took: 0.0000364 seconds
[2025-03-13T11:59:12.823+0530][6.422s] Application time: 0.0077734 seconds
[2025-03-13T11:59:12.823+0530][6.423s] Entering safepoint region: RevokeBias
[2025-03-13T11:59:12.823+0530][6.423s] Leaving safepoint region
[2025-03-13T11:59:12.823+0530][6.423s] Total time for which application threads were stopped: 0.0004717 seconds, Stopping threads took: 0.0000183 seconds
[2025-03-13T11:59:12.825+0530][6.425s] Application time: 0.0019480 seconds
[2025-03-13T11:59:12.825+0530][6.425s] Entering safepoint region: RevokeBias
[2025-03-13T11:59:12.825+0530][6.425s] Leaving safepoint region
[2025-03-13T11:59:12.825+0530][6.425s] Total time for which application threads were stopped: 0.0001119 seconds, Stopping threads took: 0.0000138 seconds
[2025-03-13T11:59:12.826+0530][6.425s] Application time: 0.0004108 seconds
[2025-03-13T11:59:12.826+0530][6.426s] Entering safepoint region: RevokeBias
[2025-03-13T11:59:12.826+0530][6.426s] Leaving safepoint region
[2025-03-13T11:59:12.826+0530][6.426s] Total time for which application threads were stopped: 0.0000968 seconds, Stopping threads took: 0.0000124 seconds
[2025-03-13T11:59:12.827+0530][6.427s] Application time: 0.0010597 seconds
[2025-03-13T11:59:12.827+0530][6.427s] Entering safepoint region: RevokeBias
[2025-03-13T11:59:12.827+0530][6.427s] Leaving safepoint region
[2025-03-13T11:59:12.827+0530][6.427s] Total time for which application threads were stopped: 0.0001271 seconds, Stopping threads took: 0.0000351 seconds
[2025-03-13T11:59:12.828+0530][6.427s] Application time: 0.0005635 seconds
[2025-03-13T11:59:12.828+0530][6.427s] Entering safepoint region: RevokeBias
[2025-03-13T11:59:12.828+0530][6.428s] Leaving safepoint region
[2025-03-13T11:59:12.828+0530][6.428s] Total time for which application threads were stopped: 0.0001052 seconds, Stopping threads took: 0.0000115 seconds
[2025-03-13T11:59:12.829+0530][6.428s] Application time: 0.0009372 seconds
[2025-03-13T11:59:12.829+0530][6.428s] Entering safepoint region: RevokeBias
[2025-03-13T11:59:12.829+0530][6.429s] Leaving safepoint region
[2025-03-13T11:59:12.829+0530][6.429s] Total time for which application threads were stopped: 0.0001079 seconds, Stopping threads took: 0.0000108 seconds
[2025-03-13T11:59:12.830+0530][6.430s] Application time: 0.0010514 seconds
[2025-03-13T11:59:12.830+0530][6.430s] Entering safepoint region: RevokeBias
[2025-03-13T11:59:12.830+0530][6.430s] Leaving safepoint region
[2025-03-13T11:59:12.830+0530][6.430s] Total time for which application threads were stopped: 0.0001172 seconds, Stopping threads took: 0.0000147 seconds
[2025-03-13T11:59:12.830+0530][6.430s] Application time: 0.0000646 seconds
[2025-03-13T11:59:12.830+0530][6.430s] Entering safepoint region: RevokeBias
[2025-03-13T11:59:12.830+0530][6.430s] Leaving safepoint region
[2025-03-13T11:59:12.830+0530][6.430s] Total time for which application threads were stopped: 0.0000876 seconds, Stopping threads took: 0.0000107 seconds
[2025-03-13T11:59:12.830+0530][6.430s] Application time: 0.0000510 seconds
[2025-03-13T11:59:12.830+0530][6.430s] Entering safepoint region: RevokeBias
[2025-03-13T11:59:12.830+0530][6.430s] Leaving safepoint region
[2025-03-13T11:59:12.830+0530][6.430s] Total time for which application threads were stopped: 0.0000960 seconds, Stopping threads took: 0.0000072 seconds
[2025-03-13T11:59:12.830+0530][6.430s] Application time: 0.0000718 seconds
[2025-03-13T11:59:12.830+0530][6.430s] Entering safepoint region: RevokeBias
[2025-03-13T11:59:12.831+0530][6.430s] Leaving safepoint region
[2025-03-13T11:59:12.831+0530][6.430s] Total time for which application threads were stopped: 0.0001476 seconds, Stopping threads took: 0.0000081 seconds
[2025-03-13T11:59:12.833+0530][6.433s] Application time: 0.0026273 seconds
[2025-03-13T11:59:12.833+0530][6.433s] Entering safepoint region: RevokeBias
[2025-03-13T11:59:12.833+0530][6.433s] Leaving safepoint region
[2025-03-13T11:59:12.833+0530][6.433s] Total time for which application threads were stopped: 0.0001915 seconds, Stopping threads took: 0.0000692 seconds
[2025-03-13T11:59:12.838+0530][6.438s] Application time: 0.0043578 seconds
[2025-03-13T11:59:12.838+0530][6.438s] Entering safepoint region: BulkRevokeBias
[2025-03-13T11:59:12.838+0530][6.438s] Leaving safepoint region
[2025-03-13T11:59:12.838+0530][6.438s] Total time for which application threads were stopped: 0.0004534 seconds, Stopping threads took: 0.0000504 seconds
[2025-03-13T11:59:12.842+0530][6.442s] Application time: 0.0033909 seconds
[2025-03-13T11:59:12.842+0530][6.442s] Entering safepoint region: RevokeBias
[2025-03-13T11:59:12.842+0530][6.442s] Leaving safepoint region
[2025-03-13T11:59:12.842+0530][6.442s] Total time for which application threads were stopped: 0.0001645 seconds, Stopping threads took: 0.0000166 seconds
[2025-03-13T11:59:12.843+0530][6.442s] Application time: 0.0006911 seconds
[2025-03-13T11:59:12.843+0530][6.442s] Entering safepoint region: RevokeBias
[2025-03-13T11:59:12.843+0530][6.443s] Leaving safepoint region
[2025-03-13T11:59:12.843+0530][6.443s] Total time for which application threads were stopped: 0.0001111 seconds, Stopping threads took: 0.0000151 seconds
[2025-03-13T11:59:12.845+0530][6.445s] Application time: 0.0026317 seconds
[2025-03-13T11:59:12.845+0530][6.445s] Entering safepoint region: RevokeBias
[2025-03-13T11:59:12.846+0530][6.445s] Leaving safepoint region
[2025-03-13T11:59:12.846+0530][6.445s] Total time for which application threads were stopped: 0.0001111 seconds, Stopping threads took: 0.0000133 seconds
[2025-03-13T11:59:12.850+0530][6.450s] Application time: 0.0044077 seconds
[2025-03-13T11:59:12.850+0530][6.450s] Entering safepoint region: RevokeBias
[2025-03-13T11:59:12.850+0530][6.450s] Leaving safepoint region
[2025-03-13T11:59:12.850+0530][6.450s] Total time for which application threads were stopped: 0.0001309 seconds, Stopping threads took: 0.0000199 seconds
[2025-03-13T11:59:12.851+0530][6.451s] Application time: 0.0006216 seconds
[2025-03-13T11:59:12.851+0530][6.451s] Entering safepoint region: RevokeBias
[2025-03-13T11:59:12.851+0530][6.451s] Leaving safepoint region
[2025-03-13T11:59:12.851+0530][6.451s] Total time for which application threads were stopped: 0.0000905 seconds, Stopping threads took: 0.0000211 seconds
[2025-03-13T11:59:12.875+0530][6.474s] Application time: 0.0237784 seconds
[2025-03-13T11:59:12.875+0530][6.474s] Entering safepoint region: RevokeBias
[2025-03-13T11:59:12.876+0530][6.476s] Leaving safepoint region
[2025-03-13T11:59:12.876+0530][6.476s] Total time for which application threads were stopped: 0.0015250 seconds, Stopping threads took: 0.0000157 seconds
[2025-03-13T11:59:12.879+0530][6.479s] Application time: 0.0032552 seconds
[2025-03-13T11:59:12.880+0530][6.479s] Entering safepoint region: RevokeBias
[2025-03-13T11:59:12.880+0530][6.480s] Leaving safepoint region
[2025-03-13T11:59:12.880+0530][6.480s] Total time for which application threads were stopped: 0.0003645 seconds, Stopping threads took: 0.0000161 seconds
[2025-03-13T11:59:12.882+0530][6.482s] Application time: 0.0020168 seconds
[2025-03-13T11:59:12.882+0530][6.482s] Entering safepoint region: RevokeBias
[2025-03-13T11:59:12.882+0530][6.482s] Leaving safepoint region
[2025-03-13T11:59:12.882+0530][6.482s] Total time for which application threads were stopped: 0.0001452 seconds, Stopping threads took: 0.0000141 seconds
[2025-03-13T11:59:12.884+0530][6.484s] Application time: 0.0016134 seconds
[2025-03-13T11:59:12.884+0530][6.484s] Entering safepoint region: RevokeBias
[2025-03-13T11:59:12.884+0530][6.484s] Leaving safepoint region
[2025-03-13T11:59:12.884+0530][6.484s] Total time for which application threads were stopped: 0.0002049 seconds, Stopping threads took: 0.0000956 seconds
[2025-03-13T11:59:12.884+0530][6.484s] Application time: 0.0000422 seconds
[2025-03-13T11:59:12.884+0530][6.484s] Entering safepoint region: RevokeBias
[2025-03-13T11:59:12.884+0530][6.484s] Leaving safepoint region
[2025-03-13T11:59:12.884+0530][6.484s] Total time for which application threads were stopped: 0.0001426 seconds, Stopping threads took: 0.0000106 seconds
[2025-03-13T11:59:12.884+0530][6.484s] Application time: 0.0000333 seconds
[2025-03-13T11:59:12.884+0530][6.484s] Entering safepoint region: RevokeBias
[2025-03-13T11:59:12.885+0530][6.484s] Leaving safepoint region
[2025-03-13T11:59:12.885+0530][6.484s] Total time for which application threads were stopped: 0.0004813 seconds, Stopping threads took: 0.0000081 seconds
[2025-03-13T11:59:12.885+0530][6.485s] Application time: 0.0002298 seconds
[2025-03-13T11:59:12.885+0530][6.485s] Entering safepoint region: RevokeBias
[2025-03-13T11:59:12.885+0530][6.485s] Leaving safepoint region
[2025-03-13T11:59:12.885+0530][6.485s] Total time for which application threads were stopped: 0.0002830 seconds, Stopping threads took: 0.0000129 seconds
[2025-03-13T11:59:12.885+0530][6.485s] Application time: 0.0000322 seconds
[2025-03-13T11:59:12.885+0530][6.485s] Entering safepoint region: RevokeBias
[2025-03-13T11:59:12.885+0530][6.485s] Leaving safepoint region
[2025-03-13T11:59:12.885+0530][6.485s] Total time for which application threads were stopped: 0.0002080 seconds, Stopping threads took: 0.0000081 seconds
[2025-03-13T11:59:12.886+0530][6.485s] Application time: 0.0000504 seconds
[2025-03-13T11:59:12.886+0530][6.485s] Entering safepoint region: RevokeBias
[2025-03-13T11:59:12.886+0530][6.485s] Leaving safepoint region
[2025-03-13T11:59:12.886+0530][6.486s] Total time for which application threads were stopped: 0.0001776 seconds, Stopping threads took: 0.0000076 seconds
[2025-03-13T11:59:12.886+0530][6.486s] Application time: 0.0000339 seconds
[2025-03-13T11:59:12.886+0530][6.486s] Entering safepoint region: RevokeBias
[2025-03-13T11:59:12.886+0530][6.486s] Leaving safepoint region
[2025-03-13T11:59:12.886+0530][6.486s] Total time for which application threads were stopped: 0.0002819 seconds, Stopping threads took: 0.0000086 seconds
[2025-03-13T11:59:12.886+0530][6.486s] Application time: 0.0000296 seconds
[2025-03-13T11:59:12.886+0530][6.486s] Entering safepoint region: RevokeBias
[2025-03-13T11:59:12.887+0530][6.487s] Leaving safepoint region
[2025-03-13T11:59:12.887+0530][6.487s] Total time for which application threads were stopped: 0.0007573 seconds, Stopping threads took: 0.0000080 seconds
[2025-03-13T11:59:12.887+0530][6.487s] Application time: 0.0006333 seconds
[2025-03-13T11:59:12.888+0530][6.487s] Entering safepoint region: RevokeBias
[2025-03-13T11:59:12.888+0530][6.488s] Leaving safepoint region
[2025-03-13T11:59:12.888+0530][6.488s] Total time for which application threads were stopped: 0.0005469 seconds, Stopping threads took: 0.0000256 seconds
[2025-03-13T11:59:12.890+0530][6.490s] Application time: 0.0019534 seconds
[2025-03-13T11:59:12.890+0530][6.490s] Entering safepoint region: RevokeBias
[2025-03-13T11:59:12.891+0530][6.491s] Leaving safepoint region
[2025-03-13T11:59:12.891+0530][6.491s] Total time for which application threads were stopped: 0.0006556 seconds, Stopping threads took: 0.0000346 seconds
[2025-03-13T11:59:12.892+0530][6.492s] Application time: 0.0013095 seconds
[2025-03-13T11:59:12.892+0530][6.492s] Entering safepoint region: RevokeBias
[2025-03-13T11:59:12.892+0530][6.492s] Leaving safepoint region
[2025-03-13T11:59:12.892+0530][6.492s] Total time for which application threads were stopped: 0.0001021 seconds, Stopping threads took: 0.0000320 seconds
[2025-03-13T11:59:12.892+0530][6.492s] Application time: 0.0001849 seconds
[2025-03-13T11:59:12.892+0530][6.492s] Entering safepoint region: RevokeBias
[2025-03-13T11:59:12.892+0530][6.492s] Leaving safepoint region
[2025-03-13T11:59:12.893+0530][6.492s] Total time for which application threads were stopped: 0.0001270 seconds, Stopping threads took: 0.0000102 seconds
[2025-03-13T11:59:12.893+0530][6.492s] Application time: 0.0000455 seconds
[2025-03-13T11:59:12.893+0530][6.492s] Entering safepoint region: RevokeBias
[2025-03-13T11:59:12.893+0530][6.492s] Leaving safepoint region
[2025-03-13T11:59:12.893+0530][6.492s] Total time for which application threads were stopped: 0.0001276 seconds, Stopping threads took: 0.0000315 seconds
[2025-03-13T11:59:12.893+0530][6.493s] Application time: 0.0004765 seconds
[2025-03-13T11:59:12.893+0530][6.493s] Entering safepoint region: RevokeBias
[2025-03-13T11:59:12.893+0530][6.493s] Leaving safepoint region
[2025-03-13T11:59:12.893+0530][6.493s] Total time for which application threads were stopped: 0.0001072 seconds, Stopping threads took: 0.0000172 seconds
[2025-03-13T11:59:12.894+0530][6.493s] Application time: 0.0003007 seconds
[2025-03-13T11:59:12.894+0530][6.493s] Entering safepoint region: RevokeBias
[2025-03-13T11:59:12.894+0530][6.494s] Leaving safepoint region
[2025-03-13T11:59:12.894+0530][6.494s] Total time for which application threads were stopped: 0.0000820 seconds, Stopping threads took: 0.0000109 seconds
[2025-03-13T11:59:12.894+0530][6.494s] Application time: 0.0002032 seconds
[2025-03-13T11:59:12.894+0530][6.494s] Entering safepoint region: RevokeBias
[2025-03-13T11:59:12.894+0530][6.494s] Leaving safepoint region
[2025-03-13T11:59:12.894+0530][6.494s] Total time for which application threads were stopped: 0.0000716 seconds, Stopping threads took: 0.0000095 seconds
[2025-03-13T11:59:12.894+0530][6.494s] Application time: 0.0000254 seconds
[2025-03-13T11:59:12.894+0530][6.494s] Entering safepoint region: RevokeBias
[2025-03-13T11:59:12.894+0530][6.494s] Leaving safepoint region
[2025-03-13T11:59:12.894+0530][6.494s] Total time for which application threads were stopped: 0.0000799 seconds, Stopping threads took: 0.0000069 seconds
[2025-03-13T11:59:12.894+0530][6.494s] Application time: 0.0001162 seconds
[2025-03-13T11:59:12.894+0530][6.494s] Entering safepoint region: RevokeBias
[2025-03-13T11:59:12.894+0530][6.494s] Leaving safepoint region
[2025-03-13T11:59:12.894+0530][6.494s] Total time for which application threads were stopped: 0.0000660 seconds, Stopping threads took: 0.0000074 seconds
[2025-03-13T11:59:12.894+0530][6.494s] Application time: 0.0000387 seconds
[2025-03-13T11:59:12.894+0530][6.494s] Entering safepoint region: RevokeBias
[2025-03-13T11:59:12.895+0530][6.494s] Leaving safepoint region
[2025-03-13T11:59:12.895+0530][6.494s] Total time for which application threads were stopped: 0.0002428 seconds, Stopping threads took: 0.0000071 seconds
[2025-03-13T11:59:12.895+0530][6.495s] Application time: 0.0003758 seconds
[2025-03-13T11:59:12.895+0530][6.495s] Entering safepoint region: RevokeBias
[2025-03-13T11:59:12.895+0530][6.495s] Leaving safepoint region
[2025-03-13T11:59:12.895+0530][6.495s] Total time for which application threads were stopped: 0.0002960 seconds, Stopping threads took: 0.0001808 seconds
[2025-03-13T11:59:12.897+0530][6.497s] Application time: 0.0018358 seconds
[2025-03-13T11:59:12.897+0530][6.497s] Entering safepoint region: RevokeBias
[2025-03-13T11:59:12.897+0530][6.497s] Leaving safepoint region
[2025-03-13T11:59:12.897+0530][6.497s] Total time for which application threads were stopped: 0.0001879 seconds, Stopping threads took: 0.0000160 seconds
[2025-03-13T11:59:12.898+0530][6.498s] Application time: 0.0004203 seconds
[2025-03-13T11:59:12.898+0530][6.498s] Entering safepoint region: RevokeBias
[2025-03-13T11:59:12.898+0530][6.498s] Leaving safepoint region
[2025-03-13T11:59:12.898+0530][6.498s] Total time for which application threads were stopped: 0.0001071 seconds, Stopping threads took: 0.0000140 seconds
[2025-03-13T11:59:13.898+0530][7.498s] Application time: 1.0002754 seconds
[2025-03-13T11:59:13.898+0530][7.498s] Entering safepoint region: Cleanup
[2025-03-13T11:59:13.898+0530][7.498s] Leaving safepoint region
[2025-03-13T11:59:13.898+0530][7.498s] Total time for which application threads were stopped: 0.0001982 seconds, Stopping threads took: 0.0000132 seconds
[2025-03-13T11:59:14.899+0530][8.498s] Application time: 1.0000695 seconds
[2025-03-13T11:59:14.899+0530][8.498s] Entering safepoint region: Cleanup
[2025-03-13T11:59:14.899+0530][8.498s] Leaving safepoint region
[2025-03-13T11:59:14.899+0530][8.498s] Total time for which application threads were stopped: 0.0001048 seconds, Stopping threads took: 0.0000170 seconds
[2025-03-13T11:59:15.899+0530][9.499s] Application time: 1.0001340 seconds
[2025-03-13T11:59:15.899+0530][9.499s] Entering safepoint region: Cleanup
[2025-03-13T11:59:15.899+0530][9.499s] Leaving safepoint region
[2025-03-13T11:59:15.899+0530][9.499s] Total time for which application threads were stopped: 0.0001153 seconds, Stopping threads took: 0.0000129 seconds
[2025-03-13T11:59:16.899+0530][10.499s] Application time: 1.0000856 seconds
[2025-03-13T11:59:16.899+0530][10.499s] Entering safepoint region: Cleanup
[2025-03-13T11:59:16.899+0530][10.499s] Leaving safepoint region
[2025-03-13T11:59:16.899+0530][10.499s] Total time for which application threads were stopped: 0.0001331 seconds, Stopping threads took: 0.0000201 seconds
[2025-03-13T11:59:17.871+0530][11.471s] Application time: 0.9716712 seconds
[2025-03-13T11:59:17.871+0530][11.471s] Entering safepoint region: RevokeBias
[2025-03-13T11:59:17.871+0530][11.471s] Leaving safepoint region
[2025-03-13T11:59:17.871+0530][11.471s] Total time for which application threads were stopped: 0.0001168 seconds, Stopping threads took: 0.0000191 seconds
[2025-03-13T11:59:17.871+0530][11.471s] Application time: 0.0002745 seconds
[2025-03-13T11:59:17.871+0530][11.471s] Entering safepoint region: RevokeBias
[2025-03-13T11:59:17.871+0530][11.471s] Leaving safepoint region
[2025-03-13T11:59:17.871+0530][11.471s] Total time for which application threads were stopped: 0.0001095 seconds, Stopping threads took: 0.0000111 seconds
[2025-03-13T11:59:17.871+0530][11.471s] Application time: 0.0000372 seconds
[2025-03-13T11:59:17.872+0530][11.471s] Entering safepoint region: RevokeBias
[2025-03-13T11:59:17.872+0530][11.471s] Leaving safepoint region
[2025-03-13T11:59:17.872+0530][11.471s] Total time for which application threads were stopped: 0.0001160 seconds, Stopping threads took: 0.0000076 seconds
[2025-03-13T11:59:17.872+0530][11.471s] Application time: 0.0000239 seconds
[2025-03-13T11:59:17.872+0530][11.471s] Entering safepoint region: RevokeBias
[2025-03-13T11:59:17.872+0530][11.472s] Leaving safepoint region
[2025-03-13T11:59:17.872+0530][11.472s] Total time for which application threads were stopped: 0.0000797 seconds, Stopping threads took: 0.0000077 seconds
[2025-03-13T11:59:17.872+0530][11.472s] Application time: 0.0004819 seconds
[2025-03-13T11:59:17.873+0530][11.472s] Entering safepoint region: RevokeBias
[2025-03-13T11:59:17.873+0530][11.472s] Leaving safepoint region
[2025-03-13T11:59:17.873+0530][11.473s] Total time for which application threads were stopped: 0.0001496 seconds, Stopping threads took: 0.0000170 seconds
[2025-03-13T11:59:17.874+0530][11.473s] Application time: 0.0008438 seconds
[2025-03-13T11:59:17.874+0530][11.473s] Entering safepoint region: RevokeBias
[2025-03-13T11:59:17.874+0530][11.473s] Leaving safepoint region
[2025-03-13T11:59:17.874+0530][11.473s] Total time for which application threads were stopped: 0.0001150 seconds, Stopping threads took: 0.0000133 seconds
[2025-03-13T11:59:17.874+0530][11.474s] Application time: 0.0000826 seconds
[2025-03-13T11:59:17.874+0530][11.474s] Entering safepoint region: RevokeBias
[2025-03-13T11:59:17.874+0530][11.474s] Leaving safepoint region
[2025-03-13T11:59:17.874+0530][11.474s] Total time for which application threads were stopped: 0.0000621 seconds, Stopping threads took: 0.0000099 seconds
[2025-03-13T11:59:17.874+0530][11.474s] Application time: 0.0001230 seconds
[2025-03-13T11:59:17.874+0530][11.474s] Entering safepoint region: RevokeBias
[2025-03-13T11:59:17.874+0530][11.474s] Leaving safepoint region
[2025-03-13T11:59:17.874+0530][11.474s] Total time for which application threads were stopped: 0.0000816 seconds, Stopping threads took: 0.0000083 seconds
[2025-03-13T11:59:17.874+0530][11.474s] Application time: 0.0000280 seconds
[2025-03-13T11:59:17.874+0530][11.474s] Entering safepoint region: RevokeBias
[2025-03-13T11:59:17.874+0530][11.474s] Leaving safepoint region
[2025-03-13T11:59:17.874+0530][11.474s] Total time for which application threads were stopped: 0.0000760 seconds, Stopping threads took: 0.0000079 seconds
[2025-03-13T11:59:17.874+0530][11.474s] Application time: 0.0000287 seconds
[2025-03-13T11:59:17.874+0530][11.474s] Entering safepoint region: RevokeBias
[2025-03-13T11:59:17.874+0530][11.474s] Leaving safepoint region
[2025-03-13T11:59:17.874+0530][11.474s] Total time for which application threads were stopped: 0.0000755 seconds, Stopping threads took: 0.0000076 seconds
[2025-03-13T11:59:17.874+0530][11.474s] Application time: 0.0000292 seconds
[2025-03-13T11:59:17.874+0530][11.474s] Entering safepoint region: RevokeBias
[2025-03-13T11:59:17.874+0530][11.474s] Leaving safepoint region
[2025-03-13T11:59:17.874+0530][11.474s] Total time for which application threads were stopped: 0.0000745 seconds, Stopping threads took: 0.0000071 seconds
[2025-03-13T11:59:17.874+0530][11.474s] Application time: 0.0000267 seconds
[2025-03-13T11:59:17.874+0530][11.474s] Entering safepoint region: RevokeBias
[2025-03-13T11:59:17.875+0530][11.474s] Leaving safepoint region
[2025-03-13T11:59:17.875+0530][11.474s] Total time for which application threads were stopped: 0.0000737 seconds, Stopping threads took: 0.0000069 seconds
[2025-03-13T11:59:17.875+0530][11.474s] Application time: 0.0000265 seconds
[2025-03-13T11:59:17.875+0530][11.474s] Entering safepoint region: RevokeBias
[2025-03-13T11:59:17.875+0530][11.474s] Leaving safepoint region
[2025-03-13T11:59:17.875+0530][11.474s] Total time for which application threads were stopped: 0.0000737 seconds, Stopping threads took: 0.0000070 seconds
[2025-03-13T11:59:18.875+0530][12.475s] Application time: 1.0003439 seconds
[2025-03-13T11:59:18.875+0530][12.475s] Entering safepoint region: Cleanup
[2025-03-13T11:59:18.875+0530][12.475s] Leaving safepoint region
[2025-03-13T11:59:18.875+0530][12.475s] Total time for which application threads were stopped: 0.0000844 seconds, Stopping threads took: 0.0000128 seconds
[2025-03-13T11:59:19.875+0530][13.475s] Application time: 1.0003275 seconds
[2025-03-13T11:59:19.876+0530][13.475s] Entering safepoint region: Cleanup
[2025-03-13T11:59:19.876+0530][13.475s] Leaving safepoint region
[2025-03-13T11:59:19.876+0530][13.475s] Total time for which application threads were stopped: 0.0000857 seconds, Stopping threads took: 0.0000130 seconds
[2025-03-13T11:59:20.876+0530][14.476s] Application time: 1.0001662 seconds
[2025-03-13T11:59:20.876+0530][14.476s] Entering safepoint region: Cleanup
[2025-03-13T11:59:20.876+0530][14.476s] Leaving safepoint region
[2025-03-13T11:59:20.876+0530][14.476s] Total time for which application threads were stopped: 0.0000814 seconds, Stopping threads took: 0.0000156 seconds
[2025-03-13T11:59:21.876+0530][15.476s] Application time: 1.0000847 seconds
[2025-03-13T11:59:21.876+0530][15.476s] Entering safepoint region: Cleanup
[2025-03-13T11:59:21.876+0530][15.476s] Leaving safepoint region
[2025-03-13T11:59:21.876+0530][15.476s] Total time for which application threads were stopped: 0.0000793 seconds, Stopping threads took: 0.0000197 seconds
[2025-03-13T11:59:22.876+0530][16.476s] Application time: 1.0003377 seconds
[2025-03-13T11:59:22.876+0530][16.476s] Entering safepoint region: Cleanup
[2025-03-13T11:59:22.877+0530][16.476s] Leaving safepoint region
[2025-03-13T11:59:22.877+0530][16.476s] Total time for which application threads were stopped: 0.0000870 seconds, Stopping threads took: 0.0000134 seconds
[2025-03-13T11:59:23.877+0530][17.476s] Application time: 1.0000644 seconds
[2025-03-13T11:59:23.877+0530][17.476s] Entering safepoint region: Cleanup
[2025-03-13T11:59:23.877+0530][17.477s] Leaving safepoint region
[2025-03-13T11:59:23.877+0530][17.477s] Total time for which application threads were stopped: 0.0000946 seconds, Stopping threads took: 0.0000149 seconds
[2025-03-13T11:59:24.877+0530][18.477s] Application time: 1.0001830 seconds
[2025-03-13T11:59:24.877+0530][18.477s] Entering safepoint region: Cleanup
[2025-03-13T11:59:24.877+0530][18.477s] Leaving safepoint region
[2025-03-13T11:59:24.877+0530][18.477s] Total time for which application threads were stopped: 0.0000855 seconds, Stopping threads took: 0.0000169 seconds
[2025-03-13T11:59:25.877+0530][19.477s] Application time: 1.0003442 seconds
[2025-03-13T11:59:25.877+0530][19.477s] Entering safepoint region: Cleanup
[2025-03-13T11:59:25.878+0530][19.477s] Leaving safepoint region
[2025-03-13T11:59:25.878+0530][19.477s] Total time for which application threads were stopped: 0.0000926 seconds, Stopping threads took: 0.0000124 seconds
[2025-03-13T11:59:26.878+0530][20.478s] Application time: 1.0001828 seconds
[2025-03-13T11:59:26.878+0530][20.478s] Entering safepoint region: Cleanup
[2025-03-13T11:59:26.878+0530][20.478s] Leaving safepoint region
[2025-03-13T11:59:26.878+0530][20.478s] Total time for which application threads were stopped: 0.0001040 seconds, Stopping threads took: 0.0000128 seconds
[2025-03-13T11:59:27.878+0530][21.478s] Application time: 1.0003042 seconds
[2025-03-13T11:59:27.878+0530][21.478s] Entering safepoint region: Cleanup
[2025-03-13T11:59:27.878+0530][21.478s] Leaving safepoint region
[2025-03-13T11:59:27.878+0530][21.478s] Total time for which application threads were stopped: 0.0000981 seconds, Stopping threads took: 0.0000225 seconds
[2025-03-13T11:59:28.878+0530][22.478s] Application time: 1.0001827 seconds
[2025-03-13T11:59:28.879+0530][22.478s] Entering safepoint region: Cleanup
[2025-03-13T11:59:28.879+0530][22.478s] Leaving safepoint region
[2025-03-13T11:59:28.879+0530][22.478s] Total time for which application threads were stopped: 0.0000852 seconds, Stopping threads took: 0.0000139 seconds
[2025-03-13T11:59:29.879+0530][23.478s] Application time: 1.0000720 seconds
[2025-03-13T11:59:29.879+0530][23.479s] Entering safepoint region: Cleanup
[2025-03-13T11:59:29.879+0530][23.479s] Leaving safepoint region
[2025-03-13T11:59:29.879+0530][23.479s] Total time for which application threads were stopped: 0.0001213 seconds, Stopping threads took: 0.0000208 seconds
[2025-03-13T11:59:30.879+0530][24.479s] Application time: 1.0003402 seconds
[2025-03-13T11:59:30.879+0530][24.479s] Entering safepoint region: Cleanup
[2025-03-13T11:59:30.879+0530][24.479s] Leaving safepoint region
[2025-03-13T11:59:30.879+0530][24.479s] Total time for which application threads were stopped: 0.0002008 seconds, Stopping threads took: 0.0000131 seconds
[2025-03-13T11:59:31.880+0530][25.480s] Application time: 1.0003368 seconds
[2025-03-13T11:59:31.880+0530][25.480s] Entering safepoint region: Cleanup
[2025-03-13T11:59:31.880+0530][25.480s] Leaving safepoint region
[2025-03-13T11:59:31.880+0530][25.480s] Total time for which application threads were stopped: 0.0001665 seconds, Stopping threads took: 0.0000162 seconds
[2025-03-13T11:59:32.880+0530][26.480s] Application time: 1.0000914 seconds
[2025-03-13T11:59:32.880+0530][26.480s] Entering safepoint region: Cleanup
[2025-03-13T11:59:32.880+0530][26.480s] Leaving safepoint region
[2025-03-13T11:59:32.880+0530][26.480s] Total time for which application threads were stopped: 0.0001220 seconds, Stopping threads took: 0.0000237 seconds
[2025-03-13T11:59:32.918+0530][26.518s] Application time: 0.0379380 seconds
[2025-03-13T11:59:32.918+0530][26.518s] Entering safepoint region: RevokeBias
[2025-03-13T11:59:32.918+0530][26.518s] Leaving safepoint region
[2025-03-13T11:59:32.918+0530][26.518s] Total time for which application threads were stopped: 0.0001516 seconds, Stopping threads took: 0.0000303 seconds
[2025-03-13T11:59:32.918+0530][26.518s] Application time: 0.0000326 seconds
[2025-03-13T11:59:32.918+0530][26.518s] Entering safepoint region: RevokeBias
[2025-03-13T11:59:32.919+0530][26.518s] Leaving safepoint region
[2025-03-13T11:59:32.919+0530][26.518s] Total time for which application threads were stopped: 0.0001084 seconds, Stopping threads took: 0.0000245 seconds
[2025-03-13T11:59:32.919+0530][26.518s] Application time: 0.0000819 seconds
[2025-03-13T11:59:32.919+0530][26.518s] Entering safepoint region: RevokeBias
[2025-03-13T11:59:32.919+0530][26.518s] Leaving safepoint region
[2025-03-13T11:59:32.919+0530][26.518s] Total time for which application threads were stopped: 0.0000713 seconds, Stopping threads took: 0.0000083 seconds
[2025-03-13T11:59:32.919+0530][26.519s] Application time: 0.0000411 seconds
[2025-03-13T11:59:32.919+0530][26.519s] Entering safepoint region: RevokeBias
[2025-03-13T11:59:32.919+0530][26.519s] Leaving safepoint region
[2025-03-13T11:59:32.919+0530][26.519s] Total time for which application threads were stopped: 0.0000803 seconds, Stopping threads took: 0.0000076 seconds
[2025-03-13T11:59:33.919+0530][27.519s] Application time: 1.0002303 seconds
[2025-03-13T11:59:33.919+0530][27.519s] Entering safepoint region: Cleanup
[2025-03-13T11:59:33.919+0530][27.519s] Leaving safepoint region
[2025-03-13T11:59:33.919+0530][27.519s] Total time for which application threads were stopped: 0.0001650 seconds, Stopping threads took: 0.0000150 seconds
[2025-03-13T11:59:34.920+0530][28.519s] Application time: 1.0003437 seconds
[2025-03-13T11:59:34.920+0530][28.519s] Entering safepoint region: Cleanup
[2025-03-13T11:59:34.920+0530][28.520s] Leaving safepoint region
[2025-03-13T11:59:34.920+0530][28.520s] Total time for which application threads were stopped: 0.0001710 seconds, Stopping threads took: 0.0000126 seconds
[2025-03-13T11:59:35.920+0530][29.520s] Application time: 1.0001254 seconds
[2025-03-13T11:59:35.920+0530][29.520s] Entering safepoint region: Cleanup
[2025-03-13T11:59:35.920+0530][29.520s] Leaving safepoint region
[2025-03-13T11:59:35.920+0530][29.520s] Total time for which application threads were stopped: 0.0001616 seconds, Stopping threads took: 0.0000136 seconds
[2025-03-13T11:59:36.920+0530][30.520s] Application time: 1.0000752 seconds
[2025-03-13T11:59:36.920+0530][30.520s] Entering safepoint region: Cleanup
[2025-03-13T11:59:36.923+0530][30.523s] Leaving safepoint region
[2025-03-13T11:59:36.923+0530][30.523s] Total time for which application threads were stopped: 0.0026955 seconds, Stopping threads took: 0.0000170 seconds
[2025-03-13T11:59:37.923+0530][31.523s] Application time: 1.0000790 seconds
[2025-03-13T11:59:37.923+0530][31.523s] Entering safepoint region: Cleanup
[2025-03-13T11:59:37.923+0530][31.523s] Leaving safepoint region
[2025-03-13T11:59:37.923+0530][31.523s] Total time for which application threads were stopped: 0.0000888 seconds, Stopping threads took: 0.0000231 seconds
[2025-03-13T11:59:38.923+0530][32.523s] Application time: 1.0001710 seconds
[2025-03-13T11:59:38.923+0530][32.523s] Entering safepoint region: Cleanup
[2025-03-13T11:59:38.923+0530][32.523s] Leaving safepoint region
[2025-03-13T11:59:38.923+0530][32.523s] Total time for which application threads were stopped: 0.0000750 seconds, Stopping threads took: 0.0000126 seconds
[2025-03-13T11:59:39.924+0530][33.523s] Application time: 1.0000698 seconds
[2025-03-13T11:59:39.924+0530][33.523s] Entering safepoint region: Cleanup
[2025-03-13T11:59:39.924+0530][33.523s] Leaving safepoint region
[2025-03-13T11:59:39.924+0530][33.523s] Total time for which application threads were stopped: 0.0001140 seconds, Stopping threads took: 0.0000190 seconds
[2025-03-13T11:59:40.924+0530][34.524s] Application time: 1.0002936 seconds
[2025-03-13T11:59:40.924+0530][34.524s] Entering safepoint region: Cleanup
[2025-03-13T11:59:40.924+0530][34.524s] Leaving safepoint region
[2025-03-13T11:59:40.924+0530][34.524s] Total time for which application threads were stopped: 0.0002021 seconds, Stopping threads took: 0.0000129 seconds
[2025-03-13T11:59:41.924+0530][35.524s] Application time: 1.0001771 seconds
[2025-03-13T11:59:41.924+0530][35.524s] Entering safepoint region: Cleanup
[2025-03-13T11:59:41.925+0530][35.524s] Leaving safepoint region
[2025-03-13T11:59:41.925+0530][35.524s] Total time for which application threads were stopped: 0.0001919 seconds, Stopping threads took: 0.0000120 seconds
[2025-03-13T11:59:42.925+0530][36.525s] Application time: 1.0000951 seconds
[2025-03-13T11:59:42.925+0530][36.525s] Entering safepoint region: Cleanup
[2025-03-13T11:59:42.925+0530][36.525s] Leaving safepoint region
[2025-03-13T11:59:42.925+0530][36.525s] Total time for which application threads were stopped: 0.0001031 seconds, Stopping threads took: 0.0000211 seconds
[2025-03-13T11:59:43.925+0530][37.525s] Application time: 1.0001535 seconds
[2025-03-13T11:59:43.925+0530][37.525s] Entering safepoint region: Cleanup
[2025-03-13T11:59:43.925+0530][37.525s] Leaving safepoint region
[2025-03-13T11:59:43.925+0530][37.525s] Total time for which application threads were stopped: 0.0001218 seconds, Stopping threads took: 0.0000172 seconds
[2025-03-13T11:59:44.925+0530][38.525s] Application time: 1.0001809 seconds
[2025-03-13T11:59:44.925+0530][38.525s] Entering safepoint region: Cleanup
[2025-03-13T11:59:44.925+0530][38.525s] Leaving safepoint region
[2025-03-13T11:59:44.925+0530][38.525s] Total time for which application threads were stopped: 0.0000819 seconds, Stopping threads took: 0.0000122 seconds
[2025-03-13T11:59:45.926+0530][39.525s] Application time: 1.0001774 seconds
[2025-03-13T11:59:45.926+0530][39.525s] Entering safepoint region: Cleanup
[2025-03-13T11:59:45.926+0530][39.526s] Leaving safepoint region
[2025-03-13T11:59:45.926+0530][39.526s] Total time for which application threads were stopped: 0.0000733 seconds, Stopping threads took: 0.0000119 seconds
[2025-03-13T11:59:46.926+0530][40.526s] Application time: 1.0000413 seconds
[2025-03-13T11:59:46.926+0530][40.526s] Entering safepoint region: Cleanup
[2025-03-13T11:59:46.926+0530][40.526s] Leaving safepoint region
[2025-03-13T11:59:46.926+0530][40.526s] Total time for which application threads were stopped: 0.0001196 seconds, Stopping threads took: 0.0000203 seconds
[2025-03-13T11:59:47.926+0530][41.526s] Application time: 1.0003362 seconds
[2025-03-13T11:59:47.926+0530][41.526s] Entering safepoint region: Cleanup
[2025-03-13T11:59:47.927+0530][41.526s] Leaving safepoint region
[2025-03-13T11:59:47.927+0530][41.526s] Total time for which application threads were stopped: 0.0002126 seconds, Stopping threads took: 0.0000227 seconds
[2025-03-13T11:59:48.927+0530][42.527s] Application time: 1.0003464 seconds
[2025-03-13T11:59:48.927+0530][42.527s] Entering safepoint region: Cleanup
[2025-03-13T11:59:48.927+0530][42.527s] Leaving safepoint region
[2025-03-13T11:59:48.927+0530][42.527s] Total time for which application threads were stopped: 0.0002032 seconds, Stopping threads took: 0.0000136 seconds
[2025-03-13T11:59:49.927+0530][43.527s] Application time: 1.0000666 seconds
[2025-03-13T11:59:49.927+0530][43.527s] Entering safepoint region: Cleanup
[2025-03-13T11:59:49.927+0530][43.527s] Leaving safepoint region
[2025-03-13T11:59:49.929+0530][43.528s] Total time for which application threads were stopped: 0.0013467 seconds, Stopping threads took: 0.0000128 seconds
[2025-03-13T11:59:50.929+0530][44.529s] Application time: 1.0003413 seconds
[2025-03-13T11:59:50.929+0530][44.529s] Entering safepoint region: Cleanup
[2025-03-13T11:59:50.929+0530][44.529s] Leaving safepoint region
[2025-03-13T11:59:50.929+0530][44.529s] Total time for which application threads were stopped: 0.0002015 seconds, Stopping threads took: 0.0000133 seconds
[2025-03-13T11:59:51.929+0530][45.529s] Application time: 1.0001011 seconds
[2025-03-13T11:59:51.929+0530][45.529s] Entering safepoint region: Cleanup
[2025-03-13T11:59:51.929+0530][45.529s] Leaving safepoint region
[2025-03-13T11:59:51.929+0530][45.529s] Total time for which application threads were stopped: 0.0001288 seconds, Stopping threads took: 0.0000127 seconds
[2025-03-13T11:59:52.930+0530][46.529s] Application time: 1.0000974 seconds
[2025-03-13T11:59:52.930+0530][46.529s] Entering safepoint region: Cleanup
[2025-03-13T11:59:52.930+0530][46.529s] Leaving safepoint region
[2025-03-13T11:59:52.930+0530][46.529s] Total time for which application threads were stopped: 0.0001247 seconds, Stopping threads took: 0.0000221 seconds
[2025-03-13T11:59:53.930+0530][47.530s] Application time: 1.0000831 seconds
[2025-03-13T11:59:53.930+0530][47.530s] Entering safepoint region: Cleanup
[2025-03-13T11:59:53.930+0530][47.530s] Leaving safepoint region
[2025-03-13T11:59:53.930+0530][47.530s] Total time for which application threads were stopped: 0.0002068 seconds, Stopping threads took: 0.0000157 seconds
[2025-03-13T11:59:54.930+0530][48.530s] Application time: 1.0001917 seconds
[2025-03-13T11:59:54.930+0530][48.530s] Entering safepoint region: Cleanup
[2025-03-13T11:59:54.930+0530][48.530s] Leaving safepoint region
[2025-03-13T11:59:54.930+0530][48.530s] Total time for which application threads were stopped: 0.0001995 seconds, Stopping threads took: 0.0000131 seconds
[2025-03-13T11:59:55.931+0530][49.531s] Application time: 1.0005339 seconds
[2025-03-13T11:59:55.931+0530][49.531s] Entering safepoint region: Cleanup
[2025-03-13T11:59:55.932+0530][49.531s] Leaving safepoint region
[2025-03-13T11:59:55.932+0530][49.531s] Total time for which application threads were stopped: 0.0005986 seconds, Stopping threads took: 0.0000180 seconds
[2025-03-13T11:59:56.932+0530][50.532s] Application time: 1.0003226 seconds
[2025-03-13T11:59:56.932+0530][50.532s] Entering safepoint region: Cleanup
[2025-03-13T11:59:56.932+0530][50.532s] Leaving safepoint region
[2025-03-13T11:59:56.932+0530][50.532s] Total time for which application threads were stopped: 0.0002025 seconds, Stopping threads took: 0.0000126 seconds
[2025-03-13T11:59:57.933+0530][51.532s] Application time: 1.0003359 seconds
[2025-03-13T11:59:57.933+0530][51.532s] Entering safepoint region: Cleanup
[2025-03-13T11:59:57.933+0530][51.533s] Leaving safepoint region
[2025-03-13T11:59:57.933+0530][51.533s] Total time for which application threads were stopped: 0.0002237 seconds, Stopping threads took: 0.0000421 seconds
[2025-03-13T11:59:58.933+0530][52.533s] Application time: 1.0000770 seconds
[2025-03-13T11:59:58.933+0530][52.533s] Entering safepoint region: Cleanup
[2025-03-13T11:59:58.933+0530][52.533s] Leaving safepoint region
[2025-03-13T11:59:58.933+0530][52.533s] Total time for which application threads were stopped: 0.0000997 seconds, Stopping threads took: 0.0000198 seconds
[2025-03-13T11:59:59.933+0530][53.533s] Application time: 1.0000754 seconds
[2025-03-13T11:59:59.933+0530][53.533s] Entering safepoint region: Cleanup
[2025-03-13T11:59:59.933+0530][53.533s] Leaving safepoint region
[2025-03-13T11:59:59.934+0530][53.533s] Total time for which application threads were stopped: 0.0004794 seconds, Stopping threads took: 0.0000202 seconds
[2025-03-13T12:00:00.934+0530][54.534s] Application time: 1.0001098 seconds
[2025-03-13T12:00:00.934+0530][54.534s] Entering safepoint region: Cleanup
[2025-03-13T12:00:00.934+0530][54.534s] Leaving safepoint region
[2025-03-13T12:00:00.934+0530][54.534s] Total time for which application threads were stopped: 0.0000854 seconds, Stopping threads took: 0.0000139 seconds
[2025-03-13T12:00:01.934+0530][55.534s] Application time: 1.0003450 seconds
[2025-03-13T12:00:01.934+0530][55.534s] Entering safepoint region: Cleanup
[2025-03-13T12:00:01.934+0530][55.534s] Leaving safepoint region
[2025-03-13T12:00:01.934+0530][55.534s] Total time for which application threads were stopped: 0.0000969 seconds, Stopping threads took: 0.0000135 seconds
[2025-03-13T12:00:02.934+0530][56.534s] Application time: 1.0000928 seconds
[2025-03-13T12:00:02.935+0530][56.534s] Entering safepoint region: Cleanup
[2025-03-13T12:00:02.935+0530][56.534s] Leaving safepoint region
[2025-03-13T12:00:02.935+0530][56.534s] Total time for which application threads were stopped: 0.0000835 seconds, Stopping threads took: 0.0000208 seconds
[2025-03-13T12:00:03.935+0530][57.534s] Application time: 1.0000698 seconds
[2025-03-13T12:00:03.935+0530][57.535s] Entering safepoint region: Cleanup
[2025-03-13T12:00:03.935+0530][57.535s] Leaving safepoint region
[2025-03-13T12:00:03.935+0530][57.535s] Total time for which application threads were stopped: 0.0000970 seconds, Stopping threads took: 0.0000148 seconds
[2025-03-13T12:00:04.935+0530][58.535s] Application time: 1.0003409 seconds
[2025-03-13T12:00:04.935+0530][58.535s] Entering safepoint region: Cleanup
[2025-03-13T12:00:04.935+0530][58.535s] Leaving safepoint region
[2025-03-13T12:00:04.935+0530][58.535s] Total time for which application threads were stopped: 0.0000814 seconds, Stopping threads took: 0.0000134 seconds
[2025-03-13T12:00:05.935+0530][59.535s] Application time: 1.0000966 seconds
[2025-03-13T12:00:05.935+0530][59.535s] Entering safepoint region: Cleanup
[2025-03-13T12:00:05.936+0530][59.535s] Leaving safepoint region
[2025-03-13T12:00:05.936+0530][59.535s] Total time for which application threads were stopped: 0.0001241 seconds, Stopping threads took: 0.0000133 seconds
[2025-03-13T12:00:06.936+0530][60.536s] Application time: 1.0002546 seconds
[2025-03-13T12:00:06.936+0530][60.536s] Entering safepoint region: Cleanup
[2025-03-13T12:00:06.936+0530][60.536s] Leaving safepoint region
[2025-03-13T12:00:06.936+0530][60.536s] Total time for which application threads were stopped: 0.0002009 seconds, Stopping threads took: 0.0000127 seconds
[2025-03-13T12:00:07.936+0530][61.536s] Application time: 1.0000993 seconds
[2025-03-13T12:00:07.936+0530][61.536s] Entering safepoint region: Cleanup
[2025-03-13T12:00:07.936+0530][61.536s] Leaving safepoint region
[2025-03-13T12:00:07.936+0530][61.536s] Total time for which application threads were stopped: 0.0001957 seconds, Stopping threads took: 0.0000204 seconds
[2025-03-13T12:00:08.937+0530][62.536s] Application time: 1.0001765 seconds
[2025-03-13T12:00:08.937+0530][62.536s] Entering safepoint region: Cleanup
[2025-03-13T12:00:08.937+0530][62.537s] Leaving safepoint region
[2025-03-13T12:00:08.937+0530][62.537s] Total time for which application threads were stopped: 0.0001421 seconds, Stopping threads took: 0.0000136 seconds
[2025-03-13T12:00:09.937+0530][63.537s] Application time: 1.0001771 seconds
[2025-03-13T12:00:09.937+0530][63.537s] Entering safepoint region: Cleanup
[2025-03-13T12:00:09.937+0530][63.537s] Leaving safepoint region
[2025-03-13T12:00:09.937+0530][63.537s] Total time for which application threads were stopped: 0.0001923 seconds, Stopping threads took: 0.0000130 seconds
[2025-03-13T12:00:10.937+0530][64.537s] Application time: 1.0000977 seconds
[2025-03-13T12:00:10.937+0530][64.537s] Entering safepoint region: Cleanup
[2025-03-13T12:00:10.937+0530][64.537s] Leaving safepoint region
[2025-03-13T12:00:10.937+0530][64.537s] Total time for which application threads were stopped: 0.0001180 seconds, Stopping threads took: 0.0000134 seconds
[2025-03-13T12:00:11.937+0530][65.537s] Application time: 1.0000770 seconds
[2025-03-13T12:00:11.938+0530][65.537s] Entering safepoint region: Cleanup
[2025-03-13T12:00:11.938+0530][65.537s] Leaving safepoint region
[2025-03-13T12:00:11.938+0530][65.537s] Total time for which application threads were stopped: 0.0001680 seconds, Stopping threads took: 0.0000628 seconds
[2025-03-13T12:00:12.938+0530][66.538s] Application time: 1.0000848 seconds
[2025-03-13T12:00:12.938+0530][66.538s] Entering safepoint region: Cleanup
[2025-03-13T12:00:12.938+0530][66.538s] Leaving safepoint region
[2025-03-13T12:00:12.938+0530][66.538s] Total time for which application threads were stopped: 0.0000932 seconds, Stopping threads took: 0.0000167 seconds
[2025-03-13T12:00:13.938+0530][67.538s] Application time: 1.0003399 seconds
[2025-03-13T12:00:13.938+0530][67.538s] Entering safepoint region: Cleanup
[2025-03-13T12:00:13.938+0530][67.538s] Leaving safepoint region
[2025-03-13T12:00:13.938+0530][67.538s] Total time for which application threads were stopped: 0.0000995 seconds, Stopping threads took: 0.0000228 seconds
[2025-03-13T12:00:14.938+0530][68.538s] Application time: 1.0000769 seconds
[2025-03-13T12:00:14.939+0530][68.538s] Entering safepoint region: Cleanup
[2025-03-13T12:00:14.939+0530][68.538s] Leaving safepoint region
[2025-03-13T12:00:14.939+0530][68.538s] Total time for which application threads were stopped: 0.0001212 seconds, Stopping threads took: 0.0000219 seconds
[2025-03-13T12:00:15.939+0530][69.539s] Application time: 1.0000886 seconds
[2025-03-13T12:00:15.939+0530][69.539s] Entering safepoint region: Cleanup
[2025-03-13T12:00:15.939+0530][69.539s] Leaving safepoint region
[2025-03-13T12:00:15.939+0530][69.539s] Total time for which application threads were stopped: 0.0001160 seconds, Stopping threads took: 0.0000244 seconds
[2025-03-13T12:00:16.939+0530][70.539s] Application time: 1.0002768 seconds
[2025-03-13T12:00:16.939+0530][70.539s] Entering safepoint region: Cleanup
[2025-03-13T12:00:16.939+0530][70.539s] Leaving safepoint region
[2025-03-13T12:00:16.939+0530][70.539s] Total time for which application threads were stopped: 0.0001370 seconds, Stopping threads took: 0.0000240 seconds
[2025-03-13T12:00:17.940+0530][71.539s] Application time: 1.0000994 seconds
[2025-03-13T12:00:17.940+0530][71.539s] Entering safepoint region: Cleanup
[2025-03-13T12:00:17.940+0530][71.539s] Leaving safepoint region
[2025-03-13T12:00:17.940+0530][71.539s] Total time for which application threads were stopped: 0.0001342 seconds, Stopping threads took: 0.0000199 seconds
[2025-03-13T12:00:18.940+0530][72.540s] Application time: 1.0000671 seconds
[2025-03-13T12:00:18.940+0530][72.540s] Entering safepoint region: Cleanup
[2025-03-13T12:00:18.940+0530][72.540s] Leaving safepoint region
[2025-03-13T12:00:18.940+0530][72.540s] Total time for which application threads were stopped: 0.0001562 seconds, Stopping threads took: 0.0000246 seconds
[2025-03-13T12:00:19.942+0530][73.542s] Application time: 1.0018432 seconds
[2025-03-13T12:00:19.942+0530][73.542s] Entering safepoint region: Cleanup
[2025-03-13T12:00:19.943+0530][73.543s] Leaving safepoint region
[2025-03-13T12:00:19.943+0530][73.543s] Total time for which application threads were stopped: 0.0010863 seconds, Stopping threads took: 0.0000195 seconds
[2025-03-13T12:00:20.943+0530][74.543s] Application time: 1.0000698 seconds
[2025-03-13T12:00:20.943+0530][74.543s] Entering safepoint region: Cleanup
[2025-03-13T12:00:20.943+0530][74.543s] Leaving safepoint region
[2025-03-13T12:00:20.943+0530][74.543s] Total time for which application threads were stopped: 0.0002067 seconds, Stopping threads took: 0.0000211 seconds
[2025-03-13T12:00:21.943+0530][75.543s] Application time: 1.0000670 seconds
[2025-03-13T12:00:21.943+0530][75.543s] Entering safepoint region: Cleanup
[2025-03-13T12:00:21.944+0530][75.543s] Leaving safepoint region
[2025-03-13T12:00:21.944+0530][75.543s] Total time for which application threads were stopped: 0.0001904 seconds, Stopping threads took: 0.0000126 seconds
[2025-03-13T12:00:22.944+0530][76.544s] Application time: 1.0003353 seconds
[2025-03-13T12:00:22.944+0530][76.544s] Entering safepoint region: Cleanup
[2025-03-13T12:00:22.944+0530][76.544s] Leaving safepoint region
[2025-03-13T12:00:22.944+0530][76.544s] Total time for which application threads were stopped: 0.0002048 seconds, Stopping threads took: 0.0000132 seconds
[2025-03-13T12:00:23.944+0530][77.544s] Application time: 1.0000958 seconds
[2025-03-13T12:00:23.944+0530][77.544s] Entering safepoint region: Cleanup
[2025-03-13T12:00:23.944+0530][77.544s] Leaving safepoint region
[2025-03-13T12:00:23.944+0530][77.544s] Total time for which application threads were stopped: 0.0000754 seconds, Stopping threads took: 0.0000128 seconds
[2025-03-13T12:00:24.944+0530][78.544s] Application time: 1.0001221 seconds
[2025-03-13T12:00:24.944+0530][78.544s] Entering safepoint region: Cleanup
[2025-03-13T12:00:24.945+0530][78.544s] Leaving safepoint region
[2025-03-13T12:00:24.945+0530][78.544s] Total time for which application threads were stopped: 0.0002138 seconds, Stopping threads took: 0.0000128 seconds
[2025-03-13T12:00:25.945+0530][79.545s] Application time: 1.0000665 seconds
[2025-03-13T12:00:25.945+0530][79.545s] Entering safepoint region: Cleanup
[2025-03-13T12:00:25.945+0530][79.545s] Leaving safepoint region
[2025-03-13T12:00:25.945+0530][79.545s] Total time for which application threads were stopped: 0.0000770 seconds, Stopping threads took: 0.0000141 seconds
[2025-03-13T12:00:26.945+0530][80.545s] Application time: 1.0000947 seconds
[2025-03-13T12:00:26.945+0530][80.545s] Entering safepoint region: Cleanup
[2025-03-13T12:00:26.945+0530][80.545s] Leaving safepoint region
[2025-03-13T12:00:26.945+0530][80.545s] Total time for which application threads were stopped: 0.0001015 seconds, Stopping threads took: 0.0000135 seconds
[2025-03-13T12:00:27.946+0530][81.546s] Application time: 1.0012309 seconds
[2025-03-13T12:00:27.946+0530][81.546s] Entering safepoint region: Cleanup
[2025-03-13T12:00:27.947+0530][81.547s] Leaving safepoint region
[2025-03-13T12:00:27.947+0530][81.547s] Total time for which application threads were stopped: 0.0005055 seconds, Stopping threads took: 0.0000193 seconds
[2025-03-13T12:00:28.947+0530][82.547s] Application time: 1.0000757 seconds
[2025-03-13T12:00:28.947+0530][82.547s] Entering safepoint region: Cleanup
[2025-03-13T12:00:28.947+0530][82.547s] Leaving safepoint region
[2025-03-13T12:00:28.947+0530][82.547s] Total time for which application threads were stopped: 0.0001276 seconds, Stopping threads took: 0.0000204 seconds
[2025-03-13T12:00:29.948+0530][83.547s] Application time: 1.0003408 seconds
[2025-03-13T12:00:29.948+0530][83.547s] Entering safepoint region: Cleanup
[2025-03-13T12:00:29.948+0530][83.548s] Leaving safepoint region
[2025-03-13T12:00:29.948+0530][83.548s] Total time for which application threads were stopped: 0.0002144 seconds, Stopping threads took: 0.0000127 seconds
[2025-03-13T12:00:30.948+0530][84.548s] Application time: 1.0003313 seconds
[2025-03-13T12:00:30.948+0530][84.548s] Entering safepoint region: Cleanup
[2025-03-13T12:00:30.948+0530][84.548s] Leaving safepoint region
[2025-03-13T12:00:30.948+0530][84.548s] Total time for which application threads were stopped: 0.0002007 seconds, Stopping threads took: 0.0000127 seconds
[2025-03-13T12:00:31.949+0530][85.548s] Application time: 1.0003221 seconds
[2025-03-13T12:00:31.949+0530][85.548s] Entering safepoint region: Cleanup
[2025-03-13T12:00:31.949+0530][85.549s] Leaving safepoint region
[2025-03-13T12:00:31.949+0530][85.549s] Total time for which application threads were stopped: 0.0001687 seconds, Stopping threads took: 0.0000125 seconds
[2025-03-13T12:00:32.949+0530][86.549s] Application time: 1.0000438 seconds
[2025-03-13T12:00:32.949+0530][86.549s] Entering safepoint region: Cleanup
[2025-03-13T12:00:32.949+0530][86.549s] Leaving safepoint region
[2025-03-13T12:00:32.949+0530][86.549s] Total time for which application threads were stopped: 0.0001993 seconds, Stopping threads took: 0.0000127 seconds
[2025-03-13T12:00:33.949+0530][87.549s] Application time: 1.0000919 seconds
[2025-03-13T12:00:33.949+0530][87.549s] Entering safepoint region: Cleanup
[2025-03-13T12:00:33.949+0530][87.549s] Leaving safepoint region
[2025-03-13T12:00:33.949+0530][87.549s] Total time for which application threads were stopped: 0.0001254 seconds, Stopping threads took: 0.0000124 seconds
[2025-03-13T12:00:34.950+0530][88.549s] Application time: 1.0001771 seconds
[2025-03-13T12:00:34.950+0530][88.549s] Entering safepoint region: Cleanup
[2025-03-13T12:00:34.950+0530][88.550s] Leaving safepoint region
[2025-03-13T12:00:34.950+0530][88.550s] Total time for which application threads were stopped: 0.0001412 seconds, Stopping threads took: 0.0000130 seconds
[2025-03-13T12:00:35.950+0530][89.550s] Application time: 1.0002954 seconds
[2025-03-13T12:00:35.950+0530][89.550s] Entering safepoint region: Cleanup
[2025-03-13T12:00:35.950+0530][89.550s] Leaving safepoint region
[2025-03-13T12:00:35.950+0530][89.550s] Total time for which application threads were stopped: 0.0002011 seconds, Stopping threads took: 0.0000123 seconds
[2025-03-13T12:00:36.951+0530][90.550s] Application time: 1.0002814 seconds
[2025-03-13T12:00:36.951+0530][90.550s] Entering safepoint region: Cleanup
[2025-03-13T12:00:36.951+0530][90.551s] Leaving safepoint region
[2025-03-13T12:00:36.951+0530][90.551s] Total time for which application threads were stopped: 0.0002166 seconds, Stopping threads took: 0.0000124 seconds
[2025-03-13T12:00:37.951+0530][91.551s] Application time: 1.0003095 seconds
[2025-03-13T12:00:37.951+0530][91.551s] Entering safepoint region: Cleanup
[2025-03-13T12:00:37.951+0530][91.551s] Leaving safepoint region
[2025-03-13T12:00:37.951+0530][91.551s] Total time for which application threads were stopped: 0.0001508 seconds, Stopping threads took: 0.0000183 seconds
[2025-03-13T12:00:38.952+0530][92.551s] Application time: 1.0003473 seconds
[2025-03-13T12:00:38.952+0530][92.552s] Entering safepoint region: Cleanup
[2025-03-13T12:00:38.952+0530][92.552s] Leaving safepoint region
[2025-03-13T12:00:38.952+0530][92.552s] Total time for which application threads were stopped: 0.0001376 seconds, Stopping threads took: 0.0000147 seconds
[2025-03-13T12:00:39.952+0530][93.552s] Application time: 1.0000746 seconds
[2025-03-13T12:00:39.952+0530][93.552s] Entering safepoint region: Cleanup
[2025-03-13T12:00:39.952+0530][93.552s] Leaving safepoint region
[2025-03-13T12:00:39.952+0530][93.552s] Total time for which application threads were stopped: 0.0001469 seconds, Stopping threads took: 0.0000141 seconds
[2025-03-13T12:00:40.952+0530][94.552s] Application time: 1.0000804 seconds
[2025-03-13T12:00:40.952+0530][94.552s] Entering safepoint region: Cleanup
[2025-03-13T12:00:40.952+0530][94.552s] Leaving safepoint region
[2025-03-13T12:00:40.952+0530][94.552s] Total time for which application threads were stopped: 0.0002255 seconds, Stopping threads took: 0.0000249 seconds
[2025-03-13T12:00:41.953+0530][95.552s] Application time: 1.0001013 seconds
[2025-03-13T12:00:41.953+0530][95.552s] Entering safepoint region: Cleanup
[2025-03-13T12:00:41.953+0530][95.552s] Leaving safepoint region
[2025-03-13T12:00:41.953+0530][95.552s] Total time for which application threads were stopped: 0.0001027 seconds, Stopping threads took: 0.0000129 seconds
[2025-03-13T12:00:42.953+0530][96.553s] Application time: 1.0000818 seconds
[2025-03-13T12:00:42.953+0530][96.553s] Entering safepoint region: Cleanup
[2025-03-13T12:00:42.956+0530][96.556s] Leaving safepoint region
[2025-03-13T12:00:42.956+0530][96.556s] Total time for which application threads were stopped: 0.0032133 seconds, Stopping threads took: 0.0000203 seconds
[2025-03-13T12:00:43.956+0530][97.556s] Application time: 1.0000818 seconds
[2025-03-13T12:00:43.956+0530][97.556s] Entering safepoint region: Cleanup
[2025-03-13T12:00:43.956+0530][97.556s] Leaving safepoint region
[2025-03-13T12:00:43.956+0530][97.556s] Total time for which application threads were stopped: 0.0001281 seconds, Stopping threads took: 0.0000261 seconds
[2025-03-13T12:00:44.956+0530][98.556s] Application time: 1.0001071 seconds
[2025-03-13T12:00:44.956+0530][98.556s] Entering safepoint region: Cleanup
[2025-03-13T12:00:44.957+0530][98.557s] Leaving safepoint region
[2025-03-13T12:00:44.957+0530][98.557s] Total time for which application threads were stopped: 0.0004143 seconds, Stopping threads took: 0.0000191 seconds
[2025-03-13T12:00:45.957+0530][99.557s] Application time: 1.0001031 seconds
[2025-03-13T12:00:45.957+0530][99.557s] Entering safepoint region: Cleanup
[2025-03-13T12:00:45.957+0530][99.557s] Leaving safepoint region
[2025-03-13T12:00:45.957+0530][99.557s] Total time for which application threads were stopped: 0.0001174 seconds, Stopping threads took: 0.0000144 seconds
[2025-03-13T12:00:46.957+0530][100.557s] Application time: 1.0000672 seconds
[2025-03-13T12:00:46.957+0530][100.557s] Entering safepoint region: Cleanup
[2025-03-13T12:00:46.957+0530][100.557s] Leaving safepoint region
[2025-03-13T12:00:46.957+0530][100.557s] Total time for which application threads were stopped: 0.0001088 seconds, Stopping threads took: 0.0000131 seconds
[2025-03-13T12:00:47.958+0530][101.557s] Application time: 1.0001799 seconds
[2025-03-13T12:00:47.958+0530][101.557s] Entering safepoint region: Cleanup
[2025-03-13T12:00:47.958+0530][101.558s] Leaving safepoint region
[2025-03-13T12:00:47.958+0530][101.558s] Total time for which application threads were stopped: 0.0002239 seconds, Stopping threads took: 0.0000129 seconds
[2025-03-13T12:00:48.958+0530][102.558s] Application time: 1.0001152 seconds
[2025-03-13T12:00:48.958+0530][102.558s] Entering safepoint region: Cleanup
[2025-03-13T12:00:48.958+0530][102.558s] Leaving safepoint region
[2025-03-13T12:00:48.958+0530][102.558s] Total time for which application threads were stopped: 0.0002034 seconds, Stopping threads took: 0.0000223 seconds
[2025-03-13T12:00:49.958+0530][103.558s] Application time: 1.0001988 seconds
[2025-03-13T12:00:49.958+0530][103.558s] Entering safepoint region: Cleanup
[2025-03-13T12:00:49.958+0530][103.558s] Leaving safepoint region
[2025-03-13T12:00:49.958+0530][103.558s] Total time for which application threads were stopped: 0.0000749 seconds, Stopping threads took: 0.0000133 seconds
[2025-03-13T12:00:50.959+0530][104.558s] Application time: 1.0001061 seconds
[2025-03-13T12:00:50.959+0530][104.558s] Entering safepoint region: Cleanup
[2025-03-13T12:00:50.959+0530][104.558s] Leaving safepoint region
[2025-03-13T12:00:50.959+0530][104.558s] Total time for which application threads were stopped: 0.0000844 seconds, Stopping threads took: 0.0000126 seconds
[2025-03-13T12:00:51.959+0530][105.559s] Application time: 1.0001858 seconds
[2025-03-13T12:00:51.959+0530][105.559s] Entering safepoint region: Cleanup
[2025-03-13T12:00:51.959+0530][105.559s] Leaving safepoint region
[2025-03-13T12:00:51.959+0530][105.559s] Total time for which application threads were stopped: 0.0000720 seconds, Stopping threads took: 0.0000124 seconds
[2025-03-13T12:00:52.959+0530][106.562s] Application time: 1.0000746 seconds
[2025-03-13T12:00:52.962+0530][106.562s] Entering safepoint region: Cleanup
[2025-03-13T12:00:52.962+0530][106.562s] Leaving safepoint region
[2025-03-13T12:00:52.962+0530][106.562s] Total time for which application threads were stopped: 0.0001313 seconds, Stopping threads took: 0.0000240 seconds
[2025-03-13T12:00:53.962+0530][107.562s] Application time: 1.0000671 seconds
[2025-03-13T12:00:53.962+0530][107.562s] Entering safepoint region: Cleanup
[2025-03-13T12:00:53.962+0530][107.562s] Leaving safepoint region
[2025-03-13T12:00:53.962+0530][107.562s] Total time for which application threads were stopped: 0.0000732 seconds, Stopping threads took: 0.0000118 seconds
[2025-03-13T12:00:54.962+0530][108.562s] Application time: 1.0003047 seconds
[2025-03-13T12:00:54.962+0530][108.562s] Entering safepoint region: Cleanup
[2025-03-13T12:00:54.963+0530][108.562s] Leaving safepoint region
[2025-03-13T12:00:54.963+0530][108.562s] Total time for which application threads were stopped: 0.0000856 seconds, Stopping threads took: 0.0000128 seconds
[2025-03-13T12:00:55.963+0530][109.563s] Application time: 1.0003407 seconds
[2025-03-13T12:00:55.963+0530][109.563s] Entering safepoint region: Cleanup
[2025-03-13T12:00:55.963+0530][109.563s] Leaving safepoint region
[2025-03-13T12:00:55.963+0530][109.563s] Total time for which application threads were stopped: 0.0001108 seconds, Stopping threads took: 0.0000128 seconds
[2025-03-13T12:00:56.963+0530][110.563s] Application time: 1.0000650 seconds
[2025-03-13T12:00:56.963+0530][110.563s] Entering safepoint region: Cleanup
[2025-03-13T12:00:56.963+0530][110.563s] Leaving safepoint region
[2025-03-13T12:00:56.963+0530][110.563s] Total time for which application threads were stopped: 0.0000754 seconds, Stopping threads took: 0.0000121 seconds
[2025-03-13T12:00:57.963+0530][111.563s] Application time: 1.0000947 seconds
[2025-03-13T12:00:57.963+0530][111.563s] Entering safepoint region: Cleanup
[2025-03-13T12:00:57.963+0530][111.563s] Leaving safepoint region
[2025-03-13T12:00:57.963+0530][111.563s] Total time for which application threads were stopped: 0.0000748 seconds, Stopping threads took: 0.0000121 seconds
[2025-03-13T12:00:58.964+0530][112.564s] Application time: 1.0003380 seconds
[2025-03-13T12:00:58.964+0530][112.564s] Entering safepoint region: Cleanup
[2025-03-13T12:00:58.964+0530][112.564s] Leaving safepoint region
[2025-03-13T12:00:58.964+0530][112.564s] Total time for which application threads were stopped: 0.0000915 seconds, Stopping threads took: 0.0000144 seconds
[2025-03-13T12:00:59.964+0530][113.564s] Application time: 1.0000739 seconds
[2025-03-13T12:00:59.964+0530][113.564s] Entering safepoint region: Cleanup
[2025-03-13T12:00:59.964+0530][113.564s] Leaving safepoint region
[2025-03-13T12:00:59.964+0530][113.564s] Total time for which application threads were stopped: 0.0001179 seconds, Stopping threads took: 0.0000170 seconds
[2025-03-13T12:01:00.964+0530][114.564s] Application time: 1.0000749 seconds
[2025-03-13T12:01:00.964+0530][114.564s] Entering safepoint region: Cleanup
[2025-03-13T12:01:00.964+0530][114.564s] Leaving safepoint region
[2025-03-13T12:01:00.964+0530][114.564s] Total time for which application threads were stopped: 0.0001215 seconds, Stopping threads took: 0.0000184 seconds
[2025-03-13T12:01:01.965+0530][115.565s] Application time: 1.0003397 seconds
[2025-03-13T12:01:01.965+0530][115.565s] Entering safepoint region: Cleanup
[2025-03-13T12:01:01.965+0530][115.565s] Leaving safepoint region
[2025-03-13T12:01:01.965+0530][115.565s] Total time for which application threads were stopped: 0.0001863 seconds, Stopping threads took: 0.0000124 seconds
[2025-03-13T12:01:02.965+0530][116.565s] Application time: 1.0002964 seconds
[2025-03-13T12:01:02.965+0530][116.565s] Entering safepoint region: Cleanup
[2025-03-13T12:01:02.965+0530][116.565s] Leaving safepoint region
[2025-03-13T12:01:02.965+0530][116.565s] Total time for which application threads were stopped: 0.0002020 seconds, Stopping threads took: 0.0000129 seconds
[2025-03-13T12:01:03.966+0530][117.566s] Application time: 1.0003274 seconds
[2025-03-13T12:01:03.966+0530][117.566s] Entering safepoint region: Cleanup
[2025-03-13T12:01:03.966+0530][117.566s] Leaving safepoint region
[2025-03-13T12:01:03.966+0530][117.566s] Total time for which application threads were stopped: 0.0002035 seconds, Stopping threads took: 0.0000125 seconds
[2025-03-13T12:01:04.966+0530][118.566s] Application time: 1.0003201 seconds
[2025-03-13T12:01:04.966+0530][118.566s] Entering safepoint region: Cleanup
[2025-03-13T12:01:04.967+0530][118.566s] Leaving safepoint region
[2025-03-13T12:01:04.967+0530][118.566s] Total time for which application threads were stopped: 0.0002054 seconds, Stopping threads took: 0.0000128 seconds
[2025-03-13T12:01:05.967+0530][119.567s] Application time: 1.0003151 seconds
[2025-03-13T12:01:05.967+0530][119.567s] Entering safepoint region: Cleanup
[2025-03-13T12:01:05.967+0530][119.567s] Leaving safepoint region
[2025-03-13T12:01:05.967+0530][119.567s] Total time for which application threads were stopped: 0.0002024 seconds, Stopping threads took: 0.0000129 seconds
[2025-03-13T12:01:06.967+0530][120.567s] Application time: 1.0003013 seconds
[2025-03-13T12:01:06.968+0530][120.567s] Entering safepoint region: Cleanup
[2025-03-13T12:01:06.968+0530][120.567s] Leaving safepoint region
[2025-03-13T12:01:06.968+0530][120.567s] Total time for which application threads were stopped: 0.0001343 seconds, Stopping threads took: 0.0000131 seconds
[2025-03-13T12:01:07.968+0530][121.568s] Application time: 1.0000976 seconds
[2025-03-13T12:01:07.968+0530][121.568s] Entering safepoint region: Cleanup
[2025-03-13T12:01:07.968+0530][121.568s] Leaving safepoint region
[2025-03-13T12:01:07.968+0530][121.568s] Total time for which application threads were stopped: 0.0001435 seconds, Stopping threads took: 0.0000124 seconds
[2025-03-13T12:01:08.968+0530][122.568s] Application time: 1.0001812 seconds
[2025-03-13T12:01:08.968+0530][122.568s] Entering safepoint region: Cleanup
[2025-03-13T12:01:08.968+0530][122.568s] Leaving safepoint region
[2025-03-13T12:01:08.968+0530][122.568s] Total time for which application threads were stopped: 0.0002007 seconds, Stopping threads took: 0.0000128 seconds
[2025-03-13T12:01:09.969+0530][123.568s] Application time: 1.0002951 seconds
[2025-03-13T12:01:09.969+0530][123.568s] Entering safepoint region: Cleanup
[2025-03-13T12:01:09.969+0530][123.569s] Leaving safepoint region
[2025-03-13T12:01:09.969+0530][123.569s] Total time for which application threads were stopped: 0.0001770 seconds, Stopping threads took: 0.0000135 seconds
[2025-03-13T12:01:10.969+0530][124.569s] Application time: 1.0000675 seconds
[2025-03-13T12:01:10.969+0530][124.569s] Entering safepoint region: Cleanup
[2025-03-13T12:01:10.969+0530][124.569s] Leaving safepoint region
[2025-03-13T12:01:10.969+0530][124.569s] Total time for which application threads were stopped: 0.0002014 seconds, Stopping threads took: 0.0000130 seconds
[2025-03-13T12:01:11.969+0530][125.569s] Application time: 1.0003381 seconds
[2025-03-13T12:01:11.970+0530][125.569s] Entering safepoint region: Cleanup
[2025-03-13T12:01:11.970+0530][125.570s] Leaving safepoint region
[2025-03-13T12:01:11.970+0530][125.570s] Total time for which application threads were stopped: 0.0002094 seconds, Stopping threads took: 0.0000125 seconds
[2025-03-13T12:01:12.970+0530][126.570s] Application time: 1.0001664 seconds
[2025-03-13T12:01:12.970+0530][126.570s] Entering safepoint region: Cleanup
[2025-03-13T12:01:12.970+0530][126.570s] Leaving safepoint region
[2025-03-13T12:01:12.970+0530][126.570s] Total time for which application threads were stopped: 0.0001931 seconds, Stopping threads took: 0.0000123 seconds
[2025-03-13T12:01:13.970+0530][127.570s] Application time: 1.0001037 seconds
[2025-03-13T12:01:13.970+0530][127.570s] Entering safepoint region: Cleanup
[2025-03-13T12:01:13.970+0530][127.570s] Leaving safepoint region
[2025-03-13T12:01:13.970+0530][127.570s] Total time for which application threads were stopped: 0.0000822 seconds, Stopping threads took: 0.0000128 seconds
[2025-03-13T12:01:14.971+0530][128.570s] Application time: 1.0003397 seconds
[2025-03-13T12:01:14.971+0530][128.571s] Entering safepoint region: Cleanup
[2025-03-13T12:01:14.971+0530][128.571s] Leaving safepoint region
[2025-03-13T12:01:14.971+0530][128.571s] Total time for which application threads were stopped: 0.0001031 seconds, Stopping threads took: 0.0000124 seconds
[2025-03-13T12:01:15.971+0530][129.571s] Application time: 1.0003294 seconds
[2025-03-13T12:01:15.971+0530][129.571s] Entering safepoint region: Cleanup
[2025-03-13T12:01:15.971+0530][129.571s] Leaving safepoint region
[2025-03-13T12:01:15.971+0530][129.571s] Total time for which application threads were stopped: 0.0000896 seconds, Stopping threads took: 0.0000125 seconds
[2025-03-13T12:01:16.972+0530][130.571s] Application time: 1.0003431 seconds
[2025-03-13T12:01:16.972+0530][130.571s] Entering safepoint region: Cleanup
[2025-03-13T12:01:16.972+0530][130.572s] Leaving safepoint region
[2025-03-13T12:01:16.972+0530][130.572s] Total time for which application threads were stopped: 0.0000916 seconds, Stopping threads took: 0.0000124 seconds
[2025-03-13T12:01:17.972+0530][131.572s] Application time: 1.0001630 seconds
[2025-03-13T12:01:17.972+0530][131.572s] Entering safepoint region: Cleanup
[2025-03-13T12:01:17.972+0530][131.572s] Leaving safepoint region
[2025-03-13T12:01:17.972+0530][131.572s] Total time for which application threads were stopped: 0.0000940 seconds, Stopping threads took: 0.0000134 seconds
[2025-03-13T12:01:18.972+0530][132.572s] Application time: 1.0001674 seconds
[2025-03-13T12:01:18.972+0530][132.572s] Entering safepoint region: Cleanup
[2025-03-13T12:01:18.972+0530][132.572s] Leaving safepoint region
[2025-03-13T12:01:18.972+0530][132.572s] Total time for which application threads were stopped: 0.0000856 seconds, Stopping threads took: 0.0000127 seconds
[2025-03-13T12:01:19.973+0530][133.572s] Application time: 1.0001774 seconds
[2025-03-13T12:01:19.973+0530][133.572s] Entering safepoint region: Cleanup
[2025-03-13T12:01:19.973+0530][133.573s] Leaving safepoint region
[2025-03-13T12:01:19.973+0530][133.573s] Total time for which application threads were stopped: 0.0003390 seconds, Stopping threads took: 0.0002200 seconds
[2025-03-13T12:01:20.973+0530][134.573s] Application time: 1.0003086 seconds
[2025-03-13T12:01:20.973+0530][134.573s] Entering safepoint region: Cleanup
[2025-03-13T12:01:20.973+0530][134.573s] Leaving safepoint region
[2025-03-13T12:01:20.973+0530][134.573s] Total time for which application threads were stopped: 0.0002057 seconds, Stopping threads took: 0.0000133 seconds
[2025-03-13T12:01:21.973+0530][135.573s] Application time: 1.0000525 seconds
[2025-03-13T12:01:21.974+0530][135.573s] Entering safepoint region: Cleanup
[2025-03-13T12:01:21.974+0530][135.573s] Leaving safepoint region
[2025-03-13T12:01:21.974+0530][135.573s] Total time for which application threads were stopped: 0.0001062 seconds, Stopping threads took: 0.0000128 seconds
[2025-03-13T12:01:22.974+0530][136.574s] Application time: 1.0003409 seconds
[2025-03-13T12:01:22.974+0530][136.574s] Entering safepoint region: Cleanup
[2025-03-13T12:01:22.974+0530][136.574s] Leaving safepoint region
[2025-03-13T12:01:22.974+0530][136.574s] Total time for which application threads were stopped: 0.0000875 seconds, Stopping threads took: 0.0000127 seconds
[2025-03-13T12:01:23.974+0530][137.574s] Application time: 1.0000718 seconds
[2025-03-13T12:01:23.974+0530][137.574s] Entering safepoint region: Cleanup
[2025-03-13T12:01:23.974+0530][137.574s] Leaving safepoint region
[2025-03-13T12:01:23.974+0530][137.574s] Total time for which application threads were stopped: 0.0001222 seconds, Stopping threads took: 0.0000209 seconds
[2025-03-13T12:01:24.975+0530][138.574s] Application time: 1.0002791 seconds
[2025-03-13T12:01:24.975+0530][138.574s] Entering safepoint region: Cleanup
[2025-03-13T12:01:24.975+0530][138.575s] Leaving safepoint region
[2025-03-13T12:01:24.975+0530][138.575s] Total time for which application threads were stopped: 0.0002054 seconds, Stopping threads took: 0.0000125 seconds
[2025-03-13T12:01:25.975+0530][139.575s] Application time: 1.0003384 seconds
[2025-03-13T12:01:25.975+0530][139.575s] Entering safepoint region: Cleanup
[2025-03-13T12:01:25.975+0530][139.575s] Leaving safepoint region
[2025-03-13T12:01:25.975+0530][139.575s] Total time for which application threads were stopped: 0.0002026 seconds, Stopping threads took: 0.0000127 seconds
[2025-03-13T12:01:26.976+0530][140.576s] Application time: 1.0003054 seconds
[2025-03-13T12:01:26.976+0530][140.576s] Entering safepoint region: Cleanup
[2025-03-13T12:01:26.976+0530][140.576s] Leaving safepoint region
[2025-03-13T12:01:26.976+0530][140.576s] Total time for which application threads were stopped: 0.0001649 seconds, Stopping threads took: 0.0000365 seconds
[2025-03-13T12:01:27.976+0530][141.576s] Application time: 1.0003418 seconds
[2025-03-13T12:01:27.976+0530][141.576s] Entering safepoint region: Cleanup
[2025-03-13T12:01:27.976+0530][141.576s] Leaving safepoint region
[2025-03-13T12:01:27.977+0530][141.576s] Total time for which application threads were stopped: 0.0001997 seconds, Stopping threads took: 0.0000127 seconds
[2025-03-13T12:01:28.977+0530][142.576s] Application time: 1.0000667 seconds
[2025-03-13T12:01:28.977+0530][142.576s] Entering safepoint region: Cleanup
[2025-03-13T12:01:28.977+0530][142.576s] Leaving safepoint region
[2025-03-13T12:01:28.977+0530][142.576s] Total time for which application threads were stopped: 0.0000931 seconds, Stopping threads took: 0.0000121 seconds
[2025-03-13T12:01:29.977+0530][143.577s] Application time: 1.0003429 seconds
[2025-03-13T12:01:29.977+0530][143.577s] Entering safepoint region: Cleanup
[2025-03-13T12:01:29.977+0530][143.577s] Leaving safepoint region
[2025-03-13T12:01:29.977+0530][143.577s] Total time for which application threads were stopped: 0.0002076 seconds, Stopping threads took: 0.0000130 seconds
[2025-03-13T12:01:30.977+0530][144.577s] Application time: 1.0001404 seconds
[2025-03-13T12:01:30.977+0530][144.577s] Entering safepoint region: Cleanup
[2025-03-13T12:01:30.978+0530][144.577s] Leaving safepoint region
[2025-03-13T12:01:30.978+0530][144.577s] Total time for which application threads were stopped: 0.0000714 seconds, Stopping threads took: 0.0000118 seconds
[2025-03-13T12:01:31.978+0530][145.578s] Application time: 1.0001759 seconds
[2025-03-13T12:01:31.978+0530][145.578s] Entering safepoint region: Cleanup
[2025-03-13T12:01:31.978+0530][145.578s] Leaving safepoint region
[2025-03-13T12:01:31.978+0530][145.578s] Total time for which application threads were stopped: 0.0000905 seconds, Stopping threads took: 0.0000119 seconds
[2025-03-13T12:01:32.978+0530][146.578s] Application time: 1.0003240 seconds
[2025-03-13T12:01:32.978+0530][146.578s] Entering safepoint region: Cleanup
[2025-03-13T12:01:32.978+0530][146.578s] Leaving safepoint region
[2025-03-13T12:01:32.978+0530][146.578s] Total time for which application threads were stopped: 0.0000910 seconds, Stopping threads took: 0.0000157 seconds
[2025-03-13T12:01:33.978+0530][147.578s] Application time: 1.0001792 seconds
[2025-03-13T12:01:33.979+0530][147.578s] Entering safepoint region: Cleanup
[2025-03-13T12:01:33.979+0530][147.578s] Leaving safepoint region
[2025-03-13T12:01:33.979+0530][147.578s] Total time for which application threads were stopped: 0.0000768 seconds, Stopping threads took: 0.0000123 seconds
[2025-03-13T12:01:34.979+0530][148.579s] Application time: 1.0003417 seconds
[2025-03-13T12:01:34.979+0530][148.579s] Entering safepoint region: Cleanup
[2025-03-13T12:01:34.979+0530][148.579s] Leaving safepoint region
[2025-03-13T12:01:34.979+0530][148.579s] Total time for which application threads were stopped: 0.0000875 seconds, Stopping threads took: 0.0000127 seconds
[2025-03-13T12:01:35.979+0530][149.579s] Application time: 1.0000992 seconds
[2025-03-13T12:01:35.979+0530][149.579s] Entering safepoint region: Cleanup
[2025-03-13T12:01:35.979+0530][149.579s] Leaving safepoint region
[2025-03-13T12:01:35.979+0530][149.579s] Total time for which application threads were stopped: 0.0000820 seconds, Stopping threads took: 0.0000125 seconds
[2025-03-13T12:01:36.979+0530][150.579s] Application time: 1.0000997 seconds
[2025-03-13T12:01:36.979+0530][150.579s] Entering safepoint region: Cleanup
[2025-03-13T12:01:36.979+0530][150.579s] Leaving safepoint region
[2025-03-13T12:01:36.979+0530][150.579s] Total time for which application threads were stopped: 0.0000844 seconds, Stopping threads took: 0.0000127 seconds
[2025-03-13T12:01:37.980+0530][151.580s] Application time: 1.0003206 seconds
[2025-03-13T12:01:37.980+0530][151.580s] Entering safepoint region: Cleanup
[2025-03-13T12:01:37.980+0530][151.580s] Leaving safepoint region
[2025-03-13T12:01:37.980+0530][151.580s] Total time for which application threads were stopped: 0.0000889 seconds, Stopping threads took: 0.0000128 seconds
[2025-03-13T12:01:38.980+0530][152.580s] Application time: 1.0003067 seconds
[2025-03-13T12:01:38.980+0530][152.580s] Entering safepoint region: Cleanup
[2025-03-13T12:01:38.980+0530][152.580s] Leaving safepoint region
[2025-03-13T12:01:38.980+0530][152.580s] Total time for which application threads were stopped: 0.0000875 seconds, Stopping threads took: 0.0000126 seconds
[2025-03-13T12:01:39.981+0530][153.581s] Application time: 1.0003428 seconds
[2025-03-13T12:01:39.981+0530][153.581s] Entering safepoint region: Cleanup
[2025-03-13T12:01:39.981+0530][153.581s] Leaving safepoint region
[2025-03-13T12:01:39.981+0530][153.581s] Total time for which application threads were stopped: 0.0001041 seconds, Stopping threads took: 0.0000125 seconds
[2025-03-13T12:01:40.981+0530][154.581s] Application time: 1.0003257 seconds
[2025-03-13T12:01:40.981+0530][154.581s] Entering safepoint region: Cleanup
[2025-03-13T12:01:40.981+0530][154.581s] Leaving safepoint region
[2025-03-13T12:01:40.981+0530][154.581s] Total time for which application threads were stopped: 0.0000882 seconds, Stopping threads took: 0.0000129 seconds
[2025-03-13T12:01:41.982+0530][155.581s] Application time: 1.0003132 seconds
[2025-03-13T12:01:41.982+0530][155.581s] Entering safepoint region: Cleanup
[2025-03-13T12:01:41.982+0530][155.582s] Leaving safepoint region
[2025-03-13T12:01:41.982+0530][155.582s] Total time for which application threads were stopped: 0.0000873 seconds, Stopping threads took: 0.0000127 seconds
[2025-03-13T12:01:42.982+0530][156.582s] Application time: 1.0003252 seconds
[2025-03-13T12:01:42.982+0530][156.582s] Entering safepoint region: Cleanup
[2025-03-13T12:01:42.982+0530][156.582s] Leaving safepoint region
[2025-03-13T12:01:42.982+0530][156.582s] Total time for which application threads were stopped: 0.0001386 seconds, Stopping threads took: 0.0000200 seconds
[2025-03-13T12:01:43.983+0530][157.582s] Application time: 1.0003456 seconds
[2025-03-13T12:01:43.983+0530][157.582s] Entering safepoint region: Cleanup
[2025-03-13T12:01:43.983+0530][157.583s] Leaving safepoint region
[2025-03-13T12:01:43.983+0530][157.583s] Total time for which application threads were stopped: 0.0002188 seconds, Stopping threads took: 0.0000122 seconds
[2025-03-13T12:01:44.983+0530][158.583s] Application time: 1.0003415 seconds
[2025-03-13T12:01:44.983+0530][158.583s] Entering safepoint region: Cleanup
[2025-03-13T12:01:44.983+0530][158.583s] Leaving safepoint region
[2025-03-13T12:01:44.983+0530][158.583s] Total time for which application threads were stopped: 0.0002057 seconds, Stopping threads took: 0.0000124 seconds
[2025-03-13T12:01:45.984+0530][159.584s] Application time: 1.0003522 seconds
[2025-03-13T12:01:45.984+0530][159.584s] Entering safepoint region: Cleanup
[2025-03-13T12:01:45.984+0530][159.584s] Leaving safepoint region
[2025-03-13T12:01:45.984+0530][159.584s] Total time for which application threads were stopped: 0.0002043 seconds, Stopping threads took: 0.0000133 seconds
[2025-03-13T12:01:46.984+0530][160.584s] Application time: 1.0003410 seconds
[2025-03-13T12:01:46.984+0530][160.584s] Entering safepoint region: Cleanup
[2025-03-13T12:01:46.985+0530][160.584s] Leaving safepoint region
[2025-03-13T12:01:46.985+0530][160.584s] Total time for which application threads were stopped: 0.0002005 seconds, Stopping threads took: 0.0000125 seconds
[2025-03-13T12:01:47.985+0530][161.585s] Application time: 1.0003417 seconds
[2025-03-13T12:01:47.985+0530][161.585s] Entering safepoint region: Cleanup
[2025-03-13T12:01:47.985+0530][161.585s] Leaving safepoint region
[2025-03-13T12:01:47.985+0530][161.585s] Total time for which application threads were stopped: 0.0001425 seconds, Stopping threads took: 0.0000124 seconds
[2025-03-13T12:01:48.985+0530][162.585s] Application time: 1.0003295 seconds
[2025-03-13T12:01:48.985+0530][162.585s] Entering safepoint region: Cleanup
[2025-03-13T12:01:48.986+0530][162.585s] Leaving safepoint region
[2025-03-13T12:01:48.986+0530][162.585s] Total time for which application threads were stopped: 0.0002025 seconds, Stopping threads took: 0.0000129 seconds
[2025-03-13T12:01:49.986+0530][163.586s] Application time: 1.0001009 seconds
[2025-03-13T12:01:49.986+0530][163.586s] Entering safepoint region: Cleanup
[2025-03-13T12:01:49.986+0530][163.586s] Leaving safepoint region
[2025-03-13T12:01:49.986+0530][163.586s] Total time for which application threads were stopped: 0.0001277 seconds, Stopping threads took: 0.0000124 seconds
[2025-03-13T12:01:50.986+0530][164.586s] Application time: 1.0003408 seconds
[2025-03-13T12:01:50.986+0530][164.586s] Entering safepoint region: Cleanup
[2025-03-13T12:01:50.987+0530][164.586s] Leaving safepoint region
[2025-03-13T12:01:50.987+0530][164.586s] Total time for which application threads were stopped: 0.0002150 seconds, Stopping threads took: 0.0000232 seconds
[2025-03-13T12:01:51.987+0530][165.587s] Application time: 1.0001739 seconds
[2025-03-13T12:01:51.987+0530][165.587s] Entering safepoint region: Cleanup
[2025-03-13T12:01:51.987+0530][165.587s] Leaving safepoint region
[2025-03-13T12:01:51.987+0530][165.587s] Total time for which application threads were stopped: 0.0002077 seconds, Stopping threads took: 0.0000139 seconds
[2025-03-13T12:01:52.987+0530][166.587s] Application time: 1.0003422 seconds
[2025-03-13T12:01:52.987+0530][166.587s] Entering safepoint region: Cleanup
[2025-03-13T12:01:52.988+0530][166.587s] Leaving safepoint region
[2025-03-13T12:01:52.988+0530][166.587s] Total time for which application threads were stopped: 0.0002080 seconds, Stopping threads took: 0.0000135 seconds
[2025-03-13T12:01:53.988+0530][167.588s] Application time: 1.0003671 seconds
[2025-03-13T12:01:53.988+0530][167.588s] Entering safepoint region: Cleanup
[2025-03-13T12:01:53.988+0530][167.588s] Leaving safepoint region
[2025-03-13T12:01:53.988+0530][167.588s] Total time for which application threads were stopped: 0.0000886 seconds, Stopping threads took: 0.0000145 seconds
[2025-03-13T12:01:54.988+0530][168.588s] Application time: 1.0001027 seconds
[2025-03-13T12:01:54.988+0530][168.588s] Entering safepoint region: Cleanup
[2025-03-13T12:01:54.988+0530][168.588s] Leaving safepoint region
[2025-03-13T12:01:54.988+0530][168.588s] Total time for which application threads were stopped: 0.0000758 seconds, Stopping threads took: 0.0000146 seconds
[2025-03-13T12:01:55.989+0530][169.588s] Application time: 1.0003416 seconds
[2025-03-13T12:01:55.989+0530][169.588s] Entering safepoint region: Cleanup
[2025-03-13T12:01:55.989+0530][169.589s] Leaving safepoint region
[2025-03-13T12:01:55.989+0530][169.589s] Total time for which application threads were stopped: 0.0000887 seconds, Stopping threads took: 0.0000128 seconds
[2025-03-13T12:01:56.989+0530][170.589s] Application time: 1.0001963 seconds
[2025-03-13T12:01:56.989+0530][170.589s] Entering safepoint region: Cleanup
[2025-03-13T12:01:56.989+0530][170.589s] Leaving safepoint region
[2025-03-13T12:01:56.989+0530][170.589s] Total time for which application threads were stopped: 0.0002026 seconds, Stopping threads took: 0.0000130 seconds
[2025-03-13T12:01:57.989+0530][171.589s] Application time: 1.0001771 seconds
[2025-03-13T12:01:57.989+0530][171.589s] Entering safepoint region: Cleanup
[2025-03-13T12:01:57.990+0530][171.589s] Leaving safepoint region
[2025-03-13T12:01:57.990+0530][171.589s] Total time for which application threads were stopped: 0.0002048 seconds, Stopping threads took: 0.0000130 seconds
[2025-03-13T12:01:58.990+0530][172.590s] Application time: 1.0003467 seconds
[2025-03-13T12:01:58.990+0530][172.590s] Entering safepoint region: Cleanup
[2025-03-13T12:01:58.990+0530][172.590s] Leaving safepoint region
[2025-03-13T12:01:58.990+0530][172.590s] Total time for which application threads were stopped: 0.0002027 seconds, Stopping threads took: 0.0000129 seconds
[2025-03-13T12:01:59.990+0530][173.590s] Application time: 1.0000958 seconds
[2025-03-13T12:01:59.990+0530][173.590s] Entering safepoint region: Cleanup
[2025-03-13T12:01:59.990+0530][173.590s] Leaving safepoint region
[2025-03-13T12:01:59.990+0530][173.590s] Total time for which application threads were stopped: 0.0000789 seconds, Stopping threads took: 0.0000124 seconds
[2025-03-13T12:02:00.991+0530][174.591s] Application time: 1.0003407 seconds
[2025-03-13T12:02:00.991+0530][174.591s] Entering safepoint region: Cleanup
[2025-03-13T12:02:00.991+0530][174.591s] Leaving safepoint region
[2025-03-13T12:02:00.991+0530][174.591s] Total time for which application threads were stopped: 0.0001123 seconds, Stopping threads took: 0.0000128 seconds
[2025-03-13T12:02:01.991+0530][175.591s] Application time: 1.0003405 seconds
[2025-03-13T12:02:01.991+0530][175.591s] Entering safepoint region: Cleanup
[2025-03-13T12:02:01.991+0530][175.591s] Leaving safepoint region
[2025-03-13T12:02:01.991+0530][175.591s] Total time for which application threads were stopped: 0.0000920 seconds, Stopping threads took: 0.0000123 seconds
[2025-03-13T12:02:02.992+0530][176.591s] Application time: 1.0003417 seconds
[2025-03-13T12:02:02.992+0530][176.592s] Entering safepoint region: Cleanup
[2025-03-13T12:02:02.992+0530][176.592s] Leaving safepoint region
[2025-03-13T12:02:02.992+0530][176.592s] Total time for which application threads were stopped: 0.0001183 seconds, Stopping threads took: 0.0000130 seconds
[2025-03-13T12:02:03.992+0530][177.592s] Application time: 1.0003421 seconds
[2025-03-13T12:02:03.992+0530][177.592s] Entering safepoint region: Cleanup
[2025-03-13T12:02:03.992+0530][177.592s] Leaving safepoint region
[2025-03-13T12:02:03.992+0530][177.592s] Total time for which application threads were stopped: 0.0000946 seconds, Stopping threads took: 0.0000125 seconds
[2025-03-13T12:02:04.992+0530][178.592s] Application time: 1.0001804 seconds
[2025-03-13T12:02:04.993+0530][178.592s] Entering safepoint region: Cleanup
[2025-03-13T12:02:04.993+0530][178.592s] Leaving safepoint region
[2025-03-13T12:02:04.993+0530][178.592s] Total time for which application threads were stopped: 0.0000841 seconds, Stopping threads took: 0.0000122 seconds
[2025-03-13T12:02:05.993+0530][179.593s] Application time: 1.0001758 seconds
[2025-03-13T12:02:05.993+0530][179.593s] Entering safepoint region: Cleanup
[2025-03-13T12:02:05.993+0530][179.593s] Leaving safepoint region
[2025-03-13T12:02:05.993+0530][179.593s] Total time for which application threads were stopped: 0.0001014 seconds, Stopping threads took: 0.0000142 seconds
[2025-03-13T12:02:06.993+0530][180.593s] Application time: 1.0003353 seconds
[2025-03-13T12:02:06.993+0530][180.593s] Entering safepoint region: Cleanup
[2025-03-13T12:02:06.993+0530][180.593s] Leaving safepoint region
[2025-03-13T12:02:06.993+0530][180.593s] Total time for which application threads were stopped: 0.0000876 seconds, Stopping threads took: 0.0000126 seconds
[2025-03-13T12:02:07.994+0530][181.594s] Application time: 1.0003343 seconds
[2025-03-13T12:02:07.994+0530][181.594s] Entering safepoint region: Cleanup
[2025-03-13T12:02:07.994+0530][181.594s] Leaving safepoint region
[2025-03-13T12:02:07.994+0530][181.594s] Total time for which application threads were stopped: 0.0001096 seconds, Stopping threads took: 0.0000128 seconds
[2025-03-13T12:02:08.994+0530][182.594s] Application time: 1.0003410 seconds
[2025-03-13T12:02:08.994+0530][182.594s] Entering safepoint region: Cleanup
[2025-03-13T12:02:08.994+0530][182.594s] Leaving safepoint region
[2025-03-13T12:02:08.994+0530][182.594s] Total time for which application threads were stopped: 0.0000883 seconds, Stopping threads took: 0.0000124 seconds
[2025-03-13T12:02:09.995+0530][183.594s] Application time: 1.0003437 seconds
[2025-03-13T12:02:09.995+0530][183.594s] Entering safepoint region: Cleanup
[2025-03-13T12:02:09.995+0530][183.595s] Leaving safepoint region
[2025-03-13T12:02:09.995+0530][183.595s] Total time for which application threads were stopped: 0.0001183 seconds, Stopping threads took: 0.0000125 seconds
[2025-03-13T12:02:10.995+0530][184.595s] Application time: 1.0003397 seconds
[2025-03-13T12:02:10.995+0530][184.595s] Entering safepoint region: Cleanup
[2025-03-13T12:02:10.995+0530][184.595s] Leaving safepoint region
[2025-03-13T12:02:10.995+0530][184.595s] Total time for which application threads were stopped: 0.0000882 seconds, Stopping threads took: 0.0000126 seconds
[2025-03-13T12:02:11.995+0530][185.595s] Application time: 1.0001013 seconds
[2025-03-13T12:02:11.995+0530][185.595s] Entering safepoint region: Cleanup
[2025-03-13T12:02:11.996+0530][185.595s] Leaving safepoint region
[2025-03-13T12:02:11.996+0530][185.595s] Total time for which application threads were stopped: 0.0001950 seconds, Stopping threads took: 0.0000118 seconds
[2025-03-13T12:02:12.996+0530][186.596s] Application time: 1.0001016 seconds
[2025-03-13T12:02:12.996+0530][186.596s] Entering safepoint region: Cleanup
[2025-03-13T12:02:12.996+0530][186.596s] Leaving safepoint region
[2025-03-13T12:02:12.996+0530][186.596s] Total time for which application threads were stopped: 0.0001371 seconds, Stopping threads took: 0.0000126 seconds
[2025-03-13T12:02:13.996+0530][187.596s] Application time: 1.0000763 seconds
[2025-03-13T12:02:13.996+0530][187.596s] Entering safepoint region: Cleanup
[2025-03-13T12:02:13.996+0530][187.596s] Leaving safepoint region
[2025-03-13T12:02:13.996+0530][187.596s] Total time for which application threads were stopped: 0.0001166 seconds, Stopping threads took: 0.0000120 seconds
[2025-03-13T12:02:14.996+0530][188.596s] Application time: 1.0001074 seconds
[2025-03-13T12:02:14.996+0530][188.596s] Entering safepoint region: Cleanup
[2025-03-13T12:02:14.996+0530][188.596s] Leaving safepoint region
[2025-03-13T12:02:14.996+0530][188.596s] Total time for which application threads were stopped: 0.0000856 seconds, Stopping threads took: 0.0000128 seconds
[2025-03-13T12:02:15.996+0530][189.596s] Application time: 1.0000995 seconds
[2025-03-13T12:02:15.996+0530][189.596s] Entering safepoint region: Cleanup
[2025-03-13T12:02:15.997+0530][189.596s] Leaving safepoint region
[2025-03-13T12:02:15.997+0530][189.596s] Total time for which application threads were stopped: 0.0001161 seconds, Stopping threads took: 0.0000192 seconds
[2025-03-13T12:02:16.997+0530][190.597s] Application time: 1.0001790 seconds
[2025-03-13T12:02:16.997+0530][190.597s] Entering safepoint region: Cleanup
[2025-03-13T12:02:16.997+0530][190.597s] Leaving safepoint region
[2025-03-13T12:02:16.997+0530][190.597s] Total time for which application threads were stopped: 0.0002199 seconds, Stopping threads took: 0.0000141 seconds
[2025-03-13T12:02:17.997+0530][191.597s] Application time: 1.0003433 seconds
[2025-03-13T12:02:17.997+0530][191.597s] Entering safepoint region: Cleanup
[2025-03-13T12:02:17.998+0530][191.597s] Leaving safepoint region
[2025-03-13T12:02:17.998+0530][191.597s] Total time for which application threads were stopped: 0.0002049 seconds, Stopping threads took: 0.0000126 seconds
[2025-03-13T12:02:18.998+0530][192.598s] Application time: 1.0003267 seconds
[2025-03-13T12:02:18.998+0530][192.598s] Entering safepoint region: Cleanup
[2025-03-13T12:02:18.998+0530][192.598s] Leaving safepoint region
[2025-03-13T12:02:18.998+0530][192.598s] Total time for which application threads were stopped: 0.0002017 seconds, Stopping threads took: 0.0000127 seconds
[2025-03-13T12:02:19.998+0530][193.598s] Application time: 1.0002675 seconds
[2025-03-13T12:02:19.998+0530][193.598s] Entering safepoint region: Cleanup
[2025-03-13T12:02:19.999+0530][193.598s] Leaving safepoint region
[2025-03-13T12:02:19.999+0530][193.598s] Total time for which application threads were stopped: 0.0002085 seconds, Stopping threads took: 0.0000127 seconds
[2025-03-13T12:02:20.999+0530][194.599s] Application time: 1.0001017 seconds
[2025-03-13T12:02:20.999+0530][194.599s] Entering safepoint region: Cleanup
[2025-03-13T12:02:20.999+0530][194.599s] Leaving safepoint region
[2025-03-13T12:02:20.999+0530][194.599s] Total time for which application threads were stopped: 0.0000904 seconds, Stopping threads took: 0.0000216 seconds
[2025-03-13T12:02:21.999+0530][195.599s] Application time: 1.0003419 seconds
[2025-03-13T12:02:21.999+0530][195.599s] Entering safepoint region: Cleanup
[2025-03-13T12:02:21.999+0530][195.599s] Leaving safepoint region
[2025-03-13T12:02:21.999+0530][195.599s] Total time for which application threads were stopped: 0.0000921 seconds, Stopping threads took: 0.0000135 seconds
[2025-03-13T12:02:23.000+0530][196.600s] Application time: 1.0003391 seconds
[2025-03-13T12:02:23.000+0530][196.600s] Entering safepoint region: Cleanup
[2025-03-13T12:02:23.000+0530][196.600s] Leaving safepoint region
[2025-03-13T12:02:23.000+0530][196.600s] Total time for which application threads were stopped: 0.0001320 seconds, Stopping threads took: 0.0000344 seconds
[2025-03-13T12:02:24.000+0530][197.600s] Application time: 1.0001088 seconds
[2025-03-13T12:02:24.000+0530][197.600s] Entering safepoint region: Cleanup
[2025-03-13T12:02:24.000+0530][197.600s] Leaving safepoint region
[2025-03-13T12:02:24.000+0530][197.600s] Total time for which application threads were stopped: 0.0001225 seconds, Stopping threads took: 0.0000178 seconds
[2025-03-13T12:02:25.000+0530][198.600s] Application time: 1.0001101 seconds
[2025-03-13T12:02:25.000+0530][198.600s] Entering safepoint region: Cleanup
[2025-03-13T12:02:25.000+0530][198.600s] Leaving safepoint region
[2025-03-13T12:02:25.000+0530][198.600s] Total time for which application threads were stopped: 0.0001631 seconds, Stopping threads took: 0.0000161 seconds
[2025-03-13T12:02:26.001+0530][199.600s] Application time: 1.0001789 seconds
[2025-03-13T12:02:26.001+0530][199.600s] Entering safepoint region: Cleanup
[2025-03-13T12:02:26.001+0530][199.601s] Leaving safepoint region
[2025-03-13T12:02:26.001+0530][199.601s] Total time for which application threads were stopped: 0.0002072 seconds, Stopping threads took: 0.0000129 seconds
[2025-03-13T12:02:27.001+0530][200.601s] Application time: 1.0000687 seconds
[2025-03-13T12:02:27.001+0530][200.601s] Entering safepoint region: Cleanup
[2025-03-13T12:02:27.001+0530][200.601s] Leaving safepoint region
[2025-03-13T12:02:27.003+0530][200.603s] Total time for which application threads were stopped: 0.0021704 seconds, Stopping threads took: 0.0000122 seconds
[2025-03-13T12:02:28.004+0530][201.603s] Application time: 1.0003370 seconds
[2025-03-13T12:02:28.004+0530][201.603s] Entering safepoint region: Cleanup
[2025-03-13T12:02:28.004+0530][201.603s] Leaving safepoint region
[2025-03-13T12:02:28.004+0530][201.603s] Total time for which application threads were stopped: 0.0001048 seconds, Stopping threads took: 0.0000250 seconds
[2025-03-13T12:02:29.004+0530][202.604s] Application time: 1.0003405 seconds
[2025-03-13T12:02:29.004+0530][202.604s] Entering safepoint region: Cleanup
[2025-03-13T12:02:29.004+0530][202.604s] Leaving safepoint region
[2025-03-13T12:02:29.004+0530][202.604s] Total time for which application threads were stopped: 0.0000945 seconds, Stopping threads took: 0.0000127 seconds
[2025-03-13T12:02:30.004+0530][203.604s] Application time: 1.0003398 seconds
[2025-03-13T12:02:30.005+0530][203.604s] Entering safepoint region: Cleanup
[2025-03-13T12:02:30.005+0530][203.604s] Leaving safepoint region
[2025-03-13T12:02:30.005+0530][203.604s] Total time for which application threads were stopped: 0.0000875 seconds, Stopping threads took: 0.0000124 seconds
[2025-03-13T12:02:31.005+0530][204.604s] Application time: 1.0000766 seconds
[2025-03-13T12:02:31.005+0530][204.605s] Entering safepoint region: Cleanup
[2025-03-13T12:02:31.005+0530][204.605s] Leaving safepoint region
[2025-03-13T12:02:31.005+0530][204.605s] Total time for which application threads were stopped: 0.0001277 seconds, Stopping threads took: 0.0000162 seconds
[2025-03-13T12:02:32.005+0530][205.605s] Application time: 1.0000985 seconds
[2025-03-13T12:02:32.005+0530][205.605s] Entering safepoint region: Cleanup
[2025-03-13T12:02:32.005+0530][205.605s] Leaving safepoint region
[2025-03-13T12:02:32.005+0530][205.605s] Total time for which application threads were stopped: 0.0001924 seconds, Stopping threads took: 0.0000127 seconds
[2025-03-13T12:02:33.005+0530][206.605s] Application time: 1.0000662 seconds
[2025-03-13T12:02:33.005+0530][206.605s] Entering safepoint region: Cleanup
[2025-03-13T12:02:33.005+0530][206.605s] Leaving safepoint region
[2025-03-13T12:02:33.005+0530][206.605s] Total time for which application threads were stopped: 0.0001150 seconds, Stopping threads took: 0.0000182 seconds
[2025-03-13T12:02:34.006+0530][207.606s] Application time: 1.0003411 seconds
[2025-03-13T12:02:34.006+0530][207.606s] Entering safepoint region: Cleanup
[2025-03-13T12:02:34.006+0530][207.606s] Leaving safepoint region
[2025-03-13T12:02:34.006+0530][207.606s] Total time for which application threads were stopped: 0.0002292 seconds, Stopping threads took: 0.0000392 seconds
[2025-03-13T12:02:35.006+0530][208.606s] Application time: 1.0002510 seconds
[2025-03-13T12:02:35.006+0530][208.606s] Entering safepoint region: Cleanup
[2025-03-13T12:02:35.006+0530][208.606s] Leaving safepoint region
[2025-03-13T12:02:35.006+0530][208.606s] Total time for which application threads were stopped: 0.0002078 seconds, Stopping threads took: 0.0000139 seconds
[2025-03-13T12:02:36.007+0530][209.606s] Application time: 1.0000739 seconds
[2025-03-13T12:02:36.007+0530][209.606s] Entering safepoint region: Cleanup
[2025-03-13T12:02:36.007+0530][209.607s] Leaving safepoint region
[2025-03-13T12:02:36.007+0530][209.607s] Total time for which application threads were stopped: 0.0001175 seconds, Stopping threads took: 0.0000171 seconds
[2025-03-13T12:02:37.007+0530][210.607s] Application time: 1.0000700 seconds
[2025-03-13T12:02:37.007+0530][210.607s] Entering safepoint region: Cleanup
[2025-03-13T12:02:37.007+0530][210.607s] Leaving safepoint region
[2025-03-13T12:02:37.007+0530][210.607s] Total time for which application threads were stopped: 0.0001166 seconds, Stopping threads took: 0.0000204 seconds
[2025-03-13T12:02:38.007+0530][211.607s] Application time: 1.0003409 seconds
[2025-03-13T12:02:38.007+0530][211.607s] Entering safepoint region: Cleanup
[2025-03-13T12:02:38.007+0530][211.607s] Leaving safepoint region
[2025-03-13T12:02:38.007+0530][211.607s] Total time for which application threads were stopped: 0.0001071 seconds, Stopping threads took: 0.0000133 seconds
[2025-03-13T12:02:39.008+0530][212.607s] Application time: 1.0001769 seconds
[2025-03-13T12:02:39.008+0530][212.607s] Entering safepoint region: Cleanup
[2025-03-13T12:02:39.008+0530][212.608s] Leaving safepoint region
[2025-03-13T12:02:39.008+0530][212.608s] Total time for which application threads were stopped: 0.0001915 seconds, Stopping threads took: 0.0000252 seconds
[2025-03-13T12:02:40.008+0530][213.608s] Application time: 1.0003413 seconds
[2025-03-13T12:02:40.008+0530][213.608s] Entering safepoint region: Cleanup
[2025-03-13T12:02:40.008+0530][213.608s] Leaving safepoint region
[2025-03-13T12:02:40.008+0530][213.608s] Total time for which application threads were stopped: 0.0002120 seconds, Stopping threads took: 0.0000212 seconds
[2025-03-13T12:02:41.009+0530][214.609s] Application time: 1.0003582 seconds
[2025-03-13T12:02:41.009+0530][214.609s] Entering safepoint region: Cleanup
[2025-03-13T12:02:41.009+0530][214.609s] Leaving safepoint region
[2025-03-13T12:02:41.009+0530][214.609s] Total time for which application threads were stopped: 0.0002096 seconds, Stopping threads took: 0.0000139 seconds
[2025-03-13T12:02:42.009+0530][215.609s] Application time: 1.0000718 seconds
[2025-03-13T12:02:42.009+0530][215.609s] Entering safepoint region: Cleanup
[2025-03-13T12:02:42.009+0530][215.609s] Leaving safepoint region
[2025-03-13T12:02:42.009+0530][215.609s] Total time for which application threads were stopped: 0.0002044 seconds, Stopping threads took: 0.0000133 seconds
[2025-03-13T12:02:43.010+0530][216.610s] Application time: 1.0003442 seconds
[2025-03-13T12:02:43.010+0530][216.610s] Entering safepoint region: Cleanup
[2025-03-13T12:02:43.010+0530][216.610s] Leaving safepoint region
[2025-03-13T12:02:43.010+0530][216.610s] Total time for which application threads were stopped: 0.0002186 seconds, Stopping threads took: 0.0000134 seconds
[2025-03-13T12:02:44.010+0530][217.610s] Application time: 1.0000646 seconds
[2025-03-13T12:02:44.010+0530][217.610s] Entering safepoint region: Cleanup
[2025-03-13T12:02:44.010+0530][217.610s] Leaving safepoint region
[2025-03-13T12:02:44.010+0530][217.610s] Total time for which application threads were stopped: 0.0001903 seconds, Stopping threads took: 0.0000132 seconds
[2025-03-13T12:02:45.011+0530][218.610s] Application time: 1.0003604 seconds
[2025-03-13T12:02:45.011+0530][218.610s] Entering safepoint region: Cleanup
[2025-03-13T12:02:45.011+0530][218.611s] Leaving safepoint region
[2025-03-13T12:02:45.011+0530][218.611s] Total time for which application threads were stopped: 0.0001405 seconds, Stopping threads took: 0.0000138 seconds
[2025-03-13T12:02:46.011+0530][219.611s] Application time: 1.0002222 seconds
[2025-03-13T12:02:46.011+0530][219.611s] Entering safepoint region: Cleanup
[2025-03-13T12:02:46.011+0530][219.611s] Leaving safepoint region
[2025-03-13T12:02:46.011+0530][219.611s] Total time for which application threads were stopped: 0.0001914 seconds, Stopping threads took: 0.0000212 seconds
[2025-03-13T12:02:47.011+0530][220.611s] Application time: 1.0001874 seconds
[2025-03-13T12:02:47.011+0530][220.611s] Entering safepoint region: Cleanup
[2025-03-13T12:02:47.012+0530][220.611s] Leaving safepoint region
[2025-03-13T12:02:47.012+0530][220.611s] Total time for which application threads were stopped: 0.0002072 seconds, Stopping threads took: 0.0000135 seconds
[2025-03-13T12:02:48.012+0530][221.612s] Application time: 1.0001146 seconds
[2025-03-13T12:02:48.012+0530][221.612s] Entering safepoint region: Cleanup
[2025-03-13T12:02:48.012+0530][221.612s] Leaving safepoint region
[2025-03-13T12:02:48.012+0530][221.612s] Total time for which application threads were stopped: 0.0000798 seconds, Stopping threads took: 0.0000140 seconds
[2025-03-13T12:02:49.012+0530][222.612s] Application time: 1.0001438 seconds
[2025-03-13T12:02:49.012+0530][222.612s] Entering safepoint region: Cleanup
[2025-03-13T12:02:49.012+0530][222.612s] Leaving safepoint region
[2025-03-13T12:02:49.012+0530][222.612s] Total time for which application threads were stopped: 0.0000906 seconds, Stopping threads took: 0.0000135 seconds
[2025-03-13T12:02:50.013+0530][223.612s] Application time: 1.0003409 seconds
[2025-03-13T12:02:50.013+0530][223.612s] Entering safepoint region: Cleanup
[2025-03-13T12:02:50.013+0530][223.612s] Leaving safepoint region
[2025-03-13T12:02:50.013+0530][223.612s] Total time for which application threads were stopped: 0.0001104 seconds, Stopping threads took: 0.0000307 seconds
[2025-03-13T12:02:51.013+0530][224.613s] Application time: 1.0002897 seconds
[2025-03-13T12:02:51.013+0530][224.613s] Entering safepoint region: Cleanup
[2025-03-13T12:02:51.013+0530][224.613s] Leaving safepoint region
[2025-03-13T12:02:51.013+0530][224.613s] Total time for which application threads were stopped: 0.0000885 seconds, Stopping threads took: 0.0000135 seconds
[2025-03-13T12:02:52.013+0530][225.613s] Application time: 1.0002549 seconds
[2025-03-13T12:02:52.013+0530][225.613s] Entering safepoint region: Cleanup
[2025-03-13T12:02:52.013+0530][225.613s] Leaving safepoint region
[2025-03-13T12:02:52.014+0530][225.613s] Total time for which application threads were stopped: 0.0003062 seconds, Stopping threads took: 0.0000243 seconds
[2025-03-13T12:02:53.014+0530][226.614s] Application time: 1.0001042 seconds
[2025-03-13T12:02:53.014+0530][226.614s] Entering safepoint region: Cleanup
[2025-03-13T12:02:53.014+0530][226.614s] Leaving safepoint region
[2025-03-13T12:02:53.014+0530][226.614s] Total time for which application threads were stopped: 0.0001052 seconds, Stopping threads took: 0.0000224 seconds
[2025-03-13T12:02:54.014+0530][227.614s] Application time: 1.0000942 seconds
[2025-03-13T12:02:54.014+0530][227.614s] Entering safepoint region: Cleanup
[2025-03-13T12:02:54.014+0530][227.614s] Leaving safepoint region
[2025-03-13T12:02:54.014+0530][227.614s] Total time for which application threads were stopped: 0.0001201 seconds, Stopping threads took: 0.0000147 seconds
[2025-03-13T12:02:55.014+0530][228.614s] Application time: 1.0001823 seconds
[2025-03-13T12:02:55.014+0530][228.614s] Entering safepoint region: Cleanup
[2025-03-13T12:02:55.015+0530][228.614s] Leaving safepoint region
[2025-03-13T12:02:55.015+0530][228.614s] Total time for which application threads were stopped: 0.0002058 seconds, Stopping threads took: 0.0000144 seconds
[2025-03-13T12:02:56.015+0530][229.615s] Application time: 1.0001796 seconds
[2025-03-13T12:02:56.015+0530][229.615s] Entering safepoint region: Cleanup
[2025-03-13T12:02:56.015+0530][229.615s] Leaving safepoint region
[2025-03-13T12:02:56.015+0530][229.615s] Total time for which application threads were stopped: 0.0002067 seconds, Stopping threads took: 0.0000143 seconds
[2025-03-13T12:02:57.015+0530][230.615s] Application time: 1.0000932 seconds
[2025-03-13T12:02:57.015+0530][230.615s] Entering safepoint region: Cleanup
[2025-03-13T12:02:57.015+0530][230.615s] Leaving safepoint region
[2025-03-13T12:02:57.015+0530][230.615s] Total time for which application threads were stopped: 0.0001694 seconds, Stopping threads took: 0.0000960 seconds
[2025-03-13T12:02:58.016+0530][231.615s] Application time: 1.0001844 seconds
[2025-03-13T12:02:58.016+0530][231.615s] Entering safepoint region: Cleanup
[2025-03-13T12:02:58.016+0530][231.616s] Leaving safepoint region
[2025-03-13T12:02:58.016+0530][231.616s] Total time for which application threads were stopped: 0.0001827 seconds, Stopping threads took: 0.0000147 seconds
[2025-03-13T12:02:59.016+0530][232.616s] Application time: 1.0003409 seconds
[2025-03-13T12:02:59.016+0530][232.616s] Entering safepoint region: Cleanup
[2025-03-13T12:02:59.016+0530][232.616s] Leaving safepoint region
[2025-03-13T12:02:59.016+0530][232.616s] Total time for which application threads were stopped: 0.0002065 seconds, Stopping threads took: 0.0000142 seconds
[2025-03-13T12:03:00.017+0530][233.616s] Application time: 1.0003413 seconds
[2025-03-13T12:03:00.017+0530][233.617s] Entering safepoint region: Cleanup
[2025-03-13T12:03:00.017+0530][233.617s] Leaving safepoint region
[2025-03-13T12:03:00.017+0530][233.617s] Total time for which application threads were stopped: 0.0002349 seconds, Stopping threads took: 0.0000148 seconds
[2025-03-13T12:03:01.017+0530][234.617s] Application time: 1.0003414 seconds
[2025-03-13T12:03:01.017+0530][234.617s] Entering safepoint region: Cleanup
[2025-03-13T12:03:01.018+0530][234.617s] Leaving safepoint region
[2025-03-13T12:03:01.018+0530][234.617s] Total time for which application threads were stopped: 0.0002046 seconds, Stopping threads took: 0.0000149 seconds
[2025-03-13T12:03:02.018+0530][235.618s] Application time: 1.0002770 seconds
[2025-03-13T12:03:02.018+0530][235.618s] Entering safepoint region: Cleanup
[2025-03-13T12:03:02.018+0530][235.618s] Leaving safepoint region
[2025-03-13T12:03:02.018+0530][235.618s] Total time for which application threads were stopped: 0.0002037 seconds, Stopping threads took: 0.0000136 seconds
[2025-03-13T12:03:03.018+0530][236.618s] Application time: 1.0003390 seconds
[2025-03-13T12:03:03.018+0530][236.618s] Entering safepoint region: Cleanup
[2025-03-13T12:03:03.019+0530][236.618s] Leaving safepoint region
[2025-03-13T12:03:03.019+0530][236.618s] Total time for which application threads were stopped: 0.0002054 seconds, Stopping threads took: 0.0000136 seconds
[2025-03-13T12:03:04.019+0530][237.619s] Application time: 1.0000810 seconds
[2025-03-13T12:03:04.019+0530][237.619s] Entering safepoint region: Cleanup
[2025-03-13T12:03:04.019+0530][237.619s] Leaving safepoint region
[2025-03-13T12:03:04.019+0530][237.619s] Total time for which application threads were stopped: 0.0001529 seconds, Stopping threads took: 0.0000474 seconds
[2025-03-13T12:03:05.019+0530][238.619s] Application time: 1.0003238 seconds
[2025-03-13T12:03:05.019+0530][238.619s] Entering safepoint region: Cleanup
[2025-03-13T12:03:05.019+0530][238.619s] Leaving safepoint region
[2025-03-13T12:03:05.019+0530][238.619s] Total time for which application threads were stopped: 0.0001947 seconds, Stopping threads took: 0.0000135 seconds
[2025-03-13T12:03:06.020+0530][239.620s] Application time: 1.0003207 seconds
[2025-03-13T12:03:06.020+0530][239.620s] Entering safepoint region: Cleanup
[2025-03-13T12:03:06.020+0530][239.620s] Leaving safepoint region
[2025-03-13T12:03:06.020+0530][239.620s] Total time for which application threads were stopped: 0.0002021 seconds, Stopping threads took: 0.0000137 seconds
[2025-03-13T12:03:07.020+0530][240.620s] Application time: 1.0003374 seconds
[2025-03-13T12:03:07.020+0530][240.620s] Entering safepoint region: Cleanup
[2025-03-13T12:03:07.021+0530][240.620s] Leaving safepoint region
[2025-03-13T12:03:07.021+0530][240.620s] Total time for which application threads were stopped: 0.0002014 seconds, Stopping threads took: 0.0000134 seconds
[2025-03-13T12:03:08.021+0530][241.621s] Application time: 1.0003407 seconds
[2025-03-13T12:03:08.021+0530][241.621s] Entering safepoint region: Cleanup
[2025-03-13T12:03:08.021+0530][241.621s] Leaving safepoint region
[2025-03-13T12:03:08.021+0530][241.621s] Total time for which application threads were stopped: 0.0001781 seconds, Stopping threads took: 0.0000140 seconds
[2025-03-13T12:03:09.021+0530][242.621s] Application time: 1.0000700 seconds
[2025-03-13T12:03:09.021+0530][242.621s] Entering safepoint region: Cleanup
[2025-03-13T12:03:09.021+0530][242.621s] Leaving safepoint region
[2025-03-13T12:03:09.021+0530][242.621s] Total time for which application threads were stopped: 0.0001182 seconds, Stopping threads took: 0.0000191 seconds
[2025-03-13T12:03:10.022+0530][243.622s] Application time: 1.0002986 seconds
[2025-03-13T12:03:10.022+0530][243.622s] Entering safepoint region: Cleanup
[2025-03-13T12:03:10.022+0530][243.622s] Leaving safepoint region
[2025-03-13T12:03:10.022+0530][243.622s] Total time for which application threads were stopped: 0.0001835 seconds, Stopping threads took: 0.0000140 seconds
[2025-03-13T12:03:11.022+0530][244.622s] Application time: 1.0003338 seconds
[2025-03-13T12:03:11.022+0530][244.622s] Entering safepoint region: Cleanup
[2025-03-13T12:03:11.022+0530][244.622s] Leaving safepoint region
[2025-03-13T12:03:11.022+0530][244.622s] Total time for which application threads were stopped: 0.0002033 seconds, Stopping threads took: 0.0000132 seconds
[2025-03-13T12:03:12.023+0530][245.623s] Application time: 1.0003427 seconds
[2025-03-13T12:03:12.023+0530][245.623s] Entering safepoint region: Cleanup
[2025-03-13T12:03:12.023+0530][245.623s] Leaving safepoint region
[2025-03-13T12:03:12.023+0530][245.623s] Total time for which application threads were stopped: 0.0002078 seconds, Stopping threads took: 0.0000147 seconds
[2025-03-13T12:03:13.023+0530][246.623s] Application time: 1.0000734 seconds
[2025-03-13T12:03:13.023+0530][246.623s] Entering safepoint region: Cleanup
[2025-03-13T12:03:13.023+0530][246.623s] Leaving safepoint region
[2025-03-13T12:03:13.023+0530][246.623s] Total time for which application threads were stopped: 0.0001830 seconds, Stopping threads took: 0.0000254 seconds
[2025-03-13T12:03:14.024+0530][247.623s] Application time: 1.0001765 seconds
[2025-03-13T12:03:14.024+0530][247.623s] Entering safepoint region: Cleanup
[2025-03-13T12:03:14.024+0530][247.624s] Leaving safepoint region
[2025-03-13T12:03:14.024+0530][247.624s] Total time for which application threads were stopped: 0.0000994 seconds, Stopping threads took: 0.0000137 seconds
[2025-03-13T12:03:15.024+0530][248.624s] Application time: 1.0003425 seconds
[2025-03-13T12:03:15.024+0530][248.624s] Entering safepoint region: Cleanup
[2025-03-13T12:03:15.024+0530][248.624s] Leaving safepoint region
[2025-03-13T12:03:15.024+0530][248.624s] Total time for which application threads were stopped: 0.0002035 seconds, Stopping threads took: 0.0000139 seconds
[2025-03-13T12:03:16.025+0530][249.624s] Application time: 1.0003405 seconds
[2025-03-13T12:03:16.025+0530][249.624s] Entering safepoint region: Cleanup
[2025-03-13T12:03:16.025+0530][249.625s] Leaving safepoint region
[2025-03-13T12:03:16.025+0530][249.625s] Total time for which application threads were stopped: 0.0002193 seconds, Stopping threads took: 0.0000137 seconds
[2025-03-13T12:03:17.025+0530][250.625s] Application time: 1.0003435 seconds
[2025-03-13T12:03:17.025+0530][250.625s] Entering safepoint region: Cleanup
[2025-03-13T12:03:17.025+0530][250.625s] Leaving safepoint region
[2025-03-13T12:03:17.025+0530][250.625s] Total time for which application threads were stopped: 0.0002055 seconds, Stopping threads took: 0.0000139 seconds
[2025-03-13T12:03:18.026+0530][251.626s] Application time: 1.0003447 seconds
[2025-03-13T12:03:18.026+0530][251.626s] Entering safepoint region: Cleanup
[2025-03-13T12:03:18.026+0530][251.626s] Leaving safepoint region
[2025-03-13T12:03:18.026+0530][251.626s] Total time for which application threads were stopped: 0.0002051 seconds, Stopping threads took: 0.0000134 seconds
[2025-03-13T12:03:19.026+0530][252.626s] Application time: 1.0003407 seconds
[2025-03-13T12:03:19.026+0530][252.626s] Entering safepoint region: Cleanup
[2025-03-13T12:03:19.027+0530][252.626s] Leaving safepoint region
[2025-03-13T12:03:19.027+0530][252.626s] Total time for which application threads were stopped: 0.0001947 seconds, Stopping threads took: 0.0000138 seconds
[2025-03-13T12:03:20.027+0530][253.627s] Application time: 1.0003451 seconds
[2025-03-13T12:03:20.027+0530][253.627s] Entering safepoint region: Cleanup
[2025-03-13T12:03:20.027+0530][253.627s] Leaving safepoint region
[2025-03-13T12:03:20.027+0530][253.627s] Total time for which application threads were stopped: 0.0002046 seconds, Stopping threads took: 0.0000139 seconds
[2025-03-13T12:03:21.028+0530][254.627s] Application time: 1.0003416 seconds
[2025-03-13T12:03:21.028+0530][254.627s] Entering safepoint region: Cleanup
[2025-03-13T12:03:21.028+0530][254.628s] Leaving safepoint region
[2025-03-13T12:03:21.028+0530][254.628s] Total time for which application threads were stopped: 0.0002154 seconds, Stopping threads took: 0.0000139 seconds
[2025-03-13T12:03:22.028+0530][255.628s] Application time: 1.0003442 seconds
[2025-03-13T12:03:22.028+0530][255.628s] Entering safepoint region: Cleanup
[2025-03-13T12:03:22.028+0530][255.628s] Leaving safepoint region
[2025-03-13T12:03:22.028+0530][255.628s] Total time for which application threads were stopped: 0.0001409 seconds, Stopping threads took: 0.0000135 seconds
[2025-03-13T12:03:23.028+0530][256.628s] Application time: 1.0000675 seconds
[2025-03-13T12:03:23.028+0530][256.628s] Entering safepoint region: Cleanup
[2025-03-13T12:03:23.029+0530][256.628s] Leaving safepoint region
[2025-03-13T12:03:23.029+0530][256.628s] Total time for which application threads were stopped: 0.0002233 seconds, Stopping threads took: 0.0000246 seconds
[2025-03-13T12:03:24.029+0530][257.629s] Application time: 1.0000927 seconds
[2025-03-13T12:03:24.029+0530][257.629s] Entering safepoint region: Cleanup
[2025-03-13T12:03:24.029+0530][257.629s] Leaving safepoint region
[2025-03-13T12:03:24.029+0530][257.629s] Total time for which application threads were stopped: 0.0001338 seconds, Stopping threads took: 0.0000237 seconds
[2025-03-13T12:03:25.029+0530][258.629s] Application time: 1.0000787 seconds
[2025-03-13T12:03:25.029+0530][258.629s] Entering safepoint region: Cleanup
[2025-03-13T12:03:25.029+0530][258.629s] Leaving safepoint region
[2025-03-13T12:03:25.029+0530][258.629s] Total time for which application threads were stopped: 0.0001187 seconds, Stopping threads took: 0.0000164 seconds
[2025-03-13T12:03:26.030+0530][259.629s] Application time: 1.0003450 seconds
[2025-03-13T12:03:26.030+0530][259.629s] Entering safepoint region: Cleanup
[2025-03-13T12:03:26.030+0530][259.630s] Leaving safepoint region
[2025-03-13T12:03:26.030+0530][259.630s] Total time for which application threads were stopped: 0.0002329 seconds, Stopping threads took: 0.0000134 seconds
[2025-03-13T12:03:27.030+0530][260.630s] Application time: 1.0003415 seconds
[2025-03-13T12:03:27.030+0530][260.630s] Entering safepoint region: Cleanup
[2025-03-13T12:03:27.030+0530][260.630s] Leaving safepoint region
[2025-03-13T12:03:27.030+0530][260.630s] Total time for which application threads were stopped: 0.0002022 seconds, Stopping threads took: 0.0000132 seconds
[2025-03-13T12:03:28.031+0530][261.631s] Application time: 1.0003250 seconds
[2025-03-13T12:03:28.031+0530][261.631s] Entering safepoint region: Cleanup
[2025-03-13T12:03:28.031+0530][261.631s] Leaving safepoint region
[2025-03-13T12:03:28.031+0530][261.631s] Total time for which application threads were stopped: 0.0002201 seconds, Stopping threads took: 0.0000133 seconds
[2025-03-13T12:03:29.031+0530][262.631s] Application time: 1.0003409 seconds
[2025-03-13T12:03:29.031+0530][262.631s] Entering safepoint region: Cleanup
[2025-03-13T12:03:29.032+0530][262.631s] Leaving safepoint region
[2025-03-13T12:03:29.032+0530][262.631s] Total time for which application threads were stopped: 0.0002008 seconds, Stopping threads took: 0.0000136 seconds
[2025-03-13T12:03:30.032+0530][263.631s] Application time: 1.0000726 seconds
[2025-03-13T12:03:30.032+0530][263.631s] Entering safepoint region: Cleanup
[2025-03-13T12:03:30.032+0530][263.632s] Leaving safepoint region
[2025-03-13T12:03:30.032+0530][263.632s] Total time for which application threads were stopped: 0.0001382 seconds, Stopping threads took: 0.0000213 seconds
[2025-03-13T12:03:31.032+0530][264.632s] Application time: 1.0003353 seconds
[2025-03-13T12:03:31.032+0530][264.632s] Entering safepoint region: Cleanup
[2025-03-13T12:03:31.032+0530][264.632s] Leaving safepoint region
[2025-03-13T12:03:31.032+0530][264.632s] Total time for which application threads were stopped: 0.0002023 seconds, Stopping threads took: 0.0000136 seconds
[2025-03-13T12:03:32.033+0530][265.633s] Application time: 1.0003410 seconds
[2025-03-13T12:03:32.033+0530][265.633s] Entering safepoint region: Cleanup
[2025-03-13T12:03:32.033+0530][265.633s] Leaving safepoint region
[2025-03-13T12:03:32.033+0530][265.633s] Total time for which application threads were stopped: 0.0001336 seconds, Stopping threads took: 0.0000379 seconds
[2025-03-13T12:03:33.033+0530][266.633s] Application time: 1.0003413 seconds
[2025-03-13T12:03:33.033+0530][266.633s] Entering safepoint region: Cleanup
[2025-03-13T12:03:33.033+0530][266.633s] Leaving safepoint region
[2025-03-13T12:03:33.033+0530][266.633s] Total time for which application threads were stopped: 0.0001739 seconds, Stopping threads took: 0.0000136 seconds
[2025-03-13T12:03:34.034+0530][267.634s] Application time: 1.0003442 seconds
[2025-03-13T12:03:34.034+0530][267.634s] Entering safepoint region: Cleanup
[2025-03-13T12:03:34.034+0530][267.634s] Leaving safepoint region
[2025-03-13T12:03:34.034+0530][267.634s] Total time for which application threads were stopped: 0.0002047 seconds, Stopping threads took: 0.0000136 seconds
[2025-03-13T12:03:35.034+0530][268.634s] Application time: 1.0000709 seconds
[2025-03-13T12:03:35.034+0530][268.634s] Entering safepoint region: Cleanup
[2025-03-13T12:03:35.034+0530][268.634s] Leaving safepoint region
[2025-03-13T12:03:35.034+0530][268.634s] Total time for which application threads were stopped: 0.0001416 seconds, Stopping threads took: 0.0000389 seconds
[2025-03-13T12:03:36.035+0530][269.634s] Application time: 1.0003427 seconds
[2025-03-13T12:03:36.035+0530][269.634s] Entering safepoint region: Cleanup
[2025-03-13T12:03:36.035+0530][269.635s] Leaving safepoint region
[2025-03-13T12:03:36.035+0530][269.635s] Total time for which application threads were stopped: 0.0001442 seconds, Stopping threads took: 0.0000161 seconds
[2025-03-13T12:03:37.035+0530][270.635s] Application time: 1.0003299 seconds
[2025-03-13T12:03:37.035+0530][270.635s] Entering safepoint region: Cleanup
[2025-03-13T12:03:37.035+0530][270.635s] Leaving safepoint region
[2025-03-13T12:03:37.035+0530][270.635s] Total time for which application threads were stopped: 0.0002225 seconds, Stopping threads took: 0.0000134 seconds
[2025-03-13T12:03:38.036+0530][271.635s] Application time: 1.0001822 seconds
[2025-03-13T12:03:38.036+0530][271.635s] Entering safepoint region: Cleanup
[2025-03-13T12:03:38.036+0530][271.636s] Leaving safepoint region
[2025-03-13T12:03:38.036+0530][271.636s] Total time for which application threads were stopped: 0.0001853 seconds, Stopping threads took: 0.0000139 seconds
[2025-03-13T12:03:39.036+0530][272.636s] Application time: 1.0000701 seconds
[2025-03-13T12:03:39.036+0530][272.636s] Entering safepoint region: Cleanup
[2025-03-13T12:03:39.036+0530][272.636s] Leaving safepoint region
[2025-03-13T12:03:39.036+0530][272.636s] Total time for which application threads were stopped: 0.0001179 seconds, Stopping threads took: 0.0000136 seconds
[2025-03-13T12:03:40.036+0530][273.636s] Application time: 1.0000965 seconds
[2025-03-13T12:03:40.036+0530][273.636s] Entering safepoint region: Cleanup
[2025-03-13T12:03:40.036+0530][273.636s] Leaving safepoint region
[2025-03-13T12:03:40.036+0530][273.636s] Total time for which application threads were stopped: 0.0001312 seconds, Stopping threads took: 0.0000131 seconds
[2025-03-13T12:03:41.036+0530][274.636s] Application time: 1.0001771 seconds
[2025-03-13T12:03:41.037+0530][274.636s] Entering safepoint region: Cleanup
[2025-03-13T12:03:41.037+0530][274.636s] Leaving safepoint region
[2025-03-13T12:03:41.037+0530][274.637s] Total time for which application threads were stopped: 0.0002017 seconds, Stopping threads took: 0.0000137 seconds
[2025-03-13T12:03:42.037+0530][275.637s] Application time: 1.0003398 seconds
[2025-03-13T12:03:42.037+0530][275.637s] Entering safepoint region: Cleanup
[2025-03-13T12:03:42.037+0530][275.637s] Leaving safepoint region
[2025-03-13T12:03:42.037+0530][275.637s] Total time for which application threads were stopped: 0.0002095 seconds, Stopping threads took: 0.0000137 seconds
[2025-03-13T12:03:43.038+0530][276.637s] Application time: 1.0003415 seconds
[2025-03-13T12:03:43.038+0530][276.637s] Entering safepoint region: Cleanup
[2025-03-13T12:03:43.038+0530][276.638s] Leaving safepoint region
[2025-03-13T12:03:43.038+0530][276.638s] Total time for which application threads were stopped: 0.0001629 seconds, Stopping threads took: 0.0000138 seconds
[2025-03-13T12:03:44.038+0530][277.638s] Application time: 1.0003443 seconds
[2025-03-13T12:03:44.038+0530][277.638s] Entering safepoint region: Cleanup
[2025-03-13T12:03:44.038+0530][277.638s] Leaving safepoint region
[2025-03-13T12:03:44.038+0530][277.638s] Total time for which application threads were stopped: 0.0002037 seconds, Stopping threads took: 0.0000137 seconds
[2025-03-13T12:03:45.039+0530][278.638s] Application time: 1.0001738 seconds
[2025-03-13T12:03:45.039+0530][278.638s] Entering safepoint region: Cleanup
[2025-03-13T12:03:45.039+0530][278.639s] Leaving safepoint region
[2025-03-13T12:03:45.039+0530][278.639s] Total time for which application threads were stopped: 0.0000985 seconds, Stopping threads took: 0.0000132 seconds
[2025-03-13T12:03:46.039+0530][279.639s] Application time: 1.0002530 seconds
[2025-03-13T12:03:46.039+0530][279.639s] Entering safepoint region: Cleanup
[2025-03-13T12:03:46.039+0530][279.639s] Leaving safepoint region
[2025-03-13T12:03:46.039+0530][279.639s] Total time for which application threads were stopped: 0.0002061 seconds, Stopping threads took: 0.0000133 seconds
[2025-03-13T12:03:47.039+0530][280.639s] Application time: 1.0001743 seconds
[2025-03-13T12:03:47.039+0530][280.639s] Entering safepoint region: Cleanup
[2025-03-13T12:03:47.040+0530][280.639s] Leaving safepoint region
[2025-03-13T12:03:47.040+0530][280.639s] Total time for which application threads were stopped: 0.0002027 seconds, Stopping threads took: 0.0000138 seconds
[2025-03-13T12:03:48.040+0530][281.640s] Application time: 1.0003420 seconds
[2025-03-13T12:03:48.040+0530][281.640s] Entering safepoint region: Cleanup
[2025-03-13T12:03:48.040+0530][281.640s] Leaving safepoint region
[2025-03-13T12:03:48.040+0530][281.640s] Total time for which application threads were stopped: 0.0002033 seconds, Stopping threads took: 0.0000137 seconds
[2025-03-13T12:03:49.041+0530][282.640s] Application time: 1.0003416 seconds
[2025-03-13T12:03:49.041+0530][282.640s] Entering safepoint region: Cleanup
[2025-03-13T12:03:49.041+0530][282.641s] Leaving safepoint region
[2025-03-13T12:03:49.041+0530][282.641s] Total time for which application threads were stopped: 0.0001411 seconds, Stopping threads took: 0.0000133 seconds
[2025-03-13T12:03:50.041+0530][283.641s] Application time: 1.0003331 seconds
[2025-03-13T12:03:50.041+0530][283.641s] Entering safepoint region: Cleanup
[2025-03-13T12:03:50.041+0530][283.641s] Leaving safepoint region
[2025-03-13T12:03:50.041+0530][283.641s] Total time for which application threads were stopped: 0.0002144 seconds, Stopping threads took: 0.0000211 seconds
[2025-03-13T12:03:51.042+0530][284.641s] Application time: 1.0003450 seconds
[2025-03-13T12:03:51.042+0530][284.642s] Entering safepoint region: Cleanup
[2025-03-13T12:03:51.042+0530][284.642s] Leaving safepoint region
[2025-03-13T12:03:51.042+0530][284.642s] Total time for which application threads were stopped: 0.0002174 seconds, Stopping threads took: 0.0000135 seconds
[2025-03-13T12:03:52.042+0530][285.642s] Application time: 1.0003080 seconds
[2025-03-13T12:03:52.042+0530][285.642s] Entering safepoint region: Cleanup
[2025-03-13T12:03:52.042+0530][285.642s] Leaving safepoint region
[2025-03-13T12:03:52.042+0530][285.642s] Total time for which application threads were stopped: 0.0002027 seconds, Stopping threads took: 0.0000133 seconds
[2025-03-13T12:03:53.043+0530][286.643s] Application time: 1.0003447 seconds
[2025-03-13T12:03:53.043+0530][286.643s] Entering safepoint region: Cleanup
[2025-03-13T12:03:53.043+0530][286.643s] Leaving safepoint region
[2025-03-13T12:03:53.043+0530][286.643s] Total time for which application threads were stopped: 0.0002041 seconds, Stopping threads took: 0.0000139 seconds
[2025-03-13T12:03:54.043+0530][287.643s] Application time: 1.0003410 seconds
[2025-03-13T12:03:54.043+0530][287.643s] Entering safepoint region: Cleanup
[2025-03-13T12:03:54.044+0530][287.643s] Leaving safepoint region
[2025-03-13T12:03:54.044+0530][287.643s] Total time for which application threads were stopped: 0.0002233 seconds, Stopping threads took: 0.0000236 seconds
[2025-03-13T12:03:55.044+0530][288.644s] Application time: 1.0003443 seconds
[2025-03-13T12:03:55.044+0530][288.644s] Entering safepoint region: Cleanup
[2025-03-13T12:03:55.044+0530][288.644s] Leaving safepoint region
[2025-03-13T12:03:55.044+0530][288.644s] Total time for which application threads were stopped: 0.0002055 seconds, Stopping threads took: 0.0000141 seconds
[2025-03-13T12:03:56.044+0530][289.644s] Application time: 1.0001795 seconds
[2025-03-13T12:03:56.044+0530][289.644s] Entering safepoint region: Cleanup
[2025-03-13T12:03:56.045+0530][289.644s] Leaving safepoint region
[2025-03-13T12:03:56.045+0530][289.644s] Total time for which application threads were stopped: 0.0001696 seconds, Stopping threads took: 0.0000209 seconds
[2025-03-13T12:03:57.045+0530][290.645s] Application time: 1.0003043 seconds
[2025-03-13T12:03:57.045+0530][290.645s] Entering safepoint region: Cleanup
[2025-03-13T12:03:57.045+0530][290.645s] Leaving safepoint region
[2025-03-13T12:03:57.045+0530][290.645s] Total time for which application threads were stopped: 0.0002050 seconds, Stopping threads took: 0.0000137 seconds
[2025-03-13T12:03:58.046+0530][291.645s] Application time: 1.0003358 seconds
[2025-03-13T12:03:58.046+0530][291.645s] Entering safepoint region: Cleanup
[2025-03-13T12:03:58.046+0530][291.646s] Leaving safepoint region
[2025-03-13T12:03:58.046+0530][291.646s] Total time for which application threads were stopped: 0.0002044 seconds, Stopping threads took: 0.0000136 seconds
[2025-03-13T12:03:59.046+0530][292.646s] Application time: 1.0003250 seconds
[2025-03-13T12:03:59.046+0530][292.646s] Entering safepoint region: Cleanup
[2025-03-13T12:03:59.046+0530][292.646s] Leaving safepoint region
[2025-03-13T12:03:59.046+0530][292.646s] Total time for which application threads were stopped: 0.0001994 seconds, Stopping threads took: 0.0000133 seconds
[2025-03-13T12:04:00.047+0530][293.646s] Application time: 1.0003186 seconds
[2025-03-13T12:04:00.047+0530][293.646s] Entering safepoint region: Cleanup
[2025-03-13T12:04:00.047+0530][293.647s] Leaving safepoint region
[2025-03-13T12:04:00.047+0530][293.647s] Total time for which application threads were stopped: 0.0001667 seconds, Stopping threads took: 0.0000140 seconds
[2025-03-13T12:04:01.047+0530][294.647s] Application time: 1.0000667 seconds
[2025-03-13T12:04:01.047+0530][294.647s] Entering safepoint region: Cleanup
[2025-03-13T12:04:01.047+0530][294.647s] Leaving safepoint region
[2025-03-13T12:04:01.047+0530][294.647s] Total time for which application threads were stopped: 0.0001362 seconds, Stopping threads took: 0.0000135 seconds
[2025-03-13T12:04:02.047+0530][295.647s] Application time: 1.0003403 seconds
[2025-03-13T12:04:02.047+0530][295.647s] Entering safepoint region: Cleanup
[2025-03-13T12:04:02.048+0530][295.647s] Leaving safepoint region
[2025-03-13T12:04:02.048+0530][295.647s] Total time for which application threads were stopped: 0.0002036 seconds, Stopping threads took: 0.0000136 seconds
[2025-03-13T12:04:03.048+0530][296.648s] Application time: 1.0002780 seconds
[2025-03-13T12:04:03.048+0530][296.648s] Entering safepoint region: Cleanup
[2025-03-13T12:04:03.048+0530][296.648s] Leaving safepoint region
[2025-03-13T12:04:03.048+0530][296.648s] Total time for which application threads were stopped: 0.0002006 seconds, Stopping threads took: 0.0000140 seconds
[2025-03-13T12:04:04.049+0530][297.648s] Application time: 1.0003431 seconds
[2025-03-13T12:04:04.049+0530][297.648s] Entering safepoint region: Cleanup
[2025-03-13T12:04:04.049+0530][297.649s] Leaving safepoint region
[2025-03-13T12:04:04.049+0530][297.649s] Total time for which application threads were stopped: 0.0002042 seconds, Stopping threads took: 0.0000135 seconds
[2025-03-13T12:04:05.049+0530][298.649s] Application time: 1.0002608 seconds
[2025-03-13T12:04:05.049+0530][298.649s] Entering safepoint region: Cleanup
[2025-03-13T12:04:05.049+0530][298.649s] Leaving safepoint region
[2025-03-13T12:04:05.049+0530][298.649s] Total time for which application threads were stopped: 0.0002029 seconds, Stopping threads took: 0.0000136 seconds
[2025-03-13T12:04:06.049+0530][299.649s] Application time: 1.0000658 seconds
[2025-03-13T12:04:06.049+0530][299.649s] Entering safepoint region: Cleanup
[2025-03-13T12:04:06.049+0530][299.649s] Leaving safepoint region
[2025-03-13T12:04:06.049+0530][299.649s] Total time for which application threads were stopped: 0.0001059 seconds, Stopping threads took: 0.0000215 seconds
[2025-03-13T12:04:07.050+0530][300.650s] Application time: 1.0002699 seconds
[2025-03-13T12:04:07.050+0530][300.650s] Entering safepoint region: Cleanup
[2025-03-13T12:04:07.050+0530][300.650s] Leaving safepoint region
[2025-03-13T12:04:07.050+0530][300.650s] Total time for which application threads were stopped: 0.0000923 seconds, Stopping threads took: 0.0000163 seconds
[2025-03-13T12:04:08.050+0530][301.650s] Application time: 1.0003423 seconds
[2025-03-13T12:04:08.050+0530][301.650s] Entering safepoint region: Cleanup
[2025-03-13T12:04:08.050+0530][301.650s] Leaving safepoint region
[2025-03-13T12:04:08.050+0530][301.650s] Total time for which application threads were stopped: 0.0001096 seconds, Stopping threads took: 0.0000132 seconds
[2025-03-13T12:04:09.051+0530][302.651s] Application time: 1.0003408 seconds
[2025-03-13T12:04:09.051+0530][302.651s] Entering safepoint region: Cleanup
[2025-03-13T12:04:09.051+0530][302.651s] Leaving safepoint region
[2025-03-13T12:04:09.051+0530][302.651s] Total time for which application threads were stopped: 0.0001115 seconds, Stopping threads took: 0.0000134 seconds
[2025-03-13T12:04:10.051+0530][303.651s] Application time: 1.0003418 seconds
[2025-03-13T12:04:10.051+0530][303.651s] Entering safepoint region: Cleanup
[2025-03-13T12:04:10.051+0530][303.651s] Leaving safepoint region
[2025-03-13T12:04:10.051+0530][303.651s] Total time for which application threads were stopped: 0.0000893 seconds, Stopping threads took: 0.0000135 seconds
[2025-03-13T12:04:11.052+0530][304.651s] Application time: 1.0001714 seconds
[2025-03-13T12:04:11.052+0530][304.651s] Entering safepoint region: Cleanup
[2025-03-13T12:04:11.052+0530][304.651s] Leaving safepoint region
[2025-03-13T12:04:11.052+0530][304.651s] Total time for which application threads were stopped: 0.0000894 seconds, Stopping threads took: 0.0000136 seconds
[2025-03-13T12:04:12.052+0530][305.652s] Application time: 1.0003408 seconds
[2025-03-13T12:04:12.052+0530][305.652s] Entering safepoint region: Cleanup
[2025-03-13T12:04:12.052+0530][305.652s] Leaving safepoint region
[2025-03-13T12:04:12.052+0530][305.652s] Total time for which application threads were stopped: 0.0000901 seconds, Stopping threads took: 0.0000135 seconds
[2025-03-13T12:04:13.052+0530][306.652s] Application time: 1.0003456 seconds
[2025-03-13T12:04:13.052+0530][306.652s] Entering safepoint region: Cleanup
[2025-03-13T12:04:13.053+0530][306.652s] Leaving safepoint region
[2025-03-13T12:04:13.053+0530][306.652s] Total time for which application threads were stopped: 0.0000856 seconds, Stopping threads took: 0.0000139 seconds
[2025-03-13T12:04:14.053+0530][307.653s] Application time: 1.0001802 seconds
[2025-03-13T12:04:14.053+0530][307.653s] Entering safepoint region: Cleanup
[2025-03-13T12:04:14.053+0530][307.653s] Leaving safepoint region
[2025-03-13T12:04:14.053+0530][307.653s] Total time for which application threads were stopped: 0.0001325 seconds, Stopping threads took: 0.0000309 seconds
[2025-03-13T12:04:15.053+0530][308.653s] Application time: 1.0003378 seconds
[2025-03-13T12:04:15.053+0530][308.653s] Entering safepoint region: Cleanup
[2025-03-13T12:04:15.053+0530][308.653s] Leaving safepoint region
[2025-03-13T12:04:15.053+0530][308.653s] Total time for which application threads were stopped: 0.0000910 seconds, Stopping threads took: 0.0000139 seconds
[2025-03-13T12:04:16.054+0530][309.654s] Application time: 1.0003455 seconds
[2025-03-13T12:04:16.054+0530][309.654s] Entering safepoint region: Cleanup
[2025-03-13T12:04:16.054+0530][309.654s] Leaving safepoint region
[2025-03-13T12:04:16.054+0530][309.654s] Total time for which application threads were stopped: 0.0001066 seconds, Stopping threads took: 0.0000138 seconds
[2025-03-13T12:04:17.054+0530][310.654s] Application time: 1.0003368 seconds
[2025-03-13T12:04:17.054+0530][310.654s] Entering safepoint region: Cleanup
[2025-03-13T12:04:17.054+0530][310.654s] Leaving safepoint region
[2025-03-13T12:04:17.054+0530][310.654s] Total time for which application threads were stopped: 0.0001363 seconds, Stopping threads took: 0.0000174 seconds
[2025-03-13T12:04:18.055+0530][311.655s] Application time: 1.0003465 seconds
[2025-03-13T12:04:18.055+0530][311.655s] Entering safepoint region: Cleanup
[2025-03-13T12:04:18.055+0530][311.655s] Leaving safepoint region
[2025-03-13T12:04:18.055+0530][311.655s] Total time for which application threads were stopped: 0.0002041 seconds, Stopping threads took: 0.0000156 seconds
[2025-03-13T12:04:19.055+0530][312.655s] Application time: 1.0003380 seconds
[2025-03-13T12:04:19.055+0530][312.655s] Entering safepoint region: Cleanup
[2025-03-13T12:04:19.056+0530][312.655s] Leaving safepoint region
[2025-03-13T12:04:19.056+0530][312.655s] Total time for which application threads were stopped: 0.0002032 seconds, Stopping threads took: 0.0000133 seconds
[2025-03-13T12:04:20.056+0530][313.655s] Application time: 1.0000769 seconds
[2025-03-13T12:04:20.056+0530][313.656s] Entering safepoint region: Cleanup
[2025-03-13T12:04:20.056+0530][313.656s] Leaving safepoint region
[2025-03-13T12:04:20.056+0530][313.656s] Total time for which application threads were stopped: 0.0001351 seconds, Stopping threads took: 0.0000176 seconds
[2025-03-13T12:04:21.056+0530][314.656s] Application time: 1.0000667 seconds
[2025-03-13T12:04:21.056+0530][314.656s] Entering safepoint region: Cleanup
[2025-03-13T12:04:21.056+0530][314.656s] Leaving safepoint region
[2025-03-13T12:04:21.056+0530][314.656s] Total time for which application threads were stopped: 0.0002014 seconds, Stopping threads took: 0.0000134 seconds
[2025-03-13T12:04:22.056+0530][315.656s] Application time: 1.0000774 seconds
[2025-03-13T12:04:22.056+0530][315.656s] Entering safepoint region: Cleanup
[2025-03-13T12:04:22.056+0530][315.656s] Leaving safepoint region
[2025-03-13T12:04:22.056+0530][315.656s] Total time for which application threads were stopped: 0.0001179 seconds, Stopping threads took: 0.0000173 seconds
[2025-03-13T12:04:23.056+0530][316.656s] Application time: 1.0000766 seconds
[2025-03-13T12:04:23.057+0530][316.656s] Entering safepoint region: Cleanup
[2025-03-13T12:04:23.057+0530][316.656s] Leaving safepoint region
[2025-03-13T12:04:23.057+0530][316.656s] Total time for which application threads were stopped: 0.0001256 seconds, Stopping threads took: 0.0000178 seconds
[2025-03-13T12:04:24.057+0530][317.657s] Application time: 1.0002736 seconds
[2025-03-13T12:04:24.057+0530][317.657s] Entering safepoint region: Cleanup
[2025-03-13T12:04:24.057+0530][317.657s] Leaving safepoint region
[2025-03-13T12:04:24.057+0530][317.657s] Total time for which application threads were stopped: 0.0001996 seconds, Stopping threads took: 0.0000244 seconds
[2025-03-13T12:04:25.057+0530][318.657s] Application time: 1.0003163 seconds
[2025-03-13T12:04:25.057+0530][318.657s] Entering safepoint region: Cleanup
[2025-03-13T12:04:25.058+0530][318.657s] Leaving safepoint region
[2025-03-13T12:04:25.058+0530][318.657s] Total time for which application threads were stopped: 0.0002039 seconds, Stopping threads took: 0.0000139 seconds
[2025-03-13T12:04:26.058+0530][319.658s] Application time: 1.0003400 seconds
[2025-03-13T12:04:26.058+0530][319.658s] Entering safepoint region: Cleanup
[2025-03-13T12:04:26.058+0530][319.658s] Leaving safepoint region
[2025-03-13T12:04:26.058+0530][319.658s] Total time for which application threads were stopped: 0.0002023 seconds, Stopping threads took: 0.0000135 seconds
[2025-03-13T12:04:27.058+0530][320.658s] Application time: 1.0001759 seconds
[2025-03-13T12:04:27.058+0530][320.658s] Entering safepoint region: Cleanup
[2025-03-13T12:04:27.059+0530][320.658s] Leaving safepoint region
[2025-03-13T12:04:27.059+0530][320.658s] Total time for which application threads were stopped: 0.0001149 seconds, Stopping threads took: 0.0000204 seconds
[2025-03-13T12:04:28.059+0530][321.659s] Application time: 1.0003195 seconds
[2025-03-13T12:04:28.059+0530][321.659s] Entering safepoint region: Cleanup
[2025-03-13T12:04:28.059+0530][321.659s] Leaving safepoint region
[2025-03-13T12:04:28.059+0530][321.659s] Total time for which application threads were stopped: 0.0002181 seconds, Stopping threads took: 0.0000137 seconds
[2025-03-13T12:04:29.059+0530][322.659s] Application time: 1.0001057 seconds
[2025-03-13T12:04:29.059+0530][322.659s] Entering safepoint region: Cleanup
[2025-03-13T12:04:29.059+0530][322.659s] Leaving safepoint region
[2025-03-13T12:04:29.059+0530][322.659s] Total time for which application threads were stopped: 0.0000863 seconds, Stopping threads took: 0.0000142 seconds
[2025-03-13T12:04:30.060+0530][323.660s] Application time: 1.0003411 seconds
[2025-03-13T12:04:30.060+0530][323.660s] Entering safepoint region: Cleanup
[2025-03-13T12:04:30.060+0530][323.660s] Leaving safepoint region
[2025-03-13T12:04:30.060+0530][323.660s] Total time for which application threads were stopped: 0.0001104 seconds, Stopping threads took: 0.0000318 seconds
[2025-03-13T12:04:31.060+0530][324.660s] Application time: 1.0003417 seconds
[2025-03-13T12:04:31.060+0530][324.660s] Entering safepoint region: Cleanup
[2025-03-13T12:04:31.060+0530][324.660s] Leaving safepoint region
[2025-03-13T12:04:31.060+0530][324.660s] Total time for which application threads were stopped: 0.0000914 seconds, Stopping threads took: 0.0000138 seconds
[2025-03-13T12:04:32.061+0530][325.660s] Application time: 1.0003398 seconds
[2025-03-13T12:04:32.061+0530][325.661s] Entering safepoint region: Cleanup
[2025-03-13T12:04:32.061+0530][325.661s] Leaving safepoint region
[2025-03-13T12:04:32.061+0530][325.661s] Total time for which application threads were stopped: 0.0001105 seconds, Stopping threads took: 0.0000145 seconds
[2025-03-13T12:04:33.061+0530][326.661s] Application time: 1.0003406 seconds
[2025-03-13T12:04:33.061+0530][326.661s] Entering safepoint region: Cleanup
[2025-03-13T12:04:33.061+0530][326.661s] Leaving safepoint region
[2025-03-13T12:04:33.061+0530][326.661s] Total time for which application threads were stopped: 0.0000917 seconds, Stopping threads took: 0.0000142 seconds
[2025-03-13T12:04:34.062+0530][327.661s] Application time: 1.0003406 seconds
[2025-03-13T12:04:34.062+0530][327.661s] Entering safepoint region: Cleanup
[2025-03-13T12:04:34.062+0530][327.662s] Leaving safepoint region
[2025-03-13T12:04:34.062+0530][327.662s] Total time for which application threads were stopped: 0.0001066 seconds, Stopping threads took: 0.0000143 seconds
[2025-03-13T12:04:35.062+0530][328.662s] Application time: 1.0003416 seconds
[2025-03-13T12:04:35.062+0530][328.662s] Entering safepoint region: Cleanup
[2025-03-13T12:04:35.062+0530][328.662s] Leaving safepoint region
[2025-03-13T12:04:35.062+0530][328.662s] Total time for which application threads were stopped: 0.0001087 seconds, Stopping threads took: 0.0000144 seconds
[2025-03-13T12:04:36.062+0530][329.662s] Application time: 1.0000704 seconds
[2025-03-13T12:04:36.062+0530][329.662s] Entering safepoint region: Cleanup
[2025-03-13T12:04:36.062+0530][329.662s] Leaving safepoint region
[2025-03-13T12:04:36.062+0530][329.662s] Total time for which application threads were stopped: 0.0001034 seconds, Stopping threads took: 0.0000143 seconds
[2025-03-13T12:04:37.063+0530][330.663s] Application time: 1.0003358 seconds
[2025-03-13T12:04:37.063+0530][330.663s] Entering safepoint region: Cleanup
[2025-03-13T12:04:37.063+0530][330.663s] Leaving safepoint region
[2025-03-13T12:04:37.063+0530][330.663s] Total time for which application threads were stopped: 0.0000930 seconds, Stopping threads took: 0.0000143 seconds
[2025-03-13T12:04:38.063+0530][331.663s] Application time: 1.0000913 seconds
[2025-03-13T12:04:38.063+0530][331.663s] Entering safepoint region: Cleanup
[2025-03-13T12:04:38.063+0530][331.663s] Leaving safepoint region
[2025-03-13T12:04:38.063+0530][331.663s] Total time for which application threads were stopped: 0.0001320 seconds, Stopping threads took: 0.0000139 seconds
[2025-03-13T12:04:39.063+0530][332.663s] Application time: 1.0000953 seconds
[2025-03-13T12:04:39.063+0530][332.663s] Entering safepoint region: Cleanup
[2025-03-13T12:04:39.063+0530][332.663s] Leaving safepoint region
[2025-03-13T12:04:39.063+0530][332.663s] Total time for which application threads were stopped: 0.0001286 seconds, Stopping threads took: 0.0000143 seconds
[2025-03-13T12:04:40.064+0530][333.663s] Application time: 1.0001000 seconds
[2025-03-13T12:04:40.064+0530][333.663s] Entering safepoint region: Cleanup
[2025-03-13T12:04:40.064+0530][333.664s] Leaving safepoint region
[2025-03-13T12:04:40.064+0530][333.664s] Total time for which application threads were stopped: 0.0001178 seconds, Stopping threads took: 0.0000136 seconds
[2025-03-13T12:04:41.064+0530][334.664s] Application time: 1.0000957 seconds
[2025-03-13T12:04:41.064+0530][334.664s] Entering safepoint region: Cleanup
[2025-03-13T12:04:41.064+0530][334.664s] Leaving safepoint region
[2025-03-13T12:04:41.064+0530][334.664s] Total time for which application threads were stopped: 0.0001152 seconds, Stopping threads took: 0.0000140 seconds
[2025-03-13T12:04:42.064+0530][335.664s] Application time: 1.0000949 seconds
[2025-03-13T12:04:42.064+0530][335.664s] Entering safepoint region: Cleanup
[2025-03-13T12:04:42.064+0530][335.664s] Leaving safepoint region
[2025-03-13T12:04:42.064+0530][335.664s] Total time for which application threads were stopped: 0.0001170 seconds, Stopping threads took: 0.0000136 seconds
[2025-03-13T12:04:43.064+0530][336.664s] Application time: 1.0000988 seconds
[2025-03-13T12:04:43.064+0530][336.664s] Entering safepoint region: Cleanup
[2025-03-13T12:04:43.064+0530][336.664s] Leaving safepoint region
[2025-03-13T12:04:43.064+0530][336.664s] Total time for which application threads were stopped: 0.0000781 seconds, Stopping threads took: 0.0000135 seconds
[2025-03-13T12:04:44.065+0530][337.665s] Application time: 1.0003470 seconds
[2025-03-13T12:04:44.065+0530][337.665s] Entering safepoint region: Cleanup
[2025-03-13T12:04:44.065+0530][337.665s] Leaving safepoint region
[2025-03-13T12:04:44.065+0530][337.665s] Total time for which application threads were stopped: 0.0001460 seconds, Stopping threads took: 0.0000219 seconds
[2025-03-13T12:04:45.065+0530][338.665s] Application time: 1.0003428 seconds
[2025-03-13T12:04:45.065+0530][338.665s] Entering safepoint region: Cleanup
[2025-03-13T12:04:45.066+0530][338.665s] Leaving safepoint region
[2025-03-13T12:04:45.066+0530][338.665s] Total time for which application threads were stopped: 0.0002058 seconds, Stopping threads took: 0.0000143 seconds
[2025-03-13T12:04:46.066+0530][339.666s] Application time: 1.0003394 seconds
[2025-03-13T12:04:46.066+0530][339.666s] Entering safepoint region: Cleanup
[2025-03-13T12:04:46.066+0530][339.666s] Leaving safepoint region
[2025-03-13T12:04:46.066+0530][339.666s] Total time for which application threads were stopped: 0.0002024 seconds, Stopping threads took: 0.0000135 seconds
[2025-03-13T12:04:47.066+0530][340.666s] Application time: 1.0001001 seconds
[2025-03-13T12:04:47.066+0530][340.666s] Entering safepoint region: Cleanup
[2025-03-13T12:04:47.066+0530][340.666s] Leaving safepoint region
[2025-03-13T12:04:47.066+0530][340.666s] Total time for which application threads were stopped: 0.0000857 seconds, Stopping threads took: 0.0000139 seconds
[2025-03-13T12:04:48.067+0530][341.666s] Application time: 1.0003050 seconds
[2025-03-13T12:04:48.067+0530][341.666s] Entering safepoint region: Cleanup
[2025-03-13T12:04:48.067+0530][341.667s] Leaving safepoint region
[2025-03-13T12:04:48.067+0530][341.667s] Total time for which application threads were stopped: 0.0001038 seconds, Stopping threads took: 0.0000133 seconds
[2025-03-13T12:04:49.067+0530][342.667s] Application time: 1.0000673 seconds
[2025-03-13T12:04:49.067+0530][342.667s] Entering safepoint region: Cleanup
[2025-03-13T12:04:49.067+0530][342.667s] Leaving safepoint region
[2025-03-13T12:04:49.067+0530][342.667s] Total time for which application threads were stopped: 0.0001014 seconds, Stopping threads took: 0.0000144 seconds
[2025-03-13T12:04:50.067+0530][343.667s] Application time: 1.0001011 seconds
[2025-03-13T12:04:50.067+0530][343.667s] Entering safepoint region: Cleanup
[2025-03-13T12:04:50.067+0530][343.667s] Leaving safepoint region
[2025-03-13T12:04:50.067+0530][343.667s] Total time for which application threads were stopped: 0.0001008 seconds, Stopping threads took: 0.0000261 seconds
[2025-03-13T12:04:51.068+0530][344.667s] Application time: 1.0003408 seconds
[2025-03-13T12:04:51.068+0530][344.667s] Entering safepoint region: Cleanup
[2025-03-13T12:04:51.068+0530][344.667s] Leaving safepoint region
[2025-03-13T12:04:51.068+0530][344.667s] Total time for which application threads were stopped: 0.0000885 seconds, Stopping threads took: 0.0000137 seconds
[2025-03-13T12:04:52.068+0530][345.668s] Application time: 1.0003428 seconds
[2025-03-13T12:04:52.068+0530][345.668s] Entering safepoint region: Cleanup
[2025-03-13T12:04:52.068+0530][345.668s] Leaving safepoint region
[2025-03-13T12:04:52.068+0530][345.668s] Total time for which application threads were stopped: 0.0000856 seconds, Stopping threads took: 0.0000144 seconds
[2025-03-13T12:04:53.068+0530][346.668s] Application time: 1.0001752 seconds
[2025-03-13T12:04:53.068+0530][346.668s] Entering safepoint region: Cleanup
[2025-03-13T12:04:53.068+0530][346.668s] Leaving safepoint region
[2025-03-13T12:04:53.068+0530][346.668s] Total time for which application threads were stopped: 0.0000903 seconds, Stopping threads took: 0.0000140 seconds
[2025-03-13T12:04:54.069+0530][347.668s] Application time: 1.0000990 seconds
[2025-03-13T12:04:54.069+0530][347.668s] Entering safepoint region: Cleanup
[2025-03-13T12:04:54.069+0530][347.668s] Leaving safepoint region
[2025-03-13T12:04:54.069+0530][347.668s] Total time for which application threads were stopped: 0.0000939 seconds, Stopping threads took: 0.0000138 seconds
[2025-03-13T12:04:55.069+0530][348.669s] Application time: 1.0000999 seconds
[2025-03-13T12:04:55.069+0530][348.669s] Entering safepoint region: Cleanup
[2025-03-13T12:04:55.069+0530][348.669s] Leaving safepoint region
[2025-03-13T12:04:55.069+0530][348.669s] Total time for which application threads were stopped: 0.0000916 seconds, Stopping threads took: 0.0000248 seconds
[2025-03-13T12:04:56.069+0530][349.669s] Application time: 1.0001005 seconds
[2025-03-13T12:04:56.069+0530][349.669s] Entering safepoint region: Cleanup
[2025-03-13T12:04:56.069+0530][349.669s] Leaving safepoint region
[2025-03-13T12:04:56.069+0530][349.669s] Total time for which application threads were stopped: 0.0001049 seconds, Stopping threads took: 0.0000140 seconds
[2025-03-13T12:04:57.069+0530][350.669s] Application time: 1.0002956 seconds
[2025-03-13T12:04:57.070+0530][350.669s] Entering safepoint region: Cleanup
[2025-03-13T12:04:57.070+0530][350.669s] Leaving safepoint region
[2025-03-13T12:04:57.070+0530][350.669s] Total time for which application threads were stopped: 0.0000904 seconds, Stopping threads took: 0.0000134 seconds
[2025-03-13T12:04:58.070+0530][351.670s] Application time: 1.0003412 seconds
[2025-03-13T12:04:58.070+0530][351.670s] Entering safepoint region: Cleanup
[2025-03-13T12:04:58.070+0530][351.670s] Leaving safepoint region
[2025-03-13T12:04:58.070+0530][351.670s] Total time for which application threads were stopped: 0.0000885 seconds, Stopping threads took: 0.0000135 seconds
[2025-03-13T12:04:59.070+0530][352.670s] Application time: 1.0001012 seconds
[2025-03-13T12:04:59.070+0530][352.670s] Entering safepoint region: Cleanup
[2025-03-13T12:04:59.070+0530][352.670s] Leaving safepoint region
[2025-03-13T12:04:59.070+0530][352.670s] Total time for which application threads were stopped: 0.0000785 seconds, Stopping threads took: 0.0000140 seconds
[2025-03-13T12:05:00.071+0530][353.670s] Application time: 1.0003428 seconds
[2025-03-13T12:05:00.071+0530][353.670s] Entering safepoint region: Cleanup
[2025-03-13T12:05:00.071+0530][353.671s] Leaving safepoint region
[2025-03-13T12:05:00.071+0530][353.671s] Total time for which application threads were stopped: 0.0000921 seconds, Stopping threads took: 0.0000146 seconds
[2025-03-13T12:05:01.071+0530][354.671s] Application time: 1.0003409 seconds
[2025-03-13T12:05:01.071+0530][354.671s] Entering safepoint region: Cleanup
[2025-03-13T12:05:01.071+0530][354.671s] Leaving safepoint region
[2025-03-13T12:05:01.071+0530][354.671s] Total time for which application threads were stopped: 0.0001045 seconds, Stopping threads took: 0.0000258 seconds
[2025-03-13T12:05:02.072+0530][355.671s] Application time: 1.0003394 seconds
[2025-03-13T12:05:02.072+0530][355.671s] Entering safepoint region: Cleanup
[2025-03-13T12:05:02.072+0530][355.671s] Leaving safepoint region
[2025-03-13T12:05:02.072+0530][355.671s] Total time for which application threads were stopped: 0.0001014 seconds, Stopping threads took: 0.0000140 seconds
[2025-03-13T12:05:03.072+0530][356.672s] Application time: 1.0003428 seconds
[2025-03-13T12:05:03.072+0530][356.672s] Entering safepoint region: Cleanup
[2025-03-13T12:05:03.072+0530][356.672s] Leaving safepoint region
[2025-03-13T12:05:03.072+0530][356.672s] Total time for which application threads were stopped: 0.0000861 seconds, Stopping threads took: 0.0000134 seconds
[2025-03-13T12:05:04.072+0530][357.672s] Application time: 1.0002645 seconds
[2025-03-13T12:05:04.072+0530][357.672s] Entering safepoint region: Cleanup
[2025-03-13T12:05:04.073+0530][357.672s] Leaving safepoint region
[2025-03-13T12:05:04.073+0530][357.672s] Total time for which application threads were stopped: 0.0000904 seconds, Stopping threads took: 0.0000144 seconds
[2025-03-13T12:05:05.073+0530][358.673s] Application time: 1.0003308 seconds
[2025-03-13T12:05:05.073+0530][358.673s] Entering safepoint region: Cleanup
[2025-03-13T12:05:05.073+0530][358.673s] Leaving safepoint region
[2025-03-13T12:05:05.073+0530][358.673s] Total time for which application threads were stopped: 0.0000884 seconds, Stopping threads took: 0.0000134 seconds
[2025-03-13T12:05:06.073+0530][359.673s] Application time: 1.0003430 seconds
[2025-03-13T12:05:06.073+0530][359.673s] Entering safepoint region: Cleanup
[2025-03-13T12:05:06.073+0530][359.673s] Leaving safepoint region
[2025-03-13T12:05:06.073+0530][359.673s] Total time for which application threads were stopped: 0.0001106 seconds, Stopping threads took: 0.0000135 seconds
[2025-03-13T12:05:07.074+0530][360.674s] Application time: 1.0003420 seconds
[2025-03-13T12:05:07.074+0530][360.674s] Entering safepoint region: Cleanup
[2025-03-13T12:05:07.074+0530][360.674s] Leaving safepoint region
[2025-03-13T12:05:07.074+0530][360.674s] Total time for which application threads were stopped: 0.0000894 seconds, Stopping threads took: 0.0000136 seconds
[2025-03-13T12:05:08.074+0530][361.674s] Application time: 1.0003288 seconds
[2025-03-13T12:05:08.074+0530][361.674s] Entering safepoint region: Cleanup
[2025-03-13T12:05:08.074+0530][361.674s] Leaving safepoint region
[2025-03-13T12:05:08.074+0530][361.674s] Total time for which application threads were stopped: 0.0001171 seconds, Stopping threads took: 0.0000136 seconds
[2025-03-13T12:05:09.075+0530][362.675s] Application time: 1.0003533 seconds
[2025-03-13T12:05:09.075+0530][362.675s] Entering safepoint region: Cleanup
[2025-03-13T12:05:09.075+0530][362.675s] Leaving safepoint region
[2025-03-13T12:05:09.075+0530][362.675s] Total time for which application threads were stopped: 0.0000899 seconds, Stopping threads took: 0.0000138 seconds
[2025-03-13T12:05:10.075+0530][363.675s] Application time: 1.0003343 seconds
[2025-03-13T12:05:10.075+0530][363.675s] Entering safepoint region: Cleanup
[2025-03-13T12:05:10.075+0530][363.675s] Leaving safepoint region
[2025-03-13T12:05:10.075+0530][363.675s] Total time for which application threads were stopped: 0.0001168 seconds, Stopping threads took: 0.0000160 seconds
[2025-03-13T12:05:11.076+0530][364.676s] Application time: 1.0003433 seconds
[2025-03-13T12:05:11.076+0530][364.676s] Entering safepoint region: Cleanup
[2025-03-13T12:05:11.076+0530][364.676s] Leaving safepoint region
[2025-03-13T12:05:11.076+0530][364.676s] Total time for which application threads were stopped: 0.0000918 seconds, Stopping threads took: 0.0000150 seconds
[2025-03-13T12:05:12.076+0530][365.676s] Application time: 1.0000693 seconds
[2025-03-13T12:05:12.076+0530][365.676s] Entering safepoint region: Cleanup
[2025-03-13T12:05:12.076+0530][365.676s] Leaving safepoint region
[2025-03-13T12:05:12.076+0530][365.676s] Total time for which application threads were stopped: 0.0001052 seconds, Stopping threads took: 0.0000267 seconds
[2025-03-13T12:05:13.076+0530][366.676s] Application time: 1.0001754 seconds
[2025-03-13T12:05:13.076+0530][366.676s] Entering safepoint region: Cleanup
[2025-03-13T12:05:13.076+0530][366.676s] Leaving safepoint region
[2025-03-13T12:05:13.076+0530][366.676s] Total time for which application threads were stopped: 0.0000902 seconds, Stopping threads took: 0.0000138 seconds
[2025-03-13T12:05:14.077+0530][367.677s] Application time: 1.0003425 seconds
[2025-03-13T12:05:14.077+0530][367.677s] Entering safepoint region: Cleanup
[2025-03-13T12:05:14.077+0530][367.677s] Leaving safepoint region
[2025-03-13T12:05:14.077+0530][367.677s] Total time for which application threads were stopped: 0.0000907 seconds, Stopping threads took: 0.0000151 seconds
[2025-03-13T12:05:15.077+0530][368.677s] Application time: 1.0000660 seconds
[2025-03-13T12:05:15.077+0530][368.677s] Entering safepoint region: Cleanup
[2025-03-13T12:05:15.077+0530][368.677s] Leaving safepoint region
[2025-03-13T12:05:15.077+0530][368.677s] Total time for which application threads were stopped: 0.0000769 seconds, Stopping threads took: 0.0000127 seconds
[2025-03-13T12:05:16.077+0530][369.677s] Application time: 1.0001714 seconds
[2025-03-13T12:05:16.077+0530][369.677s] Entering safepoint region: Cleanup
[2025-03-13T12:05:16.077+0530][369.677s] Leaving safepoint region
[2025-03-13T12:05:16.077+0530][369.677s] Total time for which application threads were stopped: 0.0000896 seconds, Stopping threads took: 0.0000138 seconds
[2025-03-13T12:05:17.078+0530][370.677s] Application time: 1.0003375 seconds
[2025-03-13T12:05:17.078+0530][370.678s] Entering safepoint region: Cleanup
[2025-03-13T12:05:17.078+0530][370.678s] Leaving safepoint region
[2025-03-13T12:05:17.078+0530][370.678s] Total time for which application threads were stopped: 0.0001151 seconds, Stopping threads took: 0.0000137 seconds
[2025-03-13T12:05:18.078+0530][371.678s] Application time: 1.0003438 seconds
[2025-03-13T12:05:18.078+0530][371.678s] Entering safepoint region: Cleanup
[2025-03-13T12:05:18.078+0530][371.678s] Leaving safepoint region
[2025-03-13T12:05:18.078+0530][371.678s] Total time for which application threads were stopped: 0.0000880 seconds, Stopping threads took: 0.0000138 seconds
[2025-03-13T12:05:19.079+0530][372.678s] Application time: 1.0003406 seconds
[2025-03-13T12:05:19.079+0530][372.678s] Entering safepoint region: Cleanup
[2025-03-13T12:05:19.079+0530][372.679s] Leaving safepoint region
[2025-03-13T12:05:19.079+0530][372.679s] Total time for which application threads were stopped: 0.0001166 seconds, Stopping threads took: 0.0000137 seconds
[2025-03-13T12:05:20.079+0530][373.679s] Application time: 1.0000740 seconds
[2025-03-13T12:05:20.079+0530][373.679s] Entering safepoint region: Cleanup
[2025-03-13T12:05:20.079+0530][373.679s] Leaving safepoint region
[2025-03-13T12:05:20.079+0530][373.679s] Total time for which application threads were stopped: 0.0001222 seconds, Stopping threads took: 0.0000199 seconds
[2025-03-13T12:05:21.079+0530][374.679s] Application time: 1.0003428 seconds
[2025-03-13T12:05:21.079+0530][374.679s] Entering safepoint region: Cleanup
[2025-03-13T12:05:21.080+0530][374.679s] Leaving safepoint region
[2025-03-13T12:05:21.080+0530][374.679s] Total time for which application threads were stopped: 0.0002026 seconds, Stopping threads took: 0.0000134 seconds
[2025-03-13T12:05:22.080+0530][375.680s] Application time: 1.0003450 seconds
[2025-03-13T12:05:22.080+0530][375.680s] Entering safepoint region: Cleanup
[2025-03-13T12:05:22.080+0530][375.680s] Leaving safepoint region
[2025-03-13T12:05:22.080+0530][375.680s] Total time for which application threads were stopped: 0.0002032 seconds, Stopping threads took: 0.0000140 seconds
[2025-03-13T12:05:23.080+0530][376.680s] Application time: 1.0001765 seconds
[2025-03-13T12:05:23.080+0530][376.680s] Entering safepoint region: Cleanup
[2025-03-13T12:05:23.081+0530][376.680s] Leaving safepoint region
[2025-03-13T12:05:23.081+0530][376.680s] Total time for which application threads were stopped: 0.0002044 seconds, Stopping threads took: 0.0000146 seconds
[2025-03-13T12:05:24.081+0530][377.681s] Application time: 1.0003428 seconds
[2025-03-13T12:05:24.081+0530][377.681s] Entering safepoint region: Cleanup
[2025-03-13T12:05:24.081+0530][377.681s] Leaving safepoint region
[2025-03-13T12:05:24.081+0530][377.681s] Total time for which application threads were stopped: 0.0002035 seconds, Stopping threads took: 0.0000132 seconds
[2025-03-13T12:05:25.081+0530][378.681s] Application time: 1.0002610 seconds
[2025-03-13T12:05:25.082+0530][378.681s] Entering safepoint region: Cleanup
[2025-03-13T12:05:25.082+0530][378.681s] Leaving safepoint region
[2025-03-13T12:05:25.082+0530][378.681s] Total time for which application threads were stopped: 0.0001638 seconds, Stopping threads took: 0.0000135 seconds
[2025-03-13T12:05:26.082+0530][379.682s] Application time: 1.0003128 seconds
[2025-03-13T12:05:26.082+0530][379.682s] Entering safepoint region: Cleanup
[2025-03-13T12:05:26.082+0530][379.682s] Leaving safepoint region
[2025-03-13T12:05:26.082+0530][379.682s] Total time for which application threads were stopped: 0.0002207 seconds, Stopping threads took: 0.0000258 seconds
[2025-03-13T12:05:27.083+0530][380.682s] Application time: 1.0003414 seconds
[2025-03-13T12:05:27.083+0530][380.682s] Entering safepoint region: Cleanup
[2025-03-13T12:05:27.083+0530][380.683s] Leaving safepoint region
[2025-03-13T12:05:27.083+0530][380.683s] Total time for which application threads were stopped: 0.0002158 seconds, Stopping threads took: 0.0000134 seconds
[2025-03-13T12:05:28.083+0530][381.683s] Application time: 1.0003433 seconds
[2025-03-13T12:05:28.083+0530][381.683s] Entering safepoint region: Cleanup
[2025-03-13T12:05:28.083+0530][381.683s] Leaving safepoint region
[2025-03-13T12:05:28.083+0530][381.683s] Total time for which application threads were stopped: 0.0002030 seconds, Stopping threads took: 0.0000138 seconds
[2025-03-13T12:05:29.083+0530][382.683s] Application time: 1.0000619 seconds
[2025-03-13T12:05:29.084+0530][382.683s] Entering safepoint region: Cleanup
[2025-03-13T12:05:29.084+0530][382.683s] Leaving safepoint region
[2025-03-13T12:05:29.084+0530][382.684s] Total time for which application threads were stopped: 0.0002030 seconds, Stopping threads took: 0.0000133 seconds
[2025-03-13T12:05:30.084+0530][383.684s] Application time: 1.0001836 seconds
[2025-03-13T12:05:30.084+0530][383.684s] Entering safepoint region: Cleanup
[2025-03-13T12:05:30.084+0530][383.684s] Leaving safepoint region
[2025-03-13T12:05:30.084+0530][383.684s] Total time for which application threads were stopped: 0.0002070 seconds, Stopping threads took: 0.0000139 seconds
[2025-03-13T12:05:31.084+0530][384.684s] Application time: 1.0003435 seconds
[2025-03-13T12:05:31.085+0530][384.684s] Entering safepoint region: Cleanup
[2025-03-13T12:05:31.085+0530][384.685s] Leaving safepoint region
[2025-03-13T12:05:31.085+0530][384.685s] Total time for which application threads were stopped: 0.0002097 seconds, Stopping threads took: 0.0000149 seconds
[2025-03-13T12:05:32.085+0530][385.685s] Application time: 1.0003414 seconds
[2025-03-13T12:05:32.085+0530][385.685s] Entering safepoint region: Cleanup
[2025-03-13T12:05:32.085+0530][385.685s] Leaving safepoint region
[2025-03-13T12:05:32.085+0530][385.685s] Total time for which application threads were stopped: 0.0002059 seconds, Stopping threads took: 0.0000142 seconds
[2025-03-13T12:05:33.086+0530][386.685s] Application time: 1.0003171 seconds
[2025-03-13T12:05:33.086+0530][386.685s] Entering safepoint region: Cleanup
[2025-03-13T12:05:33.086+0530][386.686s] Leaving safepoint region
[2025-03-13T12:05:33.086+0530][386.686s] Total time for which application threads were stopped: 0.0001766 seconds, Stopping threads took: 0.0000146 seconds
[2025-03-13T12:05:34.086+0530][387.686s] Application time: 1.0003417 seconds
[2025-03-13T12:05:34.086+0530][387.686s] Entering safepoint region: Cleanup
[2025-03-13T12:05:34.086+0530][387.686s] Leaving safepoint region
[2025-03-13T12:05:34.086+0530][387.686s] Total time for which application threads were stopped: 0.0002070 seconds, Stopping threads took: 0.0000147 seconds
[2025-03-13T12:05:35.087+0530][388.686s] Application time: 1.0000972 seconds
[2025-03-13T12:05:35.087+0530][388.686s] Entering safepoint region: Cleanup
[2025-03-13T12:05:35.087+0530][388.686s] Leaving safepoint region
[2025-03-13T12:05:35.087+0530][388.686s] Total time for which application threads were stopped: 0.0000826 seconds, Stopping threads took: 0.0000134 seconds
[2025-03-13T12:05:36.087+0530][389.687s] Application time: 1.0001823 seconds
[2025-03-13T12:05:36.087+0530][389.687s] Entering safepoint region: Cleanup
[2025-03-13T12:05:36.087+0530][389.687s] Leaving safepoint region
[2025-03-13T12:05:36.087+0530][389.687s] Total time for which application threads were stopped: 0.0000894 seconds, Stopping threads took: 0.0000149 seconds
[2025-03-13T12:05:37.087+0530][390.687s] Application time: 1.0000922 seconds
[2025-03-13T12:05:37.087+0530][390.687s] Entering safepoint region: Cleanup
[2025-03-13T12:05:37.087+0530][390.687s] Leaving safepoint region
[2025-03-13T12:05:37.087+0530][390.687s] Total time for which application threads were stopped: 0.0001102 seconds, Stopping threads took: 0.0000163 seconds
[2025-03-13T12:05:38.088+0530][391.687s] Application time: 1.0003015 seconds
[2025-03-13T12:05:38.088+0530][391.687s] Entering safepoint region: Cleanup
[2025-03-13T12:05:38.088+0530][391.687s] Leaving safepoint region
[2025-03-13T12:05:38.088+0530][391.687s] Total time for which application threads were stopped: 0.0001051 seconds, Stopping threads took: 0.0000136 seconds
[2025-03-13T12:05:39.088+0530][392.688s] Application time: 1.0003409 seconds
[2025-03-13T12:05:39.088+0530][392.688s] Entering safepoint region: Cleanup
[2025-03-13T12:05:39.088+0530][392.688s] Leaving safepoint region
[2025-03-13T12:05:39.088+0530][392.688s] Total time for which application threads were stopped: 0.0000892 seconds, Stopping threads took: 0.0000136 seconds
[2025-03-13T12:05:40.088+0530][393.688s] Application time: 1.0000977 seconds
[2025-03-13T12:05:40.088+0530][393.688s] Entering safepoint region: Cleanup
[2025-03-13T12:05:40.088+0530][393.688s] Leaving safepoint region
[2025-03-13T12:05:40.088+0530][393.688s] Total time for which application threads were stopped: 0.0000800 seconds, Stopping threads took: 0.0000136 seconds
[2025-03-13T12:05:41.088+0530][394.688s] Application time: 1.0000789 seconds
[2025-03-13T12:05:41.088+0530][394.688s] Entering safepoint region: Cleanup
[2025-03-13T12:05:41.089+0530][394.688s] Leaving safepoint region
[2025-03-13T12:05:41.089+0530][394.688s] Total time for which application threads were stopped: 0.0001832 seconds, Stopping threads took: 0.0000188 seconds
[2025-03-13T12:05:42.089+0530][395.689s] Application time: 1.0001006 seconds
[2025-03-13T12:05:42.089+0530][395.689s] Entering safepoint region: Cleanup
[2025-03-13T12:05:42.089+0530][395.689s] Leaving safepoint region
[2025-03-13T12:05:42.089+0530][395.689s] Total time for which application threads were stopped: 0.0001415 seconds, Stopping threads took: 0.0000132 seconds
[2025-03-13T12:05:43.089+0530][396.689s] Application time: 1.0000733 seconds
[2025-03-13T12:05:43.089+0530][396.689s] Entering safepoint region: Cleanup
[2025-03-13T12:05:43.089+0530][396.689s] Leaving safepoint region
[2025-03-13T12:05:43.089+0530][396.689s] Total time for which application threads were stopped: 0.0000813 seconds, Stopping threads took: 0.0000137 seconds
[2025-03-13T12:05:44.089+0530][397.689s] Application time: 1.0000745 seconds
[2025-03-13T12:05:44.089+0530][397.689s] Entering safepoint region: Cleanup
[2025-03-13T12:05:44.089+0530][397.689s] Leaving safepoint region
[2025-03-13T12:05:44.089+0530][397.689s] Total time for which application threads were stopped: 0.0000892 seconds, Stopping threads took: 0.0000138 seconds
[2025-03-13T12:05:45.090+0530][398.689s] Application time: 1.0003407 seconds
[2025-03-13T12:05:45.090+0530][398.689s] Entering safepoint region: Cleanup
[2025-03-13T12:05:45.090+0530][398.690s] Leaving safepoint region
[2025-03-13T12:05:45.090+0530][398.690s] Total time for which application threads were stopped: 0.0000930 seconds, Stopping threads took: 0.0000148 seconds
[2025-03-13T12:05:46.090+0530][399.690s] Application time: 1.0000523 seconds
[2025-03-13T12:05:46.090+0530][399.690s] Entering safepoint region: Cleanup
[2025-03-13T12:05:46.090+0530][399.690s] Leaving safepoint region
[2025-03-13T12:05:46.090+0530][399.690s] Total time for which application threads were stopped: 0.0001174 seconds, Stopping threads took: 0.0000203 seconds
[2025-03-13T12:05:47.090+0530][400.690s] Application time: 1.0003412 seconds
[2025-03-13T12:05:47.090+0530][400.690s] Entering safepoint region: Cleanup
[2025-03-13T12:05:47.091+0530][400.690s] Leaving safepoint region
[2025-03-13T12:05:47.091+0530][400.690s] Total time for which application threads were stopped: 0.0002028 seconds, Stopping threads took: 0.0000135 seconds
[2025-03-13T12:05:48.091+0530][401.691s] Application time: 1.0003245 seconds
[2025-03-13T12:05:48.091+0530][401.691s] Entering safepoint region: Cleanup
[2025-03-13T12:05:48.091+0530][401.691s] Leaving safepoint region
[2025-03-13T12:05:48.091+0530][401.691s] Total time for which application threads were stopped: 0.0002052 seconds, Stopping threads took: 0.0000139 seconds
[2025-03-13T12:05:49.091+0530][402.691s] Application time: 1.0000973 seconds
[2025-03-13T12:05:49.091+0530][402.691s] Entering safepoint region: Cleanup
[2025-03-13T12:05:49.091+0530][402.691s] Leaving safepoint region
[2025-03-13T12:05:49.091+0530][402.691s] Total time for which application threads were stopped: 0.0000803 seconds, Stopping threads took: 0.0000129 seconds
[2025-03-13T12:05:50.092+0530][403.691s] Application time: 1.0003410 seconds
[2025-03-13T12:05:50.092+0530][403.692s] Entering safepoint region: Cleanup
[2025-03-13T12:05:50.092+0530][403.692s] Leaving safepoint region
[2025-03-13T12:05:50.092+0530][403.692s] Total time for which application threads were stopped: 0.0001067 seconds, Stopping threads took: 0.0000136 seconds
[2025-03-13T12:05:51.092+0530][404.692s] Application time: 1.0000934 seconds
[2025-03-13T12:05:51.092+0530][404.692s] Entering safepoint region: Cleanup
[2025-03-13T12:05:51.092+0530][404.692s] Leaving safepoint region
[2025-03-13T12:05:51.092+0530][404.692s] Total time for which application threads were stopped: 0.0000751 seconds, Stopping threads took: 0.0000132 seconds
[2025-03-13T12:05:52.092+0530][405.692s] Application time: 1.0003397 seconds
[2025-03-13T12:05:52.092+0530][405.692s] Entering safepoint region: Cleanup
[2025-03-13T12:05:52.092+0530][405.692s] Leaving safepoint region
[2025-03-13T12:05:52.092+0530][405.692s] Total time for which application threads were stopped: 0.0000888 seconds, Stopping threads took: 0.0000133 seconds
[2025-03-13T12:05:53.093+0530][406.693s] Application time: 1.0002810 seconds
[2025-03-13T12:05:53.093+0530][406.693s] Entering safepoint region: Cleanup
[2025-03-13T12:05:53.093+0530][406.693s] Leaving safepoint region
[2025-03-13T12:05:53.093+0530][406.693s] Total time for which application threads were stopped: 0.0001521 seconds, Stopping threads took: 0.0000165 seconds
[2025-03-13T12:05:54.093+0530][407.693s] Application time: 1.0001694 seconds
[2025-03-13T12:05:54.093+0530][407.693s] Entering safepoint region: Cleanup
[2025-03-13T12:05:54.093+0530][407.693s] Leaving safepoint region
[2025-03-13T12:05:54.093+0530][407.693s] Total time for which application threads were stopped: 0.0002041 seconds, Stopping threads took: 0.0000139 seconds
[2025-03-13T12:05:55.094+0530][408.694s] Application time: 1.0003405 seconds
[2025-03-13T12:05:55.094+0530][408.694s] Entering safepoint region: Cleanup
[2025-03-13T12:05:55.094+0530][408.694s] Leaving safepoint region
[2025-03-13T12:05:55.094+0530][408.694s] Total time for which application threads were stopped: 0.0001787 seconds, Stopping threads took: 0.0000138 seconds
[2025-03-13T12:05:56.094+0530][409.694s] Application time: 1.0000698 seconds
[2025-03-13T12:05:56.094+0530][409.694s] Entering safepoint region: Cleanup
[2025-03-13T12:05:56.094+0530][409.694s] Leaving safepoint region
[2025-03-13T12:05:56.094+0530][409.694s] Total time for which application threads were stopped: 0.0002131 seconds, Stopping threads took: 0.0000250 seconds
[2025-03-13T12:05:57.095+0530][410.694s] Application time: 1.0003431 seconds
[2025-03-13T12:05:57.095+0530][410.694s] Entering safepoint region: Cleanup
[2025-03-13T12:05:57.095+0530][410.695s] Leaving safepoint region
[2025-03-13T12:05:57.095+0530][410.695s] Total time for which application threads were stopped: 0.0002181 seconds, Stopping threads took: 0.0000135 seconds
[2025-03-13T12:05:58.095+0530][411.695s] Application time: 1.0000986 seconds
[2025-03-13T12:05:58.095+0530][411.695s] Entering safepoint region: Cleanup
[2025-03-13T12:05:58.095+0530][411.695s] Leaving safepoint region
[2025-03-13T12:05:58.095+0530][411.695s] Total time for which application threads were stopped: 0.0000800 seconds, Stopping threads took: 0.0000132 seconds
[2025-03-13T12:05:59.095+0530][412.695s] Application time: 1.0003111 seconds
[2025-03-13T12:05:59.095+0530][412.695s] Entering safepoint region: Cleanup
[2025-03-13T12:05:59.095+0530][412.695s] Leaving safepoint region
[2025-03-13T12:05:59.095+0530][412.695s] Total time for which application threads were stopped: 0.0000927 seconds, Stopping threads took: 0.0000132 seconds
[2025-03-13T12:06:00.096+0530][413.695s] Application time: 1.0001768 seconds
[2025-03-13T12:06:00.096+0530][413.696s] Entering safepoint region: Cleanup
[2025-03-13T12:06:00.096+0530][413.696s] Leaving safepoint region
[2025-03-13T12:06:00.096+0530][413.696s] Total time for which application threads were stopped: 0.0001133 seconds, Stopping threads took: 0.0000130 seconds
[2025-03-13T12:06:01.096+0530][414.696s] Application time: 1.0003413 seconds
[2025-03-13T12:06:01.096+0530][414.696s] Entering safepoint region: Cleanup
[2025-03-13T12:06:01.096+0530][414.696s] Leaving safepoint region
[2025-03-13T12:06:01.096+0530][414.696s] Total time for which application threads were stopped: 0.0001043 seconds, Stopping threads took: 0.0000140 seconds
[2025-03-13T12:06:02.096+0530][415.696s] Application time: 1.0000688 seconds
[2025-03-13T12:06:02.096+0530][415.696s] Entering safepoint region: Cleanup
[2025-03-13T12:06:02.096+0530][415.696s] Leaving safepoint region
[2025-03-13T12:06:02.096+0530][415.696s] Total time for which application threads were stopped: 0.0001017 seconds, Stopping threads took: 0.0000135 seconds
[2025-03-13T12:06:03.097+0530][416.697s] Application time: 1.0003100 seconds
[2025-03-13T12:06:03.097+0530][416.697s] Entering safepoint region: Cleanup
[2025-03-13T12:06:03.097+0530][416.697s] Leaving safepoint region
[2025-03-13T12:06:03.097+0530][416.697s] Total time for which application threads were stopped: 0.0000923 seconds, Stopping threads took: 0.0000151 seconds
[2025-03-13T12:06:04.097+0530][417.697s] Application time: 1.0000950 seconds
[2025-03-13T12:06:04.097+0530][417.697s] Entering safepoint region: Cleanup
[2025-03-13T12:06:04.097+0530][417.697s] Leaving safepoint region
[2025-03-13T12:06:04.097+0530][417.697s] Total time for which application threads were stopped: 0.0001167 seconds, Stopping threads took: 0.0000143 seconds
[2025-03-13T12:06:05.097+0530][418.697s] Application time: 1.0000819 seconds
[2025-03-13T12:06:05.097+0530][418.697s] Entering safepoint region: Cleanup
[2025-03-13T12:06:05.097+0530][418.697s] Leaving safepoint region
[2025-03-13T12:06:05.097+0530][418.697s] Total time for which application threads were stopped: 0.0001254 seconds, Stopping threads took: 0.0000194 seconds
[2025-03-13T12:06:06.098+0530][419.697s] Application time: 1.0000812 seconds
[2025-03-13T12:06:06.098+0530][419.697s] Entering safepoint region: Cleanup
[2025-03-13T12:06:06.098+0530][419.698s] Leaving safepoint region
[2025-03-13T12:06:06.098+0530][419.698s] Total time for which application threads were stopped: 0.0001866 seconds, Stopping threads took: 0.0000134 seconds
[2025-03-13T12:06:07.098+0530][420.698s] Application time: 1.0000461 seconds
[2025-03-13T12:06:07.098+0530][420.698s] Entering safepoint region: Cleanup
[2025-03-13T12:06:07.098+0530][420.698s] Leaving safepoint region
[2025-03-13T12:06:07.098+0530][420.698s] Total time for which application threads were stopped: 0.0001185 seconds, Stopping threads took: 0.0000218 seconds
[2025-03-13T12:06:08.098+0530][421.698s] Application time: 1.0000672 seconds
[2025-03-13T12:06:08.098+0530][421.698s] Entering safepoint region: Cleanup
[2025-03-13T12:06:08.098+0530][421.698s] Leaving safepoint region
[2025-03-13T12:06:08.098+0530][421.698s] Total time for which application threads were stopped: 0.0002038 seconds, Stopping threads took: 0.0000136 seconds
[2025-03-13T12:06:09.099+0530][422.698s] Application time: 1.0003446 seconds
[2025-03-13T12:06:09.099+0530][422.698s] Entering safepoint region: Cleanup
[2025-03-13T12:06:09.099+0530][422.699s] Leaving safepoint region
[2025-03-13T12:06:09.099+0530][422.699s] Total time for which application threads were stopped: 0.0002056 seconds, Stopping threads took: 0.0000133 seconds
[2025-03-13T12:06:10.099+0530][423.699s] Application time: 1.0003412 seconds
[2025-03-13T12:06:10.099+0530][423.699s] Entering safepoint region: Cleanup
[2025-03-13T12:06:10.099+0530][423.699s] Leaving safepoint region
[2025-03-13T12:06:10.099+0530][423.699s] Total time for which application threads were stopped: 0.0002003 seconds, Stopping threads took: 0.0000214 seconds
[2025-03-13T12:06:11.100+0530][424.700s] Application time: 1.0003408 seconds
[2025-03-13T12:06:11.100+0530][424.700s] Entering safepoint region: Cleanup
[2025-03-13T12:06:11.100+0530][424.700s] Leaving safepoint region
[2025-03-13T12:06:11.100+0530][424.700s] Total time for which application threads were stopped: 0.0002097 seconds, Stopping threads took: 0.0000144 seconds
[2025-03-13T12:06:12.100+0530][425.700s] Application time: 1.0001671 seconds
[2025-03-13T12:06:12.100+0530][425.700s] Entering safepoint region: Cleanup
[2025-03-13T12:06:12.100+0530][425.700s] Leaving safepoint region
[2025-03-13T12:06:12.100+0530][425.700s] Total time for which application threads were stopped: 0.0001941 seconds, Stopping threads took: 0.0000133 seconds
[2025-03-13T12:06:13.101+0530][426.701s] Application time: 1.0003038 seconds
[2025-03-13T12:06:13.101+0530][426.701s] Entering safepoint region: Cleanup
[2025-03-13T12:06:13.101+0530][426.701s] Leaving safepoint region
[2025-03-13T12:06:13.101+0530][426.701s] Total time for which application threads were stopped: 0.0002106 seconds, Stopping threads took: 0.0000134 seconds
[2025-03-13T12:06:14.101+0530][427.701s] Application time: 1.0003419 seconds
[2025-03-13T12:06:14.101+0530][427.701s] Entering safepoint region: Cleanup
[2025-03-13T12:06:14.102+0530][427.701s] Leaving safepoint region
[2025-03-13T12:06:14.102+0530][427.701s] Total time for which application threads were stopped: 0.0002034 seconds, Stopping threads took: 0.0000135 seconds
[2025-03-13T12:06:15.102+0530][428.702s] Application time: 1.0003408 seconds
[2025-03-13T12:06:15.102+0530][428.702s] Entering safepoint region: Cleanup
[2025-03-13T12:06:15.102+0530][428.702s] Leaving safepoint region
[2025-03-13T12:06:15.102+0530][428.702s] Total time for which application threads were stopped: 0.0002047 seconds, Stopping threads took: 0.0000131 seconds
[2025-03-13T12:06:16.102+0530][429.702s] Application time: 1.0003438 seconds
[2025-03-13T12:06:16.103+0530][429.702s] Entering safepoint region: Cleanup
[2025-03-13T12:06:16.103+0530][429.702s] Leaving safepoint region
[2025-03-13T12:06:16.103+0530][429.702s] Total time for which application threads were stopped: 0.0001878 seconds, Stopping threads took: 0.0000139 seconds
[2025-03-13T12:06:17.103+0530][430.703s] Application time: 1.0003438 seconds
[2025-03-13T12:06:17.103+0530][430.703s] Entering safepoint region: Cleanup
[2025-03-13T12:06:17.103+0530][430.703s] Leaving safepoint region
[2025-03-13T12:06:17.103+0530][430.703s] Total time for which application threads were stopped: 0.0002052 seconds, Stopping threads took: 0.0000136 seconds
[2025-03-13T12:06:18.104+0530][431.703s] Application time: 1.0003379 seconds
[2025-03-13T12:06:18.104+0530][431.703s] Entering safepoint region: Cleanup
[2025-03-13T12:06:18.104+0530][431.704s] Leaving safepoint region
[2025-03-13T12:06:18.104+0530][431.704s] Total time for which application threads were stopped: 0.0001729 seconds, Stopping threads took: 0.0000134 seconds
[2025-03-13T12:06:19.104+0530][432.704s] Application time: 1.0003440 seconds
[2025-03-13T12:06:19.104+0530][432.704s] Entering safepoint region: Cleanup
[2025-03-13T12:06:19.104+0530][432.704s] Leaving safepoint region
[2025-03-13T12:06:19.104+0530][432.704s] Total time for which application threads were stopped: 0.0002030 seconds, Stopping threads took: 0.0000137 seconds
[2025-03-13T12:06:20.105+0530][433.704s] Application time: 1.0001015 seconds
[2025-03-13T12:06:20.105+0530][433.704s] Entering safepoint region: Cleanup
[2025-03-13T12:06:20.105+0530][433.705s] Leaving safepoint region
[2025-03-13T12:06:20.105+0530][433.705s] Total time for which application threads were stopped: 0.0001786 seconds, Stopping threads took: 0.0000134 seconds
[2025-03-13T12:06:21.105+0530][434.705s] Application time: 1.0002499 seconds
[2025-03-13T12:06:21.105+0530][434.705s] Entering safepoint region: Cleanup
[2025-03-13T12:06:21.105+0530][434.705s] Leaving safepoint region
[2025-03-13T12:06:21.105+0530][434.705s] Total time for which application threads were stopped: 0.0002046 seconds, Stopping threads took: 0.0000135 seconds
[2025-03-13T12:06:22.105+0530][435.705s] Application time: 1.0002629 seconds
[2025-03-13T12:06:22.106+0530][435.705s] Entering safepoint region: Cleanup
[2025-03-13T12:06:22.106+0530][435.706s] Leaving safepoint region
[2025-03-13T12:06:22.106+0530][435.706s] Total time for which application threads were stopped: 0.0002063 seconds, Stopping threads took: 0.0000133 seconds
[2025-03-13T12:06:23.106+0530][436.706s] Application time: 1.0000978 seconds
[2025-03-13T12:06:23.106+0530][436.706s] Entering safepoint region: Cleanup
[2025-03-13T12:06:23.106+0530][436.706s] Leaving safepoint region
[2025-03-13T12:06:23.106+0530][436.706s] Total time for which application threads were stopped: 0.0001155 seconds, Stopping threads took: 0.0000201 seconds
[2025-03-13T12:06:24.106+0530][437.706s] Application time: 1.0003195 seconds
[2025-03-13T12:06:24.106+0530][437.706s] Entering safepoint region: Cleanup
[2025-03-13T12:06:24.107+0530][437.706s] Leaving safepoint region
[2025-03-13T12:06:24.107+0530][437.706s] Total time for which application threads were stopped: 0.0002025 seconds, Stopping threads took: 0.0000136 seconds
[2025-03-13T12:06:25.107+0530][438.706s] Application time: 1.0000753 seconds
[2025-03-13T12:06:25.107+0530][438.706s] Entering safepoint region: Cleanup
[2025-03-13T12:06:25.107+0530][438.707s] Leaving safepoint region
[2025-03-13T12:06:25.107+0530][438.707s] Total time for which application threads were stopped: 0.0001132 seconds, Stopping threads took: 0.0000167 seconds
[2025-03-13T12:06:26.107+0530][439.707s] Application time: 1.0000753 seconds
[2025-03-13T12:06:26.107+0530][439.707s] Entering safepoint region: Cleanup
[2025-03-13T12:06:26.107+0530][439.707s] Leaving safepoint region
[2025-03-13T12:06:26.107+0530][439.707s] Total time for which application threads were stopped: 0.0001178 seconds, Stopping threads took: 0.0000168 seconds
[2025-03-13T12:06:27.107+0530][440.707s] Application time: 1.0001835 seconds
[2025-03-13T12:06:27.107+0530][440.707s] Entering safepoint region: Cleanup
[2025-03-13T12:06:27.107+0530][440.707s] Leaving safepoint region
[2025-03-13T12:06:27.107+0530][440.707s] Total time for which application threads were stopped: 0.0002124 seconds, Stopping threads took: 0.0000237 seconds
[2025-03-13T12:06:28.108+0530][441.707s] Application time: 1.0001738 seconds
[2025-03-13T12:06:28.108+0530][441.707s] Entering safepoint region: Cleanup
[2025-03-13T12:06:28.108+0530][441.708s] Leaving safepoint region
[2025-03-13T12:06:28.108+0530][441.708s] Total time for which application threads were stopped: 0.0001343 seconds, Stopping threads took: 0.0000130 seconds
[2025-03-13T12:06:29.108+0530][442.708s] Application time: 1.0000667 seconds
[2025-03-13T12:06:29.108+0530][442.708s] Entering safepoint region: Cleanup
[2025-03-13T12:06:29.108+0530][442.708s] Leaving safepoint region
[2025-03-13T12:06:29.108+0530][442.708s] Total time for which application threads were stopped: 0.0001632 seconds, Stopping threads took: 0.0000142 seconds
[2025-03-13T12:06:30.108+0530][443.708s] Application time: 1.0003083 seconds
[2025-03-13T12:06:30.108+0530][443.708s] Entering safepoint region: Cleanup
[2025-03-13T12:06:30.109+0530][443.708s] Leaving safepoint region
[2025-03-13T12:06:30.109+0530][443.708s] Total time for which application threads were stopped: 0.0002028 seconds, Stopping threads took: 0.0000137 seconds
[2025-03-13T12:06:31.109+0530][444.709s] Application time: 1.0001899 seconds
[2025-03-13T12:06:31.109+0530][444.709s] Entering safepoint region: Cleanup
[2025-03-13T12:06:31.109+0530][444.709s] Leaving safepoint region
[2025-03-13T12:06:31.109+0530][444.709s] Total time for which application threads were stopped: 0.0002055 seconds, Stopping threads took: 0.0000136 seconds
[2025-03-13T12:06:32.109+0530][445.709s] Application time: 1.0000791 seconds
[2025-03-13T12:06:32.109+0530][445.709s] Entering safepoint region: Cleanup
[2025-03-13T12:06:32.109+0530][445.709s] Leaving safepoint region
[2025-03-13T12:06:32.109+0530][445.709s] Total time for which application threads were stopped: 0.0001201 seconds, Stopping threads took: 0.0000169 seconds
[2025-03-13T12:06:33.109+0530][446.709s] Application time: 1.0001897 seconds
[2025-03-13T12:06:33.110+0530][446.709s] Entering safepoint region: Cleanup
[2025-03-13T12:06:33.110+0530][446.709s] Leaving safepoint region
[2025-03-13T12:06:33.110+0530][446.710s] Total time for which application threads were stopped: 0.0002084 seconds, Stopping threads took: 0.0000154 seconds
[2025-03-13T12:06:34.110+0530][447.710s] Application time: 1.0000790 seconds
[2025-03-13T12:06:34.110+0530][447.710s] Entering safepoint region: Cleanup
[2025-03-13T12:06:34.110+0530][447.710s] Leaving safepoint region
[2025-03-13T12:06:34.110+0530][447.710s] Total time for which application threads were stopped: 0.0001110 seconds, Stopping threads took: 0.0000169 seconds
[2025-03-13T12:06:35.110+0530][448.710s] Application time: 1.0003418 seconds
[2025-03-13T12:06:35.110+0530][448.710s] Entering safepoint region: Cleanup
[2025-03-13T12:06:35.111+0530][448.710s] Leaving safepoint region
[2025-03-13T12:06:35.111+0530][448.710s] Total time for which application threads were stopped: 0.0002016 seconds, Stopping threads took: 0.0000140 seconds
[2025-03-13T12:06:36.111+0530][449.711s] Application time: 1.0003462 seconds
[2025-03-13T12:06:36.111+0530][449.711s] Entering safepoint region: Cleanup
[2025-03-13T12:06:36.111+0530][449.711s] Leaving safepoint region
[2025-03-13T12:06:36.111+0530][449.711s] Total time for which application threads were stopped: 0.0001565 seconds, Stopping threads took: 0.0000173 seconds
[2025-03-13T12:06:37.111+0530][450.711s] Application time: 1.0003405 seconds
[2025-03-13T12:06:37.111+0530][450.711s] Entering safepoint region: Cleanup
[2025-03-13T12:06:37.112+0530][450.711s] Leaving safepoint region
[2025-03-13T12:06:37.112+0530][450.711s] Total time for which application threads were stopped: 0.0002059 seconds, Stopping threads took: 0.0000146 seconds
[2025-03-13T12:06:38.112+0530][451.712s] Application time: 1.0001803 seconds
[2025-03-13T12:06:38.112+0530][451.712s] Entering safepoint region: Cleanup
[2025-03-13T12:06:38.112+0530][451.712s] Leaving safepoint region
[2025-03-13T12:06:38.112+0530][451.712s] Total time for which application threads were stopped: 0.0002077 seconds, Stopping threads took: 0.0000154 seconds
[2025-03-13T12:06:39.112+0530][452.712s] Application time: 1.0000954 seconds
[2025-03-13T12:06:39.112+0530][452.712s] Entering safepoint region: Cleanup
[2025-03-13T12:06:39.112+0530][452.712s] Leaving safepoint region
[2025-03-13T12:06:39.112+0530][452.712s] Total time for which application threads were stopped: 0.0001357 seconds, Stopping threads took: 0.0000140 seconds
[2025-03-13T12:06:40.113+0530][453.712s] Application time: 1.0001690 seconds
[2025-03-13T12:06:40.113+0530][453.712s] Entering safepoint region: Cleanup
[2025-03-13T12:06:40.113+0530][453.713s] Leaving safepoint region
[2025-03-13T12:06:40.113+0530][453.713s] Total time for which application threads were stopped: 0.0002034 seconds, Stopping threads took: 0.0000144 seconds
[2025-03-13T12:06:41.113+0530][454.713s] Application time: 1.0000334 seconds
[2025-03-13T12:06:41.113+0530][454.713s] Entering safepoint region: Cleanup
[2025-03-13T12:06:41.113+0530][454.713s] Leaving safepoint region
[2025-03-13T12:06:41.113+0530][454.713s] Total time for which application threads were stopped: 0.0001139 seconds, Stopping threads took: 0.0000201 seconds
[2025-03-13T12:06:42.113+0530][455.713s] Application time: 1.0001769 seconds
[2025-03-13T12:06:42.113+0530][455.713s] Entering safepoint region: Cleanup
[2025-03-13T12:06:42.113+0530][455.713s] Leaving safepoint region
[2025-03-13T12:06:42.113+0530][455.713s] Total time for which application threads were stopped: 0.0002037 seconds, Stopping threads took: 0.0000146 seconds
[2025-03-13T12:06:43.114+0530][456.713s] Application time: 1.0001751 seconds
[2025-03-13T12:06:43.114+0530][456.713s] Entering safepoint region: Cleanup
[2025-03-13T12:06:43.114+0530][456.714s] Leaving safepoint region
[2025-03-13T12:06:43.114+0530][456.714s] Total time for which application threads were stopped: 0.0001771 seconds, Stopping threads took: 0.0000136 seconds
[2025-03-13T12:06:44.114+0530][457.714s] Application time: 1.0001402 seconds
[2025-03-13T12:06:44.114+0530][457.714s] Entering safepoint region: Cleanup
[2025-03-13T12:06:44.114+0530][457.714s] Leaving safepoint region
[2025-03-13T12:06:44.114+0530][457.714s] Total time for which application threads were stopped: 0.0001600 seconds, Stopping threads took: 0.0000127 seconds
[2025-03-13T12:06:45.114+0530][458.714s] Application time: 1.0000733 seconds
[2025-03-13T12:06:45.114+0530][458.714s] Entering safepoint region: Cleanup
[2025-03-13T12:06:45.114+0530][458.714s] Leaving safepoint region
[2025-03-13T12:06:45.114+0530][458.714s] Total time for which application threads were stopped: 0.0001013 seconds, Stopping threads took: 0.0000193 seconds
[2025-03-13T12:06:46.114+0530][459.714s] Application time: 1.0000945 seconds
[2025-03-13T12:06:46.114+0530][459.714s] Entering safepoint region: Cleanup
[2025-03-13T12:06:46.115+0530][459.714s] Leaving safepoint region
[2025-03-13T12:06:46.115+0530][459.714s] Total time for which application threads were stopped: 0.0001151 seconds, Stopping threads took: 0.0000134 seconds
[2025-03-13T12:06:47.115+0530][460.714s] Application time: 1.0000756 seconds
[2025-03-13T12:06:47.115+0530][460.714s] Entering safepoint region: Cleanup
[2025-03-13T12:06:47.115+0530][460.715s] Leaving safepoint region
[2025-03-13T12:06:47.115+0530][460.715s] Total time for which application threads were stopped: 0.0001305 seconds, Stopping threads took: 0.0000169 seconds
[2025-03-13T12:06:48.115+0530][461.715s] Application time: 1.0000705 seconds
[2025-03-13T12:06:48.115+0530][461.715s] Entering safepoint region: Cleanup
[2025-03-13T12:06:48.115+0530][461.715s] Leaving safepoint region
[2025-03-13T12:06:48.115+0530][461.715s] Total time for which application threads were stopped: 0.0001149 seconds, Stopping threads took: 0.0000169 seconds
[2025-03-13T12:06:49.115+0530][462.715s] Application time: 1.0000777 seconds
[2025-03-13T12:06:49.115+0530][462.715s] Entering safepoint region: Cleanup
[2025-03-13T12:06:49.115+0530][462.715s] Leaving safepoint region
[2025-03-13T12:06:49.115+0530][462.715s] Total time for which application threads were stopped: 0.0001143 seconds, Stopping threads took: 0.0000178 seconds
[2025-03-13T12:06:50.115+0530][463.715s] Application time: 1.0001801 seconds
[2025-03-13T12:06:50.115+0530][463.715s] Entering safepoint region: Cleanup
[2025-03-13T12:06:50.116+0530][463.715s] Leaving safepoint region
[2025-03-13T12:06:50.116+0530][463.715s] Total time for which application threads were stopped: 0.0002213 seconds, Stopping threads took: 0.0000140 seconds
[2025-03-13T12:06:51.116+0530][464.716s] Application time: 1.0003394 seconds
[2025-03-13T12:06:51.116+0530][464.716s] Entering safepoint region: Cleanup
[2025-03-13T12:06:51.116+0530][464.716s] Leaving safepoint region
[2025-03-13T12:06:51.116+0530][464.716s] Total time for which application threads were stopped: 0.0002173 seconds, Stopping threads took: 0.0000138 seconds
[2025-03-13T12:06:52.116+0530][465.716s] Application time: 1.0001772 seconds
[2025-03-13T12:06:52.117+0530][465.716s] Entering safepoint region: Cleanup
[2025-03-13T12:06:52.117+0530][465.716s] Leaving safepoint region
[2025-03-13T12:06:52.117+0530][465.716s] Total time for which application threads were stopped: 0.0002020 seconds, Stopping threads took: 0.0000150 seconds
[2025-03-13T12:06:53.117+0530][466.717s] Application time: 1.0000825 seconds
[2025-03-13T12:06:53.117+0530][466.717s] Entering safepoint region: Cleanup
[2025-03-13T12:06:53.117+0530][466.717s] Leaving safepoint region
[2025-03-13T12:06:53.117+0530][466.717s] Total time for which application threads were stopped: 0.0001250 seconds, Stopping threads took: 0.0000191 seconds
[2025-03-13T12:06:54.117+0530][467.717s] Application time: 1.0000680 seconds
[2025-03-13T12:06:54.117+0530][467.717s] Entering safepoint region: Cleanup
[2025-03-13T12:06:54.117+0530][467.717s] Leaving safepoint region
[2025-03-13T12:06:54.117+0530][467.717s] Total time for which application threads were stopped: 0.0002017 seconds, Stopping threads took: 0.0000138 seconds
[2025-03-13T12:06:55.117+0530][468.717s] Application time: 1.0000714 seconds
[2025-03-13T12:06:55.117+0530][468.717s] Entering safepoint region: Cleanup
[2025-03-13T12:06:55.117+0530][468.717s] Leaving safepoint region
[2025-03-13T12:06:55.117+0530][468.717s] Total time for which application threads were stopped: 0.0001194 seconds, Stopping threads took: 0.0000202 seconds
[2025-03-13T12:06:56.118+0530][469.717s] Application time: 1.0000743 seconds
[2025-03-13T12:06:56.118+0530][469.717s] Entering safepoint region: Cleanup
[2025-03-13T12:06:56.118+0530][469.718s] Leaving safepoint region
[2025-03-13T12:06:56.118+0530][469.718s] Total time for which application threads were stopped: 0.0001106 seconds, Stopping threads took: 0.0000172 seconds
[2025-03-13T12:06:57.118+0530][470.718s] Application time: 1.0000693 seconds
[2025-03-13T12:06:57.118+0530][470.718s] Entering safepoint region: Cleanup
[2025-03-13T12:06:57.118+0530][470.718s] Leaving safepoint region
[2025-03-13T12:06:57.118+0530][470.718s] Total time for which application threads were stopped: 0.0001155 seconds, Stopping threads took: 0.0000190 seconds
[2025-03-13T12:06:58.118+0530][471.718s] Application time: 1.0000803 seconds
[2025-03-13T12:06:58.118+0530][471.718s] Entering safepoint region: Cleanup
[2025-03-13T12:06:58.118+0530][471.718s] Leaving safepoint region
[2025-03-13T12:06:58.118+0530][471.718s] Total time for which application threads were stopped: 0.0002138 seconds, Stopping threads took: 0.0000251 seconds
[2025-03-13T12:06:59.119+0530][472.718s] Application time: 1.0003433 seconds
[2025-03-13T12:06:59.119+0530][472.718s] Entering safepoint region: Cleanup
[2025-03-13T12:06:59.119+0530][472.719s] Leaving safepoint region
[2025-03-13T12:06:59.119+0530][472.719s] Total time for which application threads were stopped: 0.0001656 seconds, Stopping threads took: 0.0000137 seconds
[2025-03-13T12:07:00.119+0530][473.719s] Application time: 1.0000687 seconds
[2025-03-13T12:07:00.119+0530][473.719s] Entering safepoint region: Cleanup
[2025-03-13T12:07:00.119+0530][473.719s] Leaving safepoint region
[2025-03-13T12:07:00.119+0530][473.719s] Total time for which application threads were stopped: 0.0001301 seconds, Stopping threads took: 0.0000132 seconds
[2025-03-13T12:07:01.119+0530][474.719s] Application time: 1.0000755 seconds
[2025-03-13T12:07:01.119+0530][474.719s] Entering safepoint region: Cleanup
[2025-03-13T12:07:01.119+0530][474.719s] Leaving safepoint region
[2025-03-13T12:07:01.119+0530][474.719s] Total time for which application threads were stopped: 0.0001358 seconds, Stopping threads took: 0.0000196 seconds
[2025-03-13T12:07:02.119+0530][475.719s] Application time: 1.0001793 seconds
[2025-03-13T12:07:02.120+0530][475.719s] Entering safepoint region: Cleanup
[2025-03-13T12:07:02.120+0530][475.720s] Leaving safepoint region
[2025-03-13T12:07:02.120+0530][475.720s] Total time for which application threads were stopped: 0.0002041 seconds, Stopping threads took: 0.0000141 seconds
[2025-03-13T12:07:03.120+0530][476.720s] Application time: 1.0003466 seconds
[2025-03-13T12:07:03.120+0530][476.720s] Entering safepoint region: Cleanup
[2025-03-13T12:07:03.120+0530][476.720s] Leaving safepoint region
[2025-03-13T12:07:03.120+0530][476.720s] Total time for which application threads were stopped: 0.0001796 seconds, Stopping threads took: 0.0000158 seconds
[2025-03-13T12:07:04.120+0530][477.720s] Application time: 1.0000722 seconds
[2025-03-13T12:07:04.120+0530][477.720s] Entering safepoint region: Cleanup
[2025-03-13T12:07:04.121+0530][477.720s] Leaving safepoint region
[2025-03-13T12:07:04.121+0530][477.720s] Total time for which application threads were stopped: 0.0002017 seconds, Stopping threads took: 0.0000138 seconds
[2025-03-13T12:07:05.121+0530][478.720s] Application time: 1.0000706 seconds
[2025-03-13T12:07:05.121+0530][478.721s] Entering safepoint region: Cleanup
[2025-03-13T12:07:05.121+0530][478.721s] Leaving safepoint region
[2025-03-13T12:07:05.122+0530][478.721s] Total time for which application threads were stopped: 0.0008908 seconds, Stopping threads took: 0.0000199 seconds
[2025-03-13T12:07:06.122+0530][479.722s] Application time: 1.0002966 seconds
[2025-03-13T12:07:06.122+0530][479.722s] Entering safepoint region: Cleanup
[2025-03-13T12:07:06.122+0530][479.722s] Leaving safepoint region
[2025-03-13T12:07:06.122+0530][479.722s] Total time for which application threads were stopped: 0.0002097 seconds, Stopping threads took: 0.0000135 seconds
[2025-03-13T12:07:07.122+0530][480.722s] Application time: 1.0000897 seconds
[2025-03-13T12:07:07.122+0530][480.722s] Entering safepoint region: Cleanup
[2025-03-13T12:07:07.122+0530][480.722s] Leaving safepoint region
[2025-03-13T12:07:07.122+0530][480.722s] Total time for which application threads were stopped: 0.0001268 seconds, Stopping threads took: 0.0000136 seconds
[2025-03-13T12:07:08.122+0530][481.722s] Application time: 1.0000715 seconds
[2025-03-13T12:07:08.123+0530][481.722s] Entering safepoint region: Cleanup
[2025-03-13T12:07:08.123+0530][481.722s] Leaving safepoint region
[2025-03-13T12:07:08.123+0530][481.722s] Total time for which application threads were stopped: 0.0001169 seconds, Stopping threads took: 0.0000175 seconds
[2025-03-13T12:07:09.123+0530][482.723s] Application time: 1.0000971 seconds
[2025-03-13T12:07:09.123+0530][482.723s] Entering safepoint region: Cleanup
[2025-03-13T12:07:09.123+0530][482.723s] Leaving safepoint region
[2025-03-13T12:07:09.123+0530][482.723s] Total time for which application threads were stopped: 0.0000928 seconds, Stopping threads took: 0.0000252 seconds
[2025-03-13T12:07:10.123+0530][483.723s] Application time: 1.0000684 seconds
[2025-03-13T12:07:10.123+0530][483.723s] Entering safepoint region: Cleanup
[2025-03-13T12:07:10.123+0530][483.723s] Leaving safepoint region
[2025-03-13T12:07:10.123+0530][483.723s] Total time for which application threads were stopped: 0.0000923 seconds, Stopping threads took: 0.0000154 seconds
[2025-03-13T12:07:11.123+0530][484.723s] Application time: 1.0003289 seconds
[2025-03-13T12:07:11.123+0530][484.723s] Entering safepoint region: Cleanup
[2025-03-13T12:07:11.124+0530][484.723s] Leaving safepoint region
[2025-03-13T12:07:11.124+0530][484.723s] Total time for which application threads were stopped: 0.0000913 seconds, Stopping threads took: 0.0000143 seconds
[2025-03-13T12:07:12.124+0530][485.724s] Application time: 1.0003406 seconds
[2025-03-13T12:07:12.124+0530][485.724s] Entering safepoint region: Cleanup
[2025-03-13T12:07:12.124+0530][485.724s] Leaving safepoint region
[2025-03-13T12:07:12.124+0530][485.724s] Total time for which application threads were stopped: 0.0001039 seconds, Stopping threads took: 0.0000268 seconds
[2025-03-13T12:07:13.124+0530][486.724s] Application time: 1.0000972 seconds
[2025-03-13T12:07:13.124+0530][486.724s] Entering safepoint region: Cleanup
[2025-03-13T12:07:13.124+0530][486.724s] Leaving safepoint region
[2025-03-13T12:07:13.124+0530][486.724s] Total time for which application threads were stopped: 0.0000840 seconds, Stopping threads took: 0.0000135 seconds
[2025-03-13T12:07:14.125+0530][487.724s] Application time: 1.0003067 seconds
[2025-03-13T12:07:14.125+0530][487.724s] Entering safepoint region: Cleanup
[2025-03-13T12:07:14.125+0530][487.724s] Leaving safepoint region
[2025-03-13T12:07:14.125+0530][487.724s] Total time for which application threads were stopped: 0.0000880 seconds, Stopping threads took: 0.0000132 seconds
[2025-03-13T12:07:15.125+0530][488.725s] Application time: 1.0001841 seconds
[2025-03-13T12:07:15.125+0530][488.725s] Entering safepoint region: Cleanup
[2025-03-13T12:07:15.125+0530][488.725s] Leaving safepoint region
[2025-03-13T12:07:15.125+0530][488.725s] Total time for which application threads were stopped: 0.0002003 seconds, Stopping threads took: 0.0000211 seconds
[2025-03-13T12:07:16.125+0530][489.725s] Application time: 1.0000819 seconds
[2025-03-13T12:07:16.125+0530][489.725s] Entering safepoint region: Cleanup
[2025-03-13T12:07:16.125+0530][489.725s] Leaving safepoint region
[2025-03-13T12:07:16.125+0530][489.725s] Total time for which application threads were stopped: 0.0001096 seconds, Stopping threads took: 0.0000229 seconds
[2025-03-13T12:07:17.125+0530][490.725s] Application time: 1.0000778 seconds
[2025-03-13T12:07:17.125+0530][490.725s] Entering safepoint region: Cleanup
[2025-03-13T12:07:17.126+0530][490.725s] Leaving safepoint region
[2025-03-13T12:07:17.126+0530][490.725s] Total time for which application threads were stopped: 0.0001214 seconds, Stopping threads took: 0.0000211 seconds
[2025-03-13T12:07:18.126+0530][491.726s] Application time: 1.0003358 seconds
[2025-03-13T12:07:18.126+0530][491.726s] Entering safepoint region: Cleanup
[2025-03-13T12:07:18.126+0530][491.726s] Leaving safepoint region
[2025-03-13T12:07:18.126+0530][491.726s] Total time for which application threads were stopped: 0.0001510 seconds, Stopping threads took: 0.0000215 seconds
[2025-03-13T12:07:19.126+0530][492.726s] Application time: 1.0003411 seconds
[2025-03-13T12:07:19.126+0530][492.726s] Entering safepoint region: Cleanup
[2025-03-13T12:07:19.127+0530][492.726s] Leaving safepoint region
[2025-03-13T12:07:19.127+0530][492.726s] Total time for which application threads were stopped: 0.0002037 seconds, Stopping threads took: 0.0000141 seconds
[2025-03-13T12:07:20.127+0530][493.727s] Application time: 1.0003359 seconds
[2025-03-13T12:07:20.127+0530][493.727s] Entering safepoint region: Cleanup
[2025-03-13T12:07:20.127+0530][493.727s] Leaving safepoint region
[2025-03-13T12:07:20.127+0530][493.727s] Total time for which application threads were stopped: 0.0002070 seconds, Stopping threads took: 0.0000137 seconds
[2025-03-13T12:07:21.127+0530][494.727s] Application time: 1.0000786 seconds
[2025-03-13T12:07:21.127+0530][494.727s] Entering safepoint region: Cleanup
[2025-03-13T12:07:21.127+0530][494.727s] Leaving safepoint region
[2025-03-13T12:07:21.127+0530][494.727s] Total time for which application threads were stopped: 0.0001212 seconds, Stopping threads took: 0.0000214 seconds
[2025-03-13T12:07:22.128+0530][495.728s] Application time: 1.0003065 seconds
[2025-03-13T12:07:22.128+0530][495.728s] Entering safepoint region: Cleanup
[2025-03-13T12:07:22.128+0530][495.728s] Leaving safepoint region
[2025-03-13T12:07:22.128+0530][495.728s] Total time for which application threads were stopped: 0.0002034 seconds, Stopping threads took: 0.0000137 seconds
[2025-03-13T12:07:23.128+0530][496.728s] Application time: 1.0001710 seconds
[2025-03-13T12:07:23.128+0530][496.728s] Entering safepoint region: Cleanup
[2025-03-13T12:07:23.128+0530][496.728s] Leaving safepoint region
[2025-03-13T12:07:23.128+0530][496.728s] Total time for which application threads were stopped: 0.0002171 seconds, Stopping threads took: 0.0000261 seconds
[2025-03-13T12:07:24.129+0530][497.729s] Application time: 1.0003444 seconds
[2025-03-13T12:07:24.129+0530][497.729s] Entering safepoint region: Cleanup
[2025-03-13T12:07:24.129+0530][497.729s] Leaving safepoint region
[2025-03-13T12:07:24.129+0530][497.729s] Total time for which application threads were stopped: 0.0002051 seconds, Stopping threads took: 0.0000136 seconds
[2025-03-13T12:07:25.129+0530][498.729s] Application time: 1.0000987 seconds
[2025-03-13T12:07:25.129+0530][498.729s] Entering safepoint region: Cleanup
[2025-03-13T12:07:25.129+0530][498.729s] Leaving safepoint region
[2025-03-13T12:07:25.129+0530][498.729s] Total time for which application threads were stopped: 0.0001489 seconds, Stopping threads took: 0.0000149 seconds
[2025-03-13T12:07:26.129+0530][499.729s] Application time: 1.0000965 seconds
[2025-03-13T12:07:26.129+0530][499.729s] Entering safepoint region: Cleanup
[2025-03-13T12:07:26.130+0530][499.729s] Leaving safepoint region
[2025-03-13T12:07:26.130+0530][499.729s] Total time for which application threads were stopped: 0.0001330 seconds, Stopping threads took: 0.0000133 seconds
[2025-03-13T12:07:27.130+0530][500.730s] Application time: 1.0001720 seconds
[2025-03-13T12:07:27.130+0530][500.730s] Entering safepoint region: Cleanup
[2025-03-13T12:07:27.130+0530][500.730s] Leaving safepoint region
[2025-03-13T12:07:27.130+0530][500.730s] Total time for which application threads were stopped: 0.0001839 seconds, Stopping threads took: 0.0000153 seconds
[2025-03-13T12:07:28.130+0530][501.730s] Application time: 1.0001715 seconds
[2025-03-13T12:07:28.130+0530][501.730s] Entering safepoint region: Cleanup
[2025-03-13T12:07:28.130+0530][501.730s] Leaving safepoint region
[2025-03-13T12:07:28.130+0530][501.730s] Total time for which application threads were stopped: 0.0002059 seconds, Stopping threads took: 0.0000144 seconds
[2025-03-13T12:07:29.131+0530][502.730s] Application time: 1.0000988 seconds
[2025-03-13T12:07:29.131+0530][502.730s] Entering safepoint region: Cleanup
[2025-03-13T12:07:29.131+0530][502.730s] Leaving safepoint region
[2025-03-13T12:07:29.131+0530][502.730s] Total time for which application threads were stopped: 0.0001466 seconds, Stopping threads took: 0.0000249 seconds
[2025-03-13T12:07:30.131+0530][503.731s] Application time: 1.0003300 seconds
[2025-03-13T12:07:30.131+0530][503.731s] Entering safepoint region: Cleanup
[2025-03-13T12:07:30.131+0530][503.731s] Leaving safepoint region
[2025-03-13T12:07:30.131+0530][503.731s] Total time for which application threads were stopped: 0.0002054 seconds, Stopping threads took: 0.0000134 seconds
[2025-03-13T12:07:31.132+0530][504.731s] Application time: 1.0002692 seconds
[2025-03-13T12:07:31.132+0530][504.731s] Entering safepoint region: Cleanup
[2025-03-13T12:07:31.132+0530][504.732s] Leaving safepoint region
[2025-03-13T12:07:31.132+0530][504.732s] Total time for which application threads were stopped: 0.0001735 seconds, Stopping threads took: 0.0000135 seconds
[2025-03-13T12:07:32.132+0530][505.732s] Application time: 1.0003216 seconds
[2025-03-13T12:07:32.132+0530][505.732s] Entering safepoint region: Cleanup
[2025-03-13T12:07:32.132+0530][505.732s] Leaving safepoint region
[2025-03-13T12:07:32.132+0530][505.732s] Total time for which application threads were stopped: 0.0002059 seconds, Stopping threads took: 0.0000134 seconds
[2025-03-13T12:07:33.132+0530][506.732s] Application time: 1.0001007 seconds
[2025-03-13T12:07:33.132+0530][506.732s] Entering safepoint region: Cleanup
[2025-03-13T12:07:33.133+0530][506.732s] Leaving safepoint region
[2025-03-13T12:07:33.133+0530][506.732s] Total time for which application threads were stopped: 0.0000866 seconds, Stopping threads took: 0.0000144 seconds
[2025-03-13T12:07:34.133+0530][507.733s] Application time: 1.0003217 seconds
[2025-03-13T12:07:34.133+0530][507.733s] Entering safepoint region: Cleanup
[2025-03-13T12:07:34.133+0530][507.733s] Leaving safepoint region
[2025-03-13T12:07:34.133+0530][507.733s] Total time for which application threads were stopped: 0.0001062 seconds, Stopping threads took: 0.0000270 seconds
[2025-03-13T12:07:35.133+0530][508.733s] Application time: 1.0003267 seconds
[2025-03-13T12:07:35.133+0530][508.733s] Entering safepoint region: Cleanup
[2025-03-13T12:07:35.133+0530][508.733s] Leaving safepoint region
[2025-03-13T12:07:35.133+0530][508.733s] Total time for which application threads were stopped: 0.0000898 seconds, Stopping threads took: 0.0000133 seconds
[2025-03-13T12:07:36.134+0530][509.733s] Application time: 1.0000923 seconds
[2025-03-13T12:07:36.134+0530][509.733s] Entering safepoint region: Cleanup
[2025-03-13T12:07:36.134+0530][509.733s] Leaving safepoint region
[2025-03-13T12:07:36.134+0530][509.733s] Total time for which application threads were stopped: 0.0000869 seconds, Stopping threads took: 0.0000137 seconds
[2025-03-13T12:07:37.134+0530][510.734s] Application time: 1.0000963 seconds
[2025-03-13T12:07:37.134+0530][510.734s] Entering safepoint region: Cleanup
[2025-03-13T12:07:37.134+0530][510.734s] Leaving safepoint region
[2025-03-13T12:07:37.134+0530][510.734s] Total time for which application threads were stopped: 0.0001215 seconds, Stopping threads took: 0.0000262 seconds
[2025-03-13T12:07:38.134+0530][511.734s] Application time: 1.0003386 seconds
[2025-03-13T12:07:38.134+0530][511.734s] Entering safepoint region: Cleanup
[2025-03-13T12:07:38.134+0530][511.734s] Leaving safepoint region
[2025-03-13T12:07:38.134+0530][511.734s] Total time for which application threads were stopped: 0.0002063 seconds, Stopping threads took: 0.0000136 seconds
[2025-03-13T12:07:39.135+0530][512.735s] Application time: 1.0003390 seconds
[2025-03-13T12:07:39.135+0530][512.735s] Entering safepoint region: Cleanup
[2025-03-13T12:07:39.135+0530][512.735s] Leaving safepoint region
[2025-03-13T12:07:39.135+0530][512.735s] Total time for which application threads were stopped: 0.0002103 seconds, Stopping threads took: 0.0000150 seconds
[2025-03-13T12:07:40.135+0530][513.735s] Application time: 1.0003453 seconds
[2025-03-13T12:07:40.135+0530][513.735s] Entering safepoint region: Cleanup
[2025-03-13T12:07:40.136+0530][513.735s] Leaving safepoint region
[2025-03-13T12:07:40.136+0530][513.735s] Total time for which application threads were stopped: 0.0002059 seconds, Stopping threads took: 0.0000143 seconds
[2025-03-13T12:07:41.136+0530][514.736s] Application time: 1.0001135 seconds
[2025-03-13T12:07:41.136+0530][514.736s] Entering safepoint region: Cleanup
[2025-03-13T12:07:41.136+0530][514.736s] Leaving safepoint region
[2025-03-13T12:07:41.136+0530][514.736s] Total time for which application threads were stopped: 0.0001344 seconds, Stopping threads took: 0.0000139 seconds
[2025-03-13T12:07:42.136+0530][515.736s] Application time: 1.0000865 seconds
[2025-03-13T12:07:42.136+0530][515.736s] Entering safepoint region: Cleanup
[2025-03-13T12:07:42.136+0530][515.736s] Leaving safepoint region
[2025-03-13T12:07:42.136+0530][515.736s] Total time for which application threads were stopped: 0.0000782 seconds, Stopping threads took: 0.0000138 seconds
[2025-03-13T12:07:43.136+0530][516.736s] Application time: 1.0002478 seconds
[2025-03-13T12:07:43.136+0530][516.736s] Entering safepoint region: Cleanup
[2025-03-13T12:07:43.137+0530][516.736s] Leaving safepoint region
[2025-03-13T12:07:43.137+0530][516.736s] Total time for which application threads were stopped: 0.0001503 seconds, Stopping threads took: 0.0000274 seconds
[2025-03-13T12:07:44.137+0530][517.737s] Application time: 1.0002662 seconds
[2025-03-13T12:07:44.137+0530][517.737s] Entering safepoint region: Cleanup
[2025-03-13T12:07:44.137+0530][517.737s] Leaving safepoint region
[2025-03-13T12:07:44.137+0530][517.737s] Total time for which application threads were stopped: 0.0002073 seconds, Stopping threads took: 0.0000144 seconds
[2025-03-13T12:07:45.137+0530][518.737s] Application time: 1.0000743 seconds
[2025-03-13T12:07:45.137+0530][518.737s] Entering safepoint region: Cleanup
[2025-03-13T12:07:45.137+0530][518.737s] Leaving safepoint region
[2025-03-13T12:07:45.137+0530][518.737s] Total time for which application threads were stopped: 0.0001200 seconds, Stopping threads took: 0.0000210 seconds
[2025-03-13T12:07:46.138+0530][519.737s] Application time: 1.0003117 seconds
[2025-03-13T12:07:46.138+0530][519.738s] Entering safepoint region: Cleanup
[2025-03-13T12:07:46.138+0530][519.738s] Leaving safepoint region
[2025-03-13T12:07:46.138+0530][519.738s] Total time for which application threads were stopped: 0.0002140 seconds, Stopping threads took: 0.0000136 seconds
[2025-03-13T12:07:47.138+0530][520.738s] Application time: 1.0000692 seconds
[2025-03-13T12:07:47.138+0530][520.738s] Entering safepoint region: Cleanup
[2025-03-13T12:07:47.138+0530][520.738s] Leaving safepoint region
[2025-03-13T12:07:47.138+0530][520.738s] Total time for which application threads were stopped: 0.0001058 seconds, Stopping threads took: 0.0000161 seconds
[2025-03-13T12:07:48.138+0530][521.738s] Application time: 1.0003411 seconds
[2025-03-13T12:07:48.139+0530][521.738s] Entering safepoint region: Cleanup
[2025-03-13T12:07:48.139+0530][521.738s] Leaving safepoint region
[2025-03-13T12:07:48.139+0530][521.739s] Total time for which application threads were stopped: 0.0002014 seconds, Stopping threads took: 0.0000135 seconds
[2025-03-13T12:07:49.139+0530][522.739s] Application time: 1.0001074 seconds
[2025-03-13T12:07:49.139+0530][522.739s] Entering safepoint region: Cleanup
[2025-03-13T12:07:49.139+0530][522.739s] Leaving safepoint region
[2025-03-13T12:07:49.139+0530][522.739s] Total time for which application threads were stopped: 0.0000800 seconds, Stopping threads took: 0.0000138 seconds
[2025-03-13T12:07:50.139+0530][523.739s] Application time: 1.0003249 seconds
[2025-03-13T12:07:50.139+0530][523.739s] Entering safepoint region: Cleanup
[2025-03-13T12:07:50.139+0530][523.739s] Leaving safepoint region
[2025-03-13T12:07:50.139+0530][523.739s] Total time for which application threads were stopped: 0.0001055 seconds, Stopping threads took: 0.0000139 seconds
[2025-03-13T12:07:51.140+0530][524.740s] Application time: 1.0003415 seconds
[2025-03-13T12:07:51.140+0530][524.740s] Entering safepoint region: Cleanup
[2025-03-13T12:07:51.140+0530][524.740s] Leaving safepoint region
[2025-03-13T12:07:51.140+0530][524.740s] Total time for which application threads were stopped: 0.0000923 seconds, Stopping threads took: 0.0000146 seconds
[2025-03-13T12:07:52.140+0530][525.740s] Application time: 1.0003402 seconds
[2025-03-13T12:07:52.140+0530][525.740s] Entering safepoint region: Cleanup
[2025-03-13T12:07:52.140+0530][525.740s] Leaving safepoint region
[2025-03-13T12:07:52.140+0530][525.740s] Total time for which application threads were stopped: 0.0000879 seconds, Stopping threads took: 0.0000135 seconds
[2025-03-13T12:07:53.140+0530][526.740s] Application time: 1.0000950 seconds
[2025-03-13T12:07:53.140+0530][526.740s] Entering safepoint region: Cleanup
[2025-03-13T12:07:53.141+0530][526.740s] Leaving safepoint region
[2025-03-13T12:07:53.141+0530][526.740s] Total time for which application threads were stopped: 0.0000816 seconds, Stopping threads took: 0.0000136 seconds
[2025-03-13T12:07:54.141+0530][527.741s] Application time: 1.0003413 seconds
[2025-03-13T12:07:54.141+0530][527.741s] Entering safepoint region: Cleanup
[2025-03-13T12:07:54.141+0530][527.741s] Leaving safepoint region
[2025-03-13T12:07:54.141+0530][527.741s] Total time for which application threads were stopped: 0.0000893 seconds, Stopping threads took: 0.0000138 seconds
[2025-03-13T12:07:55.141+0530][528.741s] Application time: 1.0000744 seconds
[2025-03-13T12:07:55.141+0530][528.741s] Entering safepoint region: Cleanup
[2025-03-13T12:07:55.141+0530][528.741s] Leaving safepoint region
[2025-03-13T12:07:55.141+0530][528.741s] Total time for which application threads were stopped: 0.0000909 seconds, Stopping threads took: 0.0000139 seconds
[2025-03-13T12:07:56.142+0530][529.741s] Application time: 1.0003439 seconds
[2025-03-13T12:07:56.142+0530][529.741s] Entering safepoint region: Cleanup
[2025-03-13T12:07:56.142+0530][529.741s] Leaving safepoint region
[2025-03-13T12:07:56.142+0530][529.742s] Total time for which application threads were stopped: 0.0000936 seconds, Stopping threads took: 0.0000146 seconds
[2025-03-13T12:07:57.142+0530][530.742s] Application time: 1.0001025 seconds
[2025-03-13T12:07:57.142+0530][530.742s] Entering safepoint region: Cleanup
[2025-03-13T12:07:57.142+0530][530.742s] Leaving safepoint region
[2025-03-13T12:07:57.142+0530][530.742s] Total time for which application threads were stopped: 0.0000808 seconds, Stopping threads took: 0.0000133 seconds
[2025-03-13T12:07:58.142+0530][531.742s] Application time: 1.0000713 seconds
[2025-03-13T12:07:58.142+0530][531.742s] Entering safepoint region: Cleanup
[2025-03-13T12:07:58.142+0530][531.742s] Leaving safepoint region
[2025-03-13T12:07:58.142+0530][531.742s] Total time for which application threads were stopped: 0.0001209 seconds, Stopping threads took: 0.0000199 seconds
[2025-03-13T12:07:59.142+0530][532.742s] Application time: 1.0001693 seconds
[2025-03-13T12:07:59.142+0530][532.742s] Entering safepoint region: Cleanup
[2025-03-13T12:07:59.143+0530][532.742s] Leaving safepoint region
[2025-03-13T12:07:59.143+0530][532.742s] Total time for which application threads were stopped: 0.0002141 seconds, Stopping threads took: 0.0000235 seconds
[2025-03-13T12:08:00.143+0530][533.743s] Application time: 1.0003402 seconds
[2025-03-13T12:08:00.143+0530][533.743s] Entering safepoint region: Cleanup
[2025-03-13T12:08:00.143+0530][533.743s] Leaving safepoint region
[2025-03-13T12:08:00.143+0530][533.743s] Total time for which application threads were stopped: 0.0002086 seconds, Stopping threads took: 0.0000137 seconds
[2025-03-13T12:08:01.143+0530][534.743s] Application time: 1.0000970 seconds
[2025-03-13T12:08:01.143+0530][534.743s] Entering safepoint region: Cleanup
[2025-03-13T12:08:01.143+0530][534.743s] Leaving safepoint region
[2025-03-13T12:08:01.143+0530][534.743s] Total time for which application threads were stopped: 0.0001330 seconds, Stopping threads took: 0.0000132 seconds
[2025-03-13T12:08:02.144+0530][535.744s] Application time: 1.0003533 seconds
[2025-03-13T12:08:02.144+0530][535.744s] Entering safepoint region: Cleanup
[2025-03-13T12:08:02.144+0530][535.744s] Leaving safepoint region
[2025-03-13T12:08:02.144+0530][535.744s] Total time for which application threads were stopped: 0.0002084 seconds, Stopping threads took: 0.0000146 seconds
[2025-03-13T12:08:03.144+0530][536.744s] Application time: 1.0001674 seconds
[2025-03-13T12:08:03.144+0530][536.744s] Entering safepoint region: Cleanup
[2025-03-13T12:08:03.144+0530][536.744s] Leaving safepoint region
[2025-03-13T12:08:03.144+0530][536.744s] Total time for which application threads were stopped: 0.0001914 seconds, Stopping threads took: 0.0000131 seconds
[2025-03-13T12:08:04.145+0530][537.745s] Application time: 1.0003176 seconds
[2025-03-13T12:08:04.145+0530][537.745s] Entering safepoint region: Cleanup
[2025-03-13T12:08:04.145+0530][537.745s] Leaving safepoint region
[2025-03-13T12:08:04.145+0530][537.745s] Total time for which application threads were stopped: 0.0001725 seconds, Stopping threads took: 0.0000286 seconds
[2025-03-13T12:08:05.145+0530][538.745s] Application time: 1.0000966 seconds
[2025-03-13T12:08:05.145+0530][538.745s] Entering safepoint region: Cleanup
[2025-03-13T12:08:05.145+0530][538.745s] Leaving safepoint region
[2025-03-13T12:08:05.145+0530][538.745s] Total time for which application threads were stopped: 0.0000905 seconds, Stopping threads took: 0.0000154 seconds
[2025-03-13T12:08:06.145+0530][539.745s] Application time: 1.0000970 seconds
[2025-03-13T12:08:06.145+0530][539.745s] Entering safepoint region: Cleanup
[2025-03-13T12:08:06.145+0530][539.745s] Leaving safepoint region
[2025-03-13T12:08:06.145+0530][539.745s] Total time for which application threads were stopped: 0.0000872 seconds, Stopping threads took: 0.0000151 seconds
[2025-03-13T12:08:07.145+0530][540.745s] Application time: 1.0000980 seconds
[2025-03-13T12:08:07.146+0530][540.745s] Entering safepoint region: Cleanup
[2025-03-13T12:08:07.146+0530][540.745s] Leaving safepoint region
[2025-03-13T12:08:07.146+0530][540.745s] Total time for which application threads were stopped: 0.0000844 seconds, Stopping threads took: 0.0000145 seconds
[2025-03-13T12:08:08.146+0530][541.746s] Application time: 1.0003130 seconds
[2025-03-13T12:08:08.146+0530][541.746s] Entering safepoint region: Cleanup
[2025-03-13T12:08:08.146+0530][541.746s] Leaving safepoint region
[2025-03-13T12:08:08.146+0530][541.746s] Total time for which application threads were stopped: 0.0000857 seconds, Stopping threads took: 0.0000134 seconds
[2025-03-13T12:08:09.146+0530][542.746s] Application time: 1.0000970 seconds
[2025-03-13T12:08:09.146+0530][542.746s] Entering safepoint region: Cleanup
[2025-03-13T12:08:09.146+0530][542.746s] Leaving safepoint region
[2025-03-13T12:08:09.146+0530][542.746s] Total time for which application threads were stopped: 0.0000822 seconds, Stopping threads took: 0.0000141 seconds
[2025-03-13T12:08:10.146+0530][543.746s] Application time: 1.0000895 seconds
[2025-03-13T12:08:10.146+0530][543.746s] Entering safepoint region: Cleanup
[2025-03-13T12:08:10.146+0530][543.746s] Leaving safepoint region
[2025-03-13T12:08:10.146+0530][543.746s] Total time for which application threads were stopped: 0.0000888 seconds, Stopping threads took: 0.0000146 seconds
[2025-03-13T12:08:11.147+0530][544.746s] Application time: 1.0001675 seconds
[2025-03-13T12:08:11.147+0530][544.746s] Entering safepoint region: Cleanup
[2025-03-13T12:08:11.147+0530][544.747s] Leaving safepoint region
[2025-03-13T12:08:11.147+0530][544.747s] Total time for which application threads were stopped: 0.0001090 seconds, Stopping threads took: 0.0000144 seconds
[2025-03-13T12:08:12.147+0530][545.747s] Application time: 1.0003415 seconds
[2025-03-13T12:08:12.147+0530][545.747s] Entering safepoint region: Cleanup
[2025-03-13T12:08:12.147+0530][545.747s] Leaving safepoint region
[2025-03-13T12:08:12.147+0530][545.747s] Total time for which application threads were stopped: 0.0000921 seconds, Stopping threads took: 0.0000143 seconds
[2025-03-13T12:08:13.147+0530][546.747s] Application time: 1.0000969 seconds
[2025-03-13T12:08:13.147+0530][546.747s] Entering safepoint region: Cleanup
[2025-03-13T12:08:13.147+0530][546.747s] Leaving safepoint region
[2025-03-13T12:08:13.147+0530][546.747s] Total time for which application threads were stopped: 0.0000825 seconds, Stopping threads took: 0.0000158 seconds
[2025-03-13T12:08:14.148+0530][547.747s] Application time: 1.0000721 seconds
[2025-03-13T12:08:14.148+0530][547.747s] Entering safepoint region: Cleanup
[2025-03-13T12:08:14.148+0530][547.748s] Leaving safepoint region
[2025-03-13T12:08:14.148+0530][547.748s] Total time for which application threads were stopped: 0.0001240 seconds, Stopping threads took: 0.0000211 seconds
[2025-03-13T12:08:15.148+0530][548.748s] Application time: 1.0003431 seconds
[2025-03-13T12:08:15.148+0530][548.748s] Entering safepoint region: Cleanup
[2025-03-13T12:08:15.148+0530][548.748s] Leaving safepoint region
[2025-03-13T12:08:15.148+0530][548.748s] Total time for which application threads were stopped: 0.0002114 seconds, Stopping threads took: 0.0000137 seconds
[2025-03-13T12:08:16.149+0530][549.748s] Application time: 1.0003365 seconds
[2025-03-13T12:08:16.149+0530][549.748s] Entering safepoint region: Cleanup
[2025-03-13T12:08:16.149+0530][549.749s] Leaving safepoint region
[2025-03-13T12:08:16.149+0530][549.749s] Total time for which application threads were stopped: 0.0002213 seconds, Stopping threads took: 0.0000140 seconds
[2025-03-13T12:08:17.149+0530][550.749s] Application time: 1.0000722 seconds
[2025-03-13T12:08:17.149+0530][550.749s] Entering safepoint region: Cleanup
[2025-03-13T12:08:17.149+0530][550.749s] Leaving safepoint region
[2025-03-13T12:08:17.149+0530][550.749s] Total time for which application threads were stopped: 0.0000975 seconds, Stopping threads took: 0.0000198 seconds
[2025-03-13T12:08:18.149+0530][551.749s] Application time: 1.0002290 seconds
[2025-03-13T12:08:18.149+0530][551.749s] Entering safepoint region: Cleanup
[2025-03-13T12:08:18.150+0530][551.749s] Leaving safepoint region
[2025-03-13T12:08:18.150+0530][551.749s] Total time for which application threads were stopped: 0.0002091 seconds, Stopping threads took: 0.0000135 seconds
[2025-03-13T12:08:19.150+0530][552.750s] Application time: 1.0000792 seconds
[2025-03-13T12:08:19.150+0530][552.750s] Entering safepoint region: Cleanup
[2025-03-13T12:08:19.150+0530][552.750s] Leaving safepoint region
[2025-03-13T12:08:19.150+0530][552.750s] Total time for which application threads were stopped: 0.0001234 seconds, Stopping threads took: 0.0000221 seconds
[2025-03-13T12:08:20.150+0530][553.750s] Application time: 1.0002870 seconds
[2025-03-13T12:08:20.150+0530][553.750s] Entering safepoint region: Cleanup
[2025-03-13T12:08:20.150+0530][553.750s] Leaving safepoint region
[2025-03-13T12:08:20.150+0530][553.750s] Total time for which application threads were stopped: 0.0002047 seconds, Stopping threads took: 0.0000138 seconds
[2025-03-13T12:08:21.150+0530][554.750s] Application time: 1.0000983 seconds
[2025-03-13T12:08:21.151+0530][554.750s] Entering safepoint region: Cleanup
[2025-03-13T12:08:21.151+0530][554.750s] Leaving safepoint region
[2025-03-13T12:08:21.151+0530][554.750s] Total time for which application threads were stopped: 0.0000814 seconds, Stopping threads took: 0.0000134 seconds
[2025-03-13T12:08:22.151+0530][555.751s] Application time: 1.0001822 seconds
[2025-03-13T12:08:22.151+0530][555.751s] Entering safepoint region: Cleanup
[2025-03-13T12:08:22.151+0530][555.751s] Leaving safepoint region
[2025-03-13T12:08:22.151+0530][555.751s] Total time for which application threads were stopped: 0.0001104 seconds, Stopping threads took: 0.0000164 seconds
[2025-03-13T12:08:23.151+0530][556.751s] Application time: 1.0003482 seconds
[2025-03-13T12:08:23.151+0530][556.751s] Entering safepoint region: Cleanup
[2025-03-13T12:08:23.151+0530][556.751s] Leaving safepoint region
[2025-03-13T12:08:23.151+0530][556.751s] Total time for which application threads were stopped: 0.0000898 seconds, Stopping threads took: 0.0000143 seconds
[2025-03-13T12:08:24.152+0530][557.752s] Application time: 1.0003416 seconds
[2025-03-13T12:08:24.152+0530][557.752s] Entering safepoint region: Cleanup
[2025-03-13T12:08:24.152+0530][557.752s] Leaving safepoint region
[2025-03-13T12:08:24.152+0530][557.752s] Total time for which application threads were stopped: 0.0000905 seconds, Stopping threads took: 0.0000138 seconds
[2025-03-13T12:08:25.152+0530][558.752s] Application time: 1.0000758 seconds
[2025-03-13T12:08:25.152+0530][558.752s] Entering safepoint region: Cleanup
[2025-03-13T12:08:25.152+0530][558.752s] Leaving safepoint region
[2025-03-13T12:08:25.152+0530][558.752s] Total time for which application threads were stopped: 0.0001264 seconds, Stopping threads took: 0.0000201 seconds
[2025-03-13T12:08:26.152+0530][559.752s] Application time: 1.0003426 seconds
[2025-03-13T12:08:26.153+0530][559.752s] Entering safepoint region: Cleanup
[2025-03-13T12:08:26.153+0530][559.753s] Leaving safepoint region
[2025-03-13T12:08:26.153+0530][559.753s] Total time for which application threads were stopped: 0.0002049 seconds, Stopping threads took: 0.0000133 seconds
[2025-03-13T12:08:27.153+0530][560.753s] Application time: 1.0002889 seconds
[2025-03-13T12:08:27.153+0530][560.753s] Entering safepoint region: Cleanup
[2025-03-13T12:08:27.153+0530][560.753s] Leaving safepoint region
[2025-03-13T12:08:27.153+0530][560.753s] Total time for which application threads were stopped: 0.0002032 seconds, Stopping threads took: 0.0000133 seconds
[2025-03-13T12:08:28.154+0530][561.753s] Application time: 1.0003403 seconds
[2025-03-13T12:08:28.154+0530][561.753s] Entering safepoint region: Cleanup
[2025-03-13T12:08:28.154+0530][561.754s] Leaving safepoint region
[2025-03-13T12:08:28.154+0530][561.754s] Total time for which application threads were stopped: 0.0001767 seconds, Stopping threads took: 0.0000138 seconds
[2025-03-13T12:08:29.154+0530][562.754s] Application time: 1.0000686 seconds
[2025-03-13T12:08:29.154+0530][562.754s] Entering safepoint region: Cleanup
[2025-03-13T12:08:29.154+0530][562.754s] Leaving safepoint region
[2025-03-13T12:08:29.154+0530][562.754s] Total time for which application threads were stopped: 0.0001336 seconds, Stopping threads took: 0.0000133 seconds
[2025-03-13T12:08:30.154+0530][563.754s] Application time: 1.0000960 seconds
[2025-03-13T12:08:30.154+0530][563.754s] Entering safepoint region: Cleanup
[2025-03-13T12:08:30.154+0530][563.754s] Leaving safepoint region
[2025-03-13T12:08:30.154+0530][563.754s] Total time for which application threads were stopped: 0.0000883 seconds, Stopping threads took: 0.0000217 seconds
[2025-03-13T12:08:31.155+0530][564.754s] Application time: 1.0003425 seconds
[2025-03-13T12:08:31.155+0530][564.754s] Entering safepoint region: Cleanup
[2025-03-13T12:08:31.155+0530][564.755s] Leaving safepoint region
[2025-03-13T12:08:31.155+0530][564.755s] Total time for which application threads were stopped: 0.0000902 seconds, Stopping threads took: 0.0000155 seconds
[2025-03-13T12:08:32.155+0530][565.755s] Application time: 1.0003433 seconds
[2025-03-13T12:08:32.155+0530][565.755s] Entering safepoint region: Cleanup
[2025-03-13T12:08:32.155+0530][565.755s] Leaving safepoint region
[2025-03-13T12:08:32.155+0530][565.755s] Total time for which application threads were stopped: 0.0000975 seconds, Stopping threads took: 0.0000137 seconds
[2025-03-13T12:08:33.155+0530][566.755s] Application time: 1.0000973 seconds
[2025-03-13T12:08:33.155+0530][566.755s] Entering safepoint region: Cleanup
[2025-03-13T12:08:33.155+0530][566.755s] Leaving safepoint region
[2025-03-13T12:08:33.155+0530][566.755s] Total time for which application threads were stopped: 0.0000822 seconds, Stopping threads took: 0.0000139 seconds
[2025-03-13T12:08:34.156+0530][567.756s] Application time: 1.0003051 seconds
[2025-03-13T12:08:34.156+0530][567.756s] Entering safepoint region: Cleanup
[2025-03-13T12:08:34.156+0530][567.756s] Leaving safepoint region
[2025-03-13T12:08:34.156+0530][567.756s] Total time for which application threads were stopped: 0.0001312 seconds, Stopping threads took: 0.0000297 seconds
[2025-03-13T12:08:35.156+0530][568.756s] Application time: 1.0000742 seconds
[2025-03-13T12:08:35.156+0530][568.756s] Entering safepoint region: Cleanup
[2025-03-13T12:08:35.156+0530][568.756s] Leaving safepoint region
[2025-03-13T12:08:35.156+0530][568.756s] Total time for which application threads were stopped: 0.0001131 seconds, Stopping threads took: 0.0000192 seconds
[2025-03-13T12:08:36.156+0530][569.756s] Application time: 1.0003412 seconds
[2025-03-13T12:08:36.157+0530][569.756s] Entering safepoint region: Cleanup
[2025-03-13T12:08:36.157+0530][569.756s] Leaving safepoint region
[2025-03-13T12:08:36.157+0530][569.757s] Total time for which application threads were stopped: 0.0002023 seconds, Stopping threads took: 0.0000133 seconds
[2025-03-13T12:08:37.157+0530][570.757s] Application time: 1.0000984 seconds
[2025-03-13T12:08:37.157+0530][570.757s] Entering safepoint region: Cleanup
[2025-03-13T12:08:37.157+0530][570.757s] Leaving safepoint region
[2025-03-13T12:08:37.157+0530][570.757s] Total time for which application threads were stopped: 0.0001454 seconds, Stopping threads took: 0.0000144 seconds
[2025-03-13T12:08:38.157+0530][571.757s] Application time: 1.0000842 seconds
[2025-03-13T12:08:38.157+0530][571.757s] Entering safepoint region: Cleanup
[2025-03-13T12:08:38.157+0530][571.757s] Leaving safepoint region
[2025-03-13T12:08:38.157+0530][571.757s] Total time for which application threads were stopped: 0.0002024 seconds, Stopping threads took: 0.0000139 seconds
[2025-03-13T12:08:39.158+0530][572.757s] Application time: 1.0003422 seconds
[2025-03-13T12:08:39.158+0530][572.757s] Entering safepoint region: Cleanup
[2025-03-13T12:08:39.158+0530][572.758s] Leaving safepoint region
[2025-03-13T12:08:39.158+0530][572.758s] Total time for which application threads were stopped: 0.0002156 seconds, Stopping threads took: 0.0000137 seconds
[2025-03-13T12:08:40.158+0530][573.758s] Application time: 1.0000730 seconds
[2025-03-13T12:08:40.158+0530][573.758s] Entering safepoint region: Cleanup
[2025-03-13T12:08:40.158+0530][573.758s] Leaving safepoint region
[2025-03-13T12:08:40.158+0530][573.758s] Total time for which application threads were stopped: 0.0002013 seconds, Stopping threads took: 0.0000135 seconds
[2025-03-13T12:08:41.158+0530][574.758s] Application time: 1.0001029 seconds
[2025-03-13T12:08:41.158+0530][574.758s] Entering safepoint region: Cleanup
[2025-03-13T12:08:41.158+0530][574.758s] Leaving safepoint region
[2025-03-13T12:08:41.158+0530][574.758s] Total time for which application threads were stopped: 0.0000864 seconds, Stopping threads took: 0.0000140 seconds
[2025-03-13T12:08:42.159+0530][575.759s] Application time: 1.0003021 seconds
[2025-03-13T12:08:42.159+0530][575.759s] Entering safepoint region: Cleanup
[2025-03-13T12:08:42.159+0530][575.759s] Leaving safepoint region
[2025-03-13T12:08:42.159+0530][575.759s] Total time for which application threads were stopped: 0.0000907 seconds, Stopping threads took: 0.0000152 seconds
[2025-03-13T12:08:43.159+0530][576.759s] Application time: 1.0002829 seconds
[2025-03-13T12:08:43.159+0530][576.759s] Entering safepoint region: Cleanup
[2025-03-13T12:08:43.159+0530][576.759s] Leaving safepoint region
[2025-03-13T12:08:43.159+0530][576.759s] Total time for which application threads were stopped: 0.0000892 seconds, Stopping threads took: 0.0000134 seconds
[2025-03-13T12:08:44.160+0530][577.759s] Application time: 1.0003382 seconds
[2025-03-13T12:08:44.160+0530][577.759s] Entering safepoint region: Cleanup
[2025-03-13T12:08:44.160+0530][577.760s] Leaving safepoint region
[2025-03-13T12:08:44.160+0530][577.760s] Total time for which application threads were stopped: 0.0000904 seconds, Stopping threads took: 0.0000134 seconds
[2025-03-13T12:08:45.160+0530][578.760s] Application time: 1.0000696 seconds
[2025-03-13T12:08:45.160+0530][578.760s] Entering safepoint region: Cleanup
[2025-03-13T12:08:45.160+0530][578.760s] Leaving safepoint region
[2025-03-13T12:08:45.160+0530][578.760s] Total time for which application threads were stopped: 0.0000837 seconds, Stopping threads took: 0.0000143 seconds
[2025-03-13T12:08:46.160+0530][579.760s] Application time: 1.0001566 seconds
[2025-03-13T12:08:46.160+0530][579.760s] Entering safepoint region: Cleanup
[2025-03-13T12:08:46.160+0530][579.760s] Leaving safepoint region
[2025-03-13T12:08:46.160+0530][579.760s] Total time for which application threads were stopped: 0.0001621 seconds, Stopping threads took: 0.0000235 seconds
[2025-03-13T12:08:47.161+0530][580.760s] Application time: 1.0003089 seconds
[2025-03-13T12:08:47.161+0530][580.760s] Entering safepoint region: Cleanup
[2025-03-13T12:08:47.161+0530][580.761s] Leaving safepoint region
[2025-03-13T12:08:47.161+0530][580.761s] Total time for which application threads were stopped: 0.0002286 seconds, Stopping threads took: 0.0000146 seconds
[2025-03-13T12:08:48.161+0530][581.761s] Application time: 1.0003114 seconds
[2025-03-13T12:08:48.161+0530][581.761s] Entering safepoint region: Cleanup
[2025-03-13T12:08:48.161+0530][581.761s] Leaving safepoint region
[2025-03-13T12:08:48.161+0530][581.761s] Total time for which application threads were stopped: 0.0002086 seconds, Stopping threads took: 0.0000140 seconds
[2025-03-13T12:08:49.162+0530][582.761s] Application time: 1.0001044 seconds
[2025-03-13T12:08:49.162+0530][582.761s] Entering safepoint region: Cleanup
[2025-03-13T12:08:49.162+0530][582.761s] Leaving safepoint region
[2025-03-13T12:08:49.162+0530][582.761s] Total time for which application threads were stopped: 0.0001059 seconds, Stopping threads took: 0.0000142 seconds
[2025-03-13T12:08:50.162+0530][583.762s] Application time: 1.0003442 seconds
[2025-03-13T12:08:50.162+0530][583.762s] Entering safepoint region: Cleanup
[2025-03-13T12:08:50.162+0530][583.762s] Leaving safepoint region
[2025-03-13T12:08:50.162+0530][583.762s] Total time for which application threads were stopped: 0.0000927 seconds, Stopping threads took: 0.0000143 seconds
[2025-03-13T12:08:51.162+0530][584.762s] Application time: 1.0000752 seconds
[2025-03-13T12:08:51.162+0530][584.762s] Entering safepoint region: Cleanup
[2025-03-13T12:08:51.162+0530][584.762s] Leaving safepoint region
[2025-03-13T12:08:51.162+0530][584.762s] Total time for which application threads were stopped: 0.0000977 seconds, Stopping threads took: 0.0000220 seconds
[2025-03-13T12:08:52.163+0530][585.763s] Application time: 1.0003432 seconds
[2025-03-13T12:08:52.163+0530][585.763s] Entering safepoint region: Cleanup
[2025-03-13T12:08:52.163+0530][585.763s] Leaving safepoint region
[2025-03-13T12:08:52.163+0530][585.763s] Total time for which application threads were stopped: 0.0001499 seconds, Stopping threads took: 0.0000153 seconds
[2025-03-13T12:08:53.163+0530][586.763s] Application time: 1.0000934 seconds
[2025-03-13T12:08:53.163+0530][586.763s] Entering safepoint region: Cleanup
[2025-03-13T12:08:53.163+0530][586.763s] Leaving safepoint region
[2025-03-13T12:08:53.163+0530][586.763s] Total time for which application threads were stopped: 0.0001360 seconds, Stopping threads took: 0.0000136 seconds
[2025-03-13T12:08:54.164+0530][587.763s] Application time: 1.0003357 seconds
[2025-03-13T12:08:54.164+0530][587.763s] Entering safepoint region: Cleanup
[2025-03-13T12:08:54.164+0530][587.764s] Leaving safepoint region
[2025-03-13T12:08:54.164+0530][587.764s] Total time for which application threads were stopped: 0.0001384 seconds, Stopping threads took: 0.0000212 seconds
[2025-03-13T12:08:55.164+0530][588.764s] Application time: 1.0003418 seconds
[2025-03-13T12:08:55.164+0530][588.764s] Entering safepoint region: Cleanup
[2025-03-13T12:08:55.164+0530][588.764s] Leaving safepoint region
[2025-03-13T12:08:55.164+0530][588.764s] Total time for which application threads were stopped: 0.0002042 seconds, Stopping threads took: 0.0000133 seconds
[2025-03-13T12:08:56.164+0530][589.764s] Application time: 1.0001741 seconds
[2025-03-13T12:08:56.165+0530][589.764s] Entering safepoint region: Cleanup
[2025-03-13T12:08:56.165+0530][589.764s] Leaving safepoint region
[2025-03-13T12:08:56.165+0530][589.764s] Total time for which application threads were stopped: 0.0001662 seconds, Stopping threads took: 0.0000133 seconds
[2025-03-13T12:08:57.165+0530][590.765s] Application time: 1.0000969 seconds
[2025-03-13T12:08:57.165+0530][590.765s] Entering safepoint region: Cleanup
[2025-03-13T12:08:57.165+0530][590.765s] Leaving safepoint region
[2025-03-13T12:08:57.165+0530][590.765s] Total time for which application threads were stopped: 0.0001316 seconds, Stopping threads took: 0.0000137 seconds
[2025-03-13T12:08:58.165+0530][591.765s] Application time: 1.0000759 seconds
[2025-03-13T12:08:58.165+0530][591.765s] Entering safepoint region: Cleanup
[2025-03-13T12:08:58.165+0530][591.765s] Leaving safepoint region
[2025-03-13T12:08:58.165+0530][591.765s] Total time for which application threads were stopped: 0.0002010 seconds, Stopping threads took: 0.0000135 seconds
[2025-03-13T12:08:59.165+0530][592.765s] Application time: 1.0001028 seconds
[2025-03-13T12:08:59.165+0530][592.765s] Entering safepoint region: Cleanup
[2025-03-13T12:08:59.166+0530][592.765s] Leaving safepoint region
[2025-03-13T12:08:59.166+0530][592.765s] Total time for which application threads were stopped: 0.0002063 seconds, Stopping threads took: 0.0000140 seconds
[2025-03-13T12:09:00.166+0530][593.766s] Application time: 1.0003247 seconds
[2025-03-13T12:09:00.166+0530][593.766s] Entering safepoint region: Cleanup
[2025-03-13T12:09:00.166+0530][593.766s] Leaving safepoint region
[2025-03-13T12:09:00.166+0530][593.766s] Total time for which application threads were stopped: 0.0001402 seconds, Stopping threads took: 0.0000210 seconds
[2025-03-13T12:09:01.166+0530][594.766s] Application time: 1.0000743 seconds
[2025-03-13T12:09:01.166+0530][594.766s] Entering safepoint region: Cleanup
[2025-03-13T12:09:01.167+0530][594.766s] Leaving safepoint region
[2025-03-13T12:09:01.167+0530][594.766s] Total time for which application threads were stopped: 0.0003779 seconds, Stopping threads took: 0.0000381 seconds
[2025-03-13T12:09:02.167+0530][595.767s] Application time: 1.0003403 seconds
[2025-03-13T12:09:02.167+0530][595.767s] Entering safepoint region: Cleanup
[2025-03-13T12:09:02.167+0530][595.767s] Leaving safepoint region
[2025-03-13T12:09:02.167+0530][595.767s] Total time for which application threads were stopped: 0.0002031 seconds, Stopping threads took: 0.0000138 seconds
[2025-03-13T12:09:03.167+0530][596.767s] Application time: 1.0001274 seconds
[2025-03-13T12:09:03.167+0530][596.767s] Entering safepoint region: Cleanup
[2025-03-13T12:09:03.168+0530][596.767s] Leaving safepoint region
[2025-03-13T12:09:03.168+0530][596.767s] Total time for which application threads were stopped: 0.0001482 seconds, Stopping threads took: 0.0000233 seconds
[2025-03-13T12:09:04.168+0530][597.768s] Application time: 1.0003244 seconds
[2025-03-13T12:09:04.168+0530][597.768s] Entering safepoint region: Cleanup
[2025-03-13T12:09:04.168+0530][597.768s] Leaving safepoint region
[2025-03-13T12:09:04.168+0530][597.768s] Total time for which application threads were stopped: 0.0003051 seconds, Stopping threads took: 0.0000262 seconds
[2025-03-13T12:09:05.168+0530][598.768s] Application time: 1.0000718 seconds
[2025-03-13T12:09:05.168+0530][598.768s] Entering safepoint region: Cleanup
[2025-03-13T12:09:05.168+0530][598.768s] Leaving safepoint region
[2025-03-13T12:09:05.168+0530][598.768s] Total time for which application threads were stopped: 0.0001244 seconds, Stopping threads took: 0.0000224 seconds
[2025-03-13T12:09:06.169+0530][599.768s] Application time: 1.0001888 seconds
[2025-03-13T12:09:06.169+0530][599.768s] Entering safepoint region: Cleanup
[2025-03-13T12:09:06.169+0530][599.769s] Leaving safepoint region
[2025-03-13T12:09:06.169+0530][599.769s] Total time for which application threads were stopped: 0.0001254 seconds, Stopping threads took: 0.0000232 seconds
[2025-03-13T12:09:07.169+0530][600.769s] Application time: 1.0000740 seconds
[2025-03-13T12:09:07.169+0530][600.769s] Entering safepoint region: Cleanup
[2025-03-13T12:09:07.169+0530][600.769s] Leaving safepoint region
[2025-03-13T12:09:07.169+0530][600.769s] Total time for which application threads were stopped: 0.0001412 seconds, Stopping threads took: 0.0000234 seconds
[2025-03-13T12:09:08.169+0530][601.769s] Application time: 1.0003264 seconds
[2025-03-13T12:09:08.169+0530][601.769s] Entering safepoint region: Cleanup
[2025-03-13T12:09:08.170+0530][601.769s] Leaving safepoint region
[2025-03-13T12:09:08.170+0530][601.769s] Total time for which application threads were stopped: 0.0001562 seconds, Stopping threads took: 0.0000172 seconds
[2025-03-13T12:09:09.171+0530][602.771s] Application time: 1.0012181 seconds
[2025-03-13T12:09:09.171+0530][602.771s] Entering safepoint region: Cleanup
[2025-03-13T12:09:09.171+0530][602.771s] Leaving safepoint region
[2025-03-13T12:09:09.171+0530][602.771s] Total time for which application threads were stopped: 0.0001779 seconds, Stopping threads took: 0.0000216 seconds
[2025-03-13T12:09:10.171+0530][603.771s] Application time: 1.0003426 seconds
[2025-03-13T12:09:10.171+0530][603.771s] Entering safepoint region: Cleanup
[2025-03-13T12:09:10.172+0530][603.771s] Leaving safepoint region
[2025-03-13T12:09:10.172+0530][603.771s] Total time for which application threads were stopped: 0.0001782 seconds, Stopping threads took: 0.0000142 seconds
[2025-03-13T12:09:11.172+0530][604.771s] Application time: 1.0000679 seconds
[2025-03-13T12:09:11.172+0530][604.772s] Entering safepoint region: Cleanup
[2025-03-13T12:09:11.172+0530][604.772s] Leaving safepoint region
[2025-03-13T12:09:11.172+0530][604.772s] Total time for which application threads were stopped: 0.0001322 seconds, Stopping threads took: 0.0000138 seconds
[2025-03-13T12:09:12.172+0530][605.772s] Application time: 1.0000937 seconds
[2025-03-13T12:09:12.172+0530][605.772s] Entering safepoint region: Cleanup
[2025-03-13T12:09:12.172+0530][605.772s] Leaving safepoint region
[2025-03-13T12:09:12.172+0530][605.772s] Total time for which application threads were stopped: 0.0000875 seconds, Stopping threads took: 0.0000137 seconds
[2025-03-13T12:09:13.172+0530][606.772s] Application time: 1.0000725 seconds
[2025-03-13T12:09:13.172+0530][606.772s] Entering safepoint region: Cleanup
[2025-03-13T12:09:13.172+0530][606.772s] Leaving safepoint region
[2025-03-13T12:09:13.172+0530][606.772s] Total time for which application threads were stopped: 0.0001279 seconds, Stopping threads took: 0.0000215 seconds
[2025-03-13T12:09:14.173+0530][607.772s] Application time: 1.0003402 seconds
[2025-03-13T12:09:14.173+0530][607.772s] Entering safepoint region: Cleanup
[2025-03-13T12:09:14.173+0530][607.773s] Leaving safepoint region
[2025-03-13T12:09:14.173+0530][607.773s] Total time for which application threads were stopped: 0.0001716 seconds, Stopping threads took: 0.0000134 seconds
[2025-03-13T12:09:15.173+0530][608.773s] Application time: 1.0003407 seconds
[2025-03-13T12:09:15.173+0530][608.773s] Entering safepoint region: Cleanup
[2025-03-13T12:09:15.173+0530][608.773s] Leaving safepoint region
[2025-03-13T12:09:15.173+0530][608.773s] Total time for which application threads were stopped: 0.0002026 seconds, Stopping threads took: 0.0000132 seconds
[2025-03-13T12:09:16.173+0530][609.773s] Application time: 1.0000667 seconds
[2025-03-13T12:09:16.174+0530][609.773s] Entering safepoint region: Cleanup
[2025-03-13T12:09:16.174+0530][609.773s] Leaving safepoint region
[2025-03-13T12:09:16.174+0530][609.773s] Total time for which application threads were stopped: 0.0001451 seconds, Stopping threads took: 0.0000127 seconds
[2025-03-13T12:09:17.174+0530][610.774s] Application time: 1.0000782 seconds
[2025-03-13T12:09:17.174+0530][610.774s] Entering safepoint region: Cleanup
[2025-03-13T12:09:17.174+0530][610.774s] Leaving safepoint region
[2025-03-13T12:09:17.174+0530][610.774s] Total time for which application threads were stopped: 0.0001061 seconds, Stopping threads took: 0.0000248 seconds
[2025-03-13T12:09:18.174+0530][611.774s] Application time: 1.0002940 seconds
[2025-03-13T12:09:18.174+0530][611.774s] Entering safepoint region: Cleanup
[2025-03-13T12:09:18.174+0530][611.774s] Leaving safepoint region
[2025-03-13T12:09:18.174+0530][611.774s] Total time for which application threads were stopped: 0.0002083 seconds, Stopping threads took: 0.0000140 seconds
[2025-03-13T12:09:19.175+0530][612.775s] Application time: 1.0003371 seconds
[2025-03-13T12:09:19.175+0530][612.775s] Entering safepoint region: Cleanup
[2025-03-13T12:09:19.175+0530][612.775s] Leaving safepoint region
[2025-03-13T12:09:19.175+0530][612.775s] Total time for which application threads were stopped: 0.0002047 seconds, Stopping threads took: 0.0000137 seconds
[2025-03-13T12:09:20.175+0530][613.775s] Application time: 1.0001761 seconds
[2025-03-13T12:09:20.175+0530][613.775s] Entering safepoint region: Cleanup
[2025-03-13T12:09:20.175+0530][613.775s] Leaving safepoint region
[2025-03-13T12:09:20.175+0530][613.775s] Total time for which application threads were stopped: 0.0002049 seconds, Stopping threads took: 0.0000143 seconds
[2025-03-13T12:09:21.176+0530][614.775s] Application time: 1.0000653 seconds
[2025-03-13T12:09:21.176+0530][614.775s] Entering safepoint region: Cleanup
[2025-03-13T12:09:21.176+0530][614.775s] Leaving safepoint region
[2025-03-13T12:09:21.176+0530][614.775s] Total time for which application threads were stopped: 0.0001372 seconds, Stopping threads took: 0.0000143 seconds
[2025-03-13T12:09:22.176+0530][615.776s] Application time: 1.0002714 seconds
[2025-03-13T12:09:22.176+0530][615.776s] Entering safepoint region: Cleanup
[2025-03-13T12:09:22.176+0530][615.776s] Leaving safepoint region
[2025-03-13T12:09:22.176+0530][615.776s] Total time for which application threads were stopped: 0.0002035 seconds, Stopping threads took: 0.0000140 seconds
[2025-03-13T12:09:23.176+0530][616.776s] Application time: 1.0000705 seconds
[2025-03-13T12:09:23.176+0530][616.776s] Entering safepoint region: Cleanup
[2025-03-13T12:09:23.176+0530][616.776s] Leaving safepoint region
[2025-03-13T12:09:23.176+0530][616.776s] Total time for which application threads were stopped: 0.0001617 seconds, Stopping threads took: 0.0000168 seconds
[2025-03-13T12:09:24.177+0530][617.776s] Application time: 1.0001323 seconds
[2025-03-13T12:09:24.177+0530][617.776s] Entering safepoint region: Cleanup
[2025-03-13T12:09:24.177+0530][617.777s] Leaving safepoint region
[2025-03-13T12:09:24.177+0530][617.777s] Total time for which application threads were stopped: 0.0001087 seconds, Stopping threads took: 0.0000138 seconds
[2025-03-13T12:09:25.177+0530][618.777s] Application time: 1.0000614 seconds
[2025-03-13T12:09:25.177+0530][618.777s] Entering safepoint region: Cleanup
[2025-03-13T12:09:25.177+0530][618.777s] Leaving safepoint region
[2025-03-13T12:09:25.177+0530][618.777s] Total time for which application threads were stopped: 0.0001269 seconds, Stopping threads took: 0.0000197 seconds
[2025-03-13T12:09:26.177+0530][619.777s] Application time: 1.0003398 seconds
[2025-03-13T12:09:26.177+0530][619.777s] Entering safepoint region: Cleanup
[2025-03-13T12:09:26.178+0530][619.777s] Leaving safepoint region
[2025-03-13T12:09:26.178+0530][619.777s] Total time for which application threads were stopped: 0.0002078 seconds, Stopping threads took: 0.0000137 seconds
[2025-03-13T12:09:27.178+0530][620.778s] Application time: 1.0003226 seconds
[2025-03-13T12:09:27.178+0530][620.778s] Entering safepoint region: Cleanup
[2025-03-13T12:09:27.178+0530][620.778s] Leaving safepoint region
[2025-03-13T12:09:27.178+0530][620.778s] Total time for which application threads were stopped: 0.0002031 seconds, Stopping threads took: 0.0000133 seconds
[2025-03-13T12:09:28.178+0530][621.778s] Application time: 1.0000967 seconds
[2025-03-13T12:09:28.178+0530][621.778s] Entering safepoint region: Cleanup
[2025-03-13T12:09:28.178+0530][621.778s] Leaving safepoint region
[2025-03-13T12:09:28.178+0530][621.778s] Total time for which application threads were stopped: 0.0000813 seconds, Stopping threads took: 0.0000133 seconds
[2025-03-13T12:09:29.178+0530][622.778s] Application time: 1.0001008 seconds
[2025-03-13T12:09:29.178+0530][622.778s] Entering safepoint region: Cleanup
[2025-03-13T12:09:29.179+0530][622.778s] Leaving safepoint region
[2025-03-13T12:09:29.179+0530][622.778s] Total time for which application threads were stopped: 0.0001400 seconds, Stopping threads took: 0.0000135 seconds
[2025-03-13T12:09:30.179+0530][623.778s] Application time: 1.0000763 seconds
[2025-03-13T12:09:30.179+0530][623.779s] Entering safepoint region: Cleanup
[2025-03-13T12:09:30.179+0530][623.779s] Leaving safepoint region
[2025-03-13T12:09:30.179+0530][623.779s] Total time for which application threads were stopped: 0.0001346 seconds, Stopping threads took: 0.0000167 seconds
[2025-03-13T12:09:31.179+0530][624.779s] Application time: 1.0000765 seconds
[2025-03-13T12:09:31.179+0530][624.779s] Entering safepoint region: Cleanup
[2025-03-13T12:09:31.179+0530][624.779s] Leaving safepoint region
[2025-03-13T12:09:31.179+0530][624.779s] Total time for which application threads were stopped: 0.0001211 seconds, Stopping threads took: 0.0000171 seconds
[2025-03-13T12:09:32.179+0530][625.779s] Application time: 1.0001743 seconds
[2025-03-13T12:09:32.179+0530][625.779s] Entering safepoint region: Cleanup
[2025-03-13T12:09:32.179+0530][625.779s] Leaving safepoint region
[2025-03-13T12:09:32.179+0530][625.779s] Total time for which application threads were stopped: 0.0001906 seconds, Stopping threads took: 0.0000135 seconds
[2025-03-13T12:09:33.180+0530][626.779s] Application time: 1.0000974 seconds
[2025-03-13T12:09:33.180+0530][626.779s] Entering safepoint region: Cleanup
[2025-03-13T12:09:33.180+0530][626.780s] Leaving safepoint region
[2025-03-13T12:09:33.180+0530][626.780s] Total time for which application threads were stopped: 0.0001360 seconds, Stopping threads took: 0.0000138 seconds
[2025-03-13T12:09:34.180+0530][627.780s] Application time: 1.0003454 seconds
[2025-03-13T12:09:34.180+0530][627.780s] Entering safepoint region: Cleanup
[2025-03-13T12:09:34.180+0530][627.780s] Leaving safepoint region
[2025-03-13T12:09:34.180+0530][627.780s] Total time for which application threads were stopped: 0.0002211 seconds, Stopping threads took: 0.0000264 seconds
[2025-03-13T12:09:35.181+0530][628.781s] Application time: 1.0003313 seconds
[2025-03-13T12:09:35.181+0530][628.781s] Entering safepoint region: Cleanup
[2025-03-13T12:09:35.181+0530][628.781s] Leaving safepoint region
[2025-03-13T12:09:35.181+0530][628.781s] Total time for which application threads were stopped: 0.0002035 seconds, Stopping threads took: 0.0000139 seconds
[2025-03-13T12:09:36.181+0530][629.781s] Application time: 1.0000656 seconds
[2025-03-13T12:09:36.181+0530][629.781s] Entering safepoint region: Cleanup
[2025-03-13T12:09:36.181+0530][629.781s] Leaving safepoint region
[2025-03-13T12:09:36.181+0530][629.781s] Total time for which application threads were stopped: 0.0001927 seconds, Stopping threads took: 0.0000132 seconds
[2025-03-13T12:09:37.181+0530][630.781s] Application time: 1.0000970 seconds
[2025-03-13T12:09:37.181+0530][630.781s] Entering safepoint region: Cleanup
[2025-03-13T12:09:37.182+0530][630.781s] Leaving safepoint region
[2025-03-13T12:09:37.182+0530][630.781s] Total time for which application threads were stopped: 0.0001690 seconds, Stopping threads took: 0.0000371 seconds
[2025-03-13T12:09:38.182+0530][631.782s] Application time: 1.0001782 seconds
[2025-03-13T12:09:38.182+0530][631.782s] Entering safepoint region: Cleanup
[2025-03-13T12:09:38.182+0530][631.782s] Leaving safepoint region
[2025-03-13T12:09:38.182+0530][631.782s] Total time for which application threads were stopped: 0.0001620 seconds, Stopping threads took: 0.0000240 seconds
[2025-03-13T12:09:39.182+0530][632.782s] Application time: 1.0001212 seconds
[2025-03-13T12:09:39.182+0530][632.782s] Entering safepoint region: Cleanup
[2025-03-13T12:09:39.182+0530][632.782s] Leaving safepoint region
[2025-03-13T12:09:39.182+0530][632.782s] Total time for which application threads were stopped: 0.0001384 seconds, Stopping threads took: 0.0000140 seconds
[2025-03-13T12:09:40.182+0530][633.782s] Application time: 1.0001767 seconds
[2025-03-13T12:09:40.182+0530][633.782s] Entering safepoint region: Cleanup
[2025-03-13T12:09:40.183+0530][633.782s] Leaving safepoint region
[2025-03-13T12:09:40.183+0530][633.782s] Total time for which application threads were stopped: 0.0001929 seconds, Stopping threads took: 0.0000142 seconds
[2025-03-13T12:09:41.183+0530][634.783s] Application time: 1.0000712 seconds
[2025-03-13T12:09:41.183+0530][634.783s] Entering safepoint region: Cleanup
[2025-03-13T12:09:41.183+0530][634.783s] Leaving safepoint region
[2025-03-13T12:09:41.183+0530][634.783s] Total time for which application threads were stopped: 0.0001328 seconds, Stopping threads took: 0.0000183 seconds
[2025-03-13T12:09:42.183+0530][635.783s] Application time: 1.0000677 seconds
[2025-03-13T12:09:42.183+0530][635.783s] Entering safepoint region: Cleanup
[2025-03-13T12:09:42.183+0530][635.783s] Leaving safepoint region
[2025-03-13T12:09:42.183+0530][635.783s] Total time for which application threads were stopped: 0.0002110 seconds, Stopping threads took: 0.0000157 seconds
[2025-03-13T12:09:43.184+0530][636.783s] Application time: 1.0003302 seconds
[2025-03-13T12:09:43.184+0530][636.783s] Entering safepoint region: Cleanup
[2025-03-13T12:09:43.184+0530][636.784s] Leaving safepoint region
[2025-03-13T12:09:43.184+0530][636.784s] Total time for which application threads were stopped: 0.0002055 seconds, Stopping threads took: 0.0000144 seconds
[2025-03-13T12:09:44.184+0530][637.784s] Application time: 1.0000551 seconds
[2025-03-13T12:09:44.184+0530][637.784s] Entering safepoint region: Cleanup
[2025-03-13T12:09:44.184+0530][637.784s] Leaving safepoint region
[2025-03-13T12:09:44.184+0530][637.784s] Total time for which application threads were stopped: 0.0000823 seconds, Stopping threads took: 0.0000148 seconds
[2025-03-13T12:09:45.184+0530][638.784s] Application time: 1.0000915 seconds
[2025-03-13T12:09:45.184+0530][638.784s] Entering safepoint region: Cleanup
[2025-03-13T12:09:45.184+0530][638.784s] Leaving safepoint region
[2025-03-13T12:09:45.184+0530][638.784s] Total time for which application threads were stopped: 0.0001055 seconds, Stopping threads took: 0.0000308 seconds
[2025-03-13T12:09:46.184+0530][639.784s] Application time: 1.0002665 seconds
[2025-03-13T12:09:46.184+0530][639.784s] Entering safepoint region: Cleanup
[2025-03-13T12:09:46.185+0530][639.784s] Leaving safepoint region
[2025-03-13T12:09:46.185+0530][639.784s] Total time for which application threads were stopped: 0.0000893 seconds, Stopping threads took: 0.0000134 seconds
[2025-03-13T12:09:47.185+0530][640.784s] Application time: 1.0001215 seconds
[2025-03-13T12:09:47.185+0530][640.785s] Entering safepoint region: Cleanup
[2025-03-13T12:09:47.185+0530][640.785s] Leaving safepoint region
[2025-03-13T12:09:47.185+0530][640.785s] Total time for which application threads were stopped: 0.0001185 seconds, Stopping threads took: 0.0000136 seconds
[2025-03-13T12:09:48.185+0530][641.785s] Application time: 1.0001270 seconds
[2025-03-13T12:09:48.185+0530][641.785s] Entering safepoint region: Cleanup
[2025-03-13T12:09:48.185+0530][641.785s] Leaving safepoint region
[2025-03-13T12:09:48.185+0530][641.785s] Total time for which application threads were stopped: 0.0000881 seconds, Stopping threads took: 0.0000131 seconds
[2025-03-13T12:09:49.185+0530][642.785s] Application time: 1.0001016 seconds
[2025-03-13T12:09:49.185+0530][642.785s] Entering safepoint region: Cleanup
[2025-03-13T12:09:49.185+0530][642.785s] Leaving safepoint region
[2025-03-13T12:09:49.185+0530][642.785s] Total time for which application threads were stopped: 0.0000845 seconds, Stopping threads took: 0.0000139 seconds
[2025-03-13T12:09:50.186+0530][643.785s] Application time: 1.0003183 seconds
[2025-03-13T12:09:50.186+0530][643.785s] Entering safepoint region: Cleanup
[2025-03-13T12:09:50.186+0530][643.786s] Leaving safepoint region
[2025-03-13T12:09:50.186+0530][643.786s] Total time for which application threads were stopped: 0.0000889 seconds, Stopping threads took: 0.0000138 seconds
[2025-03-13T12:09:51.186+0530][644.786s] Application time: 1.0000700 seconds
[2025-03-13T12:09:51.186+0530][644.786s] Entering safepoint region: Cleanup
[2025-03-13T12:09:51.186+0530][644.786s] Leaving safepoint region
[2025-03-13T12:09:51.186+0530][644.786s] Total time for which application threads were stopped: 0.0000815 seconds, Stopping threads took: 0.0000139 seconds
[2025-03-13T12:09:52.186+0530][645.786s] Application time: 1.0003413 seconds
[2025-03-13T12:09:52.186+0530][645.786s] Entering safepoint region: Cleanup
[2025-03-13T12:09:52.186+0530][645.786s] Leaving safepoint region
[2025-03-13T12:09:52.186+0530][645.786s] Total time for which application threads were stopped: 0.0000875 seconds, Stopping threads took: 0.0000135 seconds
[2025-03-13T12:09:53.187+0530][646.786s] Application time: 1.0001001 seconds
[2025-03-13T12:09:53.187+0530][646.786s] Entering safepoint region: Cleanup
[2025-03-13T12:09:53.187+0530][646.786s] Leaving safepoint region
[2025-03-13T12:09:53.187+0530][646.786s] Total time for which application threads were stopped: 0.0000840 seconds, Stopping threads took: 0.0000137 seconds
[2025-03-13T12:09:54.187+0530][647.787s] Application time: 1.0003397 seconds
[2025-03-13T12:09:54.187+0530][647.787s] Entering safepoint region: Cleanup
[2025-03-13T12:09:54.187+0530][647.787s] Leaving safepoint region
[2025-03-13T12:09:54.187+0530][647.787s] Total time for which application threads were stopped: 0.0000886 seconds, Stopping threads took: 0.0000134 seconds
[2025-03-13T12:09:55.187+0530][648.787s] Application time: 1.0000980 seconds
[2025-03-13T12:09:55.187+0530][648.787s] Entering safepoint region: Cleanup
[2025-03-13T12:09:55.187+0530][648.787s] Leaving safepoint region
[2025-03-13T12:09:55.187+0530][648.787s] Total time for which application threads were stopped: 0.0000779 seconds, Stopping threads took: 0.0000134 seconds
[2025-03-13T12:09:56.188+0530][649.787s] Application time: 1.0003370 seconds
[2025-03-13T12:09:56.188+0530][649.787s] Entering safepoint region: Cleanup
[2025-03-13T12:09:56.188+0530][649.788s] Leaving safepoint region
[2025-03-13T12:09:56.188+0530][649.788s] Total time for which application threads were stopped: 0.0001037 seconds, Stopping threads took: 0.0000263 seconds
[2025-03-13T12:09:57.188+0530][650.788s] Application time: 1.0000614 seconds
[2025-03-13T12:09:57.189+0530][650.789s] Entering safepoint region: Cleanup
[2025-03-13T12:09:57.189+0530][650.789s] Leaving safepoint region
[2025-03-13T12:09:57.189+0530][650.789s] Total time for which application threads were stopped: 0.0001315 seconds, Stopping threads took: 0.0000314 seconds
[2025-03-13T12:09:58.189+0530][651.789s] Application time: 1.0000727 seconds
[2025-03-13T12:09:58.190+0530][651.789s] Entering safepoint region: Cleanup
[2025-03-13T12:09:58.190+0530][651.789s] Leaving safepoint region
[2025-03-13T12:09:58.190+0530][651.789s] Total time for which application threads were stopped: 0.0001170 seconds, Stopping threads took: 0.0000179 seconds
[2025-03-13T12:09:59.190+0530][652.790s] Application time: 1.0002971 seconds
[2025-03-13T12:09:59.190+0530][652.790s] Entering safepoint region: Cleanup
[2025-03-13T12:09:59.190+0530][652.790s] Leaving safepoint region
[2025-03-13T12:09:59.190+0530][652.790s] Total time for which application threads were stopped: 0.0002042 seconds, Stopping threads took: 0.0000136 seconds
[2025-03-13T12:10:00.190+0530][653.790s] Application time: 1.0001762 seconds
[2025-03-13T12:10:00.190+0530][653.790s] Entering safepoint region: Cleanup
[2025-03-13T12:10:00.191+0530][653.790s] Leaving safepoint region
[2025-03-13T12:10:00.191+0530][653.790s] Total time for which application threads were stopped: 0.0001920 seconds, Stopping threads took: 0.0000138 seconds
[2025-03-13T12:10:01.191+0530][654.790s] Application time: 1.0001032 seconds
[2025-03-13T12:10:01.191+0530][654.791s] Entering safepoint region: Cleanup
[2025-03-13T12:10:01.191+0530][654.791s] Leaving safepoint region
[2025-03-13T12:10:01.191+0530][654.791s] Total time for which application threads were stopped: 0.0001612 seconds, Stopping threads took: 0.0000151 seconds
[2025-03-13T12:10:02.191+0530][655.791s] Application time: 1.0002473 seconds
[2025-03-13T12:10:02.191+0530][655.791s] Entering safepoint region: Cleanup
[2025-03-13T12:10:02.191+0530][655.791s] Leaving safepoint region
[2025-03-13T12:10:02.191+0530][655.791s] Total time for which application threads were stopped: 0.0000884 seconds, Stopping threads took: 0.0000135 seconds
[2025-03-13T12:10:03.192+0530][656.791s] Application time: 1.0003105 seconds
[2025-03-13T12:10:03.192+0530][656.791s] Entering safepoint region: Cleanup
[2025-03-13T12:10:03.192+0530][656.791s] Leaving safepoint region
[2025-03-13T12:10:03.192+0530][656.791s] Total time for which application threads were stopped: 0.0000897 seconds, Stopping threads took: 0.0000136 seconds
[2025-03-13T12:10:04.192+0530][657.792s] Application time: 1.0001844 seconds
[2025-03-13T12:10:04.192+0530][657.792s] Entering safepoint region: Cleanup
[2025-03-13T12:10:04.192+0530][657.792s] Leaving safepoint region
[2025-03-13T12:10:04.192+0530][657.792s] Total time for which application threads were stopped: 0.0000879 seconds, Stopping threads took: 0.0000141 seconds
[2025-03-13T12:10:05.192+0530][658.792s] Application time: 1.0000767 seconds
[2025-03-13T12:10:05.192+0530][658.792s] Entering safepoint region: Cleanup
[2025-03-13T12:10:05.192+0530][658.792s] Leaving safepoint region
[2025-03-13T12:10:05.192+0530][658.792s] Total time for which application threads were stopped: 0.0001204 seconds, Stopping threads took: 0.0000200 seconds
[2025-03-13T12:10:06.192+0530][659.792s] Application time: 1.0001810 seconds
[2025-03-13T12:10:06.192+0530][659.792s] Entering safepoint region: Cleanup
[2025-03-13T12:10:06.193+0530][659.792s] Leaving safepoint region
[2025-03-13T12:10:06.193+0530][659.792s] Total time for which application threads were stopped: 0.0002040 seconds, Stopping threads took: 0.0000141 seconds
[2025-03-13T12:10:07.193+0530][660.793s] Application time: 1.0003416 seconds
[2025-03-13T12:10:07.193+0530][660.793s] Entering safepoint region: Cleanup
[2025-03-13T12:10:07.193+0530][660.793s] Leaving safepoint region
[2025-03-13T12:10:07.193+0530][660.793s] Total time for which application threads were stopped: 0.0002177 seconds, Stopping threads took: 0.0000260 seconds
[2025-03-13T12:10:08.194+0530][661.793s] Application time: 1.0003243 seconds
[2025-03-13T12:10:08.194+0530][661.793s] Entering safepoint region: Cleanup
[2025-03-13T12:10:08.194+0530][661.794s] Leaving safepoint region
[2025-03-13T12:10:08.194+0530][661.794s] Total time for which application threads were stopped: 0.0002049 seconds, Stopping threads took: 0.0000140 seconds
[2025-03-13T12:10:09.194+0530][662.794s] Application time: 1.0000702 seconds
[2025-03-13T12:10:09.194+0530][662.794s] Entering safepoint region: Cleanup
[2025-03-13T12:10:09.194+0530][662.794s] Leaving safepoint region
[2025-03-13T12:10:09.194+0530][662.794s] Total time for which application threads were stopped: 0.0001203 seconds, Stopping threads took: 0.0000212 seconds
[2025-03-13T12:10:10.194+0530][663.794s] Application time: 1.0001894 seconds
[2025-03-13T12:10:10.194+0530][663.794s] Entering safepoint region: Cleanup
[2025-03-13T12:10:10.194+0530][663.794s] Leaving safepoint region
[2025-03-13T12:10:10.195+0530][663.794s] Total time for which application threads were stopped: 0.0002030 seconds, Stopping threads took: 0.0000133 seconds
[2025-03-13T12:10:11.195+0530][664.794s] Application time: 1.0000951 seconds
[2025-03-13T12:10:11.195+0530][664.794s] Entering safepoint region: Cleanup
[2025-03-13T12:10:11.195+0530][664.795s] Leaving safepoint region
[2025-03-13T12:10:11.195+0530][664.795s] Total time for which application threads were stopped: 0.0000999 seconds, Stopping threads took: 0.0000131 seconds
[2025-03-13T12:10:12.195+0530][665.795s] Application time: 1.0001749 seconds
[2025-03-13T12:10:12.195+0530][665.795s] Entering safepoint region: Cleanup
[2025-03-13T12:10:12.195+0530][665.795s] Leaving safepoint region
[2025-03-13T12:10:12.195+0530][665.795s] Total time for which application threads were stopped: 0.0001152 seconds, Stopping threads took: 0.0000147 seconds
[2025-03-13T12:10:13.195+0530][666.795s] Application time: 1.0000891 seconds
[2025-03-13T12:10:13.195+0530][666.795s] Entering safepoint region: Cleanup
[2025-03-13T12:10:13.195+0530][666.795s] Leaving safepoint region
[2025-03-13T12:10:13.195+0530][666.795s] Total time for which application threads were stopped: 0.0000816 seconds, Stopping threads took: 0.0000145 seconds
[2025-03-13T12:10:14.195+0530][667.795s] Application time: 1.0001767 seconds
[2025-03-13T12:10:14.195+0530][667.795s] Entering safepoint region: Cleanup
[2025-03-13T12:10:14.196+0530][667.795s] Leaving safepoint region
[2025-03-13T12:10:14.196+0530][667.795s] Total time for which application threads were stopped: 0.0000904 seconds, Stopping threads took: 0.0000147 seconds
[2025-03-13T12:10:15.196+0530][668.796s] Application time: 1.0001751 seconds
[2025-03-13T12:10:15.196+0530][668.796s] Entering safepoint region: Cleanup
[2025-03-13T12:10:15.196+0530][668.796s] Leaving safepoint region
[2025-03-13T12:10:15.196+0530][668.796s] Total time for which application threads were stopped: 0.0000925 seconds, Stopping threads took: 0.0000185 seconds
[2025-03-13T12:10:16.196+0530][669.796s] Application time: 1.0000947 seconds
[2025-03-13T12:10:16.196+0530][669.796s] Entering safepoint region: Cleanup
[2025-03-13T12:10:16.196+0530][669.796s] Leaving safepoint region
[2025-03-13T12:10:16.196+0530][669.796s] Total time for which application threads were stopped: 0.0001408 seconds, Stopping threads took: 0.0000146 seconds
[2025-03-13T12:10:17.196+0530][670.796s] Application time: 1.0000954 seconds
[2025-03-13T12:10:17.196+0530][670.796s] Entering safepoint region: Cleanup
[2025-03-13T12:10:17.196+0530][670.796s] Leaving safepoint region
[2025-03-13T12:10:17.196+0530][670.796s] Total time for which application threads were stopped: 0.0000879 seconds, Stopping threads took: 0.0000143 seconds
[2025-03-13T12:10:18.196+0530][671.796s] Application time: 1.0001135 seconds
[2025-03-13T12:10:18.197+0530][671.796s] Entering safepoint region: Cleanup
[2025-03-13T12:10:18.197+0530][671.796s] Leaving safepoint region
[2025-03-13T12:10:18.197+0530][671.796s] Total time for which application threads were stopped: 0.0001134 seconds, Stopping threads took: 0.0000186 seconds
[2025-03-13T12:10:19.197+0530][672.797s] Application time: 1.0001793 seconds
[2025-03-13T12:10:19.197+0530][672.797s] Entering safepoint region: Cleanup
[2025-03-13T12:10:19.197+0530][672.797s] Leaving safepoint region
[2025-03-13T12:10:19.197+0530][672.797s] Total time for which application threads were stopped: 0.0000918 seconds, Stopping threads took: 0.0000145 seconds
[2025-03-13T12:10:20.197+0530][673.797s] Application time: 1.0000665 seconds
[2025-03-13T12:10:20.197+0530][673.797s] Entering safepoint region: Cleanup
[2025-03-13T12:10:20.197+0530][673.797s] Leaving safepoint region
[2025-03-13T12:10:20.197+0530][673.797s] Total time for which application threads were stopped: 0.0000895 seconds, Stopping threads took: 0.0000136 seconds
[2025-03-13T12:10:21.197+0530][674.797s] Application time: 1.0000709 seconds
[2025-03-13T12:10:21.197+0530][674.797s] Entering safepoint region: Cleanup
[2025-03-13T12:10:21.197+0530][674.797s] Leaving safepoint region
[2025-03-13T12:10:21.197+0530][674.797s] Total time for which application threads were stopped: 0.0001163 seconds, Stopping threads took: 0.0000201 seconds
[2025-03-13T12:10:22.198+0530][675.797s] Application time: 1.0001751 seconds
[2025-03-13T12:10:22.198+0530][675.797s] Entering safepoint region: Cleanup
[2025-03-13T12:10:22.198+0530][675.797s] Leaving safepoint region
[2025-03-13T12:10:22.198+0530][675.798s] Total time for which application threads were stopped: 0.0001137 seconds, Stopping threads took: 0.0000211 seconds
[2025-03-13T12:10:23.198+0530][676.798s] Application time: 1.0001870 seconds
[2025-03-13T12:10:23.198+0530][676.798s] Entering safepoint region: Cleanup
[2025-03-13T12:10:23.198+0530][676.798s] Leaving safepoint region
[2025-03-13T12:10:23.198+0530][676.798s] Total time for which application threads were stopped: 0.0001465 seconds, Stopping threads took: 0.0000212 seconds
[2025-03-13T12:10:24.198+0530][677.798s] Application time: 1.0000746 seconds
[2025-03-13T12:10:24.198+0530][677.798s] Entering safepoint region: Cleanup
[2025-03-13T12:10:24.198+0530][677.798s] Leaving safepoint region
[2025-03-13T12:10:24.198+0530][677.798s] Total time for which application threads were stopped: 0.0002035 seconds, Stopping threads took: 0.0000137 seconds
[2025-03-13T12:10:25.198+0530][678.798s] Application time: 1.0000699 seconds
[2025-03-13T12:10:25.199+0530][678.798s] Entering safepoint region: Cleanup
[2025-03-13T12:10:25.199+0530][678.798s] Leaving safepoint region
[2025-03-13T12:10:25.199+0530][678.798s] Total time for which application threads were stopped: 0.0001217 seconds, Stopping threads took: 0.0000206 seconds
[2025-03-13T12:10:26.199+0530][679.799s] Application time: 1.0001866 seconds
[2025-03-13T12:10:26.199+0530][679.799s] Entering safepoint region: Cleanup
[2025-03-13T12:10:26.199+0530][679.799s] Leaving safepoint region
[2025-03-13T12:10:26.199+0530][679.799s] Total time for which application threads were stopped: 0.0002057 seconds, Stopping threads took: 0.0000137 seconds
[2025-03-13T12:10:27.199+0530][680.799s] Application time: 1.0003207 seconds
[2025-03-13T12:10:27.199+0530][680.799s] Entering safepoint region: Cleanup
[2025-03-13T12:10:27.200+0530][680.799s] Leaving safepoint region
[2025-03-13T12:10:27.200+0530][680.799s] Total time for which application threads were stopped: 0.0002033 seconds, Stopping threads took: 0.0000135 seconds
[2025-03-13T12:10:28.200+0530][681.800s] Application time: 1.0003215 seconds
[2025-03-13T12:10:28.200+0530][681.800s] Entering safepoint region: Cleanup
[2025-03-13T12:10:28.200+0530][681.800s] Leaving safepoint region
[2025-03-13T12:10:28.200+0530][681.800s] Total time for which application threads were stopped: 0.0002004 seconds, Stopping threads took: 0.0000135 seconds
[2025-03-13T12:10:29.200+0530][682.800s] Application time: 1.0000723 seconds
[2025-03-13T12:10:29.200+0530][682.800s] Entering safepoint region: Cleanup
[2025-03-13T12:10:29.200+0530][682.800s] Leaving safepoint region
[2025-03-13T12:10:29.200+0530][682.800s] Total time for which application threads were stopped: 0.0001315 seconds, Stopping threads took: 0.0000232 seconds
[2025-03-13T12:10:30.201+0530][683.801s] Application time: 1.0003486 seconds
[2025-03-13T12:10:30.201+0530][683.801s] Entering safepoint region: Cleanup
[2025-03-13T12:10:30.201+0530][683.801s] Leaving safepoint region
[2025-03-13T12:10:30.201+0530][683.801s] Total time for which application threads were stopped: 0.0002032 seconds, Stopping threads took: 0.0000143 seconds
[2025-03-13T12:10:31.201+0530][684.801s] Application time: 1.0003367 seconds
[2025-03-13T12:10:31.201+0530][684.801s] Entering safepoint region: Cleanup
[2025-03-13T12:10:31.202+0530][684.801s] Leaving safepoint region
[2025-03-13T12:10:31.202+0530][684.801s] Total time for which application threads were stopped: 0.0002017 seconds, Stopping threads took: 0.0000134 seconds
[2025-03-13T12:10:32.202+0530][685.802s] Application time: 1.0003183 seconds
[2025-03-13T12:10:32.202+0530][685.802s] Entering safepoint region: Cleanup
[2025-03-13T12:10:32.202+0530][685.802s] Leaving safepoint region
[2025-03-13T12:10:32.202+0530][685.802s] Total time for which application threads were stopped: 0.0002010 seconds, Stopping threads took: 0.0000140 seconds
[2025-03-13T12:10:33.202+0530][686.802s] Application time: 1.0000757 seconds
[2025-03-13T12:10:33.202+0530][686.802s] Entering safepoint region: Cleanup
[2025-03-13T12:10:33.202+0530][686.802s] Leaving safepoint region
[2025-03-13T12:10:33.202+0530][686.802s] Total time for which application threads were stopped: 0.0001193 seconds, Stopping threads took: 0.0000203 seconds
[2025-03-13T12:10:34.203+0530][687.803s] Application time: 1.0003111 seconds
[2025-03-13T12:10:34.203+0530][687.803s] Entering safepoint region: Cleanup
[2025-03-13T12:10:34.203+0530][687.803s] Leaving safepoint region
[2025-03-13T12:10:34.203+0530][687.803s] Total time for which application threads were stopped: 0.0001753 seconds, Stopping threads took: 0.0000137 seconds
[2025-03-13T12:10:35.203+0530][688.803s] Application time: 1.0003446 seconds
[2025-03-13T12:10:35.203+0530][688.803s] Entering safepoint region: Cleanup
[2025-03-13T12:10:35.203+0530][688.803s] Leaving safepoint region
[2025-03-13T12:10:35.203+0530][688.803s] Total time for which application threads were stopped: 0.0001553 seconds, Stopping threads took: 0.0000138 seconds
[2025-03-13T12:10:36.204+0530][689.804s] Application time: 1.0003291 seconds
[2025-03-13T12:10:36.204+0530][689.804s] Entering safepoint region: Cleanup
[2025-03-13T12:10:36.204+0530][689.804s] Leaving safepoint region
[2025-03-13T12:10:36.204+0530][689.804s] Total time for which application threads were stopped: 0.0001433 seconds, Stopping threads took: 0.0000132 seconds
[2025-03-13T12:10:37.204+0530][690.804s] Application time: 1.0000728 seconds
[2025-03-13T12:10:37.204+0530][690.804s] Entering safepoint region: Cleanup
[2025-03-13T12:10:37.204+0530][690.804s] Leaving safepoint region
[2025-03-13T12:10:37.204+0530][690.804s] Total time for which application threads were stopped: 0.0001062 seconds, Stopping threads took: 0.0000207 seconds
[2025-03-13T12:10:38.205+0530][691.804s] Application time: 1.0003410 seconds
[2025-03-13T12:10:38.205+0530][691.804s] Entering safepoint region: Cleanup
[2025-03-13T12:10:38.205+0530][691.805s] Leaving safepoint region
[2025-03-13T12:10:38.205+0530][691.805s] Total time for which application threads were stopped: 0.0001527 seconds, Stopping threads took: 0.0000242 seconds
[2025-03-13T12:10:39.205+0530][692.805s] Application time: 1.0001770 seconds
[2025-03-13T12:10:39.205+0530][692.805s] Entering safepoint region: Cleanup
[2025-03-13T12:10:39.205+0530][692.805s] Leaving safepoint region
[2025-03-13T12:10:39.205+0530][692.805s] Total time for which application threads were stopped: 0.0002049 seconds, Stopping threads took: 0.0000143 seconds
[2025-03-13T12:10:40.206+0530][693.805s] Application time: 1.0003412 seconds
[2025-03-13T12:10:40.206+0530][693.805s] Entering safepoint region: Cleanup
[2025-03-13T12:10:40.206+0530][693.806s] Leaving safepoint region
[2025-03-13T12:10:40.206+0530][693.806s] Total time for which application threads were stopped: 0.0002019 seconds, Stopping threads took: 0.0000133 seconds
[2025-03-13T12:10:41.206+0530][694.806s] Application time: 1.0000895 seconds
[2025-03-13T12:10:41.206+0530][694.806s] Entering safepoint region: Cleanup
[2025-03-13T12:10:41.206+0530][694.806s] Leaving safepoint region
[2025-03-13T12:10:41.206+0530][694.806s] Total time for which application threads were stopped: 0.0001355 seconds, Stopping threads took: 0.0000137 seconds
[2025-03-13T12:10:42.206+0530][695.806s] Application time: 1.0000953 seconds
[2025-03-13T12:10:42.206+0530][695.806s] Entering safepoint region: Cleanup
[2025-03-13T12:10:42.206+0530][695.806s] Leaving safepoint region
[2025-03-13T12:10:42.206+0530][695.806s] Total time for which application threads were stopped: 0.0001274 seconds, Stopping threads took: 0.0000129 seconds
[2025-03-13T12:10:43.207+0530][696.806s] Application time: 1.0003426 seconds
[2025-03-13T12:10:43.207+0530][696.806s] Entering safepoint region: Cleanup
[2025-03-13T12:10:43.207+0530][696.807s] Leaving safepoint region
[2025-03-13T12:10:43.207+0530][696.807s] Total time for which application threads were stopped: 0.0002139 seconds, Stopping threads took: 0.0000168 seconds
[2025-03-13T12:10:44.207+0530][697.807s] Application time: 1.0002066 seconds
[2025-03-13T12:10:44.207+0530][697.807s] Entering safepoint region: Cleanup
[2025-03-13T12:10:44.207+0530][697.807s] Leaving safepoint region
[2025-03-13T12:10:44.207+0530][697.807s] Total time for which application threads were stopped: 0.0002048 seconds, Stopping threads took: 0.0000148 seconds
[2025-03-13T12:10:45.207+0530][698.807s] Application time: 1.0001010 seconds
[2025-03-13T12:10:45.207+0530][698.807s] Entering safepoint region: Cleanup
[2025-03-13T12:10:45.208+0530][698.807s] Leaving safepoint region
[2025-03-13T12:10:45.208+0530][698.807s] Total time for which application threads were stopped: 0.0001392 seconds, Stopping threads took: 0.0000147 seconds
[2025-03-13T12:10:46.208+0530][699.808s] Application time: 1.0003396 seconds
[2025-03-13T12:10:46.208+0530][699.808s] Entering safepoint region: Cleanup
[2025-03-13T12:10:46.208+0530][699.808s] Leaving safepoint region
[2025-03-13T12:10:46.208+0530][699.808s] Total time for which application threads were stopped: 0.0002050 seconds, Stopping threads took: 0.0000146 seconds
[2025-03-13T12:10:47.208+0530][700.808s] Application time: 1.0001110 seconds
[2025-03-13T12:10:47.208+0530][700.808s] Entering safepoint region: Cleanup
[2025-03-13T12:10:47.208+0530][700.808s] Leaving safepoint region
[2025-03-13T12:10:47.208+0530][700.808s] Total time for which application threads were stopped: 0.0000778 seconds, Stopping threads took: 0.0000136 seconds
[2025-03-13T12:10:48.209+0530][701.809s] Application time: 1.0003437 seconds
[2025-03-13T12:10:48.209+0530][701.809s] Entering safepoint region: Cleanup
[2025-03-13T12:10:48.209+0530][701.809s] Leaving safepoint region
[2025-03-13T12:10:48.209+0530][701.809s] Total time for which application threads were stopped: 0.0001240 seconds, Stopping threads took: 0.0000393 seconds
[2025-03-13T12:10:49.209+0530][702.809s] Application time: 1.0000699 seconds
[2025-03-13T12:10:49.209+0530][702.809s] Entering safepoint region: Cleanup
[2025-03-13T12:10:49.209+0530][702.809s] Leaving safepoint region
[2025-03-13T12:10:49.209+0530][702.809s] Total time for which application threads were stopped: 0.0001234 seconds, Stopping threads took: 0.0000218 seconds
[2025-03-13T12:10:50.209+0530][703.809s] Application time: 1.0003292 seconds
[2025-03-13T12:10:50.209+0530][703.809s] Entering safepoint region: Cleanup
[2025-03-13T12:10:50.210+0530][703.809s] Leaving safepoint region
[2025-03-13T12:10:50.210+0530][703.809s] Total time for which application threads were stopped: 0.0002049 seconds, Stopping threads took: 0.0000141 seconds
[2025-03-13T12:10:51.210+0530][704.810s] Application time: 1.0002502 seconds
[2025-03-13T12:10:51.210+0530][704.810s] Entering safepoint region: Cleanup
[2025-03-13T12:10:51.210+0530][704.810s] Leaving safepoint region
[2025-03-13T12:10:51.210+0530][704.810s] Total time for which application threads were stopped: 0.0002040 seconds, Stopping threads took: 0.0000132 seconds
[2025-03-13T12:10:52.210+0530][705.810s] Application time: 1.0001038 seconds
[2025-03-13T12:10:52.210+0530][705.810s] Entering safepoint region: Cleanup
[2025-03-13T12:10:52.210+0530][705.810s] Leaving safepoint region
[2025-03-13T12:10:52.210+0530][705.810s] Total time for which application threads were stopped: 0.0000843 seconds, Stopping threads took: 0.0000141 seconds
[2025-03-13T12:10:53.211+0530][706.810s] Application time: 1.0001014 seconds
[2025-03-13T12:10:53.211+0530][706.810s] Entering safepoint region: Cleanup
[2025-03-13T12:10:53.211+0530][706.810s] Leaving safepoint region
[2025-03-13T12:10:53.211+0530][706.811s] Total time for which application threads were stopped: 0.0001494 seconds, Stopping threads took: 0.0000232 seconds
[2025-03-13T12:10:54.211+0530][707.811s] Application time: 1.0003435 seconds
[2025-03-13T12:10:54.211+0530][707.811s] Entering safepoint region: Cleanup
[2025-03-13T12:10:54.211+0530][707.811s] Leaving safepoint region
[2025-03-13T12:10:54.211+0530][707.811s] Total time for which application threads were stopped: 0.0002046 seconds, Stopping threads took: 0.0000143 seconds
[2025-03-13T12:10:55.212+0530][708.811s] Application time: 1.0002817 seconds
[2025-03-13T12:10:55.212+0530][708.811s] Entering safepoint region: Cleanup
[2025-03-13T12:10:55.212+0530][708.812s] Leaving safepoint region
[2025-03-13T12:10:55.212+0530][708.812s] Total time for which application threads were stopped: 0.0001953 seconds, Stopping threads took: 0.0000144 seconds
[2025-03-13T12:10:56.212+0530][709.812s] Application time: 1.0003238 seconds
[2025-03-13T12:10:56.212+0530][709.812s] Entering safepoint region: Cleanup
[2025-03-13T12:10:56.212+0530][709.812s] Leaving safepoint region
[2025-03-13T12:10:56.212+0530][709.812s] Total time for which application threads were stopped: 0.0002085 seconds, Stopping threads took: 0.0000144 seconds
[2025-03-13T12:10:57.212+0530][710.812s] Application time: 1.0000993 seconds
[2025-03-13T12:10:57.213+0530][710.812s] Entering safepoint region: Cleanup
[2025-03-13T12:10:57.213+0530][710.812s] Leaving safepoint region
[2025-03-13T12:10:57.213+0530][710.812s] Total time for which application threads were stopped: 0.0001393 seconds, Stopping threads took: 0.0000142 seconds
[2025-03-13T12:10:58.213+0530][711.813s] Application time: 1.0000948 seconds
[2025-03-13T12:10:58.213+0530][711.813s] Entering safepoint region: Cleanup
[2025-03-13T12:10:58.213+0530][711.813s] Leaving safepoint region
[2025-03-13T12:10:58.213+0530][711.813s] Total time for which application threads were stopped: 0.0000862 seconds, Stopping threads took: 0.0000214 seconds
[2025-03-13T12:10:59.213+0530][712.813s] Application time: 1.0003170 seconds
[2025-03-13T12:10:59.213+0530][712.813s] Entering safepoint region: Cleanup
[2025-03-13T12:10:59.213+0530][712.813s] Leaving safepoint region
[2025-03-13T12:10:59.213+0530][712.813s] Total time for which application threads were stopped: 0.0000916 seconds, Stopping threads took: 0.0000146 seconds
[2025-03-13T12:11:00.213+0530][713.813s] Application time: 1.0001108 seconds
[2025-03-13T12:11:00.213+0530][713.813s] Entering safepoint region: Cleanup
[2025-03-13T12:11:00.214+0530][713.813s] Leaving safepoint region
[2025-03-13T12:11:00.214+0530][713.813s] Total time for which application threads were stopped: 0.0000892 seconds, Stopping threads took: 0.0000202 seconds
[2025-03-13T12:11:01.214+0530][714.813s] Application time: 1.0000999 seconds
[2025-03-13T12:11:01.214+0530][714.814s] Entering safepoint region: Cleanup
[2025-03-13T12:11:01.214+0530][714.814s] Leaving safepoint region
[2025-03-13T12:11:01.214+0530][714.814s] Total time for which application threads were stopped: 0.0001111 seconds, Stopping threads took: 0.0000142 seconds
[2025-03-13T12:11:02.214+0530][715.814s] Application time: 1.0003070 seconds
[2025-03-13T12:11:02.214+0530][715.814s] Entering safepoint region: Cleanup
[2025-03-13T12:11:02.214+0530][715.814s] Leaving safepoint region
[2025-03-13T12:11:02.214+0530][715.814s] Total time for which application threads were stopped: 0.0001068 seconds, Stopping threads took: 0.0000158 seconds
[2025-03-13T12:11:03.215+0530][716.814s] Application time: 1.0002761 seconds
[2025-03-13T12:11:03.215+0530][716.814s] Entering safepoint region: Cleanup
[2025-03-13T12:11:03.215+0530][716.814s] Leaving safepoint region
[2025-03-13T12:11:03.215+0530][716.815s] Total time for which application threads were stopped: 0.0001173 seconds, Stopping threads took: 0.0000137 seconds
[2025-03-13T12:11:04.215+0530][717.815s] Application time: 1.0003442 seconds
[2025-03-13T12:11:04.215+0530][717.815s] Entering safepoint region: Cleanup
[2025-03-13T12:11:04.215+0530][717.815s] Leaving safepoint region
[2025-03-13T12:11:04.215+0530][717.815s] Total time for which application threads were stopped: 0.0001083 seconds, Stopping threads took: 0.0000156 seconds
[2025-03-13T12:11:05.215+0530][718.815s] Application time: 1.0000970 seconds
[2025-03-13T12:11:05.215+0530][718.815s] Entering safepoint region: Cleanup
[2025-03-13T12:11:05.215+0530][718.815s] Leaving safepoint region
[2025-03-13T12:11:05.215+0530][718.815s] Total time for which application threads were stopped: 0.0000796 seconds, Stopping threads took: 0.0000137 seconds
[2025-03-13T12:11:06.216+0530][719.815s] Application time: 1.0001576 seconds
[2025-03-13T12:11:06.216+0530][719.815s] Entering safepoint region: Cleanup
[2025-03-13T12:11:06.216+0530][719.815s] Leaving safepoint region
[2025-03-13T12:11:06.216+0530][719.816s] Total time for which application threads were stopped: 0.0001043 seconds, Stopping threads took: 0.0000136 seconds
[2025-03-13T12:11:07.216+0530][720.816s] Application time: 1.0001154 seconds
[2025-03-13T12:11:07.216+0530][720.816s] Entering safepoint region: Cleanup
[2025-03-13T12:11:07.216+0530][720.816s] Leaving safepoint region
[2025-03-13T12:11:07.216+0530][720.816s] Total time for which application threads were stopped: 0.0000885 seconds, Stopping threads took: 0.0000137 seconds
[2025-03-13T12:11:08.216+0530][721.816s] Application time: 1.0000643 seconds
[2025-03-13T12:11:08.216+0530][721.816s] Entering safepoint region: Cleanup
[2025-03-13T12:11:08.216+0530][721.816s] Leaving safepoint region
[2025-03-13T12:11:08.216+0530][721.816s] Total time for which application threads were stopped: 0.0000897 seconds, Stopping threads took: 0.0000138 seconds
[2025-03-13T12:11:09.216+0530][722.816s] Application time: 1.0000900 seconds
[2025-03-13T12:11:09.216+0530][722.816s] Entering safepoint region: Cleanup
[2025-03-13T12:11:09.216+0530][722.816s] Leaving safepoint region
[2025-03-13T12:11:09.216+0530][722.816s] Total time for which application threads were stopped: 0.0000802 seconds, Stopping threads took: 0.0000135 seconds
[2025-03-13T12:11:10.216+0530][723.816s] Application time: 1.0000647 seconds
[2025-03-13T12:11:10.216+0530][723.816s] Entering safepoint region: Cleanup
[2025-03-13T12:11:10.217+0530][723.816s] Leaving safepoint region
[2025-03-13T12:11:10.217+0530][723.816s] Total time for which application threads were stopped: 0.0000879 seconds, Stopping threads took: 0.0000140 seconds
[2025-03-13T12:11:11.217+0530][724.817s] Application time: 1.0001793 seconds
[2025-03-13T12:11:11.217+0530][724.817s] Entering safepoint region: Cleanup
[2025-03-13T12:11:11.217+0530][724.817s] Leaving safepoint region
[2025-03-13T12:11:11.217+0530][724.817s] Total time for which application threads were stopped: 0.0001066 seconds, Stopping threads took: 0.0000135 seconds
[2025-03-13T12:11:12.217+0530][725.817s] Application time: 1.0003410 seconds
[2025-03-13T12:11:12.217+0530][725.817s] Entering safepoint region: Cleanup
[2025-03-13T12:11:12.217+0530][725.817s] Leaving safepoint region
[2025-03-13T12:11:12.217+0530][725.817s] Total time for which application threads were stopped: 0.0001826 seconds, Stopping threads took: 0.0000169 seconds
[2025-03-13T12:11:13.218+0530][726.817s] Application time: 1.0000746 seconds
[2025-03-13T12:11:13.218+0530][726.817s] Entering safepoint region: Cleanup
[2025-03-13T12:11:13.218+0530][726.817s] Leaving safepoint region
[2025-03-13T12:11:13.218+0530][726.817s] Total time for which application threads were stopped: 0.0001183 seconds, Stopping threads took: 0.0000172 seconds
[2025-03-13T12:11:14.218+0530][727.818s] Application time: 1.0000956 seconds
[2025-03-13T12:11:14.218+0530][727.818s] Entering safepoint region: Cleanup
[2025-03-13T12:11:14.218+0530][727.818s] Leaving safepoint region
[2025-03-13T12:11:14.218+0530][727.818s] Total time for which application threads were stopped: 0.0000777 seconds, Stopping threads took: 0.0000136 seconds
[2025-03-13T12:11:15.218+0530][728.818s] Application time: 1.0000988 seconds
[2025-03-13T12:11:15.218+0530][728.818s] Entering safepoint region: Cleanup
[2025-03-13T12:11:15.218+0530][728.818s] Leaving safepoint region
[2025-03-13T12:11:15.218+0530][728.818s] Total time for which application threads were stopped: 0.0002092 seconds, Stopping threads took: 0.0000206 seconds
[2025-03-13T12:11:16.219+0530][729.818s] Application time: 1.0003430 seconds
[2025-03-13T12:11:16.219+0530][729.818s] Entering safepoint region: Cleanup
[2025-03-13T12:11:16.219+0530][729.819s] Leaving safepoint region
[2025-03-13T12:11:16.219+0530][729.819s] Total time for which application threads were stopped: 0.0002181 seconds, Stopping threads took: 0.0000137 seconds
[2025-03-13T12:11:17.219+0530][730.819s] Application time: 1.0001011 seconds
[2025-03-13T12:11:17.219+0530][730.819s] Entering safepoint region: Cleanup
[2025-03-13T12:11:17.219+0530][730.819s] Leaving safepoint region
[2025-03-13T12:11:17.219+0530][730.819s] Total time for which application threads were stopped: 0.0000828 seconds, Stopping threads took: 0.0000143 seconds
[2025-03-13T12:11:18.219+0530][731.819s] Application time: 1.0003037 seconds
[2025-03-13T12:11:18.219+0530][731.819s] Entering safepoint region: Cleanup
[2025-03-13T12:11:18.219+0530][731.819s] Leaving safepoint region
[2025-03-13T12:11:18.219+0530][731.819s] Total time for which application threads were stopped: 0.0000900 seconds, Stopping threads took: 0.0000135 seconds
[2025-03-13T12:11:19.220+0530][732.820s] Application time: 1.0003400 seconds
[2025-03-13T12:11:19.220+0530][732.820s] Entering safepoint region: Cleanup
[2025-03-13T12:11:19.220+0530][732.820s] Leaving safepoint region
[2025-03-13T12:11:19.220+0530][732.820s] Total time for which application threads were stopped: 0.0001064 seconds, Stopping threads took: 0.0000134 seconds
[2025-03-13T12:11:20.220+0530][733.820s] Application time: 1.0002145 seconds
[2025-03-13T12:11:20.220+0530][733.820s] Entering safepoint region: Cleanup
[2025-03-13T12:11:20.220+0530][733.820s] Leaving safepoint region
[2025-03-13T12:11:20.220+0530][733.820s] Total time for which application threads were stopped: 0.0000864 seconds, Stopping threads took: 0.0000139 seconds
[2025-03-13T12:11:21.220+0530][734.820s] Application time: 1.0000986 seconds
[2025-03-13T12:11:21.220+0530][734.820s] Entering safepoint region: Cleanup
[2025-03-13T12:11:21.220+0530][734.820s] Leaving safepoint region
[2025-03-13T12:11:21.220+0530][734.820s] Total time for which application threads were stopped: 0.0000792 seconds, Stopping threads took: 0.0000135 seconds
[2025-03-13T12:11:22.221+0530][735.821s] Application time: 1.0003373 seconds
[2025-03-13T12:11:22.221+0530][735.821s] Entering safepoint region: Cleanup
[2025-03-13T12:11:22.221+0530][735.821s] Leaving safepoint region
[2025-03-13T12:11:22.221+0530][735.821s] Total time for which application threads were stopped: 0.0002029 seconds, Stopping threads took: 0.0000208 seconds
[2025-03-13T12:11:23.221+0530][736.821s] Application time: 1.0003451 seconds
[2025-03-13T12:11:23.221+0530][736.821s] Entering safepoint region: Cleanup
[2025-03-13T12:11:23.222+0530][736.821s] Leaving safepoint region
[2025-03-13T12:11:23.222+0530][736.821s] Total time for which application threads were stopped: 0.0002022 seconds, Stopping threads took: 0.0000139 seconds
[2025-03-13T12:11:24.222+0530][737.822s] Application time: 1.0003431 seconds
[2025-03-13T12:11:24.222+0530][737.822s] Entering safepoint region: Cleanup
[2025-03-13T12:11:24.222+0530][737.822s] Leaving safepoint region
[2025-03-13T12:11:24.222+0530][737.822s] Total time for which application threads were stopped: 0.0002018 seconds, Stopping threads took: 0.0000137 seconds
[2025-03-13T12:11:25.222+0530][738.822s] Application time: 1.0000769 seconds
[2025-03-13T12:11:25.222+0530][738.822s] Entering safepoint region: Cleanup
[2025-03-13T12:11:25.222+0530][738.822s] Leaving safepoint region
[2025-03-13T12:11:25.222+0530][738.822s] Total time for which application threads were stopped: 0.0001261 seconds, Stopping threads took: 0.0000225 seconds
[2025-03-13T12:11:26.223+0530][739.823s] Application time: 1.0003442 seconds
[2025-03-13T12:11:26.223+0530][739.823s] Entering safepoint region: Cleanup
[2025-03-13T12:11:26.223+0530][739.823s] Leaving safepoint region
[2025-03-13T12:11:26.223+0530][739.823s] Total time for which application threads were stopped: 0.0002063 seconds, Stopping threads took: 0.0000146 seconds
[2025-03-13T12:11:27.223+0530][740.823s] Application time: 1.0003299 seconds
[2025-03-13T12:11:27.223+0530][740.823s] Entering safepoint region: Cleanup
[2025-03-13T12:11:27.224+0530][740.823s] Leaving safepoint region
[2025-03-13T12:11:27.224+0530][740.823s] Total time for which application threads were stopped: 0.0002048 seconds, Stopping threads took: 0.0000135 seconds
[2025-03-13T12:11:28.224+0530][741.824s] Application time: 1.0003439 seconds
[2025-03-13T12:11:28.224+0530][741.824s] Entering safepoint region: Cleanup
[2025-03-13T12:11:28.224+0530][741.824s] Leaving safepoint region
[2025-03-13T12:11:28.224+0530][741.824s] Total time for which application threads were stopped: 0.0001673 seconds, Stopping threads took: 0.0000134 seconds
[2025-03-13T12:11:29.224+0530][742.824s] Application time: 1.0001005 seconds
[2025-03-13T12:11:29.224+0530][742.824s] Entering safepoint region: Cleanup
[2025-03-13T12:11:29.224+0530][742.824s] Leaving safepoint region
[2025-03-13T12:11:29.224+0530][742.824s] Total time for which application threads were stopped: 0.0001471 seconds, Stopping threads took: 0.0000238 seconds
[2025-03-13T12:11:30.225+0530][743.824s] Application time: 1.0000952 seconds
[2025-03-13T12:11:30.225+0530][743.824s] Entering safepoint region: Cleanup
[2025-03-13T12:11:30.225+0530][743.825s] Leaving safepoint region
[2025-03-13T12:11:30.225+0530][743.825s] Total time for which application threads were stopped: 0.0001027 seconds, Stopping threads took: 0.0000134 seconds
[2025-03-13T12:11:31.225+0530][744.825s] Application time: 1.0002983 seconds
[2025-03-13T12:11:31.225+0530][744.825s] Entering safepoint region: Cleanup
[2025-03-13T12:11:31.225+0530][744.825s] Leaving safepoint region
[2025-03-13T12:11:31.225+0530][744.825s] Total time for which application threads were stopped: 0.0002091 seconds, Stopping threads took: 0.0000143 seconds
[2025-03-13T12:11:32.226+0530][745.825s] Application time: 1.0003324 seconds
[2025-03-13T12:11:32.226+0530][745.825s] Entering safepoint region: Cleanup
[2025-03-13T12:11:32.226+0530][745.826s] Leaving safepoint region
[2025-03-13T12:11:32.226+0530][745.826s] Total time for which application threads were stopped: 0.0002084 seconds, Stopping threads took: 0.0000141 seconds
[2025-03-13T12:11:33.226+0530][746.826s] Application time: 1.0000704 seconds
[2025-03-13T12:11:33.226+0530][746.826s] Entering safepoint region: Cleanup
[2025-03-13T12:11:33.226+0530][746.826s] Leaving safepoint region
[2025-03-13T12:11:33.226+0530][746.826s] Total time for which application threads were stopped: 0.0001384 seconds, Stopping threads took: 0.0000139 seconds
[2025-03-13T12:11:34.226+0530][747.826s] Application time: 1.0003420 seconds
[2025-03-13T12:11:34.226+0530][747.826s] Entering safepoint region: Cleanup
[2025-03-13T12:11:34.227+0530][747.826s] Leaving safepoint region
[2025-03-13T12:11:34.227+0530][747.826s] Total time for which application threads were stopped: 0.0002201 seconds, Stopping threads took: 0.0000146 seconds
[2025-03-13T12:11:35.227+0530][748.827s] Application time: 1.0003410 seconds
[2025-03-13T12:11:35.227+0530][748.827s] Entering safepoint region: Cleanup
[2025-03-13T12:11:35.227+0530][748.827s] Leaving safepoint region
[2025-03-13T12:11:35.227+0530][748.827s] Total time for which application threads were stopped: 0.0002029 seconds, Stopping threads took: 0.0000134 seconds
[2025-03-13T12:11:36.228+0530][749.827s] Application time: 1.0003375 seconds
[2025-03-13T12:11:36.228+0530][749.827s] Entering safepoint region: Cleanup
[2025-03-13T12:11:36.228+0530][749.828s] Leaving safepoint region
[2025-03-13T12:11:36.228+0530][749.828s] Total time for which application threads were stopped: 0.0002015 seconds, Stopping threads took: 0.0000137 seconds
[2025-03-13T12:11:37.228+0530][750.828s] Application time: 1.0000690 seconds
[2025-03-13T12:11:37.228+0530][750.828s] Entering safepoint region: Cleanup
[2025-03-13T12:11:37.228+0530][750.828s] Leaving safepoint region
[2025-03-13T12:11:37.228+0530][750.828s] Total time for which application threads were stopped: 0.0001367 seconds, Stopping threads took: 0.0000135 seconds
[2025-03-13T12:11:38.228+0530][751.828s] Application time: 1.0001714 seconds
[2025-03-13T12:11:38.228+0530][751.828s] Entering safepoint region: Cleanup
[2025-03-13T12:11:38.228+0530][751.828s] Leaving safepoint region
[2025-03-13T12:11:38.228+0530][751.828s] Total time for which application threads were stopped: 0.0002028 seconds, Stopping threads took: 0.0000140 seconds
[2025-03-13T12:11:39.229+0530][752.828s] Application time: 1.0001775 seconds
[2025-03-13T12:11:39.229+0530][752.829s] Entering safepoint region: Cleanup
[2025-03-13T12:11:39.229+0530][752.829s] Leaving safepoint region
[2025-03-13T12:11:39.230+0530][752.830s] Total time for which application threads were stopped: 0.0011123 seconds, Stopping threads took: 0.0000144 seconds
[2025-03-13T12:11:40.230+0530][753.830s] Application time: 1.0003321 seconds
[2025-03-13T12:11:40.230+0530][753.830s] Entering safepoint region: Cleanup
[2025-03-13T12:11:40.230+0530][753.830s] Leaving safepoint region
[2025-03-13T12:11:40.230+0530][753.830s] Total time for which application threads were stopped: 0.0002040 seconds, Stopping threads took: 0.0000140 seconds
[2025-03-13T12:11:41.230+0530][754.830s] Application time: 1.0000743 seconds
[2025-03-13T12:11:41.231+0530][754.830s] Entering safepoint region: Cleanup
[2025-03-13T12:11:41.231+0530][754.830s] Leaving safepoint region
[2025-03-13T12:11:41.231+0530][754.830s] Total time for which application threads were stopped: 0.0001245 seconds, Stopping threads took: 0.0000219 seconds
[2025-03-13T12:11:42.231+0530][755.831s] Application time: 1.0001795 seconds
[2025-03-13T12:11:42.231+0530][755.831s] Entering safepoint region: Cleanup
[2025-03-13T12:11:42.231+0530][755.831s] Leaving safepoint region
[2025-03-13T12:11:42.231+0530][755.831s] Total time for which application threads were stopped: 0.0002061 seconds, Stopping threads took: 0.0000136 seconds
[2025-03-13T12:11:43.231+0530][756.831s] Application time: 1.0003262 seconds
[2025-03-13T12:11:43.231+0530][756.831s] Entering safepoint region: Cleanup
[2025-03-13T12:11:43.232+0530][756.831s] Leaving safepoint region
[2025-03-13T12:11:43.232+0530][756.831s] Total time for which application threads were stopped: 0.0002045 seconds, Stopping threads took: 0.0000134 seconds
[2025-03-13T12:11:44.232+0530][757.832s] Application time: 1.0003409 seconds
[2025-03-13T12:11:44.232+0530][757.832s] Entering safepoint region: Cleanup
[2025-03-13T12:11:44.232+0530][757.832s] Leaving safepoint region
[2025-03-13T12:11:44.232+0530][757.832s] Total time for which application threads were stopped: 0.0001696 seconds, Stopping threads took: 0.0000136 seconds
[2025-03-13T12:11:45.232+0530][758.832s] Application time: 1.0000998 seconds
[2025-03-13T12:11:45.232+0530][758.832s] Entering safepoint region: Cleanup
[2025-03-13T12:11:45.232+0530][758.832s] Leaving safepoint region
[2025-03-13T12:11:45.232+0530][758.832s] Total time for which application threads were stopped: 0.0001470 seconds, Stopping threads took: 0.0000136 seconds
[2025-03-13T12:11:46.233+0530][759.832s] Application time: 1.0000953 seconds
[2025-03-13T12:11:46.233+0530][759.832s] Entering safepoint region: Cleanup
[2025-03-13T12:11:46.233+0530][759.832s] Leaving safepoint region
[2025-03-13T12:11:46.233+0530][759.832s] Total time for which application threads were stopped: 0.0000963 seconds, Stopping threads took: 0.0000134 seconds
[2025-03-13T12:11:47.233+0530][760.833s] Application time: 1.0003241 seconds
[2025-03-13T12:11:47.233+0530][760.833s] Entering safepoint region: Cleanup
[2025-03-13T12:11:47.233+0530][760.833s] Leaving safepoint region
[2025-03-13T12:11:47.233+0530][760.833s] Total time for which application threads were stopped: 0.0002030 seconds, Stopping threads took: 0.0000135 seconds
[2025-03-13T12:11:48.233+0530][761.833s] Application time: 1.0001286 seconds
[2025-03-13T12:11:48.233+0530][761.833s] Entering safepoint region: Cleanup
[2025-03-13T12:11:48.234+0530][761.833s] Leaving safepoint region
[2025-03-13T12:11:48.234+0530][761.833s] Total time for which application threads were stopped: 0.0002021 seconds, Stopping threads took: 0.0000134 seconds
[2025-03-13T12:11:49.234+0530][762.834s] Application time: 1.0000941 seconds
[2025-03-13T12:11:49.234+0530][762.834s] Entering safepoint region: Cleanup
[2025-03-13T12:11:49.234+0530][762.834s] Leaving safepoint region
[2025-03-13T12:11:49.234+0530][762.834s] Total time for which application threads were stopped: 0.0001203 seconds, Stopping threads took: 0.0000139 seconds
[2025-03-13T12:11:50.234+0530][763.834s] Application time: 1.0000398 seconds
[2025-03-13T12:11:50.234+0530][763.834s] Entering safepoint region: Cleanup
[2025-03-13T12:11:50.234+0530][763.834s] Leaving safepoint region
[2025-03-13T12:11:50.234+0530][763.834s] Total time for which application threads were stopped: 0.0002086 seconds, Stopping threads took: 0.0000135 seconds
[2025-03-13T12:11:51.234+0530][764.834s] Application time: 1.0001814 seconds
[2025-03-13T12:11:51.234+0530][764.834s] Entering safepoint region: Cleanup
[2025-03-13T12:11:51.235+0530][764.834s] Leaving safepoint region
[2025-03-13T12:11:51.235+0530][764.834s] Total time for which application threads were stopped: 0.0001955 seconds, Stopping threads took: 0.0000134 seconds
[2025-03-13T12:11:52.235+0530][765.835s] Application time: 1.0003139 seconds
[2025-03-13T12:11:52.235+0530][765.835s] Entering safepoint region: Cleanup
[2025-03-13T12:11:52.235+0530][765.835s] Leaving safepoint region
[2025-03-13T12:11:52.235+0530][765.835s] Total time for which application threads were stopped: 0.0001882 seconds, Stopping threads took: 0.0000139 seconds
[2025-03-13T12:11:53.235+0530][766.835s] Application time: 1.0000726 seconds
[2025-03-13T12:11:53.235+0530][766.835s] Entering safepoint region: Cleanup
[2025-03-13T12:11:53.235+0530][766.835s] Leaving safepoint region
[2025-03-13T12:11:53.235+0530][766.835s] Total time for which application threads were stopped: 0.0001218 seconds, Stopping threads took: 0.0000207 seconds
[2025-03-13T12:11:54.236+0530][767.835s] Application time: 1.0003221 seconds
[2025-03-13T12:11:54.236+0530][767.835s] Entering safepoint region: Cleanup
[2025-03-13T12:11:54.236+0530][767.836s] Leaving safepoint region
[2025-03-13T12:11:54.236+0530][767.836s] Total time for which application threads were stopped: 0.0002027 seconds, Stopping threads took: 0.0000137 seconds
[2025-03-13T12:11:55.236+0530][768.836s] Application time: 1.0002106 seconds
[2025-03-13T12:11:55.236+0530][768.836s] Entering safepoint region: Cleanup
[2025-03-13T12:11:55.236+0530][768.836s] Leaving safepoint region
[2025-03-13T12:11:55.236+0530][768.836s] Total time for which application threads were stopped: 0.0002049 seconds, Stopping threads took: 0.0000134 seconds
[2025-03-13T12:11:56.236+0530][769.836s] Application time: 1.0000675 seconds
[2025-03-13T12:11:56.236+0530][769.836s] Entering safepoint region: Cleanup
[2025-03-13T12:11:56.237+0530][769.836s] Leaving safepoint region
[2025-03-13T12:11:56.237+0530][769.836s] Total time for which application threads were stopped: 0.0001860 seconds, Stopping threads took: 0.0000260 seconds
[2025-03-13T12:11:57.237+0530][770.837s] Application time: 1.0000739 seconds
[2025-03-13T12:11:57.237+0530][770.837s] Entering safepoint region: Cleanup
[2025-03-13T12:11:57.237+0530][770.837s] Leaving safepoint region
[2025-03-13T12:11:57.237+0530][770.837s] Total time for which application threads were stopped: 0.0001266 seconds, Stopping threads took: 0.0000201 seconds
[2025-03-13T12:11:58.237+0530][771.837s] Application time: 1.0003403 seconds
[2025-03-13T12:11:58.237+0530][771.837s] Entering safepoint region: Cleanup
[2025-03-13T12:11:58.237+0530][771.837s] Leaving safepoint region
[2025-03-13T12:11:58.237+0530][771.837s] Total time for which application threads were stopped: 0.0002050 seconds, Stopping threads took: 0.0000133 seconds
[2025-03-13T12:11:59.238+0530][772.838s] Application time: 1.0003431 seconds
[2025-03-13T12:11:59.238+0530][772.838s] Entering safepoint region: Cleanup
[2025-03-13T12:11:59.238+0530][772.838s] Leaving safepoint region
[2025-03-13T12:11:59.238+0530][772.838s] Total time for which application threads were stopped: 0.0002050 seconds, Stopping threads took: 0.0000136 seconds
[2025-03-13T12:12:00.238+0530][773.838s] Application time: 1.0001723 seconds
[2025-03-13T12:12:00.238+0530][773.838s] Entering safepoint region: Cleanup
[2025-03-13T12:12:00.238+0530][773.838s] Leaving safepoint region
[2025-03-13T12:12:00.238+0530][773.838s] Total time for which application threads were stopped: 0.0002198 seconds, Stopping threads took: 0.0000244 seconds
[2025-03-13T12:12:01.239+0530][774.838s] Application time: 1.0000745 seconds
[2025-03-13T12:12:01.239+0530][774.838s] Entering safepoint region: Cleanup
[2025-03-13T12:12:01.239+0530][774.839s] Leaving safepoint region
[2025-03-13T12:12:01.239+0530][774.839s] Total time for which application threads were stopped: 0.0001221 seconds, Stopping threads took: 0.0000216 seconds
[2025-03-13T12:12:02.239+0530][775.839s] Application time: 1.0003424 seconds
[2025-03-13T12:12:02.239+0530][775.839s] Entering safepoint region: Cleanup
[2025-03-13T12:12:02.239+0530][775.839s] Leaving safepoint region
[2025-03-13T12:12:02.239+0530][775.839s] Total time for which application threads were stopped: 0.0002054 seconds, Stopping threads took: 0.0000141 seconds
[2025-03-13T12:12:03.239+0530][776.839s] Application time: 1.0000687 seconds
[2025-03-13T12:12:03.239+0530][776.839s] Entering safepoint region: Cleanup
[2025-03-13T12:12:03.240+0530][776.839s] Leaving safepoint region
[2025-03-13T12:12:03.241+0530][776.840s] Total time for which application threads were stopped: 0.0011784 seconds, Stopping threads took: 0.0000148 seconds
[2025-03-13T12:12:04.241+0530][777.841s] Application time: 1.0003349 seconds
[2025-03-13T12:12:04.241+0530][777.841s] Entering safepoint region: Cleanup
[2025-03-13T12:12:04.241+0530][777.841s] Leaving safepoint region
[2025-03-13T12:12:04.241+0530][777.841s] Total time for which application threads were stopped: 0.0002034 seconds, Stopping threads took: 0.0000147 seconds
[2025-03-13T12:12:05.241+0530][778.841s] Application time: 1.0000771 seconds
[2025-03-13T12:12:05.241+0530][778.841s] Entering safepoint region: Cleanup
[2025-03-13T12:12:05.241+0530][778.841s] Leaving safepoint region
[2025-03-13T12:12:05.241+0530][778.841s] Total time for which application threads were stopped: 0.0001263 seconds, Stopping threads took: 0.0000215 seconds
[2025-03-13T12:12:06.242+0530][779.841s] Application time: 1.0000960 seconds
[2025-03-13T12:12:06.242+0530][779.841s] Entering safepoint region: Cleanup
[2025-03-13T12:12:06.242+0530][779.842s] Leaving safepoint region
[2025-03-13T12:12:06.242+0530][779.842s] Total time for which application threads were stopped: 0.0002276 seconds, Stopping threads took: 0.0000167 seconds
[2025-03-13T12:12:07.242+0530][780.842s] Application time: 1.0000687 seconds
[2025-03-13T12:12:07.242+0530][780.842s] Entering safepoint region: Cleanup
[2025-03-13T12:12:07.242+0530][780.842s] Leaving safepoint region
[2025-03-13T12:12:07.242+0530][780.842s] Total time for which application threads were stopped: 0.0001396 seconds, Stopping threads took: 0.0000231 seconds
[2025-03-13T12:12:08.242+0530][781.842s] Application time: 1.0003261 seconds
[2025-03-13T12:12:08.242+0530][781.842s] Entering safepoint region: Cleanup
[2025-03-13T12:12:08.243+0530][781.842s] Leaving safepoint region
[2025-03-13T12:12:08.243+0530][781.842s] Total time for which application threads were stopped: 0.0002021 seconds, Stopping threads took: 0.0000135 seconds
[2025-03-13T12:12:09.243+0530][782.842s] Application time: 1.0000751 seconds
[2025-03-13T12:12:09.243+0530][782.843s] Entering safepoint region: Cleanup
[2025-03-13T12:12:09.243+0530][782.843s] Leaving safepoint region
[2025-03-13T12:12:09.243+0530][782.843s] Total time for which application threads were stopped: 0.0001248 seconds, Stopping threads took: 0.0000205 seconds
[2025-03-13T12:12:10.243+0530][783.843s] Application time: 1.0002824 seconds
[2025-03-13T12:12:10.243+0530][783.843s] Entering safepoint region: Cleanup
[2025-03-13T12:12:10.243+0530][783.843s] Leaving safepoint region
[2025-03-13T12:12:10.243+0530][783.843s] Total time for which application threads were stopped: 0.0002009 seconds, Stopping threads took: 0.0000133 seconds
[2025-03-13T12:12:11.244+0530][784.843s] Application time: 1.0003174 seconds
[2025-03-13T12:12:11.244+0530][784.844s] Entering safepoint region: Cleanup
[2025-03-13T12:12:11.244+0530][784.844s] Leaving safepoint region
[2025-03-13T12:12:11.244+0530][784.844s] Total time for which application threads were stopped: 0.0002167 seconds, Stopping threads took: 0.0000136 seconds
[2025-03-13T12:12:12.244+0530][785.844s] Application time: 1.0000880 seconds
[2025-03-13T12:12:12.244+0530][785.844s] Entering safepoint region: Cleanup
[2025-03-13T12:12:12.244+0530][785.844s] Leaving safepoint region
[2025-03-13T12:12:12.244+0530][785.844s] Total time for which application threads were stopped: 0.0000790 seconds, Stopping threads took: 0.0000134 seconds
[2025-03-13T12:12:13.244+0530][786.844s] Application time: 1.0000702 seconds
[2025-03-13T12:12:13.244+0530][786.844s] Entering safepoint region: Cleanup
[2025-03-13T12:12:13.244+0530][786.844s] Leaving safepoint region
[2025-03-13T12:12:13.244+0530][786.844s] Total time for which application threads were stopped: 0.0001196 seconds, Stopping threads took: 0.0000205 seconds
[2025-03-13T12:12:14.245+0530][787.844s] Application time: 1.0002701 seconds
[2025-03-13T12:12:14.245+0530][787.844s] Entering safepoint region: Cleanup
[2025-03-13T12:12:14.245+0530][787.845s] Leaving safepoint region
[2025-03-13T12:12:14.245+0530][787.845s] Total time for which application threads were stopped: 0.0001613 seconds, Stopping threads took: 0.0000135 seconds
[2025-03-13T12:12:15.245+0530][788.845s] Application time: 1.0003409 seconds
[2025-03-13T12:12:15.245+0530][788.845s] Entering safepoint region: Cleanup
[2025-03-13T12:12:15.245+0530][788.845s] Leaving safepoint region
[2025-03-13T12:12:15.245+0530][788.845s] Total time for which application threads were stopped: 0.0002020 seconds, Stopping threads took: 0.0000136 seconds
[2025-03-13T12:12:16.246+0530][789.846s] Application time: 1.0003413 seconds
[2025-03-13T12:12:16.246+0530][789.846s] Entering safepoint region: Cleanup
[2025-03-13T12:12:16.246+0530][789.846s] Leaving safepoint region
[2025-03-13T12:12:16.246+0530][789.846s] Total time for which application threads were stopped: 0.0002045 seconds, Stopping threads took: 0.0000151 seconds
[2025-03-13T12:12:17.246+0530][790.846s] Application time: 1.0000753 seconds
[2025-03-13T12:12:17.246+0530][790.846s] Entering safepoint region: Cleanup
[2025-03-13T12:12:17.246+0530][790.846s] Leaving safepoint region
[2025-03-13T12:12:17.246+0530][790.846s] Total time for which application threads were stopped: 0.0001291 seconds, Stopping threads took: 0.0000212 seconds
[2025-03-13T12:12:18.246+0530][791.846s] Application time: 1.0001036 seconds
[2025-03-13T12:12:18.246+0530][791.846s] Entering safepoint region: Cleanup
[2025-03-13T12:12:18.247+0530][791.846s] Leaving safepoint region
[2025-03-13T12:12:18.247+0530][791.846s] Total time for which application threads were stopped: 0.0001310 seconds, Stopping threads took: 0.0000271 seconds
[2025-03-13T12:12:19.247+0530][792.846s] Application time: 1.0001009 seconds
[2025-03-13T12:12:19.247+0530][792.846s] Entering safepoint region: Cleanup
[2025-03-13T12:12:19.247+0530][792.847s] Leaving safepoint region
[2025-03-13T12:12:19.247+0530][792.847s] Total time for which application threads were stopped: 0.0000886 seconds, Stopping threads took: 0.0000133 seconds
[2025-03-13T12:12:20.247+0530][793.847s] Application time: 1.0000739 seconds
[2025-03-13T12:12:20.247+0530][793.847s] Entering safepoint region: Cleanup
[2025-03-13T12:12:20.247+0530][793.847s] Leaving safepoint region
[2025-03-13T12:12:20.247+0530][793.847s] Total time for which application threads were stopped: 0.0001164 seconds, Stopping threads took: 0.0000132 seconds
[2025-03-13T12:12:21.247+0530][794.847s] Application time: 1.0000811 seconds
[2025-03-13T12:12:21.247+0530][794.847s] Entering safepoint region: Cleanup
[2025-03-13T12:12:21.247+0530][794.847s] Leaving safepoint region
[2025-03-13T12:12:21.247+0530][794.847s] Total time for which application threads were stopped: 0.0001052 seconds, Stopping threads took: 0.0000225 seconds
[2025-03-13T12:12:22.248+0530][795.847s] Application time: 1.0003391 seconds
[2025-03-13T12:12:22.248+0530][795.847s] Entering safepoint region: Cleanup
[2025-03-13T12:12:22.248+0530][795.848s] Leaving safepoint region
[2025-03-13T12:12:22.248+0530][795.848s] Total time for which application threads were stopped: 0.0002156 seconds, Stopping threads took: 0.0000132 seconds
[2025-03-13T12:12:23.248+0530][796.848s] Application time: 1.0000746 seconds
[2025-03-13T12:12:23.248+0530][796.848s] Entering safepoint region: Cleanup
[2025-03-13T12:12:23.248+0530][796.848s] Leaving safepoint region
[2025-03-13T12:12:23.248+0530][796.848s] Total time for which application threads were stopped: 0.0001208 seconds, Stopping threads took: 0.0000226 seconds
[2025-03-13T12:12:24.248+0530][797.848s] Application time: 1.0001196 seconds
[2025-03-13T12:12:24.248+0530][797.848s] Entering safepoint region: Cleanup
[2025-03-13T12:12:24.248+0530][797.848s] Leaving safepoint region
[2025-03-13T12:12:24.248+0530][797.848s] Total time for which application threads were stopped: 0.0002029 seconds, Stopping threads took: 0.0000135 seconds
[2025-03-13T12:12:25.249+0530][798.848s] Application time: 1.0000781 seconds
[2025-03-13T12:12:25.249+0530][798.848s] Entering safepoint region: Cleanup
[2025-03-13T12:12:25.249+0530][798.848s] Leaving safepoint region
[2025-03-13T12:12:25.249+0530][798.848s] Total time for which application threads were stopped: 0.0001289 seconds, Stopping threads took: 0.0000209 seconds
[2025-03-13T12:12:26.249+0530][799.849s] Application time: 1.0003441 seconds
[2025-03-13T12:12:26.249+0530][799.849s] Entering safepoint region: Cleanup
[2025-03-13T12:12:26.249+0530][799.849s] Leaving safepoint region
[2025-03-13T12:12:26.249+0530][799.849s] Total time for which application threads were stopped: 0.0002033 seconds, Stopping threads took: 0.0000140 seconds
[2025-03-13T12:12:27.250+0530][800.849s] Application time: 1.0003401 seconds
[2025-03-13T12:12:27.250+0530][800.849s] Entering safepoint region: Cleanup
[2025-03-13T12:12:27.250+0530][800.850s] Leaving safepoint region
[2025-03-13T12:12:27.250+0530][800.850s] Total time for which application threads were stopped: 0.0002026 seconds, Stopping threads took: 0.0000138 seconds
[2025-03-13T12:12:28.250+0530][801.850s] Application time: 1.0000732 seconds
[2025-03-13T12:12:28.250+0530][801.850s] Entering safepoint region: Cleanup
[2025-03-13T12:12:28.250+0530][801.850s] Leaving safepoint region
[2025-03-13T12:12:28.250+0530][801.850s] Total time for which application threads were stopped: 0.0001194 seconds, Stopping threads took: 0.0000202 seconds
[2025-03-13T12:12:29.250+0530][802.850s] Application time: 1.0000987 seconds
[2025-03-13T12:12:29.250+0530][802.850s] Entering safepoint region: Cleanup
[2025-03-13T12:12:29.250+0530][802.850s] Leaving safepoint region
[2025-03-13T12:12:29.250+0530][802.850s] Total time for which application threads were stopped: 0.0001397 seconds, Stopping threads took: 0.0000141 seconds
[2025-03-13T12:12:30.250+0530][803.850s] Application time: 1.0000999 seconds
[2025-03-13T12:12:30.251+0530][803.850s] Entering safepoint region: Cleanup
[2025-03-13T12:12:30.251+0530][803.850s] Leaving safepoint region
[2025-03-13T12:12:30.251+0530][803.850s] Total time for which application threads were stopped: 0.0001220 seconds, Stopping threads took: 0.0000135 seconds
[2025-03-13T12:12:31.251+0530][804.851s] Application time: 1.0003217 seconds
[2025-03-13T12:12:31.251+0530][804.851s] Entering safepoint region: Cleanup
[2025-03-13T12:12:31.251+0530][804.851s] Leaving safepoint region
[2025-03-13T12:12:31.251+0530][804.851s] Total time for which application threads were stopped: 0.0002907 seconds, Stopping threads took: 0.0001688 seconds
[2025-03-13T12:12:32.251+0530][805.851s] Application time: 1.0000760 seconds
[2025-03-13T12:12:32.251+0530][805.851s] Entering safepoint region: Cleanup
[2025-03-13T12:12:32.252+0530][805.851s] Leaving safepoint region
[2025-03-13T12:12:32.252+0530][805.851s] Total time for which application threads were stopped: 0.0001191 seconds, Stopping threads took: 0.0000175 seconds
[2025-03-13T12:12:33.252+0530][806.851s] Application time: 1.0001001 seconds
[2025-03-13T12:12:33.252+0530][806.851s] Entering safepoint region: Cleanup
[2025-03-13T12:12:33.252+0530][806.852s] Leaving safepoint region
[2025-03-13T12:12:33.252+0530][806.852s] Total time for which application threads were stopped: 0.0001146 seconds, Stopping threads took: 0.0000144 seconds
[2025-03-13T12:12:34.252+0530][807.852s] Application time: 1.0003407 seconds
[2025-03-13T12:12:34.252+0530][807.852s] Entering safepoint region: Cleanup
[2025-03-13T12:12:34.252+0530][807.852s] Leaving safepoint region
[2025-03-13T12:12:34.252+0530][807.852s] Total time for which application threads were stopped: 0.0002063 seconds, Stopping threads took: 0.0000145 seconds
[2025-03-13T12:12:35.252+0530][808.852s] Application time: 1.0001041 seconds
[2025-03-13T12:12:35.253+0530][808.852s] Entering safepoint region: Cleanup
[2025-03-13T12:12:35.253+0530][808.852s] Leaving safepoint region
[2025-03-13T12:12:35.253+0530][808.852s] Total time for which application threads were stopped: 0.0001231 seconds, Stopping threads took: 0.0000149 seconds
[2025-03-13T12:12:36.253+0530][809.853s] Application time: 1.0003389 seconds
[2025-03-13T12:12:36.253+0530][809.853s] Entering safepoint region: Cleanup
[2025-03-13T12:12:36.253+0530][809.853s] Leaving safepoint region
[2025-03-13T12:12:36.255+0530][809.855s] Total time for which application threads were stopped: 0.0021497 seconds, Stopping threads took: 0.0000145 seconds
[2025-03-13T12:12:37.255+0530][810.855s] Application time: 1.0000972 seconds
[2025-03-13T12:12:37.255+0530][810.855s] Entering safepoint region: Cleanup
[2025-03-13T12:12:37.255+0530][810.855s] Leaving safepoint region
[2025-03-13T12:12:37.255+0530][810.855s] Total time for which application threads were stopped: 0.0001368 seconds, Stopping threads took: 0.0000142 seconds
[2025-03-13T12:12:38.256+0530][811.855s] Application time: 1.0001750 seconds
[2025-03-13T12:12:38.256+0530][811.855s] Entering safepoint region: Cleanup
[2025-03-13T12:12:38.256+0530][811.856s] Leaving safepoint region
[2025-03-13T12:12:38.256+0530][811.856s] Total time for which application threads were stopped: 0.0001719 seconds, Stopping threads took: 0.0000147 seconds
[2025-03-13T12:12:39.256+0530][812.856s] Application time: 1.0000685 seconds
[2025-03-13T12:12:39.256+0530][812.856s] Entering safepoint region: Cleanup
[2025-03-13T12:12:39.256+0530][812.856s] Leaving safepoint region
[2025-03-13T12:12:39.256+0530][812.856s] Total time for which application threads were stopped: 0.0002047 seconds, Stopping threads took: 0.0000145 seconds
[2025-03-13T12:12:40.256+0530][813.856s] Application time: 1.0003341 seconds
[2025-03-13T12:12:40.257+0530][813.856s] Entering safepoint region: Cleanup
[2025-03-13T12:12:40.257+0530][813.857s] Leaving safepoint region
[2025-03-13T12:12:40.257+0530][813.857s] Total time for which application threads were stopped: 0.0002061 seconds, Stopping threads took: 0.0000153 seconds
[2025-03-13T12:12:41.257+0530][814.857s] Application time: 1.0000787 seconds
[2025-03-13T12:12:41.257+0530][814.857s] Entering safepoint region: Cleanup
[2025-03-13T12:12:41.257+0530][814.857s] Leaving safepoint region
[2025-03-13T12:12:41.257+0530][814.857s] Total time for which application threads were stopped: 0.0001502 seconds, Stopping threads took: 0.0000147 seconds
[2025-03-13T12:12:42.257+0530][815.857s] Application time: 1.0003415 seconds
[2025-03-13T12:12:42.257+0530][815.857s] Entering safepoint region: Cleanup
[2025-03-13T12:12:42.258+0530][815.857s] Leaving safepoint region
[2025-03-13T12:12:42.258+0530][815.857s] Total time for which application threads were stopped: 0.0002088 seconds, Stopping threads took: 0.0000135 seconds
[2025-03-13T12:12:43.258+0530][816.858s] Application time: 1.0003402 seconds
[2025-03-13T12:12:43.258+0530][816.858s] Entering safepoint region: Cleanup
[2025-03-13T12:12:43.258+0530][816.858s] Leaving safepoint region
[2025-03-13T12:12:43.258+0530][816.858s] Total time for which application threads were stopped: 0.0002015 seconds, Stopping threads took: 0.0000138 seconds
[2025-03-13T12:12:44.258+0530][817.858s] Application time: 1.0001016 seconds
[2025-03-13T12:12:44.258+0530][817.858s] Entering safepoint region: Cleanup
[2025-03-13T12:12:44.258+0530][817.858s] Leaving safepoint region
[2025-03-13T12:12:44.258+0530][817.858s] Total time for which application threads were stopped: 0.0001325 seconds, Stopping threads took: 0.0000141 seconds
[2025-03-13T12:12:45.259+0530][818.858s] Application time: 1.0001020 seconds
[2025-03-13T12:12:45.259+0530][818.858s] Entering safepoint region: Cleanup
[2025-03-13T12:12:45.259+0530][818.858s] Leaving safepoint region
[2025-03-13T12:12:45.259+0530][818.858s] Total time for which application threads were stopped: 0.0001049 seconds, Stopping threads took: 0.0000134 seconds
[2025-03-13T12:12:46.259+0530][819.859s] Application time: 1.0003442 seconds
[2025-03-13T12:12:46.259+0530][819.859s] Entering safepoint region: Cleanup
[2025-03-13T12:12:46.259+0530][819.859s] Leaving safepoint region
[2025-03-13T12:12:46.259+0530][819.859s] Total time for which application threads were stopped: 0.0002010 seconds, Stopping threads took: 0.0000132 seconds
[2025-03-13T12:12:47.260+0530][820.859s] Application time: 1.0003451 seconds
[2025-03-13T12:12:47.260+0530][820.859s] Entering safepoint region: Cleanup
[2025-03-13T12:12:47.260+0530][820.860s] Leaving safepoint region
[2025-03-13T12:12:47.260+0530][820.860s] Total time for which application threads were stopped: 0.0001530 seconds, Stopping threads took: 0.0000160 seconds
[2025-03-13T12:12:48.260+0530][821.860s] Application time: 1.0003310 seconds
[2025-03-13T12:12:48.260+0530][821.860s] Entering safepoint region: Cleanup
[2025-03-13T12:12:48.260+0530][821.860s] Leaving safepoint region
[2025-03-13T12:12:48.260+0530][821.860s] Total time for which application threads were stopped: 0.0002084 seconds, Stopping threads took: 0.0000138 seconds
[2025-03-13T12:12:49.260+0530][822.860s] Application time: 1.0000959 seconds
[2025-03-13T12:12:49.261+0530][822.860s] Entering safepoint region: Cleanup
[2025-03-13T12:12:49.261+0530][822.860s] Leaving safepoint region
[2025-03-13T12:12:49.261+0530][822.860s] Total time for which application threads were stopped: 0.0001376 seconds, Stopping threads took: 0.0000138 seconds
[2025-03-13T12:12:50.261+0530][823.861s] Application time: 1.0002661 seconds
[2025-03-13T12:12:50.261+0530][823.861s] Entering safepoint region: Cleanup
[2025-03-13T12:12:50.261+0530][823.861s] Leaving safepoint region
[2025-03-13T12:12:50.261+0530][823.861s] Total time for which application threads were stopped: 0.0002001 seconds, Stopping threads took: 0.0000131 seconds
[2025-03-13T12:12:51.261+0530][824.861s] Application time: 1.0000695 seconds
[2025-03-13T12:12:51.261+0530][824.861s] Entering safepoint region: Cleanup
[2025-03-13T12:12:51.261+0530][824.861s] Leaving safepoint region
[2025-03-13T12:12:51.261+0530][824.861s] Total time for which application threads were stopped: 0.0001172 seconds, Stopping threads took: 0.0000171 seconds
[2025-03-13T12:12:52.262+0530][825.862s] Application time: 1.0003317 seconds
[2025-03-13T12:12:52.262+0530][825.862s] Entering safepoint region: Cleanup
[2025-03-13T12:12:52.262+0530][825.862s] Leaving safepoint region
[2025-03-13T12:12:52.262+0530][825.862s] Total time for which application threads were stopped: 0.0002271 seconds, Stopping threads took: 0.0000134 seconds
[2025-03-13T12:12:53.262+0530][826.862s] Application time: 1.0001048 seconds
[2025-03-13T12:12:53.262+0530][826.862s] Entering safepoint region: Cleanup
[2025-03-13T12:12:53.262+0530][826.862s] Leaving safepoint region
[2025-03-13T12:12:53.262+0530][826.862s] Total time for which application threads were stopped: 0.0001503 seconds, Stopping threads took: 0.0000214 seconds
[2025-03-13T12:12:54.263+0530][827.862s] Application time: 1.0003439 seconds
[2025-03-13T12:12:54.263+0530][827.862s] Entering safepoint region: Cleanup
[2025-03-13T12:12:54.263+0530][827.863s] Leaving safepoint region
[2025-03-13T12:12:54.263+0530][827.863s] Total time for which application threads were stopped: 0.0001074 seconds, Stopping threads took: 0.0000134 seconds
[2025-03-13T12:12:55.263+0530][828.863s] Application time: 1.0002398 seconds
[2025-03-13T12:12:55.263+0530][828.863s] Entering safepoint region: Cleanup
[2025-03-13T12:12:55.263+0530][828.863s] Leaving safepoint region
[2025-03-13T12:12:55.263+0530][828.863s] Total time for which application threads were stopped: 0.0002057 seconds, Stopping threads took: 0.0000138 seconds
[2025-03-13T12:12:56.264+0530][829.863s] Application time: 1.0003381 seconds
[2025-03-13T12:12:56.264+0530][829.863s] Entering safepoint region: Cleanup
[2025-03-13T12:12:56.264+0530][829.864s] Leaving safepoint region
[2025-03-13T12:12:56.264+0530][829.864s] Total time for which application threads were stopped: 0.0002053 seconds, Stopping threads took: 0.0000137 seconds
[2025-03-13T12:12:57.264+0530][830.864s] Application time: 1.0000710 seconds
[2025-03-13T12:12:57.264+0530][830.864s] Entering safepoint region: Cleanup
[2025-03-13T12:12:57.264+0530][830.864s] Leaving safepoint region
[2025-03-13T12:12:57.264+0530][830.864s] Total time for which application threads were stopped: 0.0001479 seconds, Stopping threads took: 0.0000138 seconds
[2025-03-13T12:12:58.264+0530][831.864s] Application time: 1.0003230 seconds
[2025-03-13T12:12:58.264+0530][831.864s] Entering safepoint region: Cleanup
[2025-03-13T12:12:58.265+0530][831.864s] Leaving safepoint region
[2025-03-13T12:12:58.265+0530][831.864s] Total time for which application threads were stopped: 0.0002054 seconds, Stopping threads took: 0.0000139 seconds
[2025-03-13T12:12:59.265+0530][832.865s] Application time: 1.0003405 seconds
[2025-03-13T12:12:59.265+0530][832.865s] Entering safepoint region: Cleanup
[2025-03-13T12:12:59.265+0530][832.865s] Leaving safepoint region
[2025-03-13T12:12:59.265+0530][832.865s] Total time for which application threads were stopped: 0.0002040 seconds, Stopping threads took: 0.0000137 seconds
[2025-03-13T12:13:00.265+0530][833.865s] Application time: 1.0000732 seconds
[2025-03-13T12:13:00.265+0530][833.865s] Entering safepoint region: Cleanup
[2025-03-13T12:13:00.265+0530][833.865s] Leaving safepoint region
[2025-03-13T12:13:00.265+0530][833.865s] Total time for which application threads were stopped: 0.0001226 seconds, Stopping threads took: 0.0000224 seconds
[2025-03-13T12:13:01.266+0530][834.865s] Application time: 1.0001027 seconds
[2025-03-13T12:13:01.266+0530][834.865s] Entering safepoint region: Cleanup
[2025-03-13T12:13:01.266+0530][834.866s] Leaving safepoint region
[2025-03-13T12:13:01.266+0530][834.866s] Total time for which application threads were stopped: 0.0001198 seconds, Stopping threads took: 0.0000266 seconds
[2025-03-13T12:13:02.266+0530][835.866s] Application time: 1.0001467 seconds
[2025-03-13T12:13:02.266+0530][835.866s] Entering safepoint region: Cleanup
[2025-03-13T12:13:02.266+0530][835.866s] Leaving safepoint region
[2025-03-13T12:13:02.266+0530][835.866s] Total time for which application threads were stopped: 0.0002024 seconds, Stopping threads took: 0.0000135 seconds
[2025-03-13T12:13:03.266+0530][836.866s] Application time: 1.0001281 seconds
[2025-03-13T12:13:03.266+0530][836.866s] Entering safepoint region: Cleanup
[2025-03-13T12:13:03.266+0530][836.866s] Leaving safepoint region
[2025-03-13T12:13:03.267+0530][836.866s] Total time for which application threads were stopped: 0.0002068 seconds, Stopping threads took: 0.0000140 seconds
[2025-03-13T12:13:04.267+0530][837.867s] Application time: 1.0003411 seconds
[2025-03-13T12:13:04.267+0530][837.867s] Entering safepoint region: Cleanup
[2025-03-13T12:13:04.267+0530][837.867s] Leaving safepoint region
[2025-03-13T12:13:04.267+0530][837.867s] Total time for which application threads were stopped: 0.0001938 seconds, Stopping threads took: 0.0000259 seconds
[2025-03-13T12:13:05.267+0530][838.867s] Application time: 1.0000998 seconds
[2025-03-13T12:13:05.267+0530][838.867s] Entering safepoint region: Cleanup
[2025-03-13T12:13:05.267+0530][838.867s] Leaving safepoint region
[2025-03-13T12:13:05.267+0530][838.867s] Total time for which application threads were stopped: 0.0001452 seconds, Stopping threads took: 0.0000143 seconds
[2025-03-13T12:13:06.268+0530][839.868s] Application time: 1.0003411 seconds
[2025-03-13T12:13:06.268+0530][839.868s] Entering safepoint region: Cleanup
[2025-03-13T12:13:06.268+0530][839.868s] Leaving safepoint region
[2025-03-13T12:13:06.268+0530][839.868s] Total time for which application threads were stopped: 0.0002071 seconds, Stopping threads took: 0.0000146 seconds
[2025-03-13T12:13:07.268+0530][840.868s] Application time: 1.0001103 seconds
[2025-03-13T12:13:07.268+0530][840.868s] Entering safepoint region: Cleanup
[2025-03-13T12:13:07.268+0530][840.868s] Leaving safepoint region
[2025-03-13T12:13:07.268+0530][840.868s] Total time for which application threads were stopped: 0.0002066 seconds, Stopping threads took: 0.0000141 seconds
[2025-03-13T12:13:08.268+0530][841.868s] Application time: 1.0001053 seconds
[2025-03-13T12:13:08.268+0530][841.868s] Entering safepoint region: Cleanup
[2025-03-13T12:13:08.269+0530][841.868s] Leaving safepoint region
[2025-03-13T12:13:08.269+0530][841.868s] Total time for which application threads were stopped: 0.0000855 seconds, Stopping threads took: 0.0000141 seconds
[2025-03-13T12:13:09.269+0530][842.868s] Application time: 1.0000731 seconds
[2025-03-13T12:13:09.269+0530][842.868s] Entering safepoint region: Cleanup
[2025-03-13T12:13:09.269+0530][842.869s] Leaving safepoint region
[2025-03-13T12:13:09.269+0530][842.869s] Total time for which application threads were stopped: 0.0001455 seconds, Stopping threads took: 0.0000184 seconds
[2025-03-13T12:13:10.269+0530][843.869s] Application time: 1.0003455 seconds
[2025-03-13T12:13:10.269+0530][843.869s] Entering safepoint region: Cleanup
[2025-03-13T12:13:10.269+0530][843.869s] Leaving safepoint region
[2025-03-13T12:13:10.269+0530][843.869s] Total time for which application threads were stopped: 0.0002075 seconds, Stopping threads took: 0.0000142 seconds
[2025-03-13T12:13:11.269+0530][844.869s] Application time: 1.0000993 seconds
[2025-03-13T12:13:11.270+0530][844.869s] Entering safepoint region: Cleanup
[2025-03-13T12:13:11.270+0530][844.869s] Leaving safepoint region
[2025-03-13T12:13:11.270+0530][844.869s] Total time for which application threads were stopped: 0.0001277 seconds, Stopping threads took: 0.0000139 seconds
[2025-03-13T12:13:12.270+0530][845.870s] Application time: 1.0002468 seconds
[2025-03-13T12:13:12.270+0530][845.870s] Entering safepoint region: Cleanup
[2025-03-13T12:13:12.270+0530][845.870s] Leaving safepoint region
[2025-03-13T12:13:12.270+0530][845.870s] Total time for which application threads were stopped: 0.0001013 seconds, Stopping threads took: 0.0000154 seconds
[2025-03-13T12:13:13.270+0530][846.870s] Application time: 1.0001048 seconds
[2025-03-13T12:13:13.270+0530][846.870s] Entering safepoint region: Cleanup
[2025-03-13T12:13:13.270+0530][846.870s] Leaving safepoint region
[2025-03-13T12:13:13.270+0530][846.870s] Total time for which application threads were stopped: 0.0001379 seconds, Stopping threads took: 0.0000137 seconds
[2025-03-13T12:13:14.271+0530][847.870s] Application time: 1.0001755 seconds
[2025-03-13T12:13:14.271+0530][847.870s] Entering safepoint region: Cleanup
[2025-03-13T12:13:14.271+0530][847.871s] Leaving safepoint region
[2025-03-13T12:13:14.271+0530][847.871s] Total time for which application threads were stopped: 0.0001808 seconds, Stopping threads took: 0.0000139 seconds
[2025-03-13T12:13:15.271+0530][848.871s] Application time: 1.0003405 seconds
[2025-03-13T12:13:15.271+0530][848.871s] Entering safepoint region: Cleanup
[2025-03-13T12:13:15.271+0530][848.871s] Leaving safepoint region
[2025-03-13T12:13:15.271+0530][848.871s] Total time for which application threads were stopped: 0.0002024 seconds, Stopping threads took: 0.0000135 seconds
[2025-03-13T12:13:16.271+0530][849.871s] Application time: 1.0000947 seconds
[2025-03-13T12:13:16.271+0530][849.871s] Entering safepoint region: Cleanup
[2025-03-13T12:13:16.271+0530][849.871s] Leaving safepoint region
[2025-03-13T12:13:16.272+0530][849.871s] Total time for which application threads were stopped: 0.0000792 seconds, Stopping threads took: 0.0000132 seconds
[2025-03-13T12:13:17.272+0530][850.871s] Application time: 1.0000761 seconds
[2025-03-13T12:13:17.272+0530][850.871s] Entering safepoint region: Cleanup
[2025-03-13T12:13:17.272+0530][850.872s] Leaving safepoint region
[2025-03-13T12:13:17.272+0530][850.872s] Total time for which application threads were stopped: 0.0001245 seconds, Stopping threads took: 0.0000194 seconds
[2025-03-13T12:13:18.272+0530][851.872s] Application time: 1.0003413 seconds
[2025-03-13T12:13:18.272+0530][851.872s] Entering safepoint region: Cleanup
[2025-03-13T12:13:18.272+0530][851.872s] Leaving safepoint region
[2025-03-13T12:13:18.272+0530][851.872s] Total time for which application threads were stopped: 0.0002007 seconds, Stopping threads took: 0.0000141 seconds
[2025-03-13T12:13:19.273+0530][852.872s] Application time: 1.0003283 seconds
[2025-03-13T12:13:19.273+0530][852.872s] Entering safepoint region: Cleanup
[2025-03-13T12:13:19.273+0530][852.873s] Leaving safepoint region
[2025-03-13T12:13:19.273+0530][852.873s] Total time for which application threads were stopped: 0.0001975 seconds, Stopping threads took: 0.0000136 seconds
[2025-03-13T12:13:20.273+0530][853.873s] Application time: 1.0003203 seconds
[2025-03-13T12:13:20.273+0530][853.873s] Entering safepoint region: Cleanup
[2025-03-13T12:13:20.273+0530][853.873s] Leaving safepoint region
[2025-03-13T12:13:20.273+0530][853.873s] Total time for which application threads were stopped: 0.0002045 seconds, Stopping threads took: 0.0000138 seconds
[2025-03-13T12:13:21.274+0530][854.873s] Application time: 1.0000995 seconds
[2025-03-13T12:13:21.274+0530][854.873s] Entering safepoint region: Cleanup
[2025-03-13T12:13:21.274+0530][854.873s] Leaving safepoint region
[2025-03-13T12:13:21.274+0530][854.873s] Total time for which application threads were stopped: 0.0001035 seconds, Stopping threads took: 0.0000142 seconds
[2025-03-13T12:13:22.274+0530][855.874s] Application time: 1.0002634 seconds
[2025-03-13T12:13:22.274+0530][855.874s] Entering safepoint region: Cleanup
[2025-03-13T12:13:22.274+0530][855.874s] Leaving safepoint region
[2025-03-13T12:13:22.274+0530][855.874s] Total time for which application threads were stopped: 0.0002038 seconds, Stopping threads took: 0.0000132 seconds
[2025-03-13T12:13:23.274+0530][856.874s] Application time: 1.0002678 seconds
[2025-03-13T12:13:23.275+0530][856.874s] Entering safepoint region: Cleanup
[2025-03-13T12:13:23.275+0530][856.874s] Leaving safepoint region
[2025-03-13T12:13:23.275+0530][856.874s] Total time for which application threads were stopped: 0.0002077 seconds, Stopping threads took: 0.0000137 seconds
[2025-03-13T12:13:24.275+0530][857.875s] Application time: 1.0003384 seconds
[2025-03-13T12:13:24.275+0530][857.875s] Entering safepoint region: Cleanup
[2025-03-13T12:13:24.275+0530][857.875s] Leaving safepoint region
[2025-03-13T12:13:24.275+0530][857.875s] Total time for which application threads were stopped: 0.0001837 seconds, Stopping threads took: 0.0000138 seconds
[2025-03-13T12:13:25.275+0530][858.875s] Application time: 1.0001036 seconds
[2025-03-13T12:13:25.275+0530][858.875s] Entering safepoint region: Cleanup
[2025-03-13T12:13:25.275+0530][858.875s] Leaving safepoint region
[2025-03-13T12:13:25.275+0530][858.875s] Total time for which application threads were stopped: 0.0000813 seconds, Stopping threads took: 0.0000138 seconds
[2025-03-13T12:13:26.276+0530][859.875s] Application time: 1.0001709 seconds
[2025-03-13T12:13:26.276+0530][859.875s] Entering safepoint region: Cleanup
[2025-03-13T12:13:26.276+0530][859.876s] Leaving safepoint region
[2025-03-13T12:13:26.276+0530][859.876s] Total time for which application threads were stopped: 0.0001079 seconds, Stopping threads took: 0.0000130 seconds
[2025-03-13T12:13:27.276+0530][860.876s] Application time: 1.0001827 seconds
[2025-03-13T12:13:27.276+0530][860.876s] Entering safepoint region: Cleanup
[2025-03-13T12:13:27.276+0530][860.876s] Leaving safepoint region
[2025-03-13T12:13:27.276+0530][860.876s] Total time for which application threads were stopped: 0.0000908 seconds, Stopping threads took: 0.0000139 seconds
[2025-03-13T12:13:28.276+0530][861.876s] Application time: 1.0001776 seconds
[2025-03-13T12:13:28.276+0530][861.876s] Entering safepoint region: Cleanup
[2025-03-13T12:13:28.276+0530][861.876s] Leaving safepoint region
[2025-03-13T12:13:28.276+0530][861.876s] Total time for which application threads were stopped: 0.0000921 seconds, Stopping threads took: 0.0000141 seconds
[2025-03-13T12:13:29.277+0530][862.876s] Application time: 1.0001001 seconds
[2025-03-13T12:13:29.277+0530][862.876s] Entering safepoint region: Cleanup
[2025-03-13T12:13:29.277+0530][862.876s] Leaving safepoint region
[2025-03-13T12:13:29.277+0530][862.876s] Total time for which application threads were stopped: 0.0001242 seconds, Stopping threads took: 0.0000143 seconds
[2025-03-13T12:13:30.277+0530][863.877s] Application time: 1.0001189 seconds
[2025-03-13T12:13:30.277+0530][863.877s] Entering safepoint region: Cleanup
[2025-03-13T12:13:30.277+0530][863.877s] Leaving safepoint region
[2025-03-13T12:13:30.277+0530][863.877s] Total time for which application threads were stopped: 0.0001365 seconds, Stopping threads took: 0.0000208 seconds
[2025-03-13T12:13:31.277+0530][864.877s] Application time: 1.0000730 seconds
[2025-03-13T12:13:31.277+0530][864.877s] Entering safepoint region: Cleanup
[2025-03-13T12:13:31.277+0530][864.877s] Leaving safepoint region
[2025-03-13T12:13:31.277+0530][864.877s] Total time for which application threads were stopped: 0.0001174 seconds, Stopping threads took: 0.0000163 seconds
[2025-03-13T12:13:32.277+0530][865.877s] Application time: 1.0000794 seconds
[2025-03-13T12:13:32.277+0530][865.877s] Entering safepoint region: Cleanup
[2025-03-13T12:13:32.277+0530][865.877s] Leaving safepoint region
[2025-03-13T12:13:32.277+0530][865.877s] Total time for which application threads were stopped: 0.0001539 seconds, Stopping threads took: 0.0000326 seconds
[2025-03-13T12:13:33.278+0530][866.877s] Application time: 1.0000980 seconds
[2025-03-13T12:13:33.278+0530][866.877s] Entering safepoint region: Cleanup
[2025-03-13T12:13:33.278+0530][866.878s] Leaving safepoint region
[2025-03-13T12:13:33.278+0530][866.878s] Total time for which application threads were stopped: 0.0001091 seconds, Stopping threads took: 0.0000138 seconds
[2025-03-13T12:13:34.278+0530][867.878s] Application time: 1.0003264 seconds
[2025-03-13T12:13:34.278+0530][867.878s] Entering safepoint region: Cleanup
[2025-03-13T12:13:34.278+0530][867.878s] Leaving safepoint region
[2025-03-13T12:13:34.278+0530][867.878s] Total time for which application threads were stopped: 0.0002035 seconds, Stopping threads took: 0.0000136 seconds
[2025-03-13T12:13:35.279+0530][868.878s] Application time: 1.0003335 seconds
[2025-03-13T12:13:35.279+0530][868.878s] Entering safepoint region: Cleanup
[2025-03-13T12:13:35.279+0530][868.879s] Leaving safepoint region
[2025-03-13T12:13:35.279+0530][868.879s] Total time for which application threads were stopped: 0.0002168 seconds, Stopping threads took: 0.0000139 seconds
[2025-03-13T12:13:36.279+0530][869.879s] Application time: 1.0003379 seconds
[2025-03-13T12:13:36.279+0530][869.879s] Entering safepoint region: Cleanup
[2025-03-13T12:13:36.279+0530][869.879s] Leaving safepoint region
[2025-03-13T12:13:36.279+0530][869.879s] Total time for which application threads were stopped: 0.0001506 seconds, Stopping threads took: 0.0000213 seconds
[2025-03-13T12:13:37.280+0530][870.879s] Application time: 1.0000717 seconds
[2025-03-13T12:13:37.280+0530][870.879s] Entering safepoint region: Cleanup
[2025-03-13T12:13:37.280+0530][870.879s] Leaving safepoint region
[2025-03-13T12:13:37.280+0530][870.879s] Total time for which application threads were stopped: 0.0001273 seconds, Stopping threads took: 0.0000226 seconds
[2025-03-13T12:13:38.280+0530][871.880s] Application time: 1.0001812 seconds
[2025-03-13T12:13:38.280+0530][871.880s] Entering safepoint region: Cleanup
[2025-03-13T12:13:38.280+0530][871.880s] Leaving safepoint region
[2025-03-13T12:13:38.280+0530][871.880s] Total time for which application threads were stopped: 0.0002094 seconds, Stopping threads took: 0.0000147 seconds
[2025-03-13T12:13:39.280+0530][872.880s] Application time: 1.0003411 seconds
[2025-03-13T12:13:39.280+0530][872.880s] Entering safepoint region: Cleanup
[2025-03-13T12:13:39.281+0530][872.880s] Leaving safepoint region
[2025-03-13T12:13:39.281+0530][872.880s] Total time for which application threads were stopped: 0.0002064 seconds, Stopping threads took: 0.0000141 seconds
[2025-03-13T12:13:40.281+0530][873.881s] Application time: 1.0003321 seconds
[2025-03-13T12:13:40.281+0530][873.881s] Entering safepoint region: Cleanup
[2025-03-13T12:13:40.281+0530][873.881s] Leaving safepoint region
[2025-03-13T12:13:40.281+0530][873.881s] Total time for which application threads were stopped: 0.0002092 seconds, Stopping threads took: 0.0000143 seconds
[2025-03-13T12:13:41.281+0530][874.881s] Application time: 1.0000676 seconds
[2025-03-13T12:13:41.281+0530][874.881s] Entering safepoint region: Cleanup
[2025-03-13T12:13:41.281+0530][874.881s] Leaving safepoint region
[2025-03-13T12:13:41.281+0530][874.881s] Total time for which application threads were stopped: 0.0001262 seconds, Stopping threads took: 0.0000141 seconds
[2025-03-13T12:13:42.282+0530][875.881s] Application time: 1.0000993 seconds
[2025-03-13T12:13:42.282+0530][875.881s] Entering safepoint region: Cleanup
[2025-03-13T12:13:42.282+0530][875.882s] Leaving safepoint region
[2025-03-13T12:13:42.282+0530][875.882s] Total time for which application threads were stopped: 0.0001105 seconds, Stopping threads took: 0.0000142 seconds
[2025-03-13T12:13:43.282+0530][876.882s] Application time: 1.0003126 seconds
[2025-03-13T12:13:43.282+0530][876.882s] Entering safepoint region: Cleanup
[2025-03-13T12:13:43.282+0530][876.882s] Leaving safepoint region
[2025-03-13T12:13:43.282+0530][876.882s] Total time for which application threads were stopped: 0.0002097 seconds, Stopping threads took: 0.0000142 seconds
[2025-03-13T12:13:44.283+0530][877.882s] Application time: 1.0003274 seconds
[2025-03-13T12:13:44.283+0530][877.882s] Entering safepoint region: Cleanup
[2025-03-13T12:13:44.283+0530][877.883s] Leaving safepoint region
[2025-03-13T12:13:44.283+0530][877.883s] Total time for which application threads were stopped: 0.0001754 seconds, Stopping threads took: 0.0000278 seconds
[2025-03-13T12:13:45.283+0530][878.883s] Application time: 1.0000982 seconds
[2025-03-13T12:13:45.283+0530][878.883s] Entering safepoint region: Cleanup
[2025-03-13T12:13:45.283+0530][878.883s] Leaving safepoint region
[2025-03-13T12:13:45.283+0530][878.883s] Total time for which application threads were stopped: 0.0000806 seconds, Stopping threads took: 0.0000141 seconds
[2025-03-13T12:13:46.283+0530][879.883s] Application time: 1.0003427 seconds
[2025-03-13T12:13:46.283+0530][879.883s] Entering safepoint region: Cleanup
[2025-03-13T12:13:46.284+0530][879.883s] Leaving safepoint region
[2025-03-13T12:13:46.284+0530][879.883s] Total time for which application threads were stopped: 0.0001040 seconds, Stopping threads took: 0.0000164 seconds
[2025-03-13T12:13:47.284+0530][880.884s] Application time: 1.0001740 seconds
[2025-03-13T12:13:47.284+0530][880.884s] Entering safepoint region: Cleanup
[2025-03-13T12:13:47.284+0530][880.884s] Leaving safepoint region
[2025-03-13T12:13:47.284+0530][880.884s] Total time for which application threads were stopped: 0.0000846 seconds, Stopping threads took: 0.0000134 seconds
[2025-03-13T12:13:48.284+0530][881.884s] Application time: 1.0003400 seconds
[2025-03-13T12:13:48.284+0530][881.884s] Entering safepoint region: Cleanup
[2025-03-13T12:13:48.284+0530][881.884s] Leaving safepoint region
[2025-03-13T12:13:48.284+0530][881.884s] Total time for which application threads were stopped: 0.0001103 seconds, Stopping threads took: 0.0000134 seconds
[2025-03-13T12:13:49.284+0530][882.884s] Application time: 1.0000985 seconds
[2025-03-13T12:13:49.284+0530][882.884s] Entering safepoint region: Cleanup
[2025-03-13T12:13:49.285+0530][882.884s] Leaving safepoint region
[2025-03-13T12:13:49.285+0530][882.884s] Total time for which application threads were stopped: 0.0001379 seconds, Stopping threads took: 0.0000213 seconds
[2025-03-13T12:13:50.285+0530][883.885s] Application time: 1.0003366 seconds
[2025-03-13T12:13:50.285+0530][883.885s] Entering safepoint region: Cleanup
[2025-03-13T12:13:50.285+0530][883.885s] Leaving safepoint region
[2025-03-13T12:13:50.285+0530][883.885s] Total time for which application threads were stopped: 0.0001106 seconds, Stopping threads took: 0.0000165 seconds
[2025-03-13T12:13:51.285+0530][884.885s] Application time: 1.0002463 seconds
[2025-03-13T12:13:51.285+0530][884.885s] Entering safepoint region: Cleanup
[2025-03-13T12:13:51.285+0530][884.885s] Leaving safepoint region
[2025-03-13T12:13:51.285+0530][884.885s] Total time for which application threads were stopped: 0.0000966 seconds, Stopping threads took: 0.0000151 seconds
[2025-03-13T12:13:52.286+0530][885.886s] Application time: 1.0002444 seconds
[2025-03-13T12:13:52.286+0530][885.886s] Entering safepoint region: Cleanup
[2025-03-13T12:13:52.286+0530][885.886s] Leaving safepoint region
[2025-03-13T12:13:52.286+0530][885.886s] Total time for which application threads were stopped: 0.0002131 seconds, Stopping threads took: 0.0000187 seconds
[2025-03-13T12:13:53.286+0530][886.886s] Application time: 1.0000679 seconds
[2025-03-13T12:13:53.286+0530][886.886s] Entering safepoint region: Cleanup
[2025-03-13T12:13:53.286+0530][886.886s] Leaving safepoint region
[2025-03-13T12:13:53.286+0530][886.886s] Total time for which application threads were stopped: 0.0000821 seconds, Stopping threads took: 0.0000130 seconds
[2025-03-13T12:13:54.286+0530][887.886s] Application time: 1.0000735 seconds
[2025-03-13T12:13:54.286+0530][887.886s] Entering safepoint region: Cleanup
[2025-03-13T12:13:54.286+0530][887.886s] Leaving safepoint region
[2025-03-13T12:13:54.286+0530][887.886s] Total time for which application threads were stopped: 0.0000948 seconds, Stopping threads took: 0.0000178 seconds
[2025-03-13T12:13:55.286+0530][888.886s] Application time: 1.0000716 seconds
[2025-03-13T12:13:55.286+0530][888.886s] Entering safepoint region: Cleanup
[2025-03-13T12:13:55.287+0530][888.886s] Leaving safepoint region
[2025-03-13T12:13:55.287+0530][888.886s] Total time for which application threads were stopped: 0.0000958 seconds, Stopping threads took: 0.0000191 seconds
[2025-03-13T12:13:56.287+0530][889.887s] Application time: 1.0002058 seconds
[2025-03-13T12:13:56.287+0530][889.887s] Entering safepoint region: Cleanup
[2025-03-13T12:13:56.287+0530][889.887s] Leaving safepoint region
[2025-03-13T12:13:56.287+0530][889.887s] Total time for which application threads were stopped: 0.0002312 seconds, Stopping threads took: 0.0000209 seconds
[2025-03-13T12:13:57.287+0530][890.887s] Application time: 1.0000991 seconds
[2025-03-13T12:13:57.287+0530][890.887s] Entering safepoint region: Cleanup
[2025-03-13T12:13:57.287+0530][890.887s] Leaving safepoint region
[2025-03-13T12:13:57.287+0530][890.887s] Total time for which application threads were stopped: 0.0000856 seconds, Stopping threads took: 0.0000135 seconds
[2025-03-13T12:13:58.287+0530][891.887s] Application time: 1.0000954 seconds
[2025-03-13T12:13:58.287+0530][891.887s] Entering safepoint region: Cleanup
[2025-03-13T12:13:58.288+0530][891.887s] Leaving safepoint region
[2025-03-13T12:13:58.288+0530][891.887s] Total time for which application threads were stopped: 0.0001394 seconds, Stopping threads took: 0.0000132 seconds
[2025-03-13T12:13:59.288+0530][892.888s] Application time: 1.0001790 seconds
[2025-03-13T12:13:59.288+0530][892.888s] Entering safepoint region: Cleanup
[2025-03-13T12:13:59.288+0530][892.888s] Leaving safepoint region
[2025-03-13T12:13:59.288+0530][892.888s] Total time for which application threads were stopped: 0.0001736 seconds, Stopping threads took: 0.0000143 seconds
[2025-03-13T12:14:00.288+0530][893.888s] Application time: 1.0002493 seconds
[2025-03-13T12:14:00.288+0530][893.888s] Entering safepoint region: Cleanup
[2025-03-13T12:14:00.288+0530][893.888s] Leaving safepoint region
[2025-03-13T12:14:00.288+0530][893.888s] Total time for which application threads were stopped: 0.0002024 seconds, Stopping threads took: 0.0000137 seconds
[2025-03-13T12:14:01.289+0530][894.888s] Application time: 1.0000982 seconds
[2025-03-13T12:14:01.289+0530][894.888s] Entering safepoint region: Cleanup
[2025-03-13T12:14:01.289+0530][894.888s] Leaving safepoint region
[2025-03-13T12:14:01.289+0530][894.888s] Total time for which application threads were stopped: 0.0000859 seconds, Stopping threads took: 0.0000139 seconds
[2025-03-13T12:14:02.289+0530][895.889s] Application time: 1.0001842 seconds
[2025-03-13T12:14:02.289+0530][895.889s] Entering safepoint region: Cleanup
[2025-03-13T12:14:02.289+0530][895.889s] Leaving safepoint region
[2025-03-13T12:14:02.289+0530][895.889s] Total time for which application threads were stopped: 0.0000934 seconds, Stopping threads took: 0.0000162 seconds
[2025-03-13T12:14:03.289+0530][896.889s] Application time: 1.0000675 seconds
[2025-03-13T12:14:03.289+0530][896.889s] Entering safepoint region: Cleanup
[2025-03-13T12:14:03.289+0530][896.889s] Leaving safepoint region
[2025-03-13T12:14:03.289+0530][896.889s] Total time for which application threads were stopped: 0.0000860 seconds, Stopping threads took: 0.0000215 seconds
[2025-03-13T12:14:04.289+0530][897.889s] Application time: 1.0001689 seconds
[2025-03-13T12:14:04.289+0530][897.889s] Entering safepoint region: Cleanup
[2025-03-13T12:14:04.289+0530][897.889s] Leaving safepoint region
[2025-03-13T12:14:04.289+0530][897.889s] Total time for which application threads were stopped: 0.0001129 seconds, Stopping threads took: 0.0000138 seconds
[2025-03-13T12:14:05.290+0530][898.889s] Application time: 1.0000969 seconds
[2025-03-13T12:14:05.290+0530][898.889s] Entering safepoint region: Cleanup
[2025-03-13T12:14:05.290+0530][898.889s] Leaving safepoint region
[2025-03-13T12:14:05.290+0530][898.889s] Total time for which application threads were stopped: 0.0001055 seconds, Stopping threads took: 0.0000137 seconds
[2025-03-13T12:14:06.290+0530][899.890s] Application time: 1.0002740 seconds
[2025-03-13T12:14:06.290+0530][899.890s] Entering safepoint region: Cleanup
[2025-03-13T12:14:06.290+0530][899.890s] Leaving safepoint region
[2025-03-13T12:14:06.290+0530][899.890s] Total time for which application threads were stopped: 0.0000922 seconds, Stopping threads took: 0.0000137 seconds
[2025-03-13T12:14:07.290+0530][900.890s] Application time: 1.0002802 seconds
[2025-03-13T12:14:07.290+0530][900.890s] Entering safepoint region: Cleanup
[2025-03-13T12:14:07.290+0530][900.890s] Leaving safepoint region
[2025-03-13T12:14:07.291+0530][900.890s] Total time for which application threads were stopped: 0.0001048 seconds, Stopping threads took: 0.0000137 seconds
[2025-03-13T12:14:08.291+0530][901.891s] Application time: 1.0002939 seconds
[2025-03-13T12:14:08.291+0530][901.891s] Entering safepoint region: Cleanup
[2025-03-13T12:14:08.291+0530][901.891s] Leaving safepoint region
[2025-03-13T12:14:08.291+0530][901.891s] Total time for which application threads were stopped: 0.0000933 seconds, Stopping threads took: 0.0000145 seconds
[2025-03-13T12:14:09.291+0530][902.891s] Application time: 1.0000693 seconds
[2025-03-13T12:14:09.291+0530][902.891s] Entering safepoint region: Cleanup
[2025-03-13T12:14:09.291+0530][902.891s] Leaving safepoint region
[2025-03-13T12:14:09.291+0530][902.891s] Total time for which application threads were stopped: 0.0000901 seconds, Stopping threads took: 0.0000149 seconds
[2025-03-13T12:14:10.291+0530][903.891s] Application time: 1.0002928 seconds
[2025-03-13T12:14:10.291+0530][903.891s] Entering safepoint region: Cleanup
[2025-03-13T12:14:10.292+0530][903.891s] Leaving safepoint region
[2025-03-13T12:14:10.292+0530][903.891s] Total time for which application threads were stopped: 0.0000964 seconds, Stopping threads took: 0.0000145 seconds
[2025-03-13T12:14:11.292+0530][904.892s] Application time: 1.0002940 seconds
[2025-03-13T12:14:11.292+0530][904.892s] Entering safepoint region: Cleanup
[2025-03-13T12:14:11.292+0530][904.892s] Leaving safepoint region
[2025-03-13T12:14:11.292+0530][904.892s] Total time for which application threads were stopped: 0.0000951 seconds, Stopping threads took: 0.0000143 seconds
[2025-03-13T12:14:12.292+0530][905.892s] Application time: 1.0000848 seconds
[2025-03-13T12:14:12.292+0530][905.892s] Entering safepoint region: Cleanup
[2025-03-13T12:14:12.292+0530][905.892s] Leaving safepoint region
[2025-03-13T12:14:12.292+0530][905.892s] Total time for which application threads were stopped: 0.0000914 seconds, Stopping threads took: 0.0000145 seconds
[2025-03-13T12:14:13.292+0530][906.892s] Application time: 1.0000652 seconds
[2025-03-13T12:14:13.292+0530][906.892s] Entering safepoint region: Cleanup
[2025-03-13T12:14:13.292+0530][906.892s] Leaving safepoint region
[2025-03-13T12:14:13.292+0530][906.892s] Total time for which application threads were stopped: 0.0001072 seconds, Stopping threads took: 0.0000149 seconds
[2025-03-13T12:14:14.293+0530][907.892s] Application time: 1.0000924 seconds
[2025-03-13T12:14:14.293+0530][907.892s] Entering safepoint region: Cleanup
[2025-03-13T12:14:14.293+0530][907.892s] Leaving safepoint region
[2025-03-13T12:14:14.293+0530][907.892s] Total time for which application threads were stopped: 0.0001326 seconds, Stopping threads took: 0.0000136 seconds
[2025-03-13T12:14:15.293+0530][908.893s] Application time: 1.0002983 seconds
[2025-03-13T12:14:15.293+0530][908.893s] Entering safepoint region: Cleanup
[2025-03-13T12:14:15.293+0530][908.893s] Leaving safepoint region
[2025-03-13T12:14:15.293+0530][908.893s] Total time for which application threads were stopped: 0.0002105 seconds, Stopping threads took: 0.0000140 seconds
[2025-03-13T12:14:16.294+0530][909.893s] Application time: 1.0003142 seconds
[2025-03-13T12:14:16.294+0530][909.893s] Entering safepoint region: Cleanup
[2025-03-13T12:14:16.294+0530][909.894s] Leaving safepoint region
[2025-03-13T12:14:16.294+0530][909.894s] Total time for which application threads were stopped: 0.0002074 seconds, Stopping threads took: 0.0000146 seconds
[2025-03-13T12:14:17.294+0530][910.894s] Application time: 1.0000726 seconds
[2025-03-13T12:14:17.294+0530][910.894s] Entering safepoint region: Cleanup
[2025-03-13T12:14:17.294+0530][910.894s] Leaving safepoint region
[2025-03-13T12:14:17.294+0530][910.894s] Total time for which application threads were stopped: 0.0001086 seconds, Stopping threads took: 0.0000267 seconds
[2025-03-13T12:14:18.294+0530][911.894s] Application time: 1.0003218 seconds
[2025-03-13T12:14:18.295+0530][911.894s] Entering safepoint region: Cleanup
[2025-03-13T12:14:18.295+0530][911.895s] Leaving safepoint region
[2025-03-13T12:14:18.295+0530][911.895s] Total time for which application threads were stopped: 0.0002248 seconds, Stopping threads took: 0.0000274 seconds
[2025-03-13T12:14:19.295+0530][912.895s] Application time: 1.0000906 seconds
[2025-03-13T12:14:19.295+0530][912.895s] Entering safepoint region: Cleanup
[2025-03-13T12:14:19.295+0530][912.895s] Leaving safepoint region
[2025-03-13T12:14:19.295+0530][912.895s] Total time for which application threads were stopped: 0.0001158 seconds, Stopping threads took: 0.0000135 seconds
[2025-03-13T12:14:20.295+0530][913.895s] Application time: 1.0000693 seconds
[2025-03-13T12:14:20.295+0530][913.895s] Entering safepoint region: Cleanup
[2025-03-13T12:14:20.295+0530][913.895s] Leaving safepoint region
[2025-03-13T12:14:20.295+0530][913.895s] Total time for which application threads were stopped: 0.0002014 seconds, Stopping threads took: 0.0000135 seconds
[2025-03-13T12:14:21.295+0530][914.895s] Application time: 1.0000762 seconds
[2025-03-13T12:14:21.295+0530][914.895s] Entering safepoint region: Cleanup
[2025-03-13T12:14:21.296+0530][914.895s] Leaving safepoint region
[2025-03-13T12:14:21.296+0530][914.895s] Total time for which application threads were stopped: 0.0001173 seconds, Stopping threads took: 0.0000185 seconds
[2025-03-13T12:14:22.296+0530][915.896s] Application time: 1.0003062 seconds
[2025-03-13T12:14:22.296+0530][915.896s] Entering safepoint region: Cleanup
[2025-03-13T12:14:22.296+0530][915.896s] Leaving safepoint region
[2025-03-13T12:14:22.296+0530][915.896s] Total time for which application threads were stopped: 0.0002040 seconds, Stopping threads took: 0.0000136 seconds
[2025-03-13T12:14:23.296+0530][916.896s] Application time: 1.0003428 seconds
[2025-03-13T12:14:23.296+0530][916.896s] Entering safepoint region: Cleanup
[2025-03-13T12:14:23.297+0530][916.896s] Leaving safepoint region
[2025-03-13T12:14:23.297+0530][916.896s] Total time for which application threads were stopped: 0.0002051 seconds, Stopping threads took: 0.0000134 seconds
[2025-03-13T12:14:24.297+0530][917.897s] Application time: 1.0003391 seconds
[2025-03-13T12:14:24.297+0530][917.897s] Entering safepoint region: Cleanup
[2025-03-13T12:14:24.297+0530][917.897s] Leaving safepoint region
[2025-03-13T12:14:24.297+0530][917.897s] Total time for which application threads were stopped: 0.0002037 seconds, Stopping threads took: 0.0000135 seconds
[2025-03-13T12:14:25.297+0530][918.897s] Application time: 1.0001009 seconds
[2025-03-13T12:14:25.297+0530][918.897s] Entering safepoint region: Cleanup
[2025-03-13T12:14:25.297+0530][918.897s] Leaving safepoint region
[2025-03-13T12:14:25.297+0530][918.897s] Total time for which application threads were stopped: 0.0001346 seconds, Stopping threads took: 0.0000137 seconds
[2025-03-13T12:14:26.298+0530][919.898s] Application time: 1.0003433 seconds
[2025-03-13T12:14:26.298+0530][919.898s] Entering safepoint region: Cleanup
[2025-03-13T12:14:26.298+0530][919.898s] Leaving safepoint region
[2025-03-13T12:14:26.298+0530][919.898s] Total time for which application threads were stopped: 0.0001629 seconds, Stopping threads took: 0.0000134 seconds
[2025-03-13T12:14:27.298+0530][920.898s] Application time: 1.0000697 seconds
[2025-03-13T12:14:27.298+0530][920.898s] Entering safepoint region: Cleanup
[2025-03-13T12:14:27.298+0530][920.898s] Leaving safepoint region
[2025-03-13T12:14:27.298+0530][920.898s] Total time for which application threads were stopped: 0.0001998 seconds, Stopping threads took: 0.0000135 seconds
[2025-03-13T12:14:28.299+0530][921.898s] Application time: 1.0003439 seconds
[2025-03-13T12:14:28.299+0530][921.899s] Entering safepoint region: Cleanup
[2025-03-13T12:14:28.299+0530][921.899s] Leaving safepoint region
[2025-03-13T12:14:28.299+0530][921.899s] Total time for which application threads were stopped: 0.0002176 seconds, Stopping threads took: 0.0000140 seconds
[2025-03-13T12:14:29.299+0530][922.899s] Application time: 1.0000716 seconds
[2025-03-13T12:14:29.299+0530][922.899s] Entering safepoint region: Cleanup
[2025-03-13T12:14:29.299+0530][922.899s] Leaving safepoint region
[2025-03-13T12:14:29.299+0530][922.899s] Total time for which application threads were stopped: 0.0001408 seconds, Stopping threads took: 0.0000394 seconds
[2025-03-13T12:14:30.299+0530][923.899s] Application time: 1.0001001 seconds
[2025-03-13T12:14:30.299+0530][923.899s] Entering safepoint region: Cleanup
[2025-03-13T12:14:30.299+0530][923.899s] Leaving safepoint region
[2025-03-13T12:14:30.299+0530][923.899s] Total time for which application threads were stopped: 0.0001298 seconds, Stopping threads took: 0.0000135 seconds
[2025-03-13T12:14:31.300+0530][924.900s] Application time: 1.0003549 seconds
[2025-03-13T12:14:31.300+0530][924.900s] Entering safepoint region: Cleanup
[2025-03-13T12:14:31.300+0530][924.900s] Leaving safepoint region
[2025-03-13T12:14:31.300+0530][924.900s] Total time for which application threads were stopped: 0.0002052 seconds, Stopping threads took: 0.0000134 seconds
[2025-03-13T12:14:32.300+0530][925.900s] Application time: 1.0003429 seconds
[2025-03-13T12:14:32.300+0530][925.900s] Entering safepoint region: Cleanup
[2025-03-13T12:14:32.301+0530][925.900s] Leaving safepoint region
[2025-03-13T12:14:32.301+0530][925.900s] Total time for which application threads were stopped: 0.0001953 seconds, Stopping threads took: 0.0000134 seconds
[2025-03-13T12:14:33.301+0530][926.901s] Application time: 1.0001061 seconds
[2025-03-13T12:14:33.301+0530][926.901s] Entering safepoint region: Cleanup
[2025-03-13T12:14:33.301+0530][926.901s] Leaving safepoint region
[2025-03-13T12:14:33.301+0530][926.901s] Total time for which application threads were stopped: 0.0001580 seconds, Stopping threads took: 0.0000395 seconds
[2025-03-13T12:14:34.301+0530][927.901s] Application time: 1.0003423 seconds
[2025-03-13T12:14:34.301+0530][927.901s] Entering safepoint region: Cleanup
[2025-03-13T12:14:34.302+0530][927.901s] Leaving safepoint region
[2025-03-13T12:14:34.302+0530][927.901s] Total time for which application threads were stopped: 0.0002058 seconds, Stopping threads took: 0.0000135 seconds
[2025-03-13T12:14:35.302+0530][928.901s] Application time: 1.0001759 seconds
[2025-03-13T12:14:35.302+0530][928.902s] Entering safepoint region: Cleanup
[2025-03-13T12:14:35.302+0530][928.902s] Leaving safepoint region
[2025-03-13T12:14:35.302+0530][928.902s] Total time for which application threads were stopped: 0.0001704 seconds, Stopping threads took: 0.0000131 seconds
[2025-03-13T12:14:36.302+0530][929.902s] Application time: 1.0000683 seconds
[2025-03-13T12:14:36.302+0530][929.902s] Entering safepoint region: Cleanup
[2025-03-13T12:14:36.302+0530][929.902s] Leaving safepoint region
[2025-03-13T12:14:36.302+0530][929.902s] Total time for which application threads were stopped: 0.0002034 seconds, Stopping threads took: 0.0000140 seconds
[2025-03-13T12:14:37.302+0530][930.902s] Application time: 1.0000680 seconds
[2025-03-13T12:14:37.302+0530][930.902s] Entering safepoint region: Cleanup
[2025-03-13T12:14:37.302+0530][930.902s] Leaving safepoint region
[2025-03-13T12:14:37.302+0530][930.902s] Total time for which application threads were stopped: 0.0001327 seconds, Stopping threads took: 0.0000138 seconds
[2025-03-13T12:14:38.303+0530][931.903s] Application time: 1.0003578 seconds
[2025-03-13T12:14:38.303+0530][931.903s] Entering safepoint region: Cleanup
[2025-03-13T12:14:38.303+0530][931.903s] Leaving safepoint region
[2025-03-13T12:14:38.303+0530][931.903s] Total time for which application threads were stopped: 0.0002075 seconds, Stopping threads took: 0.0000143 seconds
[2025-03-13T12:14:39.303+0530][932.903s] Application time: 1.0002788 seconds
[2025-03-13T12:14:39.303+0530][932.903s] Entering safepoint region: Cleanup
[2025-03-13T12:14:39.304+0530][932.903s] Leaving safepoint region
[2025-03-13T12:14:39.304+0530][932.903s] Total time for which application threads were stopped: 0.0002043 seconds, Stopping threads took: 0.0000135 seconds
[2025-03-13T12:14:40.304+0530][933.904s] Application time: 1.0003407 seconds
[2025-03-13T12:14:40.304+0530][933.904s] Entering safepoint region: Cleanup
[2025-03-13T12:14:40.304+0530][933.904s] Leaving safepoint region
[2025-03-13T12:14:40.304+0530][933.904s] Total time for which application threads were stopped: 0.0002170 seconds, Stopping threads took: 0.0000251 seconds
[2025-03-13T12:14:41.304+0530][934.904s] Application time: 1.0000924 seconds
[2025-03-13T12:14:41.304+0530][934.904s] Entering safepoint region: Cleanup
[2025-03-13T12:14:41.304+0530][934.904s] Leaving safepoint region
[2025-03-13T12:14:41.304+0530][934.904s] Total time for which application threads were stopped: 0.0001355 seconds, Stopping threads took: 0.0000136 seconds
[2025-03-13T12:14:42.305+0530][935.905s] Application time: 1.0003458 seconds
[2025-03-13T12:14:42.305+0530][935.905s] Entering safepoint region: Cleanup
[2025-03-13T12:14:42.305+0530][935.905s] Leaving safepoint region
[2025-03-13T12:14:42.305+0530][935.905s] Total time for which application threads were stopped: 0.0002082 seconds, Stopping threads took: 0.0000157 seconds
[2025-03-13T12:14:43.305+0530][936.905s] Application time: 1.0003429 seconds
[2025-03-13T12:14:43.305+0530][936.905s] Entering safepoint region: Cleanup
[2025-03-13T12:14:43.306+0530][936.905s] Leaving safepoint region
[2025-03-13T12:14:43.306+0530][936.905s] Total time for which application threads were stopped: 0.0001817 seconds, Stopping threads took: 0.0000142 seconds
[2025-03-13T12:14:44.306+0530][937.906s] Application time: 1.0003452 seconds
[2025-03-13T12:14:44.306+0530][937.906s] Entering safepoint region: Cleanup
[2025-03-13T12:14:44.306+0530][937.906s] Leaving safepoint region
[2025-03-13T12:14:44.306+0530][937.906s] Total time for which application threads were stopped: 0.0002055 seconds, Stopping threads took: 0.0000145 seconds
[2025-03-13T12:14:45.306+0530][938.906s] Application time: 1.0000990 seconds
[2025-03-13T12:14:45.306+0530][938.906s] Entering safepoint region: Cleanup
[2025-03-13T12:14:45.306+0530][938.906s] Leaving safepoint region
[2025-03-13T12:14:45.306+0530][938.906s] Total time for which application threads were stopped: 0.0001388 seconds, Stopping threads took: 0.0000148 seconds
[2025-03-13T12:14:46.307+0530][939.906s] Application time: 1.0000722 seconds
[2025-03-13T12:14:46.307+0530][939.906s] Entering safepoint region: Cleanup
[2025-03-13T12:14:46.307+0530][939.906s] Leaving safepoint region
[2025-03-13T12:14:46.307+0530][939.906s] Total time for which application threads were stopped: 0.0001168 seconds, Stopping threads took: 0.0000182 seconds
[2025-03-13T12:14:47.307+0530][940.907s] Application time: 1.0003433 seconds
[2025-03-13T12:14:47.307+0530][940.907s] Entering safepoint region: Cleanup
[2025-03-13T12:14:47.307+0530][940.907s] Leaving safepoint region
[2025-03-13T12:14:47.307+0530][940.907s] Total time for which application threads were stopped: 0.0002111 seconds, Stopping threads took: 0.0000144 seconds
[2025-03-13T12:14:48.307+0530][941.907s] Application time: 1.0001369 seconds
[2025-03-13T12:14:48.307+0530][941.907s] Entering safepoint region: Cleanup
[2025-03-13T12:14:48.308+0530][941.907s] Leaving safepoint region
[2025-03-13T12:14:48.308+0530][941.907s] Total time for which application threads were stopped: 0.0002133 seconds, Stopping threads took: 0.0000153 seconds
[2025-03-13T12:14:49.308+0530][942.908s] Application time: 1.0000777 seconds
[2025-03-13T12:14:49.308+0530][942.908s] Entering safepoint region: Cleanup
[2025-03-13T12:14:49.308+0530][942.908s] Leaving safepoint region
[2025-03-13T12:14:49.308+0530][942.908s] Total time for which application threads were stopped: 0.0001254 seconds, Stopping threads took: 0.0000237 seconds
[2025-03-13T12:14:50.308+0530][943.908s] Application time: 1.0000667 seconds
[2025-03-13T12:14:50.308+0530][943.908s] Entering safepoint region: Cleanup
[2025-03-13T12:14:50.308+0530][943.908s] Leaving safepoint region
[2025-03-13T12:14:50.308+0530][943.908s] Total time for which application threads were stopped: 0.0002096 seconds, Stopping threads took: 0.0000153 seconds
[2025-03-13T12:14:51.308+0530][944.908s] Application time: 1.0000911 seconds
[2025-03-13T12:14:51.308+0530][944.908s] Entering safepoint region: Cleanup
[2025-03-13T12:14:51.309+0530][944.908s] Leaving safepoint region
[2025-03-13T12:14:51.309+0530][944.908s] Total time for which application threads were stopped: 0.0001350 seconds, Stopping threads took: 0.0000136 seconds
[2025-03-13T12:14:52.309+0530][945.909s] Application time: 1.0003237 seconds
[2025-03-13T12:14:52.309+0530][945.909s] Entering safepoint region: Cleanup
[2025-03-13T12:14:52.309+0530][945.909s] Leaving safepoint region
[2025-03-13T12:14:52.309+0530][945.909s] Total time for which application threads were stopped: 0.0002037 seconds, Stopping threads took: 0.0000138 seconds
[2025-03-13T12:14:53.309+0530][946.909s] Application time: 1.0000939 seconds
[2025-03-13T12:14:53.309+0530][946.909s] Entering safepoint region: Cleanup
[2025-03-13T12:14:53.309+0530][946.909s] Leaving safepoint region
[2025-03-13T12:14:53.309+0530][946.909s] Total time for which application threads were stopped: 0.0000851 seconds, Stopping threads took: 0.0000148 seconds
[2025-03-13T12:14:54.309+0530][947.909s] Application time: 1.0000994 seconds
[2025-03-13T12:14:54.309+0530][947.909s] Entering safepoint region: Cleanup
[2025-03-13T12:14:54.310+0530][947.909s] Leaving safepoint region
[2025-03-13T12:14:54.310+0530][947.909s] Total time for which application threads were stopped: 0.0000830 seconds, Stopping threads took: 0.0000134 seconds
[2025-03-13T12:14:55.310+0530][948.910s] Application time: 1.0003407 seconds
[2025-03-13T12:14:55.310+0530][948.910s] Entering safepoint region: Cleanup
[2025-03-13T12:14:55.310+0530][948.910s] Leaving safepoint region
[2025-03-13T12:14:55.310+0530][948.910s] Total time for which application threads were stopped: 0.0000930 seconds, Stopping threads took: 0.0000135 seconds
[2025-03-13T12:14:56.310+0530][949.910s] Application time: 1.0000970 seconds
[2025-03-13T12:14:56.310+0530][949.910s] Entering safepoint region: Cleanup
[2025-03-13T12:14:56.310+0530][949.910s] Leaving safepoint region
[2025-03-13T12:14:56.310+0530][949.910s] Total time for which application threads were stopped: 0.0000794 seconds, Stopping threads took: 0.0000131 seconds
[2025-03-13T12:14:57.310+0530][950.910s] Application time: 1.0000931 seconds
[2025-03-13T12:14:57.310+0530][950.910s] Entering safepoint region: Cleanup
[2025-03-13T12:14:57.310+0530][950.910s] Leaving safepoint region
[2025-03-13T12:14:57.310+0530][950.910s] Total time for which application threads were stopped: 0.0000853 seconds, Stopping threads took: 0.0000148 seconds
[2025-03-13T12:14:58.311+0530][951.911s] Application time: 1.0003354 seconds
[2025-03-13T12:14:58.311+0530][951.911s] Entering safepoint region: Cleanup
[2025-03-13T12:14:58.311+0530][951.911s] Leaving safepoint region
[2025-03-13T12:14:58.311+0530][951.911s] Total time for which application threads were stopped: 0.0000997 seconds, Stopping threads took: 0.0000235 seconds
[2025-03-13T12:14:59.311+0530][952.911s] Application time: 1.0003427 seconds
[2025-03-13T12:14:59.311+0530][952.911s] Entering safepoint region: Cleanup
[2025-03-13T12:14:59.311+0530][952.911s] Leaving safepoint region
[2025-03-13T12:14:59.311+0530][952.911s] Total time for which application threads were stopped: 0.0000897 seconds, Stopping threads took: 0.0000134 seconds
[2025-03-13T12:15:00.312+0530][953.911s] Application time: 1.0003409 seconds
[2025-03-13T12:15:00.312+0530][953.912s] Entering safepoint region: Cleanup
[2025-03-13T12:15:00.312+0530][953.912s] Leaving safepoint region
[2025-03-13T12:15:00.312+0530][953.912s] Total time for which application threads were stopped: 0.0001605 seconds, Stopping threads took: 0.0000208 seconds
[2025-03-13T12:15:01.312+0530][954.912s] Application time: 1.0001067 seconds
[2025-03-13T12:15:01.312+0530][954.912s] Entering safepoint region: Cleanup
[2025-03-13T12:15:01.312+0530][954.912s] Leaving safepoint region
[2025-03-13T12:15:01.312+0530][954.912s] Total time for which application threads were stopped: 0.0001379 seconds, Stopping threads took: 0.0000143 seconds
[2025-03-13T12:15:02.312+0530][955.912s] Application time: 1.0001747 seconds
[2025-03-13T12:15:02.312+0530][955.912s] Entering safepoint region: Cleanup
[2025-03-13T12:15:02.313+0530][955.912s] Leaving safepoint region
[2025-03-13T12:15:02.313+0530][955.912s] Total time for which application threads were stopped: 0.0001834 seconds, Stopping threads took: 0.0000133 seconds
[2025-03-13T12:15:03.313+0530][956.913s] Application time: 1.0003383 seconds
[2025-03-13T12:15:03.313+0530][956.913s] Entering safepoint region: Cleanup
[2025-03-13T12:15:03.313+0530][956.913s] Leaving safepoint region
[2025-03-13T12:15:03.313+0530][956.913s] Total time for which application threads were stopped: 0.0002051 seconds, Stopping threads took: 0.0000136 seconds
[2025-03-13T12:15:04.313+0530][957.913s] Application time: 1.0001687 seconds
[2025-03-13T12:15:04.313+0530][957.913s] Entering safepoint region: Cleanup
[2025-03-13T12:15:04.314+0530][957.913s] Leaving safepoint region
[2025-03-13T12:15:04.314+0530][957.913s] Total time for which application threads were stopped: 0.0002168 seconds, Stopping threads took: 0.0000252 seconds
[2025-03-13T12:15:05.314+0530][958.913s] Application time: 1.0001044 seconds
[2025-03-13T12:15:05.314+0530][958.913s] Entering safepoint region: Cleanup
[2025-03-13T12:15:05.314+0530][958.914s] Leaving safepoint region
[2025-03-13T12:15:05.314+0530][958.914s] Total time for which application threads were stopped: 0.0000998 seconds, Stopping threads took: 0.0000134 seconds
[2025-03-13T12:15:06.314+0530][959.914s] Application time: 1.0002846 seconds
[2025-03-13T12:15:06.314+0530][959.914s] Entering safepoint region: Cleanup
[2025-03-13T12:15:06.314+0530][959.914s] Leaving safepoint region
[2025-03-13T12:15:06.314+0530][959.914s] Total time for which application threads were stopped: 0.0000881 seconds, Stopping threads took: 0.0000135 seconds
[2025-03-13T12:15:07.314+0530][960.914s] Application time: 1.0001444 seconds
[2025-03-13T12:15:07.314+0530][960.914s] Entering safepoint region: Cleanup
[2025-03-13T12:15:07.315+0530][960.914s] Leaving safepoint region
[2025-03-13T12:15:07.315+0530][960.914s] Total time for which application threads were stopped: 0.0001417 seconds, Stopping threads took: 0.0000138 seconds
[2025-03-13T12:15:08.315+0530][961.915s] Application time: 1.0003354 seconds
[2025-03-13T12:15:08.315+0530][961.915s] Entering safepoint region: Cleanup
[2025-03-13T12:15:08.315+0530][961.915s] Leaving safepoint region
[2025-03-13T12:15:08.315+0530][961.915s] Total time for which application threads were stopped: 0.0000942 seconds, Stopping threads took: 0.0000136 seconds
[2025-03-13T12:15:09.315+0530][962.915s] Application time: 1.0001071 seconds
[2025-03-13T12:15:09.315+0530][962.915s] Entering safepoint region: Cleanup
[2025-03-13T12:15:09.315+0530][962.915s] Leaving safepoint region
[2025-03-13T12:15:09.315+0530][962.915s] Total time for which application threads were stopped: 0.0000896 seconds, Stopping threads took: 0.0000153 seconds
[2025-03-13T12:15:10.316+0530][963.915s] Application time: 1.0003448 seconds
[2025-03-13T12:15:10.316+0530][963.915s] Entering safepoint region: Cleanup
[2025-03-13T12:15:10.316+0530][963.915s] Leaving safepoint region
[2025-03-13T12:15:10.316+0530][963.915s] Total time for which application threads were stopped: 0.0000910 seconds, Stopping threads took: 0.0000139 seconds
[2025-03-13T12:15:11.316+0530][964.916s] Application time: 1.0003415 seconds
[2025-03-13T12:15:11.316+0530][964.916s] Entering safepoint region: Cleanup
[2025-03-13T12:15:11.316+0530][964.916s] Leaving safepoint region
[2025-03-13T12:15:11.316+0530][964.916s] Total time for which application threads were stopped: 0.0001133 seconds, Stopping threads took: 0.0000137 seconds
[2025-03-13T12:15:12.316+0530][965.916s] Application time: 1.0000723 seconds
[2025-03-13T12:15:12.316+0530][965.916s] Entering safepoint region: Cleanup
[2025-03-13T12:15:12.316+0530][965.916s] Leaving safepoint region
[2025-03-13T12:15:12.316+0530][965.916s] Total time for which application threads were stopped: 0.0001209 seconds, Stopping threads took: 0.0000212 seconds
[2025-03-13T12:15:13.317+0530][966.916s] Application time: 1.0001001 seconds
[2025-03-13T12:15:13.317+0530][966.916s] Entering safepoint region: Cleanup
[2025-03-13T12:15:13.317+0530][966.916s] Leaving safepoint region
[2025-03-13T12:15:13.317+0530][966.916s] Total time for which application threads were stopped: 0.0000811 seconds, Stopping threads took: 0.0000134 seconds
[2025-03-13T12:15:14.317+0530][967.917s] Application time: 1.0002885 seconds
[2025-03-13T12:15:14.317+0530][967.917s] Entering safepoint region: Cleanup
[2025-03-13T12:15:14.317+0530][967.917s] Leaving safepoint region
[2025-03-13T12:15:14.317+0530][967.917s] Total time for which application threads were stopped: 0.0000897 seconds, Stopping threads took: 0.0000135 seconds
[2025-03-13T12:15:15.317+0530][968.917s] Application time: 1.0000750 seconds
[2025-03-13T12:15:15.317+0530][968.917s] Entering safepoint region: Cleanup
[2025-03-13T12:15:15.317+0530][968.917s] Leaving safepoint region
[2025-03-13T12:15:15.317+0530][968.917s] Total time for which application threads were stopped: 0.0000886 seconds, Stopping threads took: 0.0000139 seconds
[2025-03-13T12:15:16.318+0530][969.917s] Application time: 1.0003408 seconds
[2025-03-13T12:15:16.318+0530][969.917s] Entering safepoint region: Cleanup
[2025-03-13T12:15:16.318+0530][969.918s] Leaving safepoint region
[2025-03-13T12:15:16.318+0530][969.918s] Total time for which application threads were stopped: 0.0000886 seconds, Stopping threads took: 0.0000135 seconds
[2025-03-13T12:15:17.318+0530][970.918s] Application time: 1.0000656 seconds
[2025-03-13T12:15:17.318+0530][970.918s] Entering safepoint region: Cleanup
[2025-03-13T12:15:17.318+0530][970.918s] Leaving safepoint region
[2025-03-13T12:15:17.318+0530][970.918s] Total time for which application threads were stopped: 0.0001238 seconds, Stopping threads took: 0.0000224 seconds
[2025-03-13T12:15:18.318+0530][971.918s] Application time: 1.0003078 seconds
[2025-03-13T12:15:18.318+0530][971.918s] Entering safepoint region: Cleanup
[2025-03-13T12:15:18.318+0530][971.918s] Leaving safepoint region
[2025-03-13T12:15:18.319+0530][971.918s] Total time for which application threads were stopped: 0.0002016 seconds, Stopping threads took: 0.0000135 seconds
[2025-03-13T12:15:19.319+0530][972.919s] Application time: 1.0002927 seconds
[2025-03-13T12:15:19.319+0530][972.919s] Entering safepoint region: Cleanup
[2025-03-13T12:15:19.319+0530][972.919s] Leaving safepoint region
[2025-03-13T12:15:19.319+0530][972.919s] Total time for which application threads were stopped: 0.0002066 seconds, Stopping threads took: 0.0000145 seconds
[2025-03-13T12:15:20.319+0530][973.919s] Application time: 1.0003294 seconds
[2025-03-13T12:15:20.319+0530][973.919s] Entering safepoint region: Cleanup
[2025-03-13T12:15:20.320+0530][973.919s] Leaving safepoint region
[2025-03-13T12:15:20.320+0530][973.919s] Total time for which application threads were stopped: 0.0002053 seconds, Stopping threads took: 0.0000141 seconds
[2025-03-13T12:15:21.320+0530][974.920s] Application time: 1.0000797 seconds
[2025-03-13T12:15:21.320+0530][974.920s] Entering safepoint region: Cleanup
[2025-03-13T12:15:21.320+0530][974.920s] Leaving safepoint region
[2025-03-13T12:15:21.320+0530][974.920s] Total time for which application threads were stopped: 0.0001307 seconds, Stopping threads took: 0.0000220 seconds
[2025-03-13T12:15:22.320+0530][975.920s] Application time: 1.0000667 seconds
[2025-03-13T12:15:22.320+0530][975.920s] Entering safepoint region: Cleanup
[2025-03-13T12:15:22.320+0530][975.920s] Leaving safepoint region
[2025-03-13T12:15:22.320+0530][975.920s] Total time for which application threads were stopped: 0.0001932 seconds, Stopping threads took: 0.0000137 seconds
[2025-03-13T12:15:23.320+0530][976.920s] Application time: 1.0002885 seconds
[2025-03-13T12:15:23.321+0530][976.920s] Entering safepoint region: Cleanup
[2025-03-13T12:15:23.321+0530][976.920s] Leaving safepoint region
[2025-03-13T12:15:23.321+0530][976.921s] Total time for which application threads were stopped: 0.0002046 seconds, Stopping threads took: 0.0000140 seconds
[2025-03-13T12:15:24.321+0530][977.921s] Application time: 1.0003469 seconds
[2025-03-13T12:15:24.321+0530][977.921s] Entering safepoint region: Cleanup
[2025-03-13T12:15:24.321+0530][977.921s] Leaving safepoint region
[2025-03-13T12:15:24.321+0530][977.921s] Total time for which application threads were stopped: 0.0002023 seconds, Stopping threads took: 0.0000134 seconds
[2025-03-13T12:15:25.321+0530][978.921s] Application time: 1.0001013 seconds
[2025-03-13T12:15:25.321+0530][978.921s] Entering safepoint region: Cleanup
[2025-03-13T12:15:25.322+0530][978.921s] Leaving safepoint region
[2025-03-13T12:15:25.322+0530][978.921s] Total time for which application threads were stopped: 0.0000826 seconds, Stopping threads took: 0.0000134 seconds
[2025-03-13T12:15:26.322+0530][979.922s] Application time: 1.0002928 seconds
[2025-03-13T12:15:26.322+0530][979.922s] Entering safepoint region: Cleanup
[2025-03-13T12:15:26.322+0530][979.922s] Leaving safepoint region
[2025-03-13T12:15:26.322+0530][979.922s] Total time for which application threads were stopped: 0.0000916 seconds, Stopping threads took: 0.0000143 seconds
[2025-03-13T12:15:27.322+0530][980.922s] Application time: 1.0002449 seconds
[2025-03-13T12:15:27.322+0530][980.922s] Entering safepoint region: Cleanup
[2025-03-13T12:15:27.322+0530][980.922s] Leaving safepoint region
[2025-03-13T12:15:27.322+0530][980.922s] Total time for which application threads were stopped: 0.0001509 seconds, Stopping threads took: 0.0000210 seconds
[2025-03-13T12:15:28.323+0530][981.923s] Application time: 1.0003409 seconds
[2025-03-13T12:15:28.323+0530][981.923s] Entering safepoint region: Cleanup
[2025-03-13T12:15:28.323+0530][981.923s] Leaving safepoint region
[2025-03-13T12:15:28.323+0530][981.923s] Total time for which application threads were stopped: 0.0002230 seconds, Stopping threads took: 0.0000133 seconds
[2025-03-13T12:15:29.323+0530][982.923s] Application time: 1.0000987 seconds
[2025-03-13T12:15:29.323+0530][982.923s] Entering safepoint region: Cleanup
[2025-03-13T12:15:29.323+0530][982.923s] Leaving safepoint region
[2025-03-13T12:15:29.323+0530][982.923s] Total time for which application threads were stopped: 0.0000827 seconds, Stopping threads took: 0.0000135 seconds
[2025-03-13T12:15:30.324+0530][983.923s] Application time: 1.0003042 seconds
[2025-03-13T12:15:30.324+0530][983.923s] Entering safepoint region: Cleanup
[2025-03-13T12:15:30.324+0530][983.923s] Leaving safepoint region
[2025-03-13T12:15:30.324+0530][983.923s] Total time for which application threads were stopped: 0.0000874 seconds, Stopping threads took: 0.0000133 seconds
[2025-03-13T12:15:31.324+0530][984.924s] Application time: 1.0001881 seconds
[2025-03-13T12:15:31.324+0530][984.924s] Entering safepoint region: Cleanup
[2025-03-13T12:15:31.324+0530][984.924s] Leaving safepoint region
[2025-03-13T12:15:31.324+0530][984.924s] Total time for which application threads were stopped: 0.0000933 seconds, Stopping threads took: 0.0000137 seconds
[2025-03-13T12:15:32.324+0530][985.924s] Application time: 1.0000940 seconds
[2025-03-13T12:15:32.324+0530][985.924s] Entering safepoint region: Cleanup
[2025-03-13T12:15:32.324+0530][985.924s] Leaving safepoint region
[2025-03-13T12:15:32.324+0530][985.924s] Total time for which application threads were stopped: 0.0000867 seconds, Stopping threads took: 0.0000133 seconds
[2025-03-13T12:15:33.324+0530][986.924s] Application time: 1.0000751 seconds
[2025-03-13T12:15:33.324+0530][986.924s] Entering safepoint region: Cleanup
[2025-03-13T12:15:33.324+0530][986.924s] Leaving safepoint region
[2025-03-13T12:15:33.324+0530][986.924s] Total time for which application threads were stopped: 0.0002162 seconds, Stopping threads took: 0.0000220 seconds
[2025-03-13T12:15:34.325+0530][987.924s] Application time: 1.0001022 seconds
[2025-03-13T12:15:34.325+0530][987.924s] Entering safepoint region: Cleanup
[2025-03-13T12:15:34.325+0530][987.925s] Leaving safepoint region
[2025-03-13T12:15:34.325+0530][987.925s] Total time for which application threads were stopped: 0.0000850 seconds, Stopping threads took: 0.0000135 seconds
[2025-03-13T12:15:35.325+0530][988.925s] Application time: 1.0003422 seconds
[2025-03-13T12:15:35.325+0530][988.925s] Entering safepoint region: Cleanup
[2025-03-13T12:15:35.325+0530][988.925s] Leaving safepoint region
[2025-03-13T12:15:35.325+0530][988.925s] Total time for which application threads were stopped: 0.0001025 seconds, Stopping threads took: 0.0000257 seconds
[2025-03-13T12:15:36.326+0530][989.925s] Application time: 1.0003427 seconds
[2025-03-13T12:15:36.326+0530][989.925s] Entering safepoint region: Cleanup
[2025-03-13T12:15:36.326+0530][989.925s] Leaving safepoint region
[2025-03-13T12:15:36.326+0530][989.925s] Total time for which application threads were stopped: 0.0000891 seconds, Stopping threads took: 0.0000135 seconds
[2025-03-13T12:15:37.326+0530][990.926s] Application time: 1.0001052 seconds
[2025-03-13T12:15:37.326+0530][990.926s] Entering safepoint region: Cleanup
[2025-03-13T12:15:37.326+0530][990.926s] Leaving safepoint region
[2025-03-13T12:15:37.326+0530][990.926s] Total time for which application threads were stopped: 0.0000806 seconds, Stopping threads took: 0.0000135 seconds
[2025-03-13T12:15:38.326+0530][991.926s] Application time: 1.0000642 seconds
[2025-03-13T12:15:38.326+0530][991.926s] Entering safepoint region: Cleanup
[2025-03-13T12:15:38.326+0530][991.926s] Leaving safepoint region
[2025-03-13T12:15:38.326+0530][991.926s] Total time for which application threads were stopped: 0.0000770 seconds, Stopping threads took: 0.0000134 seconds
[2025-03-13T12:15:39.326+0530][992.926s] Application time: 1.0000669 seconds
[2025-03-13T12:15:39.326+0530][992.926s] Entering safepoint region: Cleanup
[2025-03-13T12:15:39.326+0530][992.926s] Leaving safepoint region
[2025-03-13T12:15:39.326+0530][992.926s] Total time for which application threads were stopped: 0.0001212 seconds, Stopping threads took: 0.0000167 seconds
[2025-03-13T12:15:40.326+0530][993.926s] Application time: 1.0000762 seconds
[2025-03-13T12:15:40.326+0530][993.926s] Entering safepoint region: Cleanup
[2025-03-13T12:15:40.327+0530][993.926s] Leaving safepoint region
[2025-03-13T12:15:40.327+0530][993.926s] Total time for which application threads were stopped: 0.0001168 seconds, Stopping threads took: 0.0000175 seconds
[2025-03-13T12:15:41.327+0530][994.926s] Application time: 1.0001021 seconds
[2025-03-13T12:15:41.327+0530][994.926s] Entering safepoint region: Cleanup
[2025-03-13T12:15:41.327+0530][994.927s] Leaving safepoint region
[2025-03-13T12:15:41.327+0530][994.927s] Total time for which application threads were stopped: 0.0000832 seconds, Stopping threads took: 0.0000136 seconds
[2025-03-13T12:15:42.327+0530][995.927s] Application time: 1.0003390 seconds
[2025-03-13T12:15:42.327+0530][995.927s] Entering safepoint region: Cleanup
[2025-03-13T12:15:42.327+0530][995.927s] Leaving safepoint region
[2025-03-13T12:15:42.327+0530][995.927s] Total time for which application threads were stopped: 0.0000895 seconds, Stopping threads took: 0.0000135 seconds
[2025-03-13T12:15:43.327+0530][996.927s] Application time: 1.0000993 seconds
[2025-03-13T12:15:43.327+0530][996.927s] Entering safepoint region: Cleanup
[2025-03-13T12:15:43.327+0530][996.927s] Leaving safepoint region
[2025-03-13T12:15:43.327+0530][996.927s] Total time for which application threads were stopped: 0.0001176 seconds, Stopping threads took: 0.0000131 seconds
[2025-03-13T12:15:44.328+0530][997.928s] Application time: 1.0003247 seconds
[2025-03-13T12:15:44.328+0530][997.928s] Entering safepoint region: Cleanup
[2025-03-13T12:15:44.328+0530][997.928s] Leaving safepoint region
[2025-03-13T12:15:44.328+0530][997.928s] Total time for which application threads were stopped: 0.0002049 seconds, Stopping threads took: 0.0000134 seconds
[2025-03-13T12:15:45.328+0530][998.928s] Application time: 1.0000768 seconds
[2025-03-13T12:15:45.328+0530][998.928s] Entering safepoint region: Cleanup
[2025-03-13T12:15:45.328+0530][998.928s] Leaving safepoint region
[2025-03-13T12:15:45.328+0530][998.928s] Total time for which application threads were stopped: 0.0001381 seconds, Stopping threads took: 0.0000202 seconds
[2025-03-13T12:15:46.329+0530][999.928s] Application time: 1.0003402 seconds
[2025-03-13T12:15:46.329+0530][999.929s] Entering safepoint region: Cleanup
[2025-03-13T12:15:46.329+0530][999.929s] Leaving safepoint region
[2025-03-13T12:15:46.329+0530][999.929s] Total time for which application threads were stopped: 0.0001900 seconds, Stopping threads took: 0.0000137 seconds
[2025-03-13T12:15:47.329+0530][1000.929s] Application time: 1.0000688 seconds
[2025-03-13T12:15:47.329+0530][1000.929s] Entering safepoint region: Cleanup
[2025-03-13T12:15:47.329+0530][1000.929s] Leaving safepoint region
[2025-03-13T12:15:47.329+0530][1000.929s] Total time for which application threads were stopped: 0.0002066 seconds, Stopping threads took: 0.0000139 seconds
[2025-03-13T12:15:48.329+0530][1001.929s] Application time: 1.0000989 seconds
[2025-03-13T12:15:48.329+0530][1001.929s] Entering safepoint region: Cleanup
[2025-03-13T12:15:48.329+0530][1001.929s] Leaving safepoint region
[2025-03-13T12:15:48.329+0530][1001.929s] Total time for which application threads were stopped: 0.0001194 seconds, Stopping threads took: 0.0000134 seconds
[2025-03-13T12:15:49.330+0530][1002.929s] Application time: 1.0000763 seconds
[2025-03-13T12:15:49.330+0530][1002.929s] Entering safepoint region: Cleanup
[2025-03-13T12:15:49.330+0530][1002.929s] Leaving safepoint region
[2025-03-13T12:15:49.330+0530][1002.929s] Total time for which application threads were stopped: 0.0000918 seconds, Stopping threads took: 0.0000176 seconds
[2025-03-13T12:15:50.330+0530][1003.930s] Application time: 1.0003404 seconds
[2025-03-13T12:15:50.330+0530][1003.930s] Entering safepoint region: Cleanup
[2025-03-13T12:15:50.330+0530][1003.930s] Leaving safepoint region
[2025-03-13T12:15:50.330+0530][1003.930s] Total time for which application threads were stopped: 0.0000969 seconds, Stopping threads took: 0.0000148 seconds
[2025-03-13T12:15:51.330+0530][1004.930s] Application time: 1.0003421 seconds
[2025-03-13T12:15:51.331+0530][1004.930s] Entering safepoint region: Cleanup
[2025-03-13T12:15:51.331+0530][1004.930s] Leaving safepoint region
[2025-03-13T12:15:51.331+0530][1004.930s] Total time for which application threads were stopped: 0.0000928 seconds, Stopping threads took: 0.0000147 seconds
[2025-03-13T12:15:52.331+0530][1005.931s] Application time: 1.0003419 seconds
[2025-03-13T12:15:52.331+0530][1005.931s] Entering safepoint region: Cleanup
[2025-03-13T12:15:52.331+0530][1005.931s] Leaving safepoint region
[2025-03-13T12:15:52.331+0530][1005.931s] Total time for which application threads were stopped: 0.0000920 seconds, Stopping threads took: 0.0000145 seconds
[2025-03-13T12:15:53.331+0530][1006.931s] Application time: 1.0000966 seconds
[2025-03-13T12:15:53.331+0530][1006.931s] Entering safepoint region: Cleanup
[2025-03-13T12:15:53.331+0530][1006.931s] Leaving safepoint region
[2025-03-13T12:15:53.331+0530][1006.931s] Total time for which application threads were stopped: 0.0000833 seconds, Stopping threads took: 0.0000145 seconds
[2025-03-13T12:15:54.331+0530][1007.931s] Application time: 1.0001771 seconds
[2025-03-13T12:15:54.332+0530][1007.931s] Entering safepoint region: Cleanup
[2025-03-13T12:15:54.332+0530][1007.931s] Leaving safepoint region
[2025-03-13T12:15:54.332+0530][1007.931s] Total time for which application threads were stopped: 0.0000854 seconds, Stopping threads took: 0.0000138 seconds
[2025-03-13T12:15:55.332+0530][1008.932s] Application time: 1.0003455 seconds
[2025-03-13T12:15:55.332+0530][1008.932s] Entering safepoint region: Cleanup
[2025-03-13T12:15:55.332+0530][1008.932s] Leaving safepoint region
[2025-03-13T12:15:55.332+0530][1008.932s] Total time for which application threads were stopped: 0.0000895 seconds, Stopping threads took: 0.0000144 seconds
[2025-03-13T12:15:56.332+0530][1009.932s] Application time: 1.0001756 seconds
[2025-03-13T12:15:56.332+0530][1009.932s] Entering safepoint region: Cleanup
[2025-03-13T12:15:56.332+0530][1009.932s] Leaving safepoint region
[2025-03-13T12:15:56.332+0530][1009.932s] Total time for which application threads were stopped: 0.0001033 seconds, Stopping threads took: 0.0000146 seconds
[2025-03-13T12:15:57.332+0530][1010.932s] Application time: 1.0001010 seconds
[2025-03-13T12:15:57.333+0530][1010.932s] Entering safepoint region: Cleanup
[2025-03-13T12:15:57.333+0530][1010.932s] Leaving safepoint region
[2025-03-13T12:15:57.333+0530][1010.932s] Total time for which application threads were stopped: 0.0000815 seconds, Stopping threads took: 0.0000133 seconds
[2025-03-13T12:15:58.333+0530][1011.933s] Application time: 1.0003117 seconds
[2025-03-13T12:15:58.333+0530][1011.933s] Entering safepoint region: Cleanup
[2025-03-13T12:15:58.333+0530][1011.933s] Leaving safepoint region
[2025-03-13T12:15:58.333+0530][1011.933s] Total time for which application threads were stopped: 0.0001037 seconds, Stopping threads took: 0.0000141 seconds
[2025-03-13T12:15:59.333+0530][1012.933s] Application time: 1.0003412 seconds
[2025-03-13T12:15:59.333+0530][1012.933s] Entering safepoint region: Cleanup
[2025-03-13T12:15:59.334+0530][1012.933s] Leaving safepoint region
[2025-03-13T12:15:59.334+0530][1012.933s] Total time for which application threads were stopped: 0.0000890 seconds, Stopping threads took: 0.0000135 seconds
[2025-03-13T12:16:00.334+0530][1013.933s] Application time: 1.0000690 seconds
[2025-03-13T12:16:00.334+0530][1013.933s] Entering safepoint region: Cleanup
[2025-03-13T12:16:00.334+0530][1013.934s] Leaving safepoint region
[2025-03-13T12:16:00.334+0530][1013.934s] Total time for which application threads were stopped: 0.0000892 seconds, Stopping threads took: 0.0000136 seconds
[2025-03-13T12:16:01.334+0530][1014.934s] Application time: 1.0000824 seconds
[2025-03-13T12:16:01.334+0530][1014.934s] Entering safepoint region: Cleanup
[2025-03-13T12:16:01.334+0530][1014.934s] Leaving safepoint region
[2025-03-13T12:16:01.334+0530][1014.934s] Total time for which application threads were stopped: 0.0001063 seconds, Stopping threads took: 0.0000214 seconds
[2025-03-13T12:16:02.334+0530][1015.934s] Application time: 1.0002945 seconds
[2025-03-13T12:16:02.334+0530][1015.934s] Entering safepoint region: Cleanup
[2025-03-13T12:16:02.334+0530][1015.934s] Leaving safepoint region
[2025-03-13T12:16:02.334+0530][1015.934s] Total time for which application threads were stopped: 0.0002039 seconds, Stopping threads took: 0.0000137 seconds
[2025-03-13T12:16:03.335+0530][1016.935s] Application time: 1.0002972 seconds
[2025-03-13T12:16:03.335+0530][1016.935s] Entering safepoint region: Cleanup
[2025-03-13T12:16:03.335+0530][1016.935s] Leaving safepoint region
[2025-03-13T12:16:03.335+0530][1016.935s] Total time for which application threads were stopped: 0.0002031 seconds, Stopping threads took: 0.0000141 seconds
[2025-03-13T12:16:04.335+0530][1017.935s] Application time: 1.0001774 seconds
[2025-03-13T12:16:04.335+0530][1017.935s] Entering safepoint region: Cleanup
[2025-03-13T12:16:04.335+0530][1017.935s] Leaving safepoint region
[2025-03-13T12:16:04.335+0530][1017.935s] Total time for which application threads were stopped: 0.0001948 seconds, Stopping threads took: 0.0000130 seconds
[2025-03-13T12:16:05.336+0530][1018.935s] Application time: 1.0000726 seconds
[2025-03-13T12:16:05.336+0530][1018.935s] Entering safepoint region: Cleanup
[2025-03-13T12:16:05.336+0530][1018.935s] Leaving safepoint region
[2025-03-13T12:16:05.336+0530][1018.935s] Total time for which application threads were stopped: 0.0001298 seconds, Stopping threads took: 0.0000302 seconds
[2025-03-13T12:16:06.336+0530][1019.936s] Application time: 1.0001690 seconds
[2025-03-13T12:16:06.336+0530][1019.936s] Entering safepoint region: Cleanup
[2025-03-13T12:16:06.336+0530][1019.936s] Leaving safepoint region
[2025-03-13T12:16:06.336+0530][1019.936s] Total time for which application threads were stopped: 0.0000864 seconds, Stopping threads took: 0.0000136 seconds
[2025-03-13T12:16:07.336+0530][1020.936s] Application time: 1.0003389 seconds
[2025-03-13T12:16:07.336+0530][1020.936s] Entering safepoint region: Cleanup
[2025-03-13T12:16:07.336+0530][1020.936s] Leaving safepoint region
[2025-03-13T12:16:07.336+0530][1020.936s] Total time for which application threads were stopped: 0.0001008 seconds, Stopping threads took: 0.0000258 seconds
[2025-03-13T12:16:08.337+0530][1021.937s] Application time: 1.0003439 seconds
[2025-03-13T12:16:08.337+0530][1021.937s] Entering safepoint region: Cleanup
[2025-03-13T12:16:08.337+0530][1021.937s] Leaving safepoint region
[2025-03-13T12:16:08.337+0530][1021.937s] Total time for which application threads were stopped: 0.0000909 seconds, Stopping threads took: 0.0000137 seconds
[2025-03-13T12:16:09.337+0530][1022.937s] Application time: 1.0000974 seconds
[2025-03-13T12:16:09.337+0530][1022.937s] Entering safepoint region: Cleanup
[2025-03-13T12:16:09.337+0530][1022.937s] Leaving safepoint region
[2025-03-13T12:16:09.337+0530][1022.937s] Total time for which application threads were stopped: 0.0000813 seconds, Stopping threads took: 0.0000133 seconds
[2025-03-13T12:16:10.337+0530][1023.937s] Application time: 1.0001735 seconds
[2025-03-13T12:16:10.337+0530][1023.937s] Entering safepoint region: Cleanup
[2025-03-13T12:16:10.337+0530][1023.937s] Leaving safepoint region
[2025-03-13T12:16:10.337+0530][1023.937s] Total time for which application threads were stopped: 0.0000742 seconds, Stopping threads took: 0.0000133 seconds
[2025-03-13T12:16:11.338+0530][1024.938s] Application time: 1.0003411 seconds
[2025-03-13T12:16:11.338+0530][1024.938s] Entering safepoint region: Cleanup
[2025-03-13T12:16:11.338+0530][1024.938s] Leaving safepoint region
[2025-03-13T12:16:11.338+0530][1024.938s] Total time for which application threads were stopped: 0.0000916 seconds, Stopping threads took: 0.0000151 seconds
[2025-03-13T12:16:12.338+0530][1025.938s] Application time: 1.0001039 seconds
[2025-03-13T12:16:12.338+0530][1025.938s] Entering safepoint region: Cleanup
[2025-03-13T12:16:12.338+0530][1025.938s] Leaving safepoint region
[2025-03-13T12:16:12.338+0530][1025.938s] Total time for which application threads were stopped: 0.0000838 seconds, Stopping threads took: 0.0000136 seconds
[2025-03-13T12:16:13.338+0530][1026.938s] Application time: 1.0000976 seconds
[2025-03-13T12:16:13.338+0530][1026.938s] Entering safepoint region: Cleanup
[2025-03-13T12:16:13.338+0530][1026.938s] Leaving safepoint region
[2025-03-13T12:16:13.338+0530][1026.938s] Total time for which application threads were stopped: 0.0000833 seconds, Stopping threads took: 0.0000132 seconds
[2025-03-13T12:16:14.338+0530][1027.938s] Application time: 1.0000990 seconds
[2025-03-13T12:16:14.338+0530][1027.938s] Entering safepoint region: Cleanup
[2025-03-13T12:16:14.339+0530][1027.938s] Leaving safepoint region
[2025-03-13T12:16:14.339+0530][1027.938s] Total time for which application threads were stopped: 0.0000836 seconds, Stopping threads took: 0.0000144 seconds
[2025-03-13T12:16:15.339+0530][1028.939s] Application time: 1.0003391 seconds
[2025-03-13T12:16:15.339+0530][1028.939s] Entering safepoint region: Cleanup
[2025-03-13T12:16:15.339+0530][1028.939s] Leaving safepoint region
[2025-03-13T12:16:15.339+0530][1028.939s] Total time for which application threads were stopped: 0.0000882 seconds, Stopping threads took: 0.0000136 seconds
[2025-03-13T12:16:16.339+0530][1029.939s] Application time: 1.0001187 seconds
[2025-03-13T12:16:16.339+0530][1029.939s] Entering safepoint region: Cleanup
[2025-03-13T12:16:16.339+0530][1029.939s] Leaving safepoint region
[2025-03-13T12:16:16.339+0530][1029.939s] Total time for which application threads were stopped: 0.0001533 seconds, Stopping threads took: 0.0000253 seconds
[2025-03-13T12:16:17.339+0530][1030.939s] Application time: 1.0000992 seconds
[2025-03-13T12:16:17.340+0530][1030.939s] Entering safepoint region: Cleanup
[2025-03-13T12:16:17.340+0530][1030.939s] Leaving safepoint region
[2025-03-13T12:16:17.340+0530][1030.939s] Total time for which application threads were stopped: 0.0001354 seconds, Stopping threads took: 0.0000140 seconds
[2025-03-13T12:16:18.340+0530][1031.940s] Application time: 1.0003375 seconds
[2025-03-13T12:16:18.340+0530][1031.940s] Entering safepoint region: Cleanup
[2025-03-13T12:16:18.340+0530][1031.940s] Leaving safepoint region
[2025-03-13T12:16:18.340+0530][1031.940s] Total time for which application threads were stopped: 0.0002058 seconds, Stopping threads took: 0.0000152 seconds
[2025-03-13T12:16:19.341+0530][1032.940s] Application time: 1.0003222 seconds
[2025-03-13T12:16:19.341+0530][1032.940s] Entering safepoint region: Cleanup
[2025-03-13T12:16:19.341+0530][1032.941s] Leaving safepoint region
[2025-03-13T12:16:19.341+0530][1032.941s] Total time for which application threads were stopped: 0.0001685 seconds, Stopping threads took: 0.0000138 seconds
[2025-03-13T12:16:20.341+0530][1033.941s] Application time: 1.0002830 seconds
[2025-03-13T12:16:20.341+0530][1033.941s] Entering safepoint region: Cleanup
[2025-03-13T12:16:20.341+0530][1033.941s] Leaving safepoint region
[2025-03-13T12:16:20.341+0530][1033.941s] Total time for which application threads were stopped: 0.0002036 seconds, Stopping threads took: 0.0000134 seconds
[2025-03-13T12:16:21.341+0530][1034.941s] Application time: 1.0000751 seconds
[2025-03-13T12:16:21.341+0530][1034.941s] Entering safepoint region: Cleanup
[2025-03-13T12:16:21.342+0530][1034.941s] Leaving safepoint region
[2025-03-13T12:16:21.342+0530][1034.941s] Total time for which application threads were stopped: 0.0001270 seconds, Stopping threads took: 0.0000222 seconds
[2025-03-13T12:16:22.342+0530][1035.942s] Application time: 1.0003113 seconds
[2025-03-13T12:16:22.342+0530][1035.942s] Entering safepoint region: Cleanup
[2025-03-13T12:16:22.342+0530][1035.942s] Leaving safepoint region
[2025-03-13T12:16:22.342+0530][1035.942s] Total time for which application threads were stopped: 0.0002049 seconds, Stopping threads took: 0.0000140 seconds
[2025-03-13T12:16:23.342+0530][1036.942s] Application time: 1.0001755 seconds
[2025-03-13T12:16:23.342+0530][1036.942s] Entering safepoint region: Cleanup
[2025-03-13T12:16:23.342+0530][1036.942s] Leaving safepoint region
[2025-03-13T12:16:23.342+0530][1036.942s] Total time for which application threads were stopped: 0.0001993 seconds, Stopping threads took: 0.0000163 seconds
[2025-03-13T12:16:24.343+0530][1037.942s] Application time: 1.0000980 seconds
[2025-03-13T12:16:24.343+0530][1037.942s] Entering safepoint region: Cleanup
[2025-03-13T12:16:24.343+0530][1037.943s] Leaving safepoint region
[2025-03-13T12:16:24.343+0530][1037.943s] Total time for which application threads were stopped: 0.0001204 seconds, Stopping threads took: 0.0000148 seconds
[2025-03-13T12:16:25.343+0530][1038.943s] Application time: 1.0000371 seconds
[2025-03-13T12:16:25.343+0530][1038.943s] Entering safepoint region: Cleanup
[2025-03-13T12:16:25.343+0530][1038.943s] Leaving safepoint region
[2025-03-13T12:16:25.343+0530][1038.943s] Total time for which application threads were stopped: 0.0001066 seconds, Stopping threads took: 0.0000222 seconds
[2025-03-13T12:16:26.343+0530][1039.943s] Application time: 1.0000914 seconds
[2025-03-13T12:16:26.343+0530][1039.943s] Entering safepoint region: Cleanup
[2025-03-13T12:16:26.343+0530][1039.943s] Leaving safepoint region
[2025-03-13T12:16:26.343+0530][1039.943s] Total time for which application threads were stopped: 0.0001281 seconds, Stopping threads took: 0.0000137 seconds
[2025-03-13T12:16:27.344+0530][1040.943s] Application time: 1.0003356 seconds
[2025-03-13T12:16:27.344+0530][1040.943s] Entering safepoint region: Cleanup
[2025-03-13T12:16:27.344+0530][1040.944s] Leaving safepoint region
[2025-03-13T12:16:27.344+0530][1040.944s] Total time for which application threads were stopped: 0.0002177 seconds, Stopping threads took: 0.0000140 seconds
[2025-03-13T12:16:28.344+0530][1041.944s] Application time: 1.0003460 seconds
[2025-03-13T12:16:28.344+0530][1041.944s] Entering safepoint region: Cleanup
[2025-03-13T12:16:28.344+0530][1041.944s] Leaving safepoint region
[2025-03-13T12:16:28.344+0530][1041.944s] Total time for which application threads were stopped: 0.0002105 seconds, Stopping threads took: 0.0000143 seconds
[2025-03-13T12:16:29.344+0530][1042.944s] Application time: 1.0000786 seconds
[2025-03-13T12:16:29.345+0530][1042.944s] Entering safepoint region: Cleanup
[2025-03-13T12:16:29.345+0530][1042.944s] Leaving safepoint region
[2025-03-13T12:16:29.345+0530][1042.944s] Total time for which application threads were stopped: 0.0001061 seconds, Stopping threads took: 0.0000226 seconds
[2025-03-13T12:16:30.345+0530][1043.945s] Application time: 1.0001033 seconds
[2025-03-13T12:16:30.345+0530][1043.945s] Entering safepoint region: Cleanup
[2025-03-13T12:16:30.345+0530][1043.945s] Leaving safepoint region
[2025-03-13T12:16:30.345+0530][1043.945s] Total time for which application threads were stopped: 0.0001032 seconds, Stopping threads took: 0.0000209 seconds
[2025-03-13T12:16:31.345+0530][1044.945s] Application time: 1.0000698 seconds
[2025-03-13T12:16:31.345+0530][1044.945s] Entering safepoint region: Cleanup
[2025-03-13T12:16:31.345+0530][1044.945s] Leaving safepoint region
[2025-03-13T12:16:31.345+0530][1044.945s] Total time for which application threads were stopped: 0.0001131 seconds, Stopping threads took: 0.0000131 seconds
[2025-03-13T12:16:32.345+0530][1045.945s] Application time: 1.0000944 seconds
[2025-03-13T12:16:32.345+0530][1045.945s] Entering safepoint region: Cleanup
[2025-03-13T12:16:32.345+0530][1045.945s] Leaving safepoint region
[2025-03-13T12:16:32.345+0530][1045.945s] Total time for which application threads were stopped: 0.0001140 seconds, Stopping threads took: 0.0000135 seconds
[2025-03-13T12:16:33.345+0530][1046.945s] Application time: 1.0000993 seconds
[2025-03-13T12:16:33.346+0530][1046.945s] Entering safepoint region: Cleanup
[2025-03-13T12:16:33.346+0530][1046.945s] Leaving safepoint region
[2025-03-13T12:16:33.346+0530][1046.945s] Total time for which application threads were stopped: 0.0001369 seconds, Stopping threads took: 0.0000138 seconds
[2025-03-13T12:16:34.346+0530][1047.946s] Application time: 1.0003437 seconds
[2025-03-13T12:16:34.346+0530][1047.946s] Entering safepoint region: Cleanup
[2025-03-13T12:16:34.346+0530][1047.946s] Leaving safepoint region
[2025-03-13T12:16:34.346+0530][1047.946s] Total time for which application threads were stopped: 0.0002038 seconds, Stopping threads took: 0.0000135 seconds
[2025-03-13T12:16:35.347+0530][1048.946s] Application time: 1.0003378 seconds
[2025-03-13T12:16:35.347+0530][1048.946s] Entering safepoint region: Cleanup
[2025-03-13T12:16:35.347+0530][1048.947s] Leaving safepoint region
[2025-03-13T12:16:35.347+0530][1048.947s] Total time for which application threads were stopped: 0.0002194 seconds, Stopping threads took: 0.0000132 seconds
[2025-03-13T12:16:36.347+0530][1049.947s] Application time: 1.0003417 seconds
[2025-03-13T12:16:36.347+0530][1049.947s] Entering safepoint region: Cleanup
[2025-03-13T12:16:36.347+0530][1049.947s] Leaving safepoint region
[2025-03-13T12:16:36.347+0530][1049.947s] Total time for which application threads were stopped: 0.0002153 seconds, Stopping threads took: 0.0000250 seconds
[2025-03-13T12:16:37.348+0530][1050.947s] Application time: 1.0000759 seconds
[2025-03-13T12:16:37.348+0530][1050.947s] Entering safepoint region: Cleanup
[2025-03-13T12:16:37.348+0530][1050.947s] Leaving safepoint region
[2025-03-13T12:16:37.348+0530][1050.947s] Total time for which application threads were stopped: 0.0001291 seconds, Stopping threads took: 0.0000211 seconds
[2025-03-13T12:16:38.348+0530][1051.948s] Application time: 1.0003417 seconds
[2025-03-13T12:16:38.348+0530][1051.948s] Entering safepoint region: Cleanup
[2025-03-13T12:16:38.348+0530][1051.948s] Leaving safepoint region
[2025-03-13T12:16:38.348+0530][1051.948s] Total time for which application threads were stopped: 0.0002040 seconds, Stopping threads took: 0.0000134 seconds
[2025-03-13T12:16:39.348+0530][1052.948s] Application time: 1.0000781 seconds
[2025-03-13T12:16:39.348+0530][1052.948s] Entering safepoint region: Cleanup
[2025-03-13T12:16:39.349+0530][1052.948s] Leaving safepoint region
[2025-03-13T12:16:39.349+0530][1052.948s] Total time for which application threads were stopped: 0.0001770 seconds, Stopping threads took: 0.0000365 seconds
[2025-03-13T12:16:40.349+0530][1053.949s] Application time: 1.0003418 seconds
[2025-03-13T12:16:40.349+0530][1053.949s] Entering safepoint region: Cleanup
[2025-03-13T12:16:40.349+0530][1053.949s] Leaving safepoint region
[2025-03-13T12:16:40.349+0530][1053.949s] Total time for which application threads were stopped: 0.0002049 seconds, Stopping threads took: 0.0000137 seconds
[2025-03-13T12:16:41.349+0530][1054.949s] Application time: 1.0000731 seconds
[2025-03-13T12:16:41.349+0530][1054.949s] Entering safepoint region: Cleanup
[2025-03-13T12:16:41.349+0530][1054.949s] Leaving safepoint region
[2025-03-13T12:16:41.349+0530][1054.949s] Total time for which application threads were stopped: 0.0001273 seconds, Stopping threads took: 0.0000207 seconds
[2025-03-13T12:16:42.349+0530][1055.949s] Application time: 1.0000721 seconds
[2025-03-13T12:16:42.350+0530][1055.949s] Entering safepoint region: Cleanup
[2025-03-13T12:16:42.350+0530][1055.949s] Leaving safepoint region
[2025-03-13T12:16:42.350+0530][1055.949s] Total time for which application threads were stopped: 0.0001224 seconds, Stopping threads took: 0.0000214 seconds
[2025-03-13T12:16:43.350+0530][1056.950s] Application time: 1.0002807 seconds
[2025-03-13T12:16:43.350+0530][1056.950s] Entering safepoint region: Cleanup
[2025-03-13T12:16:43.350+0530][1056.950s] Leaving safepoint region
[2025-03-13T12:16:43.350+0530][1056.950s] Total time for which application threads were stopped: 0.0002031 seconds, Stopping threads took: 0.0000133 seconds
[2025-03-13T12:16:44.350+0530][1057.950s] Application time: 1.0003270 seconds
[2025-03-13T12:16:44.351+0530][1057.950s] Entering safepoint region: Cleanup
[2025-03-13T12:16:44.351+0530][1057.951s] Leaving safepoint region
[2025-03-13T12:16:44.351+0530][1057.951s] Total time for which application threads were stopped: 0.0001960 seconds, Stopping threads took: 0.0000213 seconds
[2025-03-13T12:16:45.351+0530][1058.951s] Application time: 1.0000912 seconds
[2025-03-13T12:16:45.351+0530][1058.951s] Entering safepoint region: Cleanup
[2025-03-13T12:16:45.351+0530][1058.951s] Leaving safepoint region
[2025-03-13T12:16:45.351+0530][1058.951s] Total time for which application threads were stopped: 0.0000976 seconds, Stopping threads took: 0.0000196 seconds
[2025-03-13T12:16:46.351+0530][1059.951s] Application time: 1.0001026 seconds
[2025-03-13T12:16:46.351+0530][1059.951s] Entering safepoint region: Cleanup
[2025-03-13T12:16:46.351+0530][1059.951s] Leaving safepoint region
[2025-03-13T12:16:46.351+0530][1059.951s] Total time for which application threads were stopped: 0.0001158 seconds, Stopping threads took: 0.0000132 seconds
[2025-03-13T12:16:47.351+0530][1060.951s] Application time: 1.0000799 seconds
[2025-03-13T12:16:47.351+0530][1060.951s] Entering safepoint region: Cleanup
[2025-03-13T12:16:47.351+0530][1060.951s] Leaving safepoint region
[2025-03-13T12:16:47.351+0530][1060.951s] Total time for which application threads were stopped: 0.0001060 seconds, Stopping threads took: 0.0000220 seconds
[2025-03-13T12:16:48.352+0530][1061.951s] Application time: 1.0001022 seconds
[2025-03-13T12:16:48.352+0530][1061.951s] Entering safepoint region: Cleanup
[2025-03-13T12:16:48.352+0530][1061.951s] Leaving safepoint region
[2025-03-13T12:16:48.352+0530][1061.951s] Total time for which application threads were stopped: 0.0000851 seconds, Stopping threads took: 0.0000143 seconds
[2025-03-13T12:16:49.352+0530][1062.952s] Application time: 1.0001163 seconds
[2025-03-13T12:16:49.352+0530][1062.952s] Entering safepoint region: Cleanup
[2025-03-13T12:16:49.352+0530][1062.952s] Leaving safepoint region
[2025-03-13T12:16:49.352+0530][1062.952s] Total time for which application threads were stopped: 0.0001931 seconds, Stopping threads took: 0.0000136 seconds
[2025-03-13T12:16:50.352+0530][1063.952s] Application time: 1.0003108 seconds
[2025-03-13T12:16:50.352+0530][1063.952s] Entering safepoint region: Cleanup
[2025-03-13T12:16:50.353+0530][1063.952s] Leaving safepoint region
[2025-03-13T12:16:50.353+0530][1063.952s] Total time for which application threads were stopped: 0.0001701 seconds, Stopping threads took: 0.0000136 seconds
[2025-03-13T12:16:51.353+0530][1064.953s] Application time: 1.0002673 seconds
[2025-03-13T12:16:51.353+0530][1064.953s] Entering safepoint region: Cleanup
[2025-03-13T12:16:51.353+0530][1064.953s] Leaving safepoint region
[2025-03-13T12:16:51.353+0530][1064.953s] Total time for which application threads were stopped: 0.0002056 seconds, Stopping threads took: 0.0000135 seconds
[2025-03-13T12:16:52.353+0530][1065.953s] Application time: 1.0000968 seconds
[2025-03-13T12:16:52.353+0530][1065.953s] Entering safepoint region: Cleanup
[2025-03-13T12:16:52.353+0530][1065.953s] Leaving safepoint region
[2025-03-13T12:16:52.353+0530][1065.953s] Total time for which application threads were stopped: 0.0000838 seconds, Stopping threads took: 0.0000142 seconds
[2025-03-13T12:16:53.353+0530][1066.953s] Application time: 1.0000965 seconds
[2025-03-13T12:16:53.353+0530][1066.953s] Entering safepoint region: Cleanup
[2025-03-13T12:16:53.353+0530][1066.953s] Leaving safepoint region
[2025-03-13T12:16:53.353+0530][1066.953s] Total time for which application threads were stopped: 0.0000811 seconds, Stopping threads took: 0.0000143 seconds
[2025-03-13T12:16:54.354+0530][1067.953s] Application time: 1.0001466 seconds
[2025-03-13T12:16:54.354+0530][1067.953s] Entering safepoint region: Cleanup
[2025-03-13T12:16:54.354+0530][1067.954s] Leaving safepoint region
[2025-03-13T12:16:54.354+0530][1067.954s] Total time for which application threads were stopped: 0.0001734 seconds, Stopping threads took: 0.0000145 seconds
[2025-03-13T12:16:55.354+0530][1068.954s] Application time: 1.0003403 seconds
[2025-03-13T12:16:55.354+0530][1068.954s] Entering safepoint region: Cleanup
[2025-03-13T12:16:55.354+0530][1068.954s] Leaving safepoint region
[2025-03-13T12:16:55.354+0530][1068.954s] Total time for which application threads were stopped: 0.0002079 seconds, Stopping threads took: 0.0000145 seconds
[2025-03-13T12:16:56.355+0530][1069.954s] Application time: 1.0002438 seconds
[2025-03-13T12:16:56.355+0530][1069.955s] Entering safepoint region: Cleanup
[2025-03-13T12:16:56.355+0530][1069.955s] Leaving safepoint region
[2025-03-13T12:16:56.355+0530][1069.955s] Total time for which application threads were stopped: 0.0002002 seconds, Stopping threads took: 0.0000190 seconds
[2025-03-13T12:16:57.355+0530][1070.955s] Application time: 1.0000675 seconds
[2025-03-13T12:16:57.355+0530][1070.955s] Entering safepoint region: Cleanup
[2025-03-13T12:16:57.355+0530][1070.955s] Leaving safepoint region
[2025-03-13T12:16:57.355+0530][1070.955s] Total time for which application threads were stopped: 0.0001987 seconds, Stopping threads took: 0.0000146 seconds
[2025-03-13T12:16:58.356+0530][1071.955s] Application time: 1.0003153 seconds
[2025-03-13T12:16:58.356+0530][1071.955s] Entering safepoint region: Cleanup
[2025-03-13T12:16:58.356+0530][1071.956s] Leaving safepoint region
[2025-03-13T12:16:58.356+0530][1071.956s] Total time for which application threads were stopped: 0.0002206 seconds, Stopping threads took: 0.0000142 seconds
[2025-03-13T12:16:59.356+0530][1072.956s] Application time: 1.0001081 seconds
[2025-03-13T12:16:59.356+0530][1072.956s] Entering safepoint region: Cleanup
[2025-03-13T12:16:59.356+0530][1072.956s] Leaving safepoint region
[2025-03-13T12:16:59.356+0530][1072.956s] Total time for which application threads were stopped: 0.0002070 seconds, Stopping threads took: 0.0000145 seconds
[2025-03-13T12:17:00.356+0530][1073.956s] Application time: 1.0003400 seconds
[2025-03-13T12:17:00.357+0530][1073.956s] Entering safepoint region: Cleanup
[2025-03-13T12:17:00.357+0530][1073.957s] Leaving safepoint region
[2025-03-13T12:17:00.357+0530][1073.957s] Total time for which application threads were stopped: 0.0002084 seconds, Stopping threads took: 0.0000143 seconds
[2025-03-13T12:17:01.357+0530][1074.957s] Application time: 1.0000936 seconds
[2025-03-13T12:17:01.357+0530][1074.957s] Entering safepoint region: Cleanup
[2025-03-13T12:17:01.357+0530][1074.957s] Leaving safepoint region
[2025-03-13T12:17:01.357+0530][1074.957s] Total time for which application threads were stopped: 0.0001003 seconds, Stopping threads took: 0.0000153 seconds
[2025-03-13T12:17:02.357+0530][1075.957s] Application time: 1.0003405 seconds
[2025-03-13T12:17:02.357+0530][1075.957s] Entering safepoint region: Cleanup
[2025-03-13T12:17:02.357+0530][1075.957s] Leaving safepoint region
[2025-03-13T12:17:02.357+0530][1075.957s] Total time for which application threads were stopped: 0.0000872 seconds, Stopping threads took: 0.0000140 seconds
[2025-03-13T12:17:03.358+0530][1076.957s] Application time: 1.0001737 seconds
[2025-03-13T12:17:03.358+0530][1076.957s] Entering safepoint region: Cleanup
[2025-03-13T12:17:03.358+0530][1076.958s] Leaving safepoint region
[2025-03-13T12:17:03.358+0530][1076.958s] Total time for which application threads were stopped: 0.0000892 seconds, Stopping threads took: 0.0000135 seconds
[2025-03-13T12:17:04.358+0530][1077.958s] Application time: 1.0000931 seconds
[2025-03-13T12:17:04.358+0530][1077.958s] Entering safepoint region: Cleanup
[2025-03-13T12:17:04.358+0530][1077.958s] Leaving safepoint region
[2025-03-13T12:17:04.358+0530][1077.958s] Total time for which application threads were stopped: 0.0001106 seconds, Stopping threads took: 0.0000134 seconds
[2025-03-13T12:17:05.358+0530][1078.958s] Application time: 1.0000868 seconds
[2025-03-13T12:17:05.358+0530][1078.958s] Entering safepoint region: Cleanup
[2025-03-13T12:17:05.358+0530][1078.958s] Leaving safepoint region
[2025-03-13T12:17:05.358+0530][1078.958s] Total time for which application threads were stopped: 0.0000784 seconds, Stopping threads took: 0.0000138 seconds
[2025-03-13T12:17:06.358+0530][1079.958s] Application time: 1.0001011 seconds
[2025-03-13T12:17:06.358+0530][1079.958s] Entering safepoint region: Cleanup
[2025-03-13T12:17:06.358+0530][1079.958s] Leaving safepoint region
[2025-03-13T12:17:06.358+0530][1079.958s] Total time for which application threads were stopped: 0.0000812 seconds, Stopping threads took: 0.0000135 seconds
[2025-03-13T12:17:07.359+0530][1080.958s] Application time: 1.0002585 seconds
[2025-03-13T12:17:07.359+0530][1080.958s] Entering safepoint region: Cleanup
[2025-03-13T12:17:07.359+0530][1080.959s] Leaving safepoint region
[2025-03-13T12:17:07.359+0530][1080.959s] Total time for which application threads were stopped: 0.0001443 seconds, Stopping threads took: 0.0000252 seconds
[2025-03-13T12:17:08.359+0530][1081.959s] Application time: 1.0000706 seconds
[2025-03-13T12:17:08.359+0530][1081.959s] Entering safepoint region: Cleanup
[2025-03-13T12:17:08.359+0530][1081.959s] Leaving safepoint region
[2025-03-13T12:17:08.359+0530][1081.959s] Total time for which application threads were stopped: 0.0000781 seconds, Stopping threads took: 0.0000136 seconds
[2025-03-13T12:17:09.359+0530][1082.959s] Application time: 1.0000978 seconds
[2025-03-13T12:17:09.359+0530][1082.959s] Entering safepoint region: Cleanup
[2025-03-13T12:17:09.359+0530][1082.959s] Leaving safepoint region
[2025-03-13T12:17:09.359+0530][1082.959s] Total time for which application threads were stopped: 0.0000788 seconds, Stopping threads took: 0.0000133 seconds
[2025-03-13T12:17:10.359+0530][1083.959s] Application time: 1.0001046 seconds
[2025-03-13T12:17:10.359+0530][1083.959s] Entering safepoint region: Cleanup
[2025-03-13T12:17:10.359+0530][1083.959s] Leaving safepoint region
[2025-03-13T12:17:10.359+0530][1083.959s] Total time for which application threads were stopped: 0.0000885 seconds, Stopping threads took: 0.0000134 seconds
[2025-03-13T12:17:11.360+0530][1084.960s] Application time: 1.0003233 seconds
[2025-03-13T12:17:11.360+0530][1084.960s] Entering safepoint region: Cleanup
[2025-03-13T12:17:11.360+0530][1084.960s] Leaving safepoint region
[2025-03-13T12:17:11.360+0530][1084.960s] Total time for which application threads were stopped: 0.0002081 seconds, Stopping threads took: 0.0000150 seconds
[2025-03-13T12:17:12.360+0530][1085.960s] Application time: 1.0001758 seconds
[2025-03-13T12:17:12.360+0530][1085.960s] Entering safepoint region: Cleanup
[2025-03-13T12:17:12.360+0530][1085.960s] Leaving safepoint region
[2025-03-13T12:17:12.360+0530][1085.960s] Total time for which application threads were stopped: 0.0002184 seconds, Stopping threads took: 0.0000258 seconds
[2025-03-13T12:17:13.361+0530][1086.960s] Application time: 1.0000956 seconds
[2025-03-13T12:17:13.361+0530][1086.960s] Entering safepoint region: Cleanup
[2025-03-13T12:17:13.361+0530][1086.960s] Leaving safepoint region
[2025-03-13T12:17:13.361+0530][1086.960s] Total time for which application threads were stopped: 0.0000950 seconds, Stopping threads took: 0.0000194 seconds
[2025-03-13T12:17:14.361+0530][1087.961s] Application time: 1.0003424 seconds
[2025-03-13T12:17:14.361+0530][1087.961s] Entering safepoint region: Cleanup
[2025-03-13T12:17:14.361+0530][1087.961s] Leaving safepoint region
[2025-03-13T12:17:14.361+0530][1087.961s] Total time for which application threads were stopped: 0.0002065 seconds, Stopping threads took: 0.0000140 seconds
[2025-03-13T12:17:15.361+0530][1088.961s] Application time: 1.0001024 seconds
[2025-03-13T12:17:15.361+0530][1088.961s] Entering safepoint region: Cleanup
[2025-03-13T12:17:15.361+0530][1088.961s] Leaving safepoint region
[2025-03-13T12:17:15.361+0530][1088.961s] Total time for which application threads were stopped: 0.0001174 seconds, Stopping threads took: 0.0000139 seconds
[2025-03-13T12:17:16.362+0530][1089.962s] Application time: 1.0003409 seconds
[2025-03-13T12:17:16.362+0530][1089.962s] Entering safepoint region: Cleanup
[2025-03-13T12:17:16.362+0530][1089.962s] Leaving safepoint region
[2025-03-13T12:17:16.362+0530][1089.962s] Total time for which application threads were stopped: 0.0002045 seconds, Stopping threads took: 0.0000136 seconds
[2025-03-13T12:17:17.362+0530][1090.962s] Application time: 1.0001789 seconds
[2025-03-13T12:17:17.362+0530][1090.962s] Entering safepoint region: Cleanup
[2025-03-13T12:17:17.362+0530][1090.962s] Leaving safepoint region
[2025-03-13T12:17:17.362+0530][1090.962s] Total time for which application threads were stopped: 0.0002034 seconds, Stopping threads took: 0.0000145 seconds
[2025-03-13T12:17:18.363+0530][1091.963s] Application time: 1.0003169 seconds
[2025-03-13T12:17:18.363+0530][1091.963s] Entering safepoint region: Cleanup
[2025-03-13T12:17:18.363+0530][1091.963s] Leaving safepoint region
[2025-03-13T12:17:18.363+0530][1091.963s] Total time for which application threads were stopped: 0.0002079 seconds, Stopping threads took: 0.0000135 seconds
[2025-03-13T12:17:19.363+0530][1092.963s] Application time: 1.0003383 seconds
[2025-03-13T12:17:19.363+0530][1092.963s] Entering safepoint region: Cleanup
[2025-03-13T12:17:19.364+0530][1092.963s] Leaving safepoint region
[2025-03-13T12:17:19.364+0530][1092.963s] Total time for which application threads were stopped: 0.0001931 seconds, Stopping threads took: 0.0000135 seconds
[2025-03-13T12:17:20.364+0530][1093.964s] Application time: 1.0003371 seconds
[2025-03-13T12:17:20.364+0530][1093.964s] Entering safepoint region: Cleanup
[2025-03-13T12:17:20.364+0530][1093.964s] Leaving safepoint region
[2025-03-13T12:17:20.364+0530][1093.964s] Total time for which application threads were stopped: 0.0002041 seconds, Stopping threads took: 0.0000133 seconds
[2025-03-13T12:17:21.365+0530][1094.964s] Application time: 1.0003036 seconds
[2025-03-13T12:17:21.365+0530][1094.964s] Entering safepoint region: Cleanup
[2025-03-13T12:17:21.365+0530][1094.965s] Leaving safepoint region
[2025-03-13T12:17:21.365+0530][1094.965s] Total time for which application threads were stopped: 0.0002039 seconds, Stopping threads took: 0.0000135 seconds
[2025-03-13T12:17:22.365+0530][1095.965s] Application time: 1.0003381 seconds
[2025-03-13T12:17:22.365+0530][1095.965s] Entering safepoint region: Cleanup
[2025-03-13T12:17:22.365+0530][1095.965s] Leaving safepoint region
[2025-03-13T12:17:22.365+0530][1095.965s] Total time for which application threads were stopped: 0.0002049 seconds, Stopping threads took: 0.0000134 seconds
[2025-03-13T12:17:23.366+0530][1096.965s] Application time: 1.0003391 seconds
[2025-03-13T12:17:23.366+0530][1096.966s] Entering safepoint region: Cleanup
[2025-03-13T12:17:23.366+0530][1096.966s] Leaving safepoint region
[2025-03-13T12:17:23.366+0530][1096.966s] Total time for which application threads were stopped: 0.0002210 seconds, Stopping threads took: 0.0000143 seconds
[2025-03-13T12:17:24.366+0530][1097.966s] Application time: 1.0000648 seconds
[2025-03-13T12:17:24.366+0530][1097.966s] Entering safepoint region: Cleanup
[2025-03-13T12:17:24.366+0530][1097.966s] Leaving safepoint region
[2025-03-13T12:17:24.366+0530][1097.966s] Total time for which application threads were stopped: 0.0001308 seconds, Stopping threads took: 0.0000129 seconds
[2025-03-13T12:17:25.366+0530][1098.966s] Application time: 1.0001018 seconds
[2025-03-13T12:17:25.366+0530][1098.966s] Entering safepoint region: Cleanup
[2025-03-13T12:17:25.366+0530][1098.966s] Leaving safepoint region
[2025-03-13T12:17:25.366+0530][1098.966s] Total time for which application threads were stopped: 0.0001853 seconds, Stopping threads took: 0.0000189 seconds
[2025-03-13T12:17:26.367+0530][1099.966s] Application time: 1.0000836 seconds
[2025-03-13T12:17:26.367+0530][1099.966s] Entering safepoint region: Cleanup
[2025-03-13T12:17:26.367+0530][1099.967s] Leaving safepoint region
[2025-03-13T12:17:26.367+0530][1099.967s] Total time for which application threads were stopped: 0.0002157 seconds, Stopping threads took: 0.0000142 seconds
[2025-03-13T12:17:27.367+0530][1100.967s] Application time: 1.0003150 seconds
[2025-03-13T12:17:27.367+0530][1100.967s] Entering safepoint region: Cleanup
[2025-03-13T12:17:27.367+0530][1100.967s] Leaving safepoint region
[2025-03-13T12:17:27.367+0530][1100.967s] Total time for which application threads were stopped: 0.0002081 seconds, Stopping threads took: 0.0000149 seconds
[2025-03-13T12:17:28.368+0530][1101.968s] Application time: 1.0003355 seconds
[2025-03-13T12:17:28.368+0530][1101.968s] Entering safepoint region: Cleanup
[2025-03-13T12:17:28.368+0530][1101.968s] Leaving safepoint region
[2025-03-13T12:17:28.368+0530][1101.968s] Total time for which application threads were stopped: 0.0001800 seconds, Stopping threads took: 0.0000141 seconds
[2025-03-13T12:17:29.368+0530][1102.968s] Application time: 1.0000677 seconds
[2025-03-13T12:17:29.368+0530][1102.968s] Entering safepoint region: Cleanup
[2025-03-13T12:17:29.368+0530][1102.968s] Leaving safepoint region
[2025-03-13T12:17:29.368+0530][1102.968s] Total time for which application threads were stopped: 0.0001951 seconds, Stopping threads took: 0.0000141 seconds
[2025-03-13T12:17:30.369+0530][1103.968s] Application time: 1.0002886 seconds
[2025-03-13T12:17:30.369+0530][1103.968s] Entering safepoint region: Cleanup
[2025-03-13T12:17:30.369+0530][1103.969s] Leaving safepoint region
[2025-03-13T12:17:30.369+0530][1103.969s] Total time for which application threads were stopped: 0.0002056 seconds, Stopping threads took: 0.0000144 seconds
[2025-03-13T12:17:31.369+0530][1104.969s] Application time: 1.0000727 seconds
[2025-03-13T12:17:31.369+0530][1104.969s] Entering safepoint region: Cleanup
[2025-03-13T12:17:31.369+0530][1104.969s] Leaving safepoint region
[2025-03-13T12:17:31.369+0530][1104.969s] Total time for which application threads were stopped: 0.0000829 seconds, Stopping threads took: 0.0000140 seconds
[2025-03-13T12:17:32.369+0530][1105.969s] Application time: 1.0001068 seconds
[2025-03-13T12:17:32.369+0530][1105.969s] Entering safepoint region: Cleanup
[2025-03-13T12:17:32.369+0530][1105.969s] Leaving safepoint region
[2025-03-13T12:17:32.369+0530][1105.969s] Total time for which application threads were stopped: 0.0000824 seconds, Stopping threads took: 0.0000146 seconds
[2025-03-13T12:17:33.369+0530][1106.969s] Application time: 1.0002677 seconds
[2025-03-13T12:17:33.369+0530][1106.969s] Entering safepoint region: Cleanup
[2025-03-13T12:17:33.370+0530][1106.969s] Leaving safepoint region
[2025-03-13T12:17:33.370+0530][1106.969s] Total time for which application threads were stopped: 0.0001094 seconds, Stopping threads took: 0.0000144 seconds
[2025-03-13T12:17:34.370+0530][1107.970s] Application time: 1.0003423 seconds
[2025-03-13T12:17:34.370+0530][1107.970s] Entering safepoint region: Cleanup
[2025-03-13T12:17:34.370+0530][1107.970s] Leaving safepoint region
[2025-03-13T12:17:34.370+0530][1107.970s] Total time for which application threads were stopped: 0.0000929 seconds, Stopping threads took: 0.0000137 seconds
[2025-03-13T12:17:35.370+0530][1108.970s] Application time: 1.0003401 seconds
[2025-03-13T12:17:35.370+0530][1108.970s] Entering safepoint region: Cleanup
[2025-03-13T12:17:35.371+0530][1108.970s] Leaving safepoint region
[2025-03-13T12:17:35.371+0530][1108.970s] Total time for which application threads were stopped: 0.0000888 seconds, Stopping threads took: 0.0000134 seconds
[2025-03-13T12:17:36.371+0530][1109.971s] Application time: 1.0003416 seconds
[2025-03-13T12:17:36.371+0530][1109.971s] Entering safepoint region: Cleanup
[2025-03-13T12:17:36.371+0530][1109.971s] Leaving safepoint region
[2025-03-13T12:17:36.371+0530][1109.971s] Total time for which application threads were stopped: 0.0001060 seconds, Stopping threads took: 0.0000137 seconds
[2025-03-13T12:17:37.371+0530][1110.971s] Application time: 1.0000755 seconds
[2025-03-13T12:17:37.371+0530][1110.971s] Entering safepoint region: Cleanup
[2025-03-13T12:17:37.371+0530][1110.971s] Leaving safepoint region
[2025-03-13T12:17:37.371+0530][1110.971s] Total time for which application threads were stopped: 0.0001155 seconds, Stopping threads took: 0.0000170 seconds
[2025-03-13T12:17:38.372+0530][1111.971s] Application time: 1.0003420 seconds
[2025-03-13T12:17:38.372+0530][1111.971s] Entering safepoint region: Cleanup
[2025-03-13T12:17:38.372+0530][1111.972s] Leaving safepoint region
[2025-03-13T12:17:38.372+0530][1111.972s] Total time for which application threads were stopped: 0.0001222 seconds, Stopping threads took: 0.0000246 seconds
[2025-03-13T12:17:39.372+0530][1112.972s] Application time: 1.0003290 seconds
[2025-03-13T12:17:39.372+0530][1112.972s] Entering safepoint region: Cleanup
[2025-03-13T12:17:39.372+0530][1112.972s] Leaving safepoint region
[2025-03-13T12:17:39.372+0530][1112.972s] Total time for which application threads were stopped: 0.0002039 seconds, Stopping threads took: 0.0000135 seconds
[2025-03-13T12:17:40.372+0530][1113.972s] Application time: 1.0000721 seconds
[2025-03-13T12:17:40.372+0530][1113.972s] Entering safepoint region: Cleanup
[2025-03-13T12:17:40.373+0530][1113.972s] Leaving safepoint region
[2025-03-13T12:17:40.373+0530][1113.972s] Total time for which application threads were stopped: 0.0001214 seconds, Stopping threads took: 0.0000208 seconds
[2025-03-13T12:17:41.373+0530][1114.973s] Application time: 1.0003423 seconds
[2025-03-13T12:17:41.373+0530][1114.973s] Entering safepoint region: Cleanup
[2025-03-13T12:17:41.373+0530][1114.973s] Leaving safepoint region
[2025-03-13T12:17:41.373+0530][1114.973s] Total time for which application threads were stopped: 0.0002021 seconds, Stopping threads took: 0.0000137 seconds
[2025-03-13T12:17:42.373+0530][1115.973s] Application time: 1.0003361 seconds
[2025-03-13T12:17:42.374+0530][1115.973s] Entering safepoint region: Cleanup
[2025-03-13T12:17:42.374+0530][1115.973s] Leaving safepoint region
[2025-03-13T12:17:42.374+0530][1115.974s] Total time for which application threads were stopped: 0.0002026 seconds, Stopping threads took: 0.0000135 seconds
[2025-03-13T12:17:43.374+0530][1116.974s] Application time: 1.0003458 seconds
[2025-03-13T12:17:43.374+0530][1116.974s] Entering safepoint region: Cleanup
[2025-03-13T12:17:43.374+0530][1116.974s] Leaving safepoint region
[2025-03-13T12:17:43.374+0530][1116.974s] Total time for which application threads were stopped: 0.0002166 seconds, Stopping threads took: 0.0000237 seconds
[2025-03-13T12:17:44.375+0530][1117.974s] Application time: 1.0003103 seconds
[2025-03-13T12:17:44.375+0530][1117.974s] Entering safepoint region: Cleanup
[2025-03-13T12:17:44.375+0530][1117.975s] Leaving safepoint region
[2025-03-13T12:17:44.375+0530][1117.975s] Total time for which application threads were stopped: 0.0002136 seconds, Stopping threads took: 0.0000144 seconds
[2025-03-13T12:17:45.375+0530][1118.975s] Application time: 1.0000964 seconds
[2025-03-13T12:17:45.375+0530][1118.975s] Entering safepoint region: Cleanup
[2025-03-13T12:17:45.375+0530][1118.975s] Leaving safepoint region
[2025-03-13T12:17:45.375+0530][1118.975s] Total time for which application threads were stopped: 0.0002007 seconds, Stopping threads took: 0.0000142 seconds
[2025-03-13T12:17:46.376+0530][1119.975s] Application time: 1.0003396 seconds
[2025-03-13T12:17:46.376+0530][1119.975s] Entering safepoint region: Cleanup
[2025-03-13T12:17:46.376+0530][1119.976s] Leaving safepoint region
[2025-03-13T12:17:46.376+0530][1119.976s] Total time for which application threads were stopped: 0.0001407 seconds, Stopping threads took: 0.0000137 seconds
[2025-03-13T12:17:47.376+0530][1120.976s] Application time: 1.0003058 seconds
[2025-03-13T12:17:47.376+0530][1120.976s] Entering safepoint region: Cleanup
[2025-03-13T12:17:47.376+0530][1120.976s] Leaving safepoint region
[2025-03-13T12:17:47.376+0530][1120.976s] Total time for which application threads were stopped: 0.0002057 seconds, Stopping threads took: 0.0000137 seconds
[2025-03-13T12:17:48.377+0530][1121.976s] Application time: 1.0003411 seconds
[2025-03-13T12:17:48.377+0530][1121.976s] Entering safepoint region: Cleanup
[2025-03-13T12:17:48.377+0530][1121.977s] Leaving safepoint region
[2025-03-13T12:17:48.377+0530][1121.977s] Total time for which application threads were stopped: 0.0001915 seconds, Stopping threads took: 0.0000234 seconds
[2025-03-13T12:17:49.377+0530][1122.977s] Application time: 1.0003446 seconds
[2025-03-13T12:17:49.377+0530][1122.977s] Entering safepoint region: Cleanup
[2025-03-13T12:17:49.377+0530][1122.977s] Leaving safepoint region
[2025-03-13T12:17:49.377+0530][1122.977s] Total time for which application threads were stopped: 0.0002061 seconds, Stopping threads took: 0.0000143 seconds
[2025-03-13T12:17:50.378+0530][1123.978s] Application time: 1.0003501 seconds
[2025-03-13T12:17:50.378+0530][1123.978s] Entering safepoint region: Cleanup
[2025-03-13T12:17:50.378+0530][1123.978s] Leaving safepoint region
[2025-03-13T12:17:50.378+0530][1123.978s] Total time for which application threads were stopped: 0.0002105 seconds, Stopping threads took: 0.0000143 seconds
[2025-03-13T12:17:51.378+0530][1124.978s] Application time: 1.0000640 seconds
[2025-03-13T12:17:51.378+0530][1124.978s] Entering safepoint region: Cleanup
[2025-03-13T12:17:51.378+0530][1124.978s] Leaving safepoint region
[2025-03-13T12:17:51.378+0530][1124.978s] Total time for which application threads were stopped: 0.0001148 seconds, Stopping threads took: 0.0000193 seconds
[2025-03-13T12:17:52.379+0530][1125.978s] Application time: 1.0002872 seconds
[2025-03-13T12:17:52.379+0530][1125.978s] Entering safepoint region: Cleanup
[2025-03-13T12:17:52.379+0530][1125.979s] Leaving safepoint region
[2025-03-13T12:17:52.379+0530][1125.979s] Total time for which application threads were stopped: 0.0002224 seconds, Stopping threads took: 0.0000143 seconds
[2025-03-13T12:17:53.379+0530][1126.979s] Application time: 1.0001021 seconds
[2025-03-13T12:17:53.379+0530][1126.979s] Entering safepoint region: Cleanup
[2025-03-13T12:17:53.379+0530][1126.979s] Leaving safepoint region
[2025-03-13T12:17:53.379+0530][1126.979s] Total time for which application threads were stopped: 0.0001581 seconds, Stopping threads took: 0.0000223 seconds
[2025-03-13T12:17:54.379+0530][1127.979s] Application time: 1.0000999 seconds
[2025-03-13T12:17:54.379+0530][1127.979s] Entering safepoint region: Cleanup
[2025-03-13T12:17:54.379+0530][1127.979s] Leaving safepoint region
[2025-03-13T12:17:54.379+0530][1127.979s] Total time for which application threads were stopped: 0.0002098 seconds, Stopping threads took: 0.0000139 seconds
[2025-03-13T12:17:55.380+0530][1128.980s] Application time: 1.0002936 seconds
[2025-03-13T12:17:55.380+0530][1128.980s] Entering safepoint region: Cleanup
[2025-03-13T12:17:55.380+0530][1128.980s] Leaving safepoint region
[2025-03-13T12:17:55.380+0530][1128.980s] Total time for which application threads were stopped: 0.0001641 seconds, Stopping threads took: 0.0000156 seconds
[2025-03-13T12:17:56.380+0530][1129.980s] Application time: 1.0000926 seconds
[2025-03-13T12:17:56.380+0530][1129.980s] Entering safepoint region: Cleanup
[2025-03-13T12:17:56.380+0530][1129.980s] Leaving safepoint region
[2025-03-13T12:17:56.380+0530][1129.980s] Total time for which application threads were stopped: 0.0001248 seconds, Stopping threads took: 0.0000131 seconds
[2025-03-13T12:17:57.380+0530][1130.980s] Application time: 1.0001809 seconds
[2025-03-13T12:17:57.380+0530][1130.980s] Entering safepoint region: Cleanup
[2025-03-13T12:17:57.381+0530][1130.980s] Leaving safepoint region
[2025-03-13T12:17:57.381+0530][1130.980s] Total time for which application threads were stopped: 0.0001521 seconds, Stopping threads took: 0.0000164 seconds
[2025-03-13T12:17:58.381+0530][1131.980s] Application time: 1.0001064 seconds
[2025-03-13T12:17:58.381+0530][1131.981s] Entering safepoint region: Cleanup
[2025-03-13T12:17:58.381+0530][1131.981s] Leaving safepoint region
[2025-03-13T12:17:58.381+0530][1131.981s] Total time for which application threads were stopped: 0.0001021 seconds, Stopping threads took: 0.0000216 seconds
[2025-03-13T12:17:59.381+0530][1132.981s] Application time: 1.0003403 seconds
[2025-03-13T12:17:59.381+0530][1132.981s] Entering safepoint region: Cleanup
[2025-03-13T12:17:59.381+0530][1132.981s] Leaving safepoint region
[2025-03-13T12:17:59.381+0530][1132.981s] Total time for which application threads were stopped: 0.0000899 seconds, Stopping threads took: 0.0000144 seconds
[2025-03-13T12:18:00.382+0530][1133.981s] Application time: 1.0003411 seconds
[2025-03-13T12:18:00.382+0530][1133.981s] Entering safepoint region: Cleanup
[2025-03-13T12:18:00.382+0530][1133.982s] Leaving safepoint region
[2025-03-13T12:18:00.382+0530][1133.982s] Total time for which application threads were stopped: 0.0001261 seconds, Stopping threads took: 0.0000142 seconds
[2025-03-13T12:18:01.382+0530][1134.982s] Application time: 1.0003427 seconds
[2025-03-13T12:18:01.382+0530][1134.982s] Entering safepoint region: Cleanup
[2025-03-13T12:18:01.382+0530][1134.982s] Leaving safepoint region
[2025-03-13T12:18:01.382+0530][1134.982s] Total time for which application threads were stopped: 0.0000927 seconds, Stopping threads took: 0.0000145 seconds
[2025-03-13T12:18:02.382+0530][1135.982s] Application time: 1.0001444 seconds
[2025-03-13T12:18:02.382+0530][1135.982s] Entering safepoint region: Cleanup
[2025-03-13T12:18:02.383+0530][1135.982s] Leaving safepoint region
[2025-03-13T12:18:02.383+0530][1135.982s] Total time for which application threads were stopped: 0.0002064 seconds, Stopping threads took: 0.0000276 seconds
[2025-03-13T12:18:03.383+0530][1136.983s] Application time: 1.0000778 seconds
[2025-03-13T12:18:03.383+0530][1136.983s] Entering safepoint region: Cleanup
[2025-03-13T12:18:03.383+0530][1136.983s] Leaving safepoint region
[2025-03-13T12:18:03.383+0530][1136.983s] Total time for which application threads were stopped: 0.0000993 seconds, Stopping threads took: 0.0000232 seconds
[2025-03-13T12:18:04.383+0530][1137.983s] Application time: 1.0003323 seconds
[2025-03-13T12:18:04.383+0530][1137.983s] Entering safepoint region: Cleanup
[2025-03-13T12:18:04.383+0530][1137.983s] Leaving safepoint region
[2025-03-13T12:18:04.383+0530][1137.983s] Total time for which application threads were stopped: 0.0002070 seconds, Stopping threads took: 0.0000141 seconds
[2025-03-13T12:18:05.384+0530][1138.984s] Application time: 1.0003414 seconds
[2025-03-13T12:18:05.384+0530][1138.984s] Entering safepoint region: Cleanup
[2025-03-13T12:18:05.384+0530][1138.984s] Leaving safepoint region
[2025-03-13T12:18:05.384+0530][1138.984s] Total time for which application threads were stopped: 0.0002067 seconds, Stopping threads took: 0.0000142 seconds
[2025-03-13T12:18:06.384+0530][1139.984s] Application time: 1.0003407 seconds
[2025-03-13T12:18:06.384+0530][1139.984s] Entering safepoint region: Cleanup
[2025-03-13T12:18:06.385+0530][1139.984s] Leaving safepoint region
[2025-03-13T12:18:06.385+0530][1139.984s] Total time for which application threads were stopped: 0.0002240 seconds, Stopping threads took: 0.0000271 seconds
[2025-03-13T12:18:07.385+0530][1140.985s] Application time: 1.0000988 seconds
[2025-03-13T12:18:07.385+0530][1140.985s] Entering safepoint region: Cleanup
[2025-03-13T12:18:07.385+0530][1140.985s] Leaving safepoint region
[2025-03-13T12:18:07.385+0530][1140.985s] Total time for which application threads were stopped: 0.0000776 seconds, Stopping threads took: 0.0000138 seconds
[2025-03-13T12:18:08.385+0530][1141.985s] Application time: 1.0001073 seconds
[2025-03-13T12:18:08.385+0530][1141.985s] Entering safepoint region: Cleanup
[2025-03-13T12:18:08.385+0530][1141.985s] Leaving safepoint region
[2025-03-13T12:18:08.385+0530][1141.985s] Total time for which application threads were stopped: 0.0000843 seconds, Stopping threads took: 0.0000137 seconds
[2025-03-13T12:18:09.385+0530][1142.985s] Application time: 1.0001677 seconds
[2025-03-13T12:18:09.385+0530][1142.985s] Entering safepoint region: Cleanup
[2025-03-13T12:18:09.385+0530][1142.985s] Leaving safepoint region
[2025-03-13T12:18:09.385+0530][1142.985s] Total time for which application threads were stopped: 0.0000746 seconds, Stopping threads took: 0.0000129 seconds
[2025-03-13T12:18:10.386+0530][1143.986s] Application time: 1.0003393 seconds
[2025-03-13T12:18:10.386+0530][1143.986s] Entering safepoint region: Cleanup
[2025-03-13T12:18:10.386+0530][1143.986s] Leaving safepoint region
[2025-03-13T12:18:10.386+0530][1143.986s] Total time for which application threads were stopped: 0.0001022 seconds, Stopping threads took: 0.0000137 seconds
[2025-03-13T12:18:11.386+0530][1144.986s] Application time: 1.0000518 seconds
[2025-03-13T12:18:11.386+0530][1144.986s] Entering safepoint region: Cleanup
[2025-03-13T12:18:11.386+0530][1144.986s] Leaving safepoint region
[2025-03-13T12:18:11.386+0530][1144.986s] Total time for which application threads were stopped: 0.0000881 seconds, Stopping threads took: 0.0000149 seconds
[2025-03-13T12:18:12.386+0530][1145.986s] Application time: 1.0000945 seconds
[2025-03-13T12:18:12.386+0530][1145.986s] Entering safepoint region: Cleanup
[2025-03-13T12:18:12.386+0530][1145.986s] Leaving safepoint region
[2025-03-13T12:18:12.386+0530][1145.986s] Total time for which application threads were stopped: 0.0000753 seconds, Stopping threads took: 0.0000131 seconds
[2025-03-13T12:18:13.386+0530][1146.986s] Application time: 1.0001014 seconds
[2025-03-13T12:18:13.386+0530][1146.986s] Entering safepoint region: Cleanup
[2025-03-13T12:18:13.387+0530][1146.986s] Leaving safepoint region
[2025-03-13T12:18:13.387+0530][1146.986s] Total time for which application threads were stopped: 0.0001464 seconds, Stopping threads took: 0.0000137 seconds
[2025-03-13T12:18:14.387+0530][1147.986s] Application time: 1.0001283 seconds
[2025-03-13T12:18:14.387+0530][1147.986s] Entering safepoint region: Cleanup
[2025-03-13T12:18:14.387+0530][1147.987s] Leaving safepoint region
[2025-03-13T12:18:14.387+0530][1147.987s] Total time for which application threads were stopped: 0.0001636 seconds, Stopping threads took: 0.0000136 seconds
[2025-03-13T12:18:15.387+0530][1148.987s] Application time: 1.0003115 seconds
[2025-03-13T12:18:15.387+0530][1148.987s] Entering safepoint region: Cleanup
[2025-03-13T12:18:15.387+0530][1148.987s] Leaving safepoint region
[2025-03-13T12:18:15.387+0530][1148.987s] Total time for which application threads were stopped: 0.0001107 seconds, Stopping threads took: 0.0000136 seconds
[2025-03-13T12:18:16.388+0530][1149.987s] Application time: 1.0003413 seconds
[2025-03-13T12:18:16.388+0530][1149.987s] Entering safepoint region: Cleanup
[2025-03-13T12:18:16.388+0530][1149.988s] Leaving safepoint region
[2025-03-13T12:18:16.388+0530][1149.988s] Total time for which application threads were stopped: 0.0001300 seconds, Stopping threads took: 0.0000136 seconds
[2025-03-13T12:18:17.388+0530][1150.988s] Application time: 1.0001003 seconds
[2025-03-13T12:18:17.388+0530][1150.988s] Entering safepoint region: Cleanup
[2025-03-13T12:18:17.388+0530][1150.988s] Leaving safepoint region
[2025-03-13T12:18:17.388+0530][1150.988s] Total time for which application threads were stopped: 0.0001164 seconds, Stopping threads took: 0.0000142 seconds
[2025-03-13T12:18:18.388+0530][1151.988s] Application time: 1.0000762 seconds
[2025-03-13T12:18:18.388+0530][1151.988s] Entering safepoint region: Cleanup
[2025-03-13T12:18:18.388+0530][1151.988s] Leaving safepoint region
[2025-03-13T12:18:18.388+0530][1151.988s] Total time for which application threads were stopped: 0.0001230 seconds, Stopping threads took: 0.0000198 seconds
[2025-03-13T12:18:19.389+0530][1152.988s] Application time: 1.0003420 seconds
[2025-03-13T12:18:19.389+0530][1152.988s] Entering safepoint region: Cleanup
[2025-03-13T12:18:19.389+0530][1152.989s] Leaving safepoint region
[2025-03-13T12:18:19.389+0530][1152.989s] Total time for which application threads were stopped: 0.0001928 seconds, Stopping threads took: 0.0000135 seconds
[2025-03-13T12:18:20.389+0530][1153.989s] Application time: 1.0002863 seconds
[2025-03-13T12:18:20.389+0530][1153.989s] Entering safepoint region: Cleanup
[2025-03-13T12:18:20.389+0530][1153.989s] Leaving safepoint region
[2025-03-13T12:18:20.389+0530][1153.989s] Total time for which application threads were stopped: 0.0002032 seconds, Stopping threads took: 0.0000136 seconds
[2025-03-13T12:18:21.390+0530][1154.989s] Application time: 1.0001833 seconds
[2025-03-13T12:18:21.390+0530][1154.989s] Entering safepoint region: Cleanup
[2025-03-13T12:18:21.390+0530][1154.990s] Leaving safepoint region
[2025-03-13T12:18:21.390+0530][1154.990s] Total time for which application threads were stopped: 0.0001372 seconds, Stopping threads took: 0.0000212 seconds
[2025-03-13T12:18:22.390+0530][1155.990s] Application time: 1.0002561 seconds
[2025-03-13T12:18:22.390+0530][1155.990s] Entering safepoint region: Cleanup
[2025-03-13T12:18:22.390+0530][1155.990s] Leaving safepoint region
[2025-03-13T12:18:22.390+0530][1155.990s] Total time for which application threads were stopped: 0.0002067 seconds, Stopping threads took: 0.0000139 seconds
[2025-03-13T12:18:23.390+0530][1156.990s] Application time: 1.0001003 seconds
[2025-03-13T12:18:23.390+0530][1156.990s] Entering safepoint region: Cleanup
[2025-03-13T12:18:23.391+0530][1156.990s] Leaving safepoint region
[2025-03-13T12:18:23.391+0530][1156.990s] Total time for which application threads were stopped: 0.0001451 seconds, Stopping threads took: 0.0000141 seconds
[2025-03-13T12:18:24.391+0530][1157.991s] Application time: 1.0003430 seconds
[2025-03-13T12:18:24.391+0530][1157.991s] Entering safepoint region: Cleanup
[2025-03-13T12:18:24.391+0530][1157.991s] Leaving safepoint region
[2025-03-13T12:18:24.391+0530][1157.991s] Total time for which application threads were stopped: 0.0002013 seconds, Stopping threads took: 0.0000135 seconds
[2025-03-13T12:18:25.391+0530][1158.991s] Application time: 1.0003333 seconds
[2025-03-13T12:18:25.391+0530][1158.991s] Entering safepoint region: Cleanup
[2025-03-13T12:18:25.392+0530][1158.991s] Leaving safepoint region
[2025-03-13T12:18:25.392+0530][1158.991s] Total time for which application threads were stopped: 0.0002033 seconds, Stopping threads took: 0.0000134 seconds
[2025-03-13T12:18:26.392+0530][1159.992s] Application time: 1.0003039 seconds
[2025-03-13T12:18:26.392+0530][1159.992s] Entering safepoint region: Cleanup
[2025-03-13T12:18:26.392+0530][1159.992s] Leaving safepoint region
[2025-03-13T12:18:26.392+0530][1159.992s] Total time for which application threads were stopped: 0.0002039 seconds, Stopping threads took: 0.0000131 seconds
[2025-03-13T12:18:27.393+0530][1160.992s] Application time: 1.0002710 seconds
[2025-03-13T12:18:27.393+0530][1160.992s] Entering safepoint region: Cleanup
[2025-03-13T12:18:27.393+0530][1160.993s] Leaving safepoint region
[2025-03-13T12:18:27.393+0530][1160.993s] Total time for which application threads were stopped: 0.0002139 seconds, Stopping threads took: 0.0000212 seconds
[2025-03-13T12:18:28.393+0530][1161.993s] Application time: 1.0000682 seconds
[2025-03-13T12:18:28.393+0530][1161.993s] Entering safepoint region: Cleanup
[2025-03-13T12:18:28.393+0530][1161.993s] Leaving safepoint region
[2025-03-13T12:18:28.393+0530][1161.993s] Total time for which application threads were stopped: 0.0001433 seconds, Stopping threads took: 0.0000130 seconds
[2025-03-13T12:18:29.393+0530][1162.993s] Application time: 1.0002922 seconds
[2025-03-13T12:18:29.393+0530][1162.993s] Entering safepoint region: Cleanup
[2025-03-13T12:18:29.394+0530][1162.993s] Leaving safepoint region
[2025-03-13T12:18:29.394+0530][1162.993s] Total time for which application threads were stopped: 0.0002171 seconds, Stopping threads took: 0.0000236 seconds
[2025-03-13T12:18:30.394+0530][1163.994s] Application time: 1.0003396 seconds
[2025-03-13T12:18:30.394+0530][1163.994s] Entering safepoint region: Cleanup
[2025-03-13T12:18:30.394+0530][1163.994s] Leaving safepoint region
[2025-03-13T12:18:30.394+0530][1163.994s] Total time for which application threads were stopped: 0.0002061 seconds, Stopping threads took: 0.0000144 seconds
[2025-03-13T12:18:31.395+0530][1164.994s] Application time: 1.0003301 seconds
[2025-03-13T12:18:31.395+0530][1164.994s] Entering safepoint region: Cleanup
[2025-03-13T12:18:31.395+0530][1164.995s] Leaving safepoint region
[2025-03-13T12:18:31.395+0530][1164.995s] Total time for which application threads were stopped: 0.0002075 seconds, Stopping threads took: 0.0000146 seconds
[2025-03-13T12:18:32.395+0530][1165.995s] Application time: 1.0003176 seconds
[2025-03-13T12:18:32.395+0530][1165.995s] Entering safepoint region: Cleanup
[2025-03-13T12:18:32.395+0530][1165.995s] Leaving safepoint region
[2025-03-13T12:18:32.395+0530][1165.995s] Total time for which application threads were stopped: 0.0002054 seconds, Stopping threads took: 0.0000146 seconds
[2025-03-13T12:18:33.395+0530][1166.995s] Application time: 1.0000752 seconds
[2025-03-13T12:18:33.395+0530][1166.995s] Entering safepoint region: Cleanup
[2025-03-13T12:18:33.396+0530][1166.995s] Leaving safepoint region
[2025-03-13T12:18:33.396+0530][1166.995s] Total time for which application threads were stopped: 0.0002600 seconds, Stopping threads took: 0.0001405 seconds
[2025-03-13T12:18:34.396+0530][1167.996s] Application time: 1.0003006 seconds
[2025-03-13T12:18:34.396+0530][1167.996s] Entering safepoint region: Cleanup
[2025-03-13T12:18:34.396+0530][1167.996s] Leaving safepoint region
[2025-03-13T12:18:34.396+0530][1167.996s] Total time for which application threads were stopped: 0.0002068 seconds, Stopping threads took: 0.0000142 seconds
[2025-03-13T12:18:35.396+0530][1168.996s] Application time: 1.0001825 seconds
[2025-03-13T12:18:35.396+0530][1168.996s] Entering safepoint region: Cleanup
[2025-03-13T12:18:35.397+0530][1168.996s] Leaving safepoint region
[2025-03-13T12:18:35.397+0530][1168.996s] Total time for which application threads were stopped: 0.0002081 seconds, Stopping threads took: 0.0000148 seconds
[2025-03-13T12:18:36.397+0530][1169.997s] Application time: 1.0003398 seconds
[2025-03-13T12:18:36.397+0530][1169.997s] Entering safepoint region: Cleanup
[2025-03-13T12:18:36.397+0530][1169.997s] Leaving safepoint region
[2025-03-13T12:18:36.397+0530][1169.997s] Total time for which application threads were stopped: 0.0002058 seconds, Stopping threads took: 0.0000148 seconds
[2025-03-13T12:18:37.398+0530][1170.997s] Application time: 1.0003427 seconds
[2025-03-13T12:18:37.398+0530][1170.997s] Entering safepoint region: Cleanup
[2025-03-13T12:18:37.398+0530][1170.998s] Leaving safepoint region
[2025-03-13T12:18:37.398+0530][1170.998s] Total time for which application threads were stopped: 0.0001444 seconds, Stopping threads took: 0.0000152 seconds
[2025-03-13T12:18:38.398+0530][1171.998s] Application time: 1.0000739 seconds
[2025-03-13T12:18:38.398+0530][1171.998s] Entering safepoint region: Cleanup
[2025-03-13T12:18:38.398+0530][1171.998s] Leaving safepoint region
[2025-03-13T12:18:38.398+0530][1171.998s] Total time for which application threads were stopped: 0.0001096 seconds, Stopping threads took: 0.0000258 seconds
[2025-03-13T12:18:39.398+0530][1172.998s] Application time: 1.0001698 seconds
[2025-03-13T12:18:39.398+0530][1172.998s] Entering safepoint region: Cleanup
[2025-03-13T12:18:39.398+0530][1172.998s] Leaving safepoint region
[2025-03-13T12:18:39.398+0530][1172.998s] Total time for which application threads were stopped: 0.0000879 seconds, Stopping threads took: 0.0000137 seconds
[2025-03-13T12:18:40.399+0530][1173.998s] Application time: 1.0003413 seconds
[2025-03-13T12:18:40.399+0530][1173.999s] Entering safepoint region: Cleanup
[2025-03-13T12:18:40.399+0530][1173.999s] Leaving safepoint region
[2025-03-13T12:18:40.399+0530][1173.999s] Total time for which application threads were stopped: 0.0001013 seconds, Stopping threads took: 0.0000137 seconds
[2025-03-13T12:18:41.399+0530][1174.999s] Application time: 1.0003410 seconds
[2025-03-13T12:18:41.399+0530][1174.999s] Entering safepoint region: Cleanup
[2025-03-13T12:18:41.399+0530][1174.999s] Leaving safepoint region
[2025-03-13T12:18:41.399+0530][1174.999s] Total time for which application threads were stopped: 0.0000961 seconds, Stopping threads took: 0.0000136 seconds
[2025-03-13T12:18:42.399+0530][1175.999s] Application time: 1.0001794 seconds
[2025-03-13T12:18:42.399+0530][1175.999s] Entering safepoint region: Cleanup
[2025-03-13T12:18:42.400+0530][1175.999s] Leaving safepoint region
[2025-03-13T12:18:42.400+0530][1175.999s] Total time for which application threads were stopped: 0.0000874 seconds, Stopping threads took: 0.0000138 seconds
[2025-03-13T12:18:43.400+0530][1176.999s] Application time: 1.0001027 seconds
[2025-03-13T12:18:43.400+0530][1177.000s] Entering safepoint region: Cleanup
[2025-03-13T12:18:43.400+0530][1177.000s] Leaving safepoint region
[2025-03-13T12:18:43.400+0530][1177.000s] Total time for which application threads were stopped: 0.0000946 seconds, Stopping threads took: 0.0000142 seconds
[2025-03-13T12:18:44.400+0530][1178.000s] Application time: 1.0003408 seconds
[2025-03-13T12:18:44.400+0530][1178.000s] Entering safepoint region: Cleanup
[2025-03-13T12:18:44.400+0530][1178.000s] Leaving safepoint region
[2025-03-13T12:18:44.400+0530][1178.000s] Total time for which application threads were stopped: 0.0001716 seconds, Stopping threads took: 0.0000216 seconds
[2025-03-13T12:18:45.401+0530][1179.001s] Application time: 1.0003439 seconds
[2025-03-13T12:18:45.401+0530][1179.001s] Entering safepoint region: Cleanup
[2025-03-13T12:18:45.401+0530][1179.001s] Leaving safepoint region
[2025-03-13T12:18:45.401+0530][1179.001s] Total time for which application threads were stopped: 0.0002018 seconds, Stopping threads took: 0.0000133 seconds
[2025-03-13T12:18:46.401+0530][1180.001s] Application time: 1.0003050 seconds
[2025-03-13T12:18:46.401+0530][1180.001s] Entering safepoint region: Cleanup
[2025-03-13T12:18:46.401+0530][1180.001s] Leaving safepoint region
[2025-03-13T12:18:46.401+0530][1180.001s] Total time for which application threads were stopped: 0.0002006 seconds, Stopping threads took: 0.0000137 seconds
[2025-03-13T12:18:47.402+0530][1181.002s] Application time: 1.0003390 seconds
[2025-03-13T12:18:47.402+0530][1181.002s] Entering safepoint region: Cleanup
[2025-03-13T12:18:47.402+0530][1181.002s] Leaving safepoint region
[2025-03-13T12:18:47.402+0530][1181.002s] Total time for which application threads were stopped: 0.0002028 seconds, Stopping threads took: 0.0000133 seconds
[2025-03-13T12:18:48.402+0530][1182.002s] Application time: 1.0000914 seconds
[2025-03-13T12:18:48.402+0530][1182.002s] Entering safepoint region: Cleanup
[2025-03-13T12:18:48.402+0530][1182.002s] Leaving safepoint region
[2025-03-13T12:18:48.402+0530][1182.002s] Total time for which application threads were stopped: 0.0000784 seconds, Stopping threads took: 0.0000134 seconds
[2025-03-13T12:18:49.402+0530][1183.002s] Application time: 1.0000742 seconds
[2025-03-13T12:18:49.402+0530][1183.002s] Entering safepoint region: Cleanup
[2025-03-13T12:18:49.402+0530][1183.002s] Leaving safepoint region
[2025-03-13T12:18:49.403+0530][1183.002s] Total time for which application threads were stopped: 0.0001349 seconds, Stopping threads took: 0.0000202 seconds
[2025-03-13T12:18:50.403+0530][1184.002s] Application time: 1.0000724 seconds
[2025-03-13T12:18:50.403+0530][1184.002s] Entering safepoint region: Cleanup
[2025-03-13T12:18:50.403+0530][1184.003s] Leaving safepoint region
[2025-03-13T12:18:50.404+0530][1184.004s] Total time for which application threads were stopped: 0.0015610 seconds, Stopping threads took: 0.0000211 seconds
[2025-03-13T12:18:51.405+0530][1185.004s] Application time: 1.0003403 seconds
[2025-03-13T12:18:51.405+0530][1185.004s] Entering safepoint region: Cleanup
[2025-03-13T12:18:51.405+0530][1185.005s] Leaving safepoint region
[2025-03-13T12:18:51.405+0530][1185.005s] Total time for which application threads were stopped: 0.0002153 seconds, Stopping threads took: 0.0000139 seconds
[2025-03-13T12:18:52.405+0530][1186.005s] Application time: 1.0003221 seconds
[2025-03-13T12:18:52.405+0530][1186.005s] Entering safepoint region: Cleanup
[2025-03-13T12:18:52.405+0530][1186.005s] Leaving safepoint region
[2025-03-13T12:18:52.405+0530][1186.005s] Total time for which application threads were stopped: 0.0002063 seconds, Stopping threads took: 0.0000134 seconds
[2025-03-13T12:18:53.405+0530][1187.005s] Application time: 1.0001019 seconds
[2025-03-13T12:18:53.406+0530][1187.005s] Entering safepoint region: Cleanup
[2025-03-13T12:18:53.406+0530][1187.005s] Leaving safepoint region
[2025-03-13T12:18:53.406+0530][1187.005s] Total time for which application threads were stopped: 0.0001396 seconds, Stopping threads took: 0.0000137 seconds
[2025-03-13T12:18:54.406+0530][1188.006s] Application time: 1.0001028 seconds
[2025-03-13T12:18:54.406+0530][1188.006s] Entering safepoint region: Cleanup
[2025-03-13T12:18:54.406+0530][1188.006s] Leaving safepoint region
[2025-03-13T12:18:54.406+0530][1188.006s] Total time for which application threads were stopped: 0.0001202 seconds, Stopping threads took: 0.0000173 seconds
[2025-03-13T12:18:55.406+0530][1189.006s] Application time: 1.0000695 seconds
[2025-03-13T12:18:55.406+0530][1189.006s] Entering safepoint region: Cleanup
[2025-03-13T12:18:55.406+0530][1189.006s] Leaving safepoint region
[2025-03-13T12:18:55.406+0530][1189.006s] Total time for which application threads were stopped: 0.0000883 seconds, Stopping threads took: 0.0000137 seconds
[2025-03-13T12:18:56.406+0530][1190.006s] Application time: 1.0000998 seconds
[2025-03-13T12:18:56.406+0530][1190.006s] Entering safepoint region: Cleanup
[2025-03-13T12:18:56.406+0530][1190.006s] Leaving safepoint region
[2025-03-13T12:18:56.406+0530][1190.006s] Total time for which application threads were stopped: 0.0000851 seconds, Stopping threads took: 0.0000136 seconds
[2025-03-13T12:18:57.406+0530][1191.006s] Application time: 1.0000979 seconds
[2025-03-13T12:18:57.406+0530][1191.006s] Entering safepoint region: Cleanup
[2025-03-13T12:18:57.407+0530][1191.006s] Leaving safepoint region
[2025-03-13T12:18:57.407+0530][1191.006s] Total time for which application threads were stopped: 0.0000810 seconds, Stopping threads took: 0.0000134 seconds
[2025-03-13T12:18:58.407+0530][1192.006s] Application time: 1.0000988 seconds
[2025-03-13T12:18:58.407+0530][1192.006s] Entering safepoint region: Cleanup
[2025-03-13T12:18:58.407+0530][1192.007s] Leaving safepoint region
[2025-03-13T12:18:58.407+0530][1192.007s] Total time for which application threads were stopped: 0.0001044 seconds, Stopping threads took: 0.0000140 seconds
[2025-03-13T12:18:59.407+0530][1193.007s] Application time: 1.0001162 seconds
[2025-03-13T12:18:59.407+0530][1193.007s] Entering safepoint region: Cleanup
[2025-03-13T12:18:59.407+0530][1193.007s] Leaving safepoint region
[2025-03-13T12:18:59.407+0530][1193.007s] Total time for which application threads were stopped: 0.0001013 seconds, Stopping threads took: 0.0000219 seconds
[2025-03-13T12:19:00.407+0530][1194.007s] Application time: 1.0001019 seconds
[2025-03-13T12:19:00.407+0530][1194.007s] Entering safepoint region: Cleanup
[2025-03-13T12:19:00.407+0530][1194.007s] Leaving safepoint region
[2025-03-13T12:19:00.407+0530][1194.007s] Total time for which application threads were stopped: 0.0000899 seconds, Stopping threads took: 0.0000245 seconds
[2025-03-13T12:19:01.407+0530][1195.007s] Application time: 1.0000758 seconds
[2025-03-13T12:19:01.407+0530][1195.007s] Entering safepoint region: Cleanup
[2025-03-13T12:19:01.407+0530][1195.007s] Leaving safepoint region
[2025-03-13T12:19:01.407+0530][1195.007s] Total time for which application threads were stopped: 0.0000915 seconds, Stopping threads took: 0.0000140 seconds
[2025-03-13T12:19:02.408+0530][1196.007s] Application time: 1.0001044 seconds
[2025-03-13T12:19:02.408+0530][1196.007s] Entering safepoint region: Cleanup
[2025-03-13T12:19:02.408+0530][1196.007s] Leaving safepoint region
[2025-03-13T12:19:02.408+0530][1196.007s] Total time for which application threads were stopped: 0.0000969 seconds, Stopping threads took: 0.0000147 seconds
[2025-03-13T12:19:03.408+0530][1197.008s] Application time: 1.0000870 seconds
[2025-03-13T12:19:03.408+0530][1197.008s] Entering safepoint region: Cleanup
[2025-03-13T12:19:03.408+0530][1197.008s] Leaving safepoint region
[2025-03-13T12:19:03.408+0530][1197.008s] Total time for which application threads were stopped: 0.0001170 seconds, Stopping threads took: 0.0000198 seconds
[2025-03-13T12:19:04.408+0530][1198.008s] Application time: 1.0003377 seconds
[2025-03-13T12:19:04.408+0530][1198.008s] Entering safepoint region: Cleanup
[2025-03-13T12:19:04.408+0530][1198.008s] Leaving safepoint region
[2025-03-13T12:19:04.409+0530][1198.008s] Total time for which application threads were stopped: 0.0001872 seconds, Stopping threads took: 0.0000137 seconds
[2025-03-13T12:19:05.409+0530][1199.008s] Application time: 1.0000740 seconds
[2025-03-13T12:19:05.409+0530][1199.008s] Entering safepoint region: Cleanup
[2025-03-13T12:19:05.409+0530][1199.009s] Leaving safepoint region
[2025-03-13T12:19:05.409+0530][1199.009s] Total time for which application threads were stopped: 0.0001139 seconds, Stopping threads took: 0.0000216 seconds
[2025-03-13T12:19:06.409+0530][1200.009s] Application time: 1.0000852 seconds
[2025-03-13T12:19:06.409+0530][1200.009s] Entering safepoint region: Cleanup
[2025-03-13T12:19:06.409+0530][1200.009s] Leaving safepoint region
[2025-03-13T12:19:06.409+0530][1200.009s] Total time for which application threads were stopped: 0.0001444 seconds, Stopping threads took: 0.0000152 seconds
[2025-03-13T12:19:07.409+0530][1201.009s] Application time: 1.0001738 seconds
[2025-03-13T12:19:07.409+0530][1201.009s] Entering safepoint region: Cleanup
[2025-03-13T12:19:07.409+0530][1201.009s] Leaving safepoint region
[2025-03-13T12:19:07.409+0530][1201.009s] Total time for which application threads were stopped: 0.0002045 seconds, Stopping threads took: 0.0000134 seconds
[2025-03-13T12:19:08.410+0530][1202.009s] Application time: 1.0001007 seconds
[2025-03-13T12:19:08.410+0530][1202.009s] Entering safepoint region: Cleanup
[2025-03-13T12:19:08.410+0530][1202.009s] Leaving safepoint region
[2025-03-13T12:19:08.410+0530][1202.009s] Total time for which application threads were stopped: 0.0001309 seconds, Stopping threads took: 0.0000134 seconds
[2025-03-13T12:19:09.410+0530][1203.010s] Application time: 1.0003432 seconds
[2025-03-13T12:19:09.410+0530][1203.010s] Entering safepoint region: Cleanup
[2025-03-13T12:19:09.410+0530][1203.010s] Leaving safepoint region
[2025-03-13T12:19:09.410+0530][1203.010s] Total time for which application threads were stopped: 0.0002051 seconds, Stopping threads took: 0.0000135 seconds
[2025-03-13T12:19:10.410+0530][1204.010s] Application time: 1.0001828 seconds
[2025-03-13T12:19:10.410+0530][1204.010s] Entering safepoint region: Cleanup
[2025-03-13T12:19:10.411+0530][1204.010s] Leaving safepoint region
[2025-03-13T12:19:10.411+0530][1204.010s] Total time for which application threads were stopped: 0.0002044 seconds, Stopping threads took: 0.0000137 seconds
[2025-03-13T12:19:11.411+0530][1205.011s] Application time: 1.0003326 seconds
[2025-03-13T12:19:11.411+0530][1205.011s] Entering safepoint region: Cleanup
[2025-03-13T12:19:11.411+0530][1205.011s] Leaving safepoint region
[2025-03-13T12:19:11.411+0530][1205.011s] Total time for which application threads were stopped: 0.0002048 seconds, Stopping threads took: 0.0000144 seconds
[2025-03-13T12:19:12.412+0530][1206.011s] Application time: 1.0003422 seconds
[2025-03-13T12:19:12.412+0530][1206.011s] Entering safepoint region: Cleanup
[2025-03-13T12:19:12.412+0530][1206.012s] Leaving safepoint region
[2025-03-13T12:19:12.412+0530][1206.012s] Total time for which application threads were stopped: 0.0002091 seconds, Stopping threads took: 0.0000134 seconds
[2025-03-13T12:19:13.412+0530][1207.012s] Application time: 1.0000678 seconds
[2025-03-13T12:19:13.412+0530][1207.012s] Entering safepoint region: Cleanup
[2025-03-13T12:19:13.412+0530][1207.012s] Leaving safepoint region
[2025-03-13T12:19:13.412+0530][1207.012s] Total time for which application threads were stopped: 0.0000945 seconds, Stopping threads took: 0.0000133 seconds
[2025-03-13T12:19:14.412+0530][1208.012s] Application time: 1.0000821 seconds
[2025-03-13T12:19:14.412+0530][1208.012s] Entering safepoint region: Cleanup
[2025-03-13T12:19:14.412+0530][1208.012s] Leaving safepoint region
[2025-03-13T12:19:14.412+0530][1208.012s] Total time for which application threads were stopped: 0.0001835 seconds, Stopping threads took: 0.0000228 seconds
[2025-03-13T12:19:15.413+0530][1209.012s] Application time: 1.0001351 seconds
[2025-03-13T12:19:15.413+0530][1209.012s] Entering safepoint region: Cleanup
[2025-03-13T12:19:15.413+0530][1209.013s] Leaving safepoint region
[2025-03-13T12:19:15.413+0530][1209.013s] Total time for which application threads were stopped: 0.0002056 seconds, Stopping threads took: 0.0000150 seconds
[2025-03-13T12:19:16.413+0530][1210.013s] Application time: 1.0000367 seconds
[2025-03-13T12:19:16.413+0530][1210.013s] Entering safepoint region: Cleanup
[2025-03-13T12:19:16.413+0530][1210.013s] Leaving safepoint region
[2025-03-13T12:19:16.413+0530][1210.013s] Total time for which application threads were stopped: 0.0001075 seconds, Stopping threads took: 0.0000221 seconds
[2025-03-13T12:19:17.413+0530][1211.013s] Application time: 1.0003414 seconds
[2025-03-13T12:19:17.413+0530][1211.013s] Entering safepoint region: Cleanup
[2025-03-13T12:19:17.414+0530][1211.013s] Leaving safepoint region
[2025-03-13T12:19:17.414+0530][1211.013s] Total time for which application threads were stopped: 0.0002019 seconds, Stopping threads took: 0.0000135 seconds
[2025-03-13T12:19:18.414+0530][1212.013s] Application time: 1.0000660 seconds
[2025-03-13T12:19:18.414+0530][1212.013s] Entering safepoint region: Cleanup
[2025-03-13T12:19:18.414+0530][1212.014s] Leaving safepoint region
[2025-03-13T12:19:18.414+0530][1212.014s] Total time for which application threads were stopped: 0.0000997 seconds, Stopping threads took: 0.0000140 seconds
[2025-03-13T12:19:19.414+0530][1213.014s] Application time: 1.0003143 seconds
[2025-03-13T12:19:19.414+0530][1213.014s] Entering safepoint region: Cleanup
[2025-03-13T12:19:19.414+0530][1213.014s] Leaving safepoint region
[2025-03-13T12:19:19.414+0530][1213.014s] Total time for which application threads were stopped: 0.0001681 seconds, Stopping threads took: 0.0000141 seconds
[2025-03-13T12:19:20.415+0530][1214.014s] Application time: 1.0003397 seconds
[2025-03-13T12:19:20.415+0530][1214.014s] Entering safepoint region: Cleanup
[2025-03-13T12:19:20.415+0530][1214.015s] Leaving safepoint region
[2025-03-13T12:19:20.415+0530][1214.015s] Total time for which application threads were stopped: 0.0001847 seconds, Stopping threads took: 0.0000133 seconds
[2025-03-13T12:19:21.415+0530][1215.015s] Application time: 1.0000812 seconds
[2025-03-13T12:19:21.415+0530][1215.015s] Entering safepoint region: Cleanup
[2025-03-13T12:19:21.415+0530][1215.015s] Leaving safepoint region
[2025-03-13T12:19:21.415+0530][1215.015s] Total time for which application threads were stopped: 0.0001931 seconds, Stopping threads took: 0.0000130 seconds
[2025-03-13T12:19:22.415+0530][1216.015s] Application time: 1.0002954 seconds
[2025-03-13T12:19:22.415+0530][1216.015s] Entering safepoint region: Cleanup
[2025-03-13T12:19:22.416+0530][1216.015s] Leaving safepoint region
[2025-03-13T12:19:22.416+0530][1216.015s] Total time for which application threads were stopped: 0.0001479 seconds, Stopping threads took: 0.0000156 seconds
[2025-03-13T12:19:23.416+0530][1217.015s] Application time: 1.0000780 seconds
[2025-03-13T12:19:23.416+0530][1217.016s] Entering safepoint region: Cleanup
[2025-03-13T12:19:23.416+0530][1217.016s] Leaving safepoint region
[2025-03-13T12:19:23.416+0530][1217.016s] Total time for which application threads were stopped: 0.0001340 seconds, Stopping threads took: 0.0000210 seconds
[2025-03-13T12:19:24.416+0530][1218.016s] Application time: 1.0003385 seconds
[2025-03-13T12:19:24.416+0530][1218.016s] Entering safepoint region: Cleanup
[2025-03-13T12:19:24.416+0530][1218.016s] Leaving safepoint region
[2025-03-13T12:19:24.416+0530][1218.016s] Total time for which application threads were stopped: 0.0002016 seconds, Stopping threads took: 0.0000138 seconds
[2025-03-13T12:19:25.417+0530][1219.017s] Application time: 1.0003321 seconds
[2025-03-13T12:19:25.417+0530][1219.017s] Entering safepoint region: Cleanup
[2025-03-13T12:19:25.417+0530][1219.017s] Leaving safepoint region
[2025-03-13T12:19:25.417+0530][1219.017s] Total time for which application threads were stopped: 0.0002339 seconds, Stopping threads took: 0.0000221 seconds
[2025-03-13T12:19:26.417+0530][1220.017s] Application time: 1.0000923 seconds
[2025-03-13T12:19:26.417+0530][1220.017s] Entering safepoint region: Cleanup
[2025-03-13T12:19:26.417+0530][1220.017s] Leaving safepoint region
[2025-03-13T12:19:26.417+0530][1220.017s] Total time for which application threads were stopped: 0.0002057 seconds, Stopping threads took: 0.0000146 seconds
[2025-03-13T12:19:27.418+0530][1221.018s] Application time: 1.0003401 seconds
[2025-03-13T12:19:27.418+0530][1221.018s] Entering safepoint region: Cleanup
[2025-03-13T12:19:27.418+0530][1221.018s] Leaving safepoint region
[2025-03-13T12:19:27.418+0530][1221.018s] Total time for which application threads were stopped: 0.0001763 seconds, Stopping threads took: 0.0000258 seconds
[2025-03-13T12:19:28.418+0530][1222.018s] Application time: 1.0000837 seconds
[2025-03-13T12:19:28.418+0530][1222.018s] Entering safepoint region: Cleanup
[2025-03-13T12:19:28.418+0530][1222.018s] Leaving safepoint region
[2025-03-13T12:19:28.418+0530][1222.018s] Total time for which application threads were stopped: 0.0000921 seconds, Stopping threads took: 0.0000160 seconds
[2025-03-13T12:19:29.418+0530][1223.018s] Application time: 1.0001000 seconds
[2025-03-13T12:19:29.418+0530][1223.018s] Entering safepoint region: Cleanup
[2025-03-13T12:19:29.418+0530][1223.018s] Leaving safepoint region
[2025-03-13T12:19:29.418+0530][1223.018s] Total time for which application threads were stopped: 0.0000810 seconds, Stopping threads took: 0.0000137 seconds
[2025-03-13T12:19:30.418+0530][1224.018s] Application time: 1.0000975 seconds
[2025-03-13T12:19:30.419+0530][1224.018s] Entering safepoint region: Cleanup
[2025-03-13T12:19:30.419+0530][1224.018s] Leaving safepoint region
[2025-03-13T12:19:30.419+0530][1224.018s] Total time for which application threads were stopped: 0.0000912 seconds, Stopping threads took: 0.0000230 seconds
[2025-03-13T12:19:31.419+0530][1225.019s] Application time: 1.0003234 seconds
[2025-03-13T12:19:31.419+0530][1225.019s] Entering safepoint region: Cleanup
[2025-03-13T12:19:31.419+0530][1225.019s] Leaving safepoint region
[2025-03-13T12:19:31.419+0530][1225.019s] Total time for which application threads were stopped: 0.0000926 seconds, Stopping threads took: 0.0000142 seconds
[2025-03-13T12:19:32.419+0530][1226.019s] Application time: 1.0000936 seconds
[2025-03-13T12:19:32.419+0530][1226.019s] Entering safepoint region: Cleanup
[2025-03-13T12:19:32.419+0530][1226.019s] Leaving safepoint region
[2025-03-13T12:19:32.419+0530][1226.019s] Total time for which application threads were stopped: 0.0001407 seconds, Stopping threads took: 0.0000215 seconds
[2025-03-13T12:19:33.419+0530][1227.019s] Application time: 1.0000788 seconds
[2025-03-13T12:19:33.419+0530][1227.019s] Entering safepoint region: Cleanup
[2025-03-13T12:19:33.420+0530][1227.019s] Leaving safepoint region
[2025-03-13T12:19:33.420+0530][1227.019s] Total time for which application threads were stopped: 0.0001491 seconds, Stopping threads took: 0.0000254 seconds
[2025-03-13T12:19:34.420+0530][1228.020s] Application time: 1.0003094 seconds
[2025-03-13T12:19:34.420+0530][1228.020s] Entering safepoint region: Cleanup
[2025-03-13T12:19:34.420+0530][1228.020s] Leaving safepoint region
[2025-03-13T12:19:34.420+0530][1228.020s] Total time for which application threads were stopped: 0.0001299 seconds, Stopping threads took: 0.0000182 seconds
[2025-03-13T12:19:35.420+0530][1229.020s] Application time: 1.0002315 seconds
[2025-03-13T12:19:35.420+0530][1229.020s] Entering safepoint region: Cleanup
[2025-03-13T12:19:35.421+0530][1229.020s] Leaving safepoint region
[2025-03-13T12:19:35.421+0530][1229.020s] Total time for which application threads were stopped: 0.0001650 seconds, Stopping threads took: 0.0000142 seconds
[2025-03-13T12:19:36.421+0530][1230.021s] Application time: 1.0003404 seconds
[2025-03-13T12:19:36.421+0530][1230.021s] Entering safepoint region: Cleanup
[2025-03-13T12:19:36.421+0530][1230.021s] Leaving safepoint region
[2025-03-13T12:19:36.421+0530][1230.021s] Total time for which application threads were stopped: 0.0002030 seconds, Stopping threads took: 0.0000137 seconds
[2025-03-13T12:19:37.421+0530][1231.021s] Application time: 1.0000984 seconds
[2025-03-13T12:19:37.421+0530][1231.021s] Entering safepoint region: Cleanup
[2025-03-13T12:19:37.421+0530][1231.021s] Leaving safepoint region
[2025-03-13T12:19:37.421+0530][1231.021s] Total time for which application threads were stopped: 0.0000793 seconds, Stopping threads took: 0.0000137 seconds
[2025-03-13T12:19:38.421+0530][1232.021s] Application time: 1.0000795 seconds
[2025-03-13T12:19:38.421+0530][1232.021s] Entering safepoint region: Cleanup
[2025-03-13T12:19:38.422+0530][1232.021s] Leaving safepoint region
[2025-03-13T12:19:38.422+0530][1232.021s] Total time for which application threads were stopped: 0.0001196 seconds, Stopping threads took: 0.0000237 seconds
[2025-03-13T12:19:39.422+0530][1233.022s] Application time: 1.0001790 seconds
[2025-03-13T12:19:39.422+0530][1233.022s] Entering safepoint region: Cleanup
[2025-03-13T12:19:39.422+0530][1233.022s] Leaving safepoint region
[2025-03-13T12:19:39.422+0530][1233.022s] Total time for which application threads were stopped: 0.0001517 seconds, Stopping threads took: 0.0000141 seconds
[2025-03-13T12:19:40.422+0530][1234.022s] Application time: 1.0000934 seconds
[2025-03-13T12:19:40.422+0530][1234.022s] Entering safepoint region: Cleanup
[2025-03-13T12:19:40.422+0530][1234.022s] Leaving safepoint region
[2025-03-13T12:19:40.422+0530][1234.022s] Total time for which application threads were stopped: 0.0001177 seconds, Stopping threads took: 0.0000135 seconds
[2025-03-13T12:19:41.423+0530][1235.022s] Application time: 1.0003416 seconds
[2025-03-13T12:19:41.423+0530][1235.022s] Entering safepoint region: Cleanup
[2025-03-13T12:19:41.423+0530][1235.022s] Leaving safepoint region
[2025-03-13T12:19:41.423+0530][1235.022s] Total time for which application threads were stopped: 0.0001148 seconds, Stopping threads took: 0.0000138 seconds
[2025-03-13T12:19:42.423+0530][1236.023s] Application time: 1.0000747 seconds
[2025-03-13T12:19:42.423+0530][1236.023s] Entering safepoint region: Cleanup
[2025-03-13T12:19:42.423+0530][1236.023s] Leaving safepoint region
[2025-03-13T12:19:42.423+0530][1236.023s] Total time for which application threads were stopped: 0.0001222 seconds, Stopping threads took: 0.0000215 seconds
[2025-03-13T12:19:43.423+0530][1237.023s] Application time: 1.0000718 seconds
[2025-03-13T12:19:43.423+0530][1237.023s] Entering safepoint region: Cleanup
[2025-03-13T12:19:43.423+0530][1237.023s] Leaving safepoint region
[2025-03-13T12:19:43.423+0530][1237.023s] Total time for which application threads were stopped: 0.0001464 seconds, Stopping threads took: 0.0000137 seconds
[2025-03-13T12:19:44.423+0530][1238.023s] Application time: 1.0001759 seconds
[2025-03-13T12:19:44.423+0530][1238.023s] Entering safepoint region: Cleanup
[2025-03-13T12:19:44.424+0530][1238.023s] Leaving safepoint region
[2025-03-13T12:19:44.424+0530][1238.023s] Total time for which application threads were stopped: 0.0002045 seconds, Stopping threads took: 0.0000137 seconds
[2025-03-13T12:19:45.424+0530][1239.024s] Application time: 1.0003428 seconds
[2025-03-13T12:19:45.424+0530][1239.024s] Entering safepoint region: Cleanup
[2025-03-13T12:19:45.424+0530][1239.024s] Leaving safepoint region
[2025-03-13T12:19:45.424+0530][1239.024s] Total time for which application threads were stopped: 0.0002031 seconds, Stopping threads took: 0.0000135 seconds
[2025-03-13T12:19:46.425+0530][1240.024s] Application time: 1.0003274 seconds
[2025-03-13T12:19:46.425+0530][1240.024s] Entering safepoint region: Cleanup
[2025-03-13T12:19:46.425+0530][1240.024s] Leaving safepoint region
[2025-03-13T12:19:46.425+0530][1240.024s] Total time for which application threads were stopped: 0.0001021 seconds, Stopping threads took: 0.0000173 seconds
[2025-03-13T12:19:47.425+0530][1241.025s] Application time: 1.0001871 seconds
[2025-03-13T12:19:47.425+0530][1241.025s] Entering safepoint region: Cleanup
[2025-03-13T12:19:47.425+0530][1241.025s] Leaving safepoint region
[2025-03-13T12:19:47.425+0530][1241.025s] Total time for which application threads were stopped: 0.0000773 seconds, Stopping threads took: 0.0000136 seconds
[2025-03-13T12:19:48.425+0530][1242.025s] Application time: 1.0000936 seconds
[2025-03-13T12:19:48.425+0530][1242.025s] Entering safepoint region: Cleanup
[2025-03-13T12:19:48.425+0530][1242.025s] Leaving safepoint region
[2025-03-13T12:19:48.425+0530][1242.025s] Total time for which application threads were stopped: 0.0000784 seconds, Stopping threads took: 0.0000137 seconds
[2025-03-13T12:19:49.425+0530][1243.025s] Application time: 1.0000997 seconds
[2025-03-13T12:19:49.425+0530][1243.025s] Entering safepoint region: Cleanup
[2025-03-13T12:19:49.425+0530][1243.025s] Leaving safepoint region
[2025-03-13T12:19:49.425+0530][1243.025s] Total time for which application threads were stopped: 0.0001173 seconds, Stopping threads took: 0.0000133 seconds
[2025-03-13T12:19:50.426+0530][1244.026s] Application time: 1.0003407 seconds
[2025-03-13T12:19:50.426+0530][1244.026s] Entering safepoint region: Cleanup
[2025-03-13T12:19:50.426+0530][1244.026s] Leaving safepoint region
[2025-03-13T12:19:50.426+0530][1244.026s] Total time for which application threads were stopped: 0.0000880 seconds, Stopping threads took: 0.0000145 seconds
[2025-03-13T12:19:51.426+0530][1245.026s] Application time: 1.0003398 seconds
[2025-03-13T12:19:51.426+0530][1245.026s] Entering safepoint region: Cleanup
[2025-03-13T12:19:51.426+0530][1245.026s] Leaving safepoint region
[2025-03-13T12:19:51.426+0530][1245.026s] Total time for which application threads were stopped: 0.0002027 seconds, Stopping threads took: 0.0000133 seconds
[2025-03-13T12:19:52.427+0530][1246.026s] Application time: 1.0001756 seconds
[2025-03-13T12:19:52.427+0530][1246.026s] Entering safepoint region: Cleanup
[2025-03-13T12:19:52.427+0530][1246.027s] Leaving safepoint region
[2025-03-13T12:19:52.427+0530][1246.027s] Total time for which application threads were stopped: 0.0002890 seconds, Stopping threads took: 0.0000137 seconds
[2025-03-13T12:19:53.427+0530][1247.027s] Application time: 1.0000766 seconds
[2025-03-13T12:19:53.427+0530][1247.027s] Entering safepoint region: Cleanup
[2025-03-13T12:19:53.427+0530][1247.027s] Leaving safepoint region
[2025-03-13T12:19:53.427+0530][1247.027s] Total time for which application threads were stopped: 0.0001246 seconds, Stopping threads took: 0.0000211 seconds
[2025-03-13T12:19:54.427+0530][1248.027s] Application time: 1.0001040 seconds
[2025-03-13T12:19:54.427+0530][1248.027s] Entering safepoint region: Cleanup
[2025-03-13T12:19:54.427+0530][1248.027s] Leaving safepoint region
[2025-03-13T12:19:54.427+0530][1248.027s] Total time for which application threads were stopped: 0.0001226 seconds, Stopping threads took: 0.0000283 seconds
[2025-03-13T12:19:55.428+0530][1249.028s] Application time: 1.0003413 seconds
[2025-03-13T12:19:55.428+0530][1249.028s] Entering safepoint region: Cleanup
[2025-03-13T12:19:55.428+0530][1249.028s] Leaving safepoint region
[2025-03-13T12:19:55.428+0530][1249.028s] Total time for which application threads were stopped: 0.0000884 seconds, Stopping threads took: 0.0000133 seconds
[2025-03-13T12:19:56.428+0530][1250.028s] Application time: 1.0003400 seconds
[2025-03-13T12:19:56.428+0530][1250.028s] Entering safepoint region: Cleanup
[2025-03-13T12:19:56.428+0530][1250.028s] Leaving safepoint region
[2025-03-13T12:19:56.428+0530][1250.028s] Total time for which application threads were stopped: 0.0000885 seconds, Stopping threads took: 0.0000138 seconds
[2025-03-13T12:19:57.429+0530][1251.028s] Application time: 1.0000984 seconds
[2025-03-13T12:19:57.429+0530][1251.028s] Entering safepoint region: Cleanup
[2025-03-13T12:19:57.429+0530][1251.028s] Leaving safepoint region
[2025-03-13T12:19:57.429+0530][1251.028s] Total time for which application threads were stopped: 0.0000884 seconds, Stopping threads took: 0.0000142 seconds
[2025-03-13T12:19:58.429+0530][1252.029s] Application time: 1.0000959 seconds
[2025-03-13T12:19:58.429+0530][1252.029s] Entering safepoint region: Cleanup
[2025-03-13T12:19:58.429+0530][1252.029s] Leaving safepoint region
[2025-03-13T12:19:58.429+0530][1252.029s] Total time for which application threads were stopped: 0.0001280 seconds, Stopping threads took: 0.0000585 seconds
[2025-03-13T12:19:59.429+0530][1253.029s] Application time: 1.0001854 seconds
[2025-03-13T12:19:59.429+0530][1253.029s] Entering safepoint region: Cleanup
[2025-03-13T12:19:59.429+0530][1253.029s] Leaving safepoint region
[2025-03-13T12:19:59.429+0530][1253.029s] Total time for which application threads were stopped: 0.0000908 seconds, Stopping threads took: 0.0000139 seconds
[2025-03-13T12:20:00.429+0530][1254.029s] Application time: 1.0002540 seconds
[2025-03-13T12:20:00.430+0530][1254.029s] Entering safepoint region: Cleanup
[2025-03-13T12:20:00.430+0530][1254.029s] Leaving safepoint region
[2025-03-13T12:20:00.430+0530][1254.029s] Total time for which application threads were stopped: 0.0000875 seconds, Stopping threads took: 0.0000130 seconds
[2025-03-13T12:20:01.430+0530][1255.030s] Application time: 1.0003371 seconds
[2025-03-13T12:20:01.430+0530][1255.030s] Entering safepoint region: Cleanup
[2025-03-13T12:20:01.430+0530][1255.030s] Leaving safepoint region
[2025-03-13T12:20:01.430+0530][1255.030s] Total time for which application threads were stopped: 0.0001015 seconds, Stopping threads took: 0.0000245 seconds
[2025-03-13T12:20:02.430+0530][1256.030s] Application time: 1.0003405 seconds
[2025-03-13T12:20:02.430+0530][1256.030s] Entering safepoint region: Cleanup
[2025-03-13T12:20:02.431+0530][1256.030s] Leaving safepoint region
[2025-03-13T12:20:02.431+0530][1256.030s] Total time for which application threads were stopped: 0.0000906 seconds, Stopping threads took: 0.0000142 seconds
[2025-03-13T12:20:03.431+0530][1257.030s] Application time: 1.0000760 seconds
[2025-03-13T12:20:03.431+0530][1257.030s] Entering safepoint region: Cleanup
[2025-03-13T12:20:03.431+0530][1257.031s] Leaving safepoint region
[2025-03-13T12:20:03.431+0530][1257.031s] Total time for which application threads were stopped: 0.0001203 seconds, Stopping threads took: 0.0000223 seconds
[2025-03-13T12:20:04.431+0530][1258.031s] Application time: 1.0002835 seconds
[2025-03-13T12:20:04.431+0530][1258.031s] Entering safepoint region: Cleanup
[2025-03-13T12:20:04.431+0530][1258.031s] Leaving safepoint region
[2025-03-13T12:20:04.431+0530][1258.031s] Total time for which application threads were stopped: 0.0002102 seconds, Stopping threads took: 0.0000152 seconds
[2025-03-13T12:20:05.432+0530][1259.031s] Application time: 1.0003313 seconds
[2025-03-13T12:20:05.432+0530][1259.031s] Entering safepoint region: Cleanup
[2025-03-13T12:20:05.432+0530][1259.032s] Leaving safepoint region
[2025-03-13T12:20:05.432+0530][1259.032s] Total time for which application threads were stopped: 0.0002489 seconds, Stopping threads took: 0.0000145 seconds
[2025-03-13T12:20:06.432+0530][1260.032s] Application time: 1.0003410 seconds
[2025-03-13T12:20:06.432+0530][1260.032s] Entering safepoint region: Cleanup
[2025-03-13T12:20:06.433+0530][1260.032s] Leaving safepoint region
[2025-03-13T12:20:06.433+0530][1260.032s] Total time for which application threads were stopped: 0.0002014 seconds, Stopping threads took: 0.0000139 seconds
[2025-03-13T12:20:07.433+0530][1261.033s] Application time: 1.0003409 seconds
[2025-03-13T12:20:07.433+0530][1261.033s] Entering safepoint region: Cleanup
[2025-03-13T12:20:07.433+0530][1261.033s] Leaving safepoint region
[2025-03-13T12:20:07.433+0530][1261.033s] Total time for which application threads were stopped: 0.0002041 seconds, Stopping threads took: 0.0000135 seconds
[2025-03-13T12:20:08.433+0530][1262.033s] Application time: 1.0000790 seconds
[2025-03-13T12:20:08.433+0530][1262.033s] Entering safepoint region: Cleanup
[2025-03-13T12:20:08.433+0530][1262.033s] Leaving safepoint region
[2025-03-13T12:20:08.433+0530][1262.033s] Total time for which application threads were stopped: 0.0001232 seconds, Stopping threads took: 0.0000229 seconds
[2025-03-13T12:20:09.433+0530][1263.033s] Application time: 1.0001123 seconds
[2025-03-13T12:20:09.434+0530][1263.033s] Entering safepoint region: Cleanup
[2025-03-13T12:20:09.434+0530][1263.033s] Leaving safepoint region
[2025-03-13T12:20:09.434+0530][1263.033s] Total time for which application threads were stopped: 0.0001337 seconds, Stopping threads took: 0.0000165 seconds
[2025-03-13T12:20:10.434+0530][1264.034s] Application time: 1.0003153 seconds
[2025-03-13T12:20:10.434+0530][1264.034s] Entering safepoint region: Cleanup
[2025-03-13T12:20:10.434+0530][1264.034s] Leaving safepoint region
[2025-03-13T12:20:10.434+0530][1264.034s] Total time for which application threads were stopped: 0.0002031 seconds, Stopping threads took: 0.0000134 seconds
[2025-03-13T12:20:11.435+0530][1265.034s] Application time: 1.0003402 seconds
[2025-03-13T12:20:11.435+0530][1265.034s] Entering safepoint region: Cleanup
[2025-03-13T12:20:11.435+0530][1265.035s] Leaving safepoint region
[2025-03-13T12:20:11.435+0530][1265.035s] Total time for which application threads were stopped: 0.0002145 seconds, Stopping threads took: 0.0000135 seconds
[2025-03-13T12:20:12.435+0530][1266.035s] Application time: 1.0003420 seconds
[2025-03-13T12:20:12.435+0530][1266.035s] Entering safepoint region: Cleanup
[2025-03-13T12:20:12.435+0530][1266.035s] Leaving safepoint region
[2025-03-13T12:20:12.435+0530][1266.035s] Total time for which application threads were stopped: 0.0002045 seconds, Stopping threads took: 0.0000138 seconds
[2025-03-13T12:20:13.435+0530][1267.035s] Application time: 1.0000654 seconds
[2025-03-13T12:20:13.435+0530][1267.035s] Entering safepoint region: Cleanup
[2025-03-13T12:20:13.436+0530][1267.035s] Leaving safepoint region
[2025-03-13T12:20:13.436+0530][1267.035s] Total time for which application threads were stopped: 0.0001287 seconds, Stopping threads took: 0.0000153 seconds
[2025-03-13T12:20:14.436+0530][1268.036s] Application time: 1.0001846 seconds
[2025-03-13T12:20:14.436+0530][1268.036s] Entering safepoint region: Cleanup
[2025-03-13T12:20:14.436+0530][1268.036s] Leaving safepoint region
[2025-03-13T12:20:14.436+0530][1268.036s] Total time for which application threads were stopped: 0.0000926 seconds, Stopping threads took: 0.0000148 seconds
[2025-03-13T12:20:15.436+0530][1269.036s] Application time: 1.0003413 seconds
[2025-03-13T12:20:15.436+0530][1269.036s] Entering safepoint region: Cleanup
[2025-03-13T12:20:15.436+0530][1269.036s] Leaving safepoint region
[2025-03-13T12:20:15.436+0530][1269.036s] Total time for which application threads were stopped: 0.0000885 seconds, Stopping threads took: 0.0000139 seconds
[2025-03-13T12:20:16.437+0530][1270.037s] Application time: 1.0003430 seconds
[2025-03-13T12:20:16.437+0530][1270.037s] Entering safepoint region: Cleanup
[2025-03-13T12:20:16.437+0530][1270.037s] Leaving safepoint region
[2025-03-13T12:20:16.437+0530][1270.037s] Total time for which application threads were stopped: 0.0001034 seconds, Stopping threads took: 0.0000274 seconds
[2025-03-13T12:20:17.437+0530][1271.037s] Application time: 1.0003435 seconds
[2025-03-13T12:20:17.437+0530][1271.037s] Entering safepoint region: Cleanup
[2025-03-13T12:20:17.437+0530][1271.037s] Leaving safepoint region
[2025-03-13T12:20:17.437+0530][1271.037s] Total time for which application threads were stopped: 0.0000887 seconds, Stopping threads took: 0.0000137 seconds
[2025-03-13T12:20:18.437+0530][1272.037s] Application time: 1.0000724 seconds
[2025-03-13T12:20:18.437+0530][1272.037s] Entering safepoint region: Cleanup
[2025-03-13T12:20:18.438+0530][1272.037s] Leaving safepoint region
[2025-03-13T12:20:18.438+0530][1272.037s] Total time for which application threads were stopped: 0.0001175 seconds, Stopping threads took: 0.0000191 seconds
[2025-03-13T12:20:19.438+0530][1273.037s] Application time: 1.0000956 seconds
[2025-03-13T12:20:19.438+0530][1273.038s] Entering safepoint region: Cleanup
[2025-03-13T12:20:19.438+0530][1273.038s] Leaving safepoint region
[2025-03-13T12:20:19.438+0530][1273.038s] Total time for which application threads were stopped: 0.0000899 seconds, Stopping threads took: 0.0000134 seconds
[2025-03-13T12:20:20.438+0530][1274.038s] Application time: 1.0003408 seconds
[2025-03-13T12:20:20.438+0530][1274.038s] Entering safepoint region: Cleanup
[2025-03-13T12:20:20.438+0530][1274.038s] Leaving safepoint region
[2025-03-13T12:20:20.438+0530][1274.038s] Total time for which application threads were stopped: 0.0000896 seconds, Stopping threads took: 0.0000134 seconds
[2025-03-13T12:20:21.439+0530][1275.038s] Application time: 1.0002720 seconds
[2025-03-13T12:20:21.439+0530][1275.038s] Entering safepoint region: Cleanup
[2025-03-13T12:20:21.439+0530][1275.038s] Leaving safepoint region
[2025-03-13T12:20:21.439+0530][1275.038s] Total time for which application threads were stopped: 0.0000874 seconds, Stopping threads took: 0.0000137 seconds
[2025-03-13T12:20:22.439+0530][1276.039s] Application time: 1.0000845 seconds
[2025-03-13T12:20:22.439+0530][1276.039s] Entering safepoint region: Cleanup
[2025-03-13T12:20:22.439+0530][1276.039s] Leaving safepoint region
[2025-03-13T12:20:22.439+0530][1276.039s] Total time for which application threads were stopped: 0.0001171 seconds, Stopping threads took: 0.0000392 seconds
[2025-03-13T12:20:23.439+0530][1277.039s] Application time: 1.0000768 seconds
[2025-03-13T12:20:23.439+0530][1277.039s] Entering safepoint region: Cleanup
[2025-03-13T12:20:23.439+0530][1277.039s] Leaving safepoint region
[2025-03-13T12:20:23.439+0530][1277.039s] Total time for which application threads were stopped: 0.0001059 seconds, Stopping threads took: 0.0000196 seconds
[2025-03-13T12:20:24.439+0530][1278.039s] Application time: 1.0000808 seconds
[2025-03-13T12:20:24.439+0530][1278.039s] Entering safepoint region: Cleanup
[2025-03-13T12:20:24.439+0530][1278.039s] Leaving safepoint region
[2025-03-13T12:20:24.439+0530][1278.039s] Total time for which application threads were stopped: 0.0001209 seconds, Stopping threads took: 0.0000188 seconds
[2025-03-13T12:20:25.439+0530][1279.039s] Application time: 1.0000723 seconds
[2025-03-13T12:20:25.439+0530][1279.039s] Entering safepoint region: Cleanup
[2025-03-13T12:20:25.440+0530][1279.039s] Leaving safepoint region
[2025-03-13T12:20:25.440+0530][1279.039s] Total time for which application threads were stopped: 0.0001227 seconds, Stopping threads took: 0.0000224 seconds
[2025-03-13T12:20:26.440+0530][1280.040s] Application time: 1.0000943 seconds
[2025-03-13T12:20:26.440+0530][1280.040s] Entering safepoint region: Cleanup
[2025-03-13T12:20:26.440+0530][1280.040s] Leaving safepoint region
[2025-03-13T12:20:26.440+0530][1280.040s] Total time for which application threads were stopped: 0.0001430 seconds, Stopping threads took: 0.0000138 seconds
[2025-03-13T12:20:27.440+0530][1281.040s] Application time: 1.0000767 seconds
[2025-03-13T12:20:27.440+0530][1281.040s] Entering safepoint region: Cleanup
[2025-03-13T12:20:27.441+0530][1281.040s] Leaving safepoint region
[2025-03-13T12:20:27.441+0530][1281.040s] Total time for which application threads were stopped: 0.0006009 seconds, Stopping threads took: 0.0000207 seconds
[2025-03-13T12:20:28.443+0530][1282.043s] Application time: 1.0022215 seconds
[2025-03-13T12:20:28.443+0530][1282.043s] Entering safepoint region: Cleanup
[2025-03-13T12:20:28.448+0530][1282.048s] Leaving safepoint region
[2025-03-13T12:20:28.448+0530][1282.048s] Total time for which application threads were stopped: 0.0052757 seconds, Stopping threads took: 0.0000233 seconds
[2025-03-13T12:20:29.448+0530][1283.048s] Application time: 1.0001040 seconds
[2025-03-13T12:20:29.448+0530][1283.048s] Entering safepoint region: Cleanup
[2025-03-13T12:20:29.448+0530][1283.048s] Leaving safepoint region
[2025-03-13T12:20:29.448+0530][1283.048s] Total time for which application threads were stopped: 0.0000944 seconds, Stopping threads took: 0.0000154 seconds
[2025-03-13T12:20:30.449+0530][1284.049s] Application time: 1.0003383 seconds
[2025-03-13T12:20:30.449+0530][1284.049s] Entering safepoint region: Cleanup
[2025-03-13T12:20:30.449+0530][1284.049s] Leaving safepoint region
[2025-03-13T12:20:30.449+0530][1284.049s] Total time for which application threads were stopped: 0.0000918 seconds, Stopping threads took: 0.0000147 seconds
[2025-03-13T12:20:31.449+0530][1285.049s] Application time: 1.0003348 seconds
[2025-03-13T12:20:31.449+0530][1285.049s] Entering safepoint region: Cleanup
[2025-03-13T12:20:31.449+0530][1285.049s] Leaving safepoint region
[2025-03-13T12:20:31.449+0530][1285.049s] Total time for which application threads were stopped: 0.0000903 seconds, Stopping threads took: 0.0000138 seconds
[2025-03-13T12:20:32.450+0530][1286.049s] Application time: 1.0003239 seconds
[2025-03-13T12:20:32.450+0530][1286.050s] Entering safepoint region: Cleanup
[2025-03-13T12:20:32.450+0530][1286.050s] Leaving safepoint region
[2025-03-13T12:20:32.450+0530][1286.050s] Total time for which application threads were stopped: 0.0001257 seconds, Stopping threads took: 0.0000252 seconds
[2025-03-13T12:20:33.450+0530][1287.050s] Application time: 1.0000705 seconds
[2025-03-13T12:20:33.450+0530][1287.050s] Entering safepoint region: Cleanup
[2025-03-13T12:20:33.450+0530][1287.050s] Leaving safepoint region
[2025-03-13T12:20:33.450+0530][1287.050s] Total time for which application threads were stopped: 0.0001173 seconds, Stopping threads took: 0.0000229 seconds
[2025-03-13T12:20:34.450+0530][1288.050s] Application time: 1.0003192 seconds
[2025-03-13T12:20:34.450+0530][1288.050s] Entering safepoint region: Cleanup
[2025-03-13T12:20:34.451+0530][1288.050s] Leaving safepoint region
[2025-03-13T12:20:34.451+0530][1288.050s] Total time for which application threads were stopped: 0.0000924 seconds, Stopping threads took: 0.0000139 seconds
[2025-03-13T12:20:35.451+0530][1289.051s] Application time: 1.0003366 seconds
[2025-03-13T12:20:35.451+0530][1289.051s] Entering safepoint region: Cleanup
[2025-03-13T12:20:35.451+0530][1289.051s] Leaving safepoint region
[2025-03-13T12:20:35.451+0530][1289.051s] Total time for which application threads were stopped: 0.0000924 seconds, Stopping threads took: 0.0000143 seconds
[2025-03-13T12:20:36.451+0530][1290.051s] Application time: 1.0003410 seconds
[2025-03-13T12:20:36.451+0530][1290.051s] Entering safepoint region: Cleanup
[2025-03-13T12:20:36.451+0530][1290.051s] Leaving safepoint region
[2025-03-13T12:20:36.451+0530][1290.051s] Total time for which application threads were stopped: 0.0001230 seconds, Stopping threads took: 0.0000146 seconds
[2025-03-13T12:20:37.452+0530][1291.052s] Application time: 1.0003439 seconds
[2025-03-13T12:20:37.452+0530][1291.052s] Entering safepoint region: Cleanup
[2025-03-13T12:20:37.452+0530][1291.052s] Leaving safepoint region
[2025-03-13T12:20:37.452+0530][1291.052s] Total time for which application threads were stopped: 0.0003488 seconds, Stopping threads took: 0.0001324 seconds
[2025-03-13T12:20:38.452+0530][1292.052s] Application time: 1.0000728 seconds
[2025-03-13T12:20:38.452+0530][1292.052s] Entering safepoint region: Cleanup
[2025-03-13T12:20:38.452+0530][1292.052s] Leaving safepoint region
[2025-03-13T12:20:38.452+0530][1292.052s] Total time for which application threads were stopped: 0.0001102 seconds, Stopping threads took: 0.0000212 seconds
[2025-03-13T12:20:39.453+0530][1293.052s] Application time: 1.0002044 seconds
[2025-03-13T12:20:39.453+0530][1293.052s] Entering safepoint region: Cleanup
[2025-03-13T12:20:39.453+0530][1293.053s] Leaving safepoint region
[2025-03-13T12:20:39.453+0530][1293.053s] Total time for which application threads were stopped: 0.0001585 seconds, Stopping threads took: 0.0000135 seconds
[2025-03-13T12:20:40.453+0530][1294.053s] Application time: 1.0003374 seconds
[2025-03-13T12:20:40.453+0530][1294.053s] Entering safepoint region: Cleanup
[2025-03-13T12:20:40.453+0530][1294.053s] Leaving safepoint region
[2025-03-13T12:20:40.453+0530][1294.053s] Total time for which application threads were stopped: 0.0002055 seconds, Stopping threads took: 0.0000139 seconds
[2025-03-13T12:20:41.454+0530][1295.054s] Application time: 1.0003002 seconds
[2025-03-13T12:20:41.454+0530][1295.054s] Entering safepoint region: Cleanup
[2025-03-13T12:20:41.454+0530][1295.054s] Leaving safepoint region
[2025-03-13T12:20:41.454+0530][1295.054s] Total time for which application threads were stopped: 0.0002213 seconds, Stopping threads took: 0.0000287 seconds
[2025-03-13T12:20:42.454+0530][1296.054s] Application time: 1.0003237 seconds
[2025-03-13T12:20:42.454+0530][1296.054s] Entering safepoint region: Cleanup
[2025-03-13T12:20:42.455+0530][1296.054s] Leaving safepoint region
[2025-03-13T12:20:42.455+0530][1296.054s] Total time for which application threads were stopped: 0.0002023 seconds, Stopping threads took: 0.0000137 seconds
[2025-03-13T12:20:43.455+0530][1297.054s] Application time: 1.0000695 seconds
[2025-03-13T12:20:43.455+0530][1297.054s] Entering safepoint region: Cleanup
[2025-03-13T12:20:43.455+0530][1297.055s] Leaving safepoint region
[2025-03-13T12:20:43.455+0530][1297.055s] Total time for which application threads were stopped: 0.0000820 seconds, Stopping threads took: 0.0000149 seconds
[2025-03-13T12:20:44.455+0530][1298.055s] Application time: 1.0003450 seconds
[2025-03-13T12:20:44.455+0530][1298.055s] Entering safepoint region: Cleanup
[2025-03-13T12:20:44.455+0530][1298.055s] Leaving safepoint region
[2025-03-13T12:20:44.455+0530][1298.055s] Total time for which application threads were stopped: 0.0000964 seconds, Stopping threads took: 0.0000137 seconds
[2025-03-13T12:20:45.456+0530][1299.055s] Application time: 1.0003436 seconds
[2025-03-13T12:20:45.456+0530][1299.055s] Entering safepoint region: Cleanup
[2025-03-13T12:20:45.456+0530][1299.055s] Leaving safepoint region
[2025-03-13T12:20:45.456+0530][1299.055s] Total time for which application threads were stopped: 0.0000897 seconds, Stopping threads took: 0.0000136 seconds
[2025-03-13T12:20:46.456+0530][1300.056s] Application time: 1.0000764 seconds
[2025-03-13T12:20:46.456+0530][1300.056s] Entering safepoint region: Cleanup
[2025-03-13T12:20:46.456+0530][1300.056s] Leaving safepoint region
[2025-03-13T12:20:46.456+0530][1300.056s] Total time for which application threads were stopped: 0.0001223 seconds, Stopping threads took: 0.0000170 seconds
[2025-03-13T12:20:47.456+0530][1301.056s] Application time: 1.0000735 seconds
[2025-03-13T12:20:47.456+0530][1301.056s] Entering safepoint region: Cleanup
[2025-03-13T12:20:47.456+0530][1301.056s] Leaving safepoint region
[2025-03-13T12:20:47.456+0530][1301.056s] Total time for which application threads were stopped: 0.0001223 seconds, Stopping threads took: 0.0000164 seconds
[2025-03-13T12:20:48.457+0530][1302.056s] Application time: 1.0003452 seconds
[2025-03-13T12:20:48.457+0530][1302.056s] Entering safepoint region: Cleanup
[2025-03-13T12:20:48.457+0530][1302.056s] Leaving safepoint region
[2025-03-13T12:20:48.457+0530][1302.056s] Total time for which application threads were stopped: 0.0001255 seconds, Stopping threads took: 0.0000351 seconds
[2025-03-13T12:20:49.457+0530][1303.057s] Application time: 1.0001014 seconds
[2025-03-13T12:20:49.457+0530][1303.057s] Entering safepoint region: Cleanup
[2025-03-13T12:20:49.457+0530][1303.057s] Leaving safepoint region
[2025-03-13T12:20:49.457+0530][1303.057s] Total time for which application threads were stopped: 0.0000827 seconds, Stopping threads took: 0.0000136 seconds
[2025-03-13T12:20:50.457+0530][1304.057s] Application time: 1.0000989 seconds
[2025-03-13T12:20:50.457+0530][1304.057s] Entering safepoint region: Cleanup
[2025-03-13T12:20:50.457+0530][1304.057s] Leaving safepoint region
[2025-03-13T12:20:50.457+0530][1304.057s] Total time for which application threads were stopped: 0.0001175 seconds, Stopping threads took: 0.0000137 seconds
[2025-03-13T12:20:51.457+0530][1305.057s] Application time: 1.0001774 seconds
[2025-03-13T12:20:51.457+0530][1305.057s] Entering safepoint region: Cleanup
[2025-03-13T12:20:51.458+0530][1305.057s] Leaving safepoint region
[2025-03-13T12:20:51.458+0530][1305.057s] Total time for which application threads were stopped: 0.0001920 seconds, Stopping threads took: 0.0000129 seconds
[2025-03-13T12:20:52.458+0530][1306.058s] Application time: 1.0001755 seconds
[2025-03-13T12:20:52.458+0530][1306.058s] Entering safepoint region: Cleanup
[2025-03-13T12:20:52.458+0530][1306.058s] Leaving safepoint region
[2025-03-13T12:20:52.458+0530][1306.058s] Total time for which application threads were stopped: 0.0001523 seconds, Stopping threads took: 0.0000147 seconds
[2025-03-13T12:20:53.458+0530][1307.058s] Application time: 1.0000952 seconds
[2025-03-13T12:20:53.458+0530][1307.058s] Entering safepoint region: Cleanup
[2025-03-13T12:20:53.458+0530][1307.058s] Leaving safepoint region
[2025-03-13T12:20:53.458+0530][1307.058s] Total time for which application threads were stopped: 0.0001033 seconds, Stopping threads took: 0.0000124 seconds
[2025-03-13T12:20:54.458+0530][1308.058s] Application time: 1.0000729 seconds
[2025-03-13T12:20:54.458+0530][1308.058s] Entering safepoint region: Cleanup
[2025-03-13T12:20:54.458+0530][1308.058s] Leaving safepoint region
[2025-03-13T12:20:54.458+0530][1308.058s] Total time for which application threads were stopped: 0.0001223 seconds, Stopping threads took: 0.0000224 seconds
[2025-03-13T12:20:55.459+0530][1309.059s] Application time: 1.0003032 seconds
[2025-03-13T12:20:55.459+0530][1309.059s] Entering safepoint region: Cleanup
[2025-03-13T12:20:55.459+0530][1309.059s] Leaving safepoint region
[2025-03-13T12:20:55.459+0530][1309.059s] Total time for which application threads were stopped: 0.0002061 seconds, Stopping threads took: 0.0000134 seconds
[2025-03-13T12:20:56.459+0530][1310.059s] Application time: 1.0003460 seconds
[2025-03-13T12:20:56.459+0530][1310.059s] Entering safepoint region: Cleanup
[2025-03-13T12:20:56.460+0530][1310.059s] Leaving safepoint region
[2025-03-13T12:20:56.460+0530][1310.059s] Total time for which application threads were stopped: 0.0002028 seconds, Stopping threads took: 0.0000134 seconds
[2025-03-13T12:20:57.460+0530][1311.060s] Application time: 1.0002712 seconds
[2025-03-13T12:20:57.460+0530][1311.060s] Entering safepoint region: Cleanup
[2025-03-13T12:20:57.460+0530][1311.060s] Leaving safepoint region
[2025-03-13T12:20:57.460+0530][1311.060s] Total time for which application threads were stopped: 0.0002042 seconds, Stopping threads took: 0.0000140 seconds
[2025-03-13T12:20:58.460+0530][1312.060s] Application time: 1.0000683 seconds
[2025-03-13T12:20:58.460+0530][1312.060s] Entering safepoint region: Cleanup
[2025-03-13T12:20:58.460+0530][1312.060s] Leaving safepoint region
[2025-03-13T12:20:58.460+0530][1312.060s] Total time for which application threads were stopped: 0.0001148 seconds, Stopping threads took: 0.0000136 seconds
[2025-03-13T12:20:59.460+0530][1313.060s] Application time: 1.0000960 seconds
[2025-03-13T12:20:59.460+0530][1313.060s] Entering safepoint region: Cleanup
[2025-03-13T12:20:59.460+0530][1313.060s] Leaving safepoint region
[2025-03-13T12:20:59.460+0530][1313.060s] Total time for which application threads were stopped: 0.0000788 seconds, Stopping threads took: 0.0000139 seconds
[2025-03-13T12:21:00.461+0530][1314.060s] Application time: 1.0000691 seconds
[2025-03-13T12:21:00.461+0530][1314.060s] Entering safepoint region: Cleanup
[2025-03-13T12:21:00.461+0530][1314.060s] Leaving safepoint region
[2025-03-13T12:21:00.461+0530][1314.061s] Total time for which application threads were stopped: 0.0001178 seconds, Stopping threads took: 0.0000224 seconds
[2025-03-13T12:21:01.461+0530][1315.061s] Application time: 1.0000787 seconds
[2025-03-13T12:21:01.461+0530][1315.061s] Entering safepoint region: Cleanup
[2025-03-13T12:21:01.461+0530][1315.061s] Leaving safepoint region
[2025-03-13T12:21:01.461+0530][1315.061s] Total time for which application threads were stopped: 0.0000751 seconds, Stopping threads took: 0.0000128 seconds
[2025-03-13T12:21:02.461+0530][1316.061s] Application time: 1.0000730 seconds
[2025-03-13T12:21:02.461+0530][1316.061s] Entering safepoint region: Cleanup
[2025-03-13T12:21:02.461+0530][1316.061s] Leaving safepoint region
[2025-03-13T12:21:02.461+0530][1316.061s] Total time for which application threads were stopped: 0.0001230 seconds, Stopping threads took: 0.0000259 seconds
[2025-03-13T12:21:03.461+0530][1317.061s] Application time: 1.0003487 seconds
[2025-03-13T12:21:03.462+0530][1317.061s] Entering safepoint region: Cleanup
[2025-03-13T12:21:03.462+0530][1317.061s] Leaving safepoint region
[2025-03-13T12:21:03.462+0530][1317.061s] Total time for which application threads were stopped: 0.0001078 seconds, Stopping threads took: 0.0000201 seconds
[2025-03-13T12:21:04.462+0530][1318.062s] Application time: 1.0001054 seconds
[2025-03-13T12:21:04.462+0530][1318.062s] Entering safepoint region: Cleanup
[2025-03-13T12:21:04.462+0530][1318.062s] Leaving safepoint region
[2025-03-13T12:21:04.462+0530][1318.062s] Total time for which application threads were stopped: 0.0001321 seconds, Stopping threads took: 0.0000271 seconds
[2025-03-13T12:21:05.462+0530][1319.062s] Application time: 1.0001056 seconds
[2025-03-13T12:21:05.462+0530][1319.062s] Entering safepoint region: Cleanup
[2025-03-13T12:21:05.462+0530][1319.062s] Leaving safepoint region
[2025-03-13T12:21:05.462+0530][1319.062s] Total time for which application threads were stopped: 0.0001170 seconds, Stopping threads took: 0.0000145 seconds
[2025-03-13T12:21:06.462+0530][1320.062s] Application time: 1.0001745 seconds
[2025-03-13T12:21:06.462+0530][1320.062s] Entering safepoint region: Cleanup
[2025-03-13T12:21:06.463+0530][1320.062s] Leaving safepoint region
[2025-03-13T12:21:06.463+0530][1320.062s] Total time for which application threads were stopped: 0.0001415 seconds, Stopping threads took: 0.0000131 seconds
[2025-03-13T12:21:07.463+0530][1321.063s] Application time: 1.0002752 seconds
[2025-03-13T12:21:07.463+0530][1321.063s] Entering safepoint region: Cleanup
[2025-03-13T12:21:07.463+0530][1321.063s] Leaving safepoint region
[2025-03-13T12:21:07.463+0530][1321.063s] Total time for which application threads were stopped: 0.0000894 seconds, Stopping threads took: 0.0000149 seconds
[2025-03-13T12:21:08.463+0530][1322.063s] Application time: 1.0000731 seconds
[2025-03-13T12:21:08.463+0530][1322.063s] Entering safepoint region: Cleanup
[2025-03-13T12:21:08.463+0530][1322.063s] Leaving safepoint region
[2025-03-13T12:21:08.464+0530][1322.064s] Total time for which application threads were stopped: 0.0011057 seconds, Stopping threads took: 0.0000202 seconds
[2025-03-13T12:21:09.464+0530][1323.064s] Application time: 1.0000989 seconds
[2025-03-13T12:21:09.464+0530][1323.064s] Entering safepoint region: Cleanup
[2025-03-13T12:21:09.464+0530][1323.064s] Leaving safepoint region
[2025-03-13T12:21:09.464+0530][1323.064s] Total time for which application threads were stopped: 0.0001408 seconds, Stopping threads took: 0.0000144 seconds
[2025-03-13T12:21:10.465+0530][1324.064s] Application time: 1.0001113 seconds
[2025-03-13T12:21:10.465+0530][1324.064s] Entering safepoint region: Cleanup
[2025-03-13T12:21:10.465+0530][1324.064s] Leaving safepoint region
[2025-03-13T12:21:10.465+0530][1324.064s] Total time for which application threads were stopped: 0.0000839 seconds, Stopping threads took: 0.0000130 seconds
[2025-03-13T12:21:11.465+0530][1325.065s] Application time: 1.0003012 seconds
[2025-03-13T12:21:11.465+0530][1325.065s] Entering safepoint region: Cleanup
[2025-03-13T12:21:11.465+0530][1325.065s] Leaving safepoint region
[2025-03-13T12:21:11.465+0530][1325.065s] Total time for which application threads were stopped: 0.0001818 seconds, Stopping threads took: 0.0000135 seconds
[2025-03-13T12:21:12.466+0530][1326.065s] Application time: 1.0003410 seconds
[2025-03-13T12:21:12.466+0530][1326.065s] Entering safepoint region: Cleanup
[2025-03-13T12:21:12.466+0530][1326.066s] Leaving safepoint region
[2025-03-13T12:21:12.466+0530][1326.066s] Total time for which application threads were stopped: 0.0001424 seconds, Stopping threads took: 0.0000133 seconds
[2025-03-13T12:21:13.466+0530][1327.066s] Application time: 1.0000704 seconds
[2025-03-13T12:21:13.466+0530][1327.066s] Entering safepoint region: Cleanup
[2025-03-13T12:21:13.466+0530][1327.066s] Leaving safepoint region
[2025-03-13T12:21:13.466+0530][1327.066s] Total time for which application threads were stopped: 0.0000865 seconds, Stopping threads took: 0.0000143 seconds
[2025-03-13T12:21:14.466+0530][1328.066s] Application time: 1.0002418 seconds
[2025-03-13T12:21:14.466+0530][1328.066s] Entering safepoint region: Cleanup
[2025-03-13T12:21:14.466+0530][1328.066s] Leaving safepoint region
[2025-03-13T12:21:14.466+0530][1328.066s] Total time for which application threads were stopped: 0.0002101 seconds, Stopping threads took: 0.0000136 seconds
[2025-03-13T12:21:15.467+0530][1329.066s] Application time: 1.0001184 seconds
[2025-03-13T12:21:15.467+0530][1329.066s] Entering safepoint region: Cleanup
[2025-03-13T12:21:15.467+0530][1329.067s] Leaving safepoint region
[2025-03-13T12:21:15.467+0530][1329.067s] Total time for which application threads were stopped: 0.0002041 seconds, Stopping threads took: 0.0000136 seconds
[2025-03-13T12:21:16.467+0530][1330.067s] Application time: 1.0001540 seconds
[2025-03-13T12:21:16.467+0530][1330.067s] Entering safepoint region: Cleanup
[2025-03-13T12:21:16.467+0530][1330.067s] Leaving safepoint region
[2025-03-13T12:21:16.467+0530][1330.067s] Total time for which application threads were stopped: 0.0001682 seconds, Stopping threads took: 0.0000141 seconds
[2025-03-13T12:21:17.467+0530][1331.067s] Application time: 1.0002902 seconds
[2025-03-13T12:21:17.467+0530][1331.067s] Entering safepoint region: Cleanup
[2025-03-13T12:21:17.468+0530][1331.067s] Leaving safepoint region
[2025-03-13T12:21:17.468+0530][1331.067s] Total time for which application threads were stopped: 0.0002034 seconds, Stopping threads took: 0.0000134 seconds
[2025-03-13T12:21:18.468+0530][1332.068s] Application time: 1.0005577 seconds
[2025-03-13T12:21:18.468+0530][1332.068s] Entering safepoint region: Cleanup
[2025-03-13T12:21:18.469+0530][1332.068s] Leaving safepoint region
[2025-03-13T12:21:18.469+0530][1332.068s] Total time for which application threads were stopped: 0.0002782 seconds, Stopping threads took: 0.0000251 seconds
[2025-03-13T12:21:19.469+0530][1333.068s] Application time: 1.0000798 seconds
[2025-03-13T12:21:19.469+0530][1333.069s] Entering safepoint region: Cleanup
[2025-03-13T12:21:19.469+0530][1333.069s] Leaving safepoint region
[2025-03-13T12:21:19.469+0530][1333.069s] Total time for which application threads were stopped: 0.0001478 seconds, Stopping threads took: 0.0000201 seconds
[2025-03-13T12:21:20.469+0530][1334.069s] Application time: 1.0000341 seconds
[2025-03-13T12:21:20.469+0530][1334.069s] Entering safepoint region: Cleanup
[2025-03-13T12:21:20.469+0530][1334.069s] Leaving safepoint region
[2025-03-13T12:21:20.469+0530][1334.069s] Total time for which application threads were stopped: 0.0001172 seconds, Stopping threads took: 0.0000154 seconds
[2025-03-13T12:21:21.469+0530][1335.069s] Application time: 1.0003212 seconds
[2025-03-13T12:21:21.469+0530][1335.069s] Entering safepoint region: Cleanup
[2025-03-13T12:21:21.470+0530][1335.069s] Leaving safepoint region
[2025-03-13T12:21:21.470+0530][1335.069s] Total time for which application threads were stopped: 0.0000936 seconds, Stopping threads took: 0.0000138 seconds
[2025-03-13T12:21:22.470+0530][1336.069s] Application time: 1.0000722 seconds
[2025-03-13T12:21:22.470+0530][1336.069s] Entering safepoint region: Cleanup
[2025-03-13T12:21:22.470+0530][1336.070s] Leaving safepoint region
[2025-03-13T12:21:22.470+0530][1336.070s] Total time for which application threads were stopped: 0.0001122 seconds, Stopping threads took: 0.0000194 seconds
[2025-03-13T12:21:23.474+0530][1337.074s] Application time: 1.0040360 seconds
[2025-03-13T12:21:23.474+0530][1337.074s] Entering safepoint region: Cleanup
[2025-03-13T12:21:23.474+0530][1337.074s] Leaving safepoint region
[2025-03-13T12:21:23.474+0530][1337.074s] Total time for which application threads were stopped: 0.0001207 seconds, Stopping threads took: 0.0000279 seconds
[2025-03-13T12:21:24.474+0530][1338.074s] Application time: 1.0003431 seconds
[2025-03-13T12:21:24.474+0530][1338.074s] Entering safepoint region: Cleanup
[2025-03-13T12:21:24.475+0530][1338.074s] Leaving safepoint region
[2025-03-13T12:21:24.475+0530][1338.074s] Total time for which application threads were stopped: 0.0002067 seconds, Stopping threads took: 0.0000136 seconds
[2025-03-13T12:21:25.475+0530][1339.075s] Application time: 1.0001806 seconds
[2025-03-13T12:21:25.475+0530][1339.075s] Entering safepoint region: Cleanup
[2025-03-13T12:21:25.475+0530][1339.075s] Leaving safepoint region
[2025-03-13T12:21:25.475+0530][1339.075s] Total time for which application threads were stopped: 0.0001458 seconds, Stopping threads took: 0.0000188 seconds
[2025-03-13T12:21:26.475+0530][1340.075s] Application time: 1.0001005 seconds
[2025-03-13T12:21:26.475+0530][1340.075s] Entering safepoint region: Cleanup
[2025-03-13T12:21:26.475+0530][1340.075s] Leaving safepoint region
[2025-03-13T12:21:26.475+0530][1340.075s] Total time for which application threads were stopped: 0.0001161 seconds, Stopping threads took: 0.0000135 seconds
[2025-03-13T12:21:27.475+0530][1341.075s] Application time: 1.0001740 seconds
[2025-03-13T12:21:27.475+0530][1341.075s] Entering safepoint region: Cleanup
[2025-03-13T12:21:27.476+0530][1341.075s] Leaving safepoint region
[2025-03-13T12:21:27.476+0530][1341.075s] Total time for which application threads were stopped: 0.0002050 seconds, Stopping threads took: 0.0000138 seconds
[2025-03-13T12:21:28.476+0530][1342.076s] Application time: 1.0002225 seconds
[2025-03-13T12:21:28.476+0530][1342.076s] Entering safepoint region: Cleanup
[2025-03-13T12:21:28.476+0530][1342.076s] Leaving safepoint region
[2025-03-13T12:21:28.476+0530][1342.076s] Total time for which application threads were stopped: 0.0000943 seconds, Stopping threads took: 0.0000203 seconds
[2025-03-13T12:21:29.476+0530][1343.076s] Application time: 1.0000886 seconds
[2025-03-13T12:21:29.476+0530][1343.076s] Entering safepoint region: Cleanup
[2025-03-13T12:21:29.476+0530][1343.076s] Leaving safepoint region
[2025-03-13T12:21:29.476+0530][1343.076s] Total time for which application threads were stopped: 0.0001892 seconds, Stopping threads took: 0.0000131 seconds
[2025-03-13T12:21:30.477+0530][1344.076s] Application time: 1.0002774 seconds
[2025-03-13T12:21:30.477+0530][1344.076s] Entering safepoint region: Cleanup
[2025-03-13T12:21:30.477+0530][1344.076s] Leaving safepoint region
[2025-03-13T12:21:30.477+0530][1344.076s] Total time for which application threads were stopped: 0.0000994 seconds, Stopping threads took: 0.0000152 seconds
[2025-03-13T12:21:31.477+0530][1345.077s] Application time: 1.0001834 seconds
[2025-03-13T12:21:31.477+0530][1345.077s] Entering safepoint region: Cleanup
[2025-03-13T12:21:31.477+0530][1345.077s] Leaving safepoint region
[2025-03-13T12:21:31.477+0530][1345.077s] Total time for which application threads were stopped: 0.0000774 seconds, Stopping threads took: 0.0000132 seconds
[2025-03-13T12:21:32.477+0530][1346.077s] Application time: 1.0001584 seconds
[2025-03-13T12:21:32.477+0530][1346.077s] Entering safepoint region: Cleanup
[2025-03-13T12:21:32.477+0530][1346.077s] Leaving safepoint region
[2025-03-13T12:21:32.477+0530][1346.077s] Total time for which application threads were stopped: 0.0001444 seconds, Stopping threads took: 0.0000131 seconds
[2025-03-13T12:21:33.477+0530][1347.077s] Application time: 1.0000774 seconds
[2025-03-13T12:21:33.477+0530][1347.077s] Entering safepoint region: Cleanup
[2025-03-13T12:21:33.478+0530][1347.077s] Leaving safepoint region
[2025-03-13T12:21:33.478+0530][1347.077s] Total time for which application threads were stopped: 0.0001331 seconds, Stopping threads took: 0.0000309 seconds
[2025-03-13T12:21:34.478+0530][1348.078s] Application time: 1.0003182 seconds
[2025-03-13T12:21:34.478+0530][1348.078s] Entering safepoint region: Cleanup
[2025-03-13T12:21:34.478+0530][1348.078s] Leaving safepoint region
[2025-03-13T12:21:34.478+0530][1348.078s] Total time for which application threads were stopped: 0.0000870 seconds, Stopping threads took: 0.0000136 seconds
[2025-03-13T12:21:35.478+0530][1349.078s] Application time: 1.0003421 seconds
[2025-03-13T12:21:35.478+0530][1349.078s] Entering safepoint region: Cleanup
[2025-03-13T12:21:35.478+0530][1349.078s] Leaving safepoint region
[2025-03-13T12:21:35.478+0530][1349.078s] Total time for which application threads were stopped: 0.0000874 seconds, Stopping threads took: 0.0000141 seconds
[2025-03-13T12:21:36.479+0530][1350.079s] Application time: 1.0003393 seconds
[2025-03-13T12:21:36.479+0530][1350.079s] Entering safepoint region: Cleanup
[2025-03-13T12:21:36.479+0530][1350.079s] Leaving safepoint region
[2025-03-13T12:21:36.479+0530][1350.079s] Total time for which application threads were stopped: 0.0000893 seconds, Stopping threads took: 0.0000143 seconds
[2025-03-13T12:21:37.479+0530][1351.079s] Application time: 1.0000674 seconds
[2025-03-13T12:21:37.479+0530][1351.079s] Entering safepoint region: Cleanup
[2025-03-13T12:21:37.479+0530][1351.079s] Leaving safepoint region
[2025-03-13T12:21:37.479+0530][1351.079s] Total time for which application threads were stopped: 0.0000891 seconds, Stopping threads took: 0.0000134 seconds
[2025-03-13T12:21:38.482+0530][1352.082s] Application time: 1.0026944 seconds
[2025-03-13T12:21:38.482+0530][1352.082s] Entering safepoint region: Cleanup
[2025-03-13T12:21:38.482+0530][1352.082s] Leaving safepoint region
[2025-03-13T12:21:38.482+0530][1352.082s] Total time for which application threads were stopped: 0.0001476 seconds, Stopping threads took: 0.0000254 seconds
[2025-03-13T12:21:39.482+0530][1353.082s] Application time: 1.0002778 seconds
[2025-03-13T12:21:39.482+0530][1353.082s] Entering safepoint region: Cleanup
[2025-03-13T12:21:39.482+0530][1353.082s] Leaving safepoint region
[2025-03-13T12:21:39.483+0530][1353.082s] Total time for which application threads were stopped: 0.0002321 seconds, Stopping threads took: 0.0000149 seconds
[2025-03-13T12:21:40.483+0530][1354.083s] Application time: 1.0003520 seconds
[2025-03-13T12:21:40.483+0530][1354.083s] Entering safepoint region: Cleanup
[2025-03-13T12:21:40.483+0530][1354.083s] Leaving safepoint region
[2025-03-13T12:21:40.483+0530][1354.083s] Total time for which application threads were stopped: 0.0001296 seconds, Stopping threads took: 0.0000212 seconds
[2025-03-13T12:21:41.483+0530][1355.083s] Application time: 1.0002678 seconds
[2025-03-13T12:21:41.483+0530][1355.083s] Entering safepoint region: Cleanup
[2025-03-13T12:21:41.483+0530][1355.083s] Leaving safepoint region
[2025-03-13T12:21:41.483+0530][1355.083s] Total time for which application threads were stopped: 0.0000909 seconds, Stopping threads took: 0.0000143 seconds
[2025-03-13T12:21:42.484+0530][1356.084s] Application time: 1.0003406 seconds
[2025-03-13T12:21:42.484+0530][1356.084s] Entering safepoint region: Cleanup
[2025-03-13T12:21:42.484+0530][1356.084s] Leaving safepoint region
[2025-03-13T12:21:42.484+0530][1356.084s] Total time for which application threads were stopped: 0.0001051 seconds, Stopping threads took: 0.0000146 seconds
[2025-03-13T12:21:43.484+0530][1357.084s] Application time: 1.0000800 seconds
[2025-03-13T12:21:43.484+0530][1357.084s] Entering safepoint region: Cleanup
[2025-03-13T12:21:43.484+0530][1357.084s] Leaving safepoint region
[2025-03-13T12:21:43.484+0530][1357.084s] Total time for which application threads were stopped: 0.0001213 seconds, Stopping threads took: 0.0000212 seconds
[2025-03-13T12:21:44.485+0530][1358.084s] Application time: 1.0003441 seconds
[2025-03-13T12:21:44.485+0530][1358.084s] Entering safepoint region: Cleanup
[2025-03-13T12:21:44.485+0530][1358.085s] Leaving safepoint region
[2025-03-13T12:21:44.485+0530][1358.085s] Total time for which application threads were stopped: 0.0001467 seconds, Stopping threads took: 0.0000226 seconds
[2025-03-13T12:21:45.485+0530][1359.085s] Application time: 1.0001421 seconds
[2025-03-13T12:21:45.485+0530][1359.085s] Entering safepoint region: Cleanup
[2025-03-13T12:21:45.485+0530][1359.085s] Leaving safepoint region
[2025-03-13T12:21:45.485+0530][1359.085s] Total time for which application threads were stopped: 0.0002157 seconds, Stopping threads took: 0.0000139 seconds
[2025-03-13T12:21:46.485+0530][1360.085s] Application time: 1.0000713 seconds
[2025-03-13T12:21:46.485+0530][1360.085s] Entering safepoint region: Cleanup
[2025-03-13T12:21:46.485+0530][1360.085s] Leaving safepoint region
[2025-03-13T12:21:46.485+0530][1360.085s] Total time for which application threads were stopped: 0.0001233 seconds, Stopping threads took: 0.0000267 seconds
[2025-03-13T12:21:47.485+0530][1361.085s] Application time: 1.0000733 seconds
[2025-03-13T12:21:47.486+0530][1361.085s] Entering safepoint region: Cleanup
[2025-03-13T12:21:47.486+0530][1361.085s] Leaving safepoint region
[2025-03-13T12:21:47.486+0530][1361.085s] Total time for which application threads were stopped: 0.0001347 seconds, Stopping threads took: 0.0000196 seconds
[2025-03-13T12:21:48.486+0530][1362.086s] Application time: 1.0003879 seconds
[2025-03-13T12:21:48.486+0530][1362.086s] Entering safepoint region: Cleanup
[2025-03-13T12:21:48.486+0530][1362.086s] Leaving safepoint region
[2025-03-13T12:21:48.486+0530][1362.086s] Total time for which application threads were stopped: 0.0001314 seconds, Stopping threads took: 0.0000197 seconds
[2025-03-13T12:21:49.486+0530][1363.086s] Application time: 1.0000677 seconds
[2025-03-13T12:21:49.486+0530][1363.086s] Entering safepoint region: Cleanup
[2025-03-13T12:21:49.486+0530][1363.086s] Leaving safepoint region
[2025-03-13T12:21:49.486+0530][1363.086s] Total time for which application threads were stopped: 0.0000842 seconds, Stopping threads took: 0.0000175 seconds
[2025-03-13T12:21:50.487+0530][1364.086s] Application time: 1.0001793 seconds
[2025-03-13T12:21:50.487+0530][1364.086s] Entering safepoint region: Cleanup
[2025-03-13T12:21:50.487+0530][1364.087s] Leaving safepoint region
[2025-03-13T12:21:50.487+0530][1364.087s] Total time for which application threads were stopped: 0.0001130 seconds, Stopping threads took: 0.0000140 seconds
[2025-03-13T12:21:51.487+0530][1365.087s] Application time: 1.0000541 seconds
[2025-03-13T12:21:51.487+0530][1365.087s] Entering safepoint region: Cleanup
[2025-03-13T12:21:51.487+0530][1365.087s] Leaving safepoint region
[2025-03-13T12:21:51.487+0530][1365.087s] Total time for which application threads were stopped: 0.0001020 seconds, Stopping threads took: 0.0000198 seconds
[2025-03-13T12:21:52.487+0530][1366.087s] Application time: 1.0000896 seconds
[2025-03-13T12:21:52.487+0530][1366.087s] Entering safepoint region: Cleanup
[2025-03-13T12:21:52.487+0530][1366.087s] Leaving safepoint region
[2025-03-13T12:21:52.487+0530][1366.087s] Total time for which application threads were stopped: 0.0000769 seconds, Stopping threads took: 0.0000133 seconds
[2025-03-13T12:21:53.487+0530][1367.087s] Application time: 1.0000729 seconds
[2025-03-13T12:21:53.487+0530][1367.087s] Entering safepoint region: Cleanup
[2025-03-13T12:21:53.487+0530][1367.087s] Leaving safepoint region
[2025-03-13T12:21:53.487+0530][1367.087s] Total time for which application threads were stopped: 0.0000994 seconds, Stopping threads took: 0.0000329 seconds
[2025-03-13T12:21:54.487+0530][1368.087s] Application time: 1.0000751 seconds
[2025-03-13T12:21:54.487+0530][1368.087s] Entering safepoint region: Cleanup
[2025-03-13T12:21:54.488+0530][1368.087s] Leaving safepoint region
[2025-03-13T12:21:54.488+0530][1368.087s] Total time for which application threads were stopped: 0.0001271 seconds, Stopping threads took: 0.0000195 seconds
[2025-03-13T12:21:55.488+0530][1369.088s] Application time: 1.0001005 seconds
[2025-03-13T12:21:55.488+0530][1369.088s] Entering safepoint region: Cleanup
[2025-03-13T12:21:55.488+0530][1369.088s] Leaving safepoint region
[2025-03-13T12:21:55.488+0530][1369.088s] Total time for which application threads were stopped: 0.0001105 seconds, Stopping threads took: 0.0000445 seconds
[2025-03-13T12:21:56.488+0530][1370.088s] Application time: 1.0000747 seconds
[2025-03-13T12:21:56.488+0530][1370.088s] Entering safepoint region: Cleanup
[2025-03-13T12:21:56.488+0530][1370.088s] Leaving safepoint region
[2025-03-13T12:21:56.488+0530][1370.088s] Total time for which application threads were stopped: 0.0001325 seconds, Stopping threads took: 0.0000199 seconds
[2025-03-13T12:21:57.488+0530][1371.088s] Application time: 1.0000708 seconds
[2025-03-13T12:21:57.488+0530][1371.088s] Entering safepoint region: Cleanup
[2025-03-13T12:21:57.488+0530][1371.088s] Leaving safepoint region
[2025-03-13T12:21:57.488+0530][1371.088s] Total time for which application threads were stopped: 0.0001125 seconds, Stopping threads took: 0.0000170 seconds
[2025-03-13T12:21:58.488+0530][1372.088s] Application time: 1.0000671 seconds
[2025-03-13T12:21:58.488+0530][1372.088s] Entering safepoint region: Cleanup
[2025-03-13T12:21:58.489+0530][1372.088s] Leaving safepoint region
[2025-03-13T12:21:58.489+0530][1372.088s] Total time for which application threads were stopped: 0.0001198 seconds, Stopping threads took: 0.0000138 seconds
[2025-03-13T12:21:59.489+0530][1373.089s] Application time: 1.0001840 seconds
[2025-03-13T12:21:59.489+0530][1373.089s] Entering safepoint region: Cleanup
[2025-03-13T12:21:59.491+0530][1373.090s] Leaving safepoint region
[2025-03-13T12:21:59.491+0530][1373.091s] Total time for which application threads were stopped: 0.0019075 seconds, Stopping threads took: 0.0017077 seconds
[2025-03-13T12:22:00.491+0530][1374.091s] Application time: 1.0001061 seconds
[2025-03-13T12:22:00.491+0530][1374.091s] Entering safepoint region: Cleanup
[2025-03-13T12:22:00.491+0530][1374.091s] Leaving safepoint region
[2025-03-13T12:22:00.491+0530][1374.091s] Total time for which application threads were stopped: 0.0001239 seconds, Stopping threads took: 0.0000132 seconds
[2025-03-13T12:22:01.491+0530][1375.091s] Application time: 1.0003426 seconds
[2025-03-13T12:22:01.491+0530][1375.091s] Entering safepoint region: Cleanup
[2025-03-13T12:22:01.492+0530][1375.091s] Leaving safepoint region
[2025-03-13T12:22:01.492+0530][1375.091s] Total time for which application threads were stopped: 0.0002055 seconds, Stopping threads took: 0.0000138 seconds
[2025-03-13T12:22:02.492+0530][1376.091s] Application time: 1.0000717 seconds
[2025-03-13T12:22:02.492+0530][1376.091s] Entering safepoint region: Cleanup
[2025-03-13T12:22:02.492+0530][1376.092s] Leaving safepoint region
[2025-03-13T12:22:02.492+0530][1376.092s] Total time for which application threads were stopped: 0.0001350 seconds, Stopping threads took: 0.0000203 seconds
[2025-03-13T12:22:03.492+0530][1377.092s] Application time: 1.0000707 seconds
[2025-03-13T12:22:03.492+0530][1377.092s] Entering safepoint region: Cleanup
[2025-03-13T12:22:03.492+0530][1377.092s] Leaving safepoint region
[2025-03-13T12:22:03.492+0530][1377.092s] Total time for which application threads were stopped: 0.0001164 seconds, Stopping threads took: 0.0000191 seconds
[2025-03-13T12:22:04.492+0530][1378.092s] Application time: 1.0003423 seconds
[2025-03-13T12:22:04.492+0530][1378.092s] Entering safepoint region: Cleanup
[2025-03-13T12:22:04.493+0530][1378.092s] Leaving safepoint region
[2025-03-13T12:22:04.493+0530][1378.092s] Total time for which application threads were stopped: 0.0001256 seconds, Stopping threads took: 0.0000242 seconds
[2025-03-13T12:22:05.493+0530][1379.093s] Application time: 1.0001761 seconds
[2025-03-13T12:22:05.493+0530][1379.093s] Entering safepoint region: Cleanup
[2025-03-13T12:22:05.493+0530][1379.093s] Leaving safepoint region
[2025-03-13T12:22:05.493+0530][1379.093s] Total time for which application threads were stopped: 0.0001620 seconds, Stopping threads took: 0.0000322 seconds
[2025-03-13T12:22:06.493+0530][1380.093s] Application time: 1.0000665 seconds
[2025-03-13T12:22:06.493+0530][1380.093s] Entering safepoint region: Cleanup
[2025-03-13T12:22:06.493+0530][1380.093s] Leaving safepoint region
[2025-03-13T12:22:06.493+0530][1380.093s] Total time for which application threads were stopped: 0.0001085 seconds, Stopping threads took: 0.0000154 seconds
[2025-03-13T12:22:07.493+0530][1381.093s] Application time: 1.0001789 seconds
[2025-03-13T12:22:07.493+0530][1381.093s] Entering safepoint region: Cleanup
[2025-03-13T12:22:07.494+0530][1381.093s] Leaving safepoint region
[2025-03-13T12:22:07.494+0530][1381.093s] Total time for which application threads were stopped: 0.0001968 seconds, Stopping threads took: 0.0000131 seconds
[2025-03-13T12:22:08.494+0530][1382.093s] Application time: 1.0000704 seconds
[2025-03-13T12:22:08.494+0530][1382.093s] Entering safepoint region: Cleanup
[2025-03-13T12:22:08.494+0530][1382.094s] Leaving safepoint region
[2025-03-13T12:22:08.494+0530][1382.094s] Total time for which application threads were stopped: 0.0001139 seconds, Stopping threads took: 0.0000182 seconds
[2025-03-13T12:22:09.494+0530][1383.094s] Application time: 1.0000874 seconds
[2025-03-13T12:22:09.494+0530][1383.094s] Entering safepoint region: Cleanup
[2025-03-13T12:22:09.494+0530][1383.094s] Leaving safepoint region
[2025-03-13T12:22:09.494+0530][1383.094s] Total time for which application threads were stopped: 0.0001315 seconds, Stopping threads took: 0.0000218 seconds
[2025-03-13T12:22:10.494+0530][1384.094s] Application time: 1.0003400 seconds
[2025-03-13T12:22:10.494+0530][1384.094s] Entering safepoint region: Cleanup
[2025-03-13T12:22:10.495+0530][1384.094s] Leaving safepoint region
[2025-03-13T12:22:10.495+0530][1384.094s] Total time for which application threads were stopped: 0.0002080 seconds, Stopping threads took: 0.0000141 seconds
[2025-03-13T12:22:11.495+0530][1385.095s] Application time: 1.0001859 seconds
[2025-03-13T12:22:11.495+0530][1385.095s] Entering safepoint region: Cleanup
[2025-03-13T12:22:11.495+0530][1385.095s] Leaving safepoint region
[2025-03-13T12:22:11.495+0530][1385.095s] Total time for which application threads were stopped: 0.0001581 seconds, Stopping threads took: 0.0000139 seconds
[2025-03-13T12:22:12.495+0530][1386.095s] Application time: 1.0001709 seconds
[2025-03-13T12:22:12.495+0530][1386.095s] Entering safepoint region: Cleanup
[2025-03-13T12:22:12.495+0530][1386.095s] Leaving safepoint region
[2025-03-13T12:22:12.495+0530][1386.095s] Total time for which application threads were stopped: 0.0002051 seconds, Stopping threads took: 0.0000146 seconds
[2025-03-13T12:22:13.496+0530][1387.095s] Application time: 1.0000662 seconds
[2025-03-13T12:22:13.496+0530][1387.095s] Entering safepoint region: Cleanup
[2025-03-13T12:22:13.496+0530][1387.095s] Leaving safepoint region
[2025-03-13T12:22:13.496+0530][1387.095s] Total time for which application threads were stopped: 0.0001112 seconds, Stopping threads took: 0.0000174 seconds
[2025-03-13T12:22:14.496+0530][1388.096s] Application time: 1.0001846 seconds
[2025-03-13T12:22:14.496+0530][1388.096s] Entering safepoint region: Cleanup
[2025-03-13T12:22:14.496+0530][1388.096s] Leaving safepoint region
[2025-03-13T12:22:14.496+0530][1388.096s] Total time for which application threads were stopped: 0.0000939 seconds, Stopping threads took: 0.0000157 seconds
[2025-03-13T12:22:15.496+0530][1389.096s] Application time: 1.0003425 seconds
[2025-03-13T12:22:15.496+0530][1389.096s] Entering safepoint region: Cleanup
[2025-03-13T12:22:15.496+0530][1389.096s] Leaving safepoint region
[2025-03-13T12:22:15.496+0530][1389.096s] Total time for which application threads were stopped: 0.0000892 seconds, Stopping threads took: 0.0000135 seconds
[2025-03-13T12:22:16.497+0530][1390.097s] Application time: 1.0002800 seconds
[2025-03-13T12:22:16.497+0530][1390.097s] Entering safepoint region: Cleanup
[2025-03-13T12:22:16.497+0530][1390.097s] Leaving safepoint region
[2025-03-13T12:22:16.497+0530][1390.097s] Total time for which application threads were stopped: 0.0001118 seconds, Stopping threads took: 0.0000137 seconds
[2025-03-13T12:22:17.497+0530][1391.097s] Application time: 1.0000673 seconds
[2025-03-13T12:22:17.497+0530][1391.097s] Entering safepoint region: Cleanup
[2025-03-13T12:22:17.497+0530][1391.097s] Leaving safepoint region
[2025-03-13T12:22:17.497+0530][1391.097s] Total time for which application threads were stopped: 0.0001945 seconds, Stopping threads took: 0.0000216 seconds
[2025-03-13T12:22:18.497+0530][1392.097s] Application time: 1.0000977 seconds
[2025-03-13T12:22:18.497+0530][1392.097s] Entering safepoint region: Cleanup
[2025-03-13T12:22:18.497+0530][1392.097s] Leaving safepoint region
[2025-03-13T12:22:18.497+0530][1392.097s] Total time for which application threads were stopped: 0.0001184 seconds, Stopping threads took: 0.0000134 seconds
[2025-03-13T12:22:19.498+0530][1393.098s] Application time: 1.0002810 seconds
[2025-03-13T12:22:19.498+0530][1393.098s] Entering safepoint region: Cleanup
[2025-03-13T12:22:19.498+0530][1393.098s] Leaving safepoint region
[2025-03-13T12:22:19.498+0530][1393.098s] Total time for which application threads were stopped: 0.0001876 seconds, Stopping threads took: 0.0000240 seconds
[2025-03-13T12:22:20.498+0530][1394.098s] Application time: 1.0000766 seconds
[2025-03-13T12:22:20.498+0530][1394.098s] Entering safepoint region: Cleanup
[2025-03-13T12:22:20.498+0530][1394.098s] Leaving safepoint region
[2025-03-13T12:22:20.498+0530][1394.098s] Total time for which application threads were stopped: 0.0001335 seconds, Stopping threads took: 0.0000220 seconds
[2025-03-13T12:22:21.498+0530][1395.098s] Application time: 1.0002403 seconds
[2025-03-13T12:22:21.498+0530][1395.098s] Entering safepoint region: Cleanup
[2025-03-13T12:22:21.499+0530][1395.099s] Leaving safepoint region
[2025-03-13T12:22:21.500+0530][1395.100s] Total time for which application threads were stopped: 0.0015030 seconds, Stopping threads took: 0.0000203 seconds
[2025-03-13T12:22:22.500+0530][1396.100s] Application time: 1.0000689 seconds
[2025-03-13T12:22:22.500+0530][1396.100s] Entering safepoint region: Cleanup
[2025-03-13T12:22:22.500+0530][1396.100s] Leaving safepoint region
[2025-03-13T12:22:22.500+0530][1396.100s] Total time for which application threads were stopped: 0.0001798 seconds, Stopping threads took: 0.0000162 seconds
[2025-03-13T12:22:23.500+0530][1397.100s] Application time: 1.0000880 seconds
[2025-03-13T12:22:23.500+0530][1397.100s] Entering safepoint region: Cleanup
[2025-03-13T12:22:23.501+0530][1397.100s] Leaving safepoint region
[2025-03-13T12:22:23.501+0530][1397.101s] Total time for which application threads were stopped: 0.0002784 seconds, Stopping threads took: 0.0000312 seconds
[2025-03-13T12:22:24.501+0530][1398.101s] Application time: 1.0001897 seconds
[2025-03-13T12:22:24.501+0530][1398.101s] Entering safepoint region: Cleanup
[2025-03-13T12:22:24.501+0530][1398.101s] Leaving safepoint region
[2025-03-13T12:22:24.501+0530][1398.101s] Total time for which application threads were stopped: 0.0002309 seconds, Stopping threads took: 0.0000283 seconds
[2025-03-13T12:22:25.501+0530][1399.101s] Application time: 1.0000734 seconds
[2025-03-13T12:22:25.501+0530][1399.101s] Entering safepoint region: Cleanup
[2025-03-13T12:22:25.501+0530][1399.101s] Leaving safepoint region
[2025-03-13T12:22:25.501+0530][1399.101s] Total time for which application threads were stopped: 0.0001230 seconds, Stopping threads took: 0.0000234 seconds
[2025-03-13T12:22:26.502+0530][1400.101s] Application time: 1.0000740 seconds
[2025-03-13T12:22:26.502+0530][1400.101s] Entering safepoint region: Cleanup
[2025-03-13T12:22:26.502+0530][1400.101s] Leaving safepoint region
[2025-03-13T12:22:26.502+0530][1400.101s] Total time for which application threads were stopped: 0.0001044 seconds, Stopping threads took: 0.0000216 seconds
[2025-03-13T12:22:27.502+0530][1401.102s] Application time: 1.0002532 seconds
[2025-03-13T12:22:27.502+0530][1401.102s] Entering safepoint region: Cleanup
[2025-03-13T12:22:27.502+0530][1401.102s] Leaving safepoint region
[2025-03-13T12:22:27.502+0530][1401.102s] Total time for which application threads were stopped: 0.0002017 seconds, Stopping threads took: 0.0000138 seconds
[2025-03-13T12:22:28.502+0530][1402.102s] Application time: 1.0000784 seconds
[2025-03-13T12:22:28.502+0530][1402.102s] Entering safepoint region: Cleanup
[2025-03-13T12:22:28.503+0530][1402.103s] Leaving safepoint region
[2025-03-13T12:22:28.503+0530][1402.103s] Total time for which application threads were stopped: 0.0004542 seconds, Stopping threads took: 0.0000227 seconds
[2025-03-13T12:22:29.503+0530][1403.103s] Application time: 1.0000463 seconds
[2025-03-13T12:22:29.503+0530][1403.103s] Entering safepoint region: Cleanup
[2025-03-13T12:22:29.503+0530][1403.103s] Leaving safepoint region
[2025-03-13T12:22:29.503+0530][1403.103s] Total time for which application threads were stopped: 0.0001440 seconds, Stopping threads took: 0.0000215 seconds
[2025-03-13T12:22:30.503+0530][1404.103s] Application time: 1.0001005 seconds
[2025-03-13T12:22:30.503+0530][1404.103s] Entering safepoint region: Cleanup
[2025-03-13T12:22:30.503+0530][1404.103s] Leaving safepoint region
[2025-03-13T12:22:30.503+0530][1404.103s] Total time for which application threads were stopped: 0.0000839 seconds, Stopping threads took: 0.0000138 seconds
[2025-03-13T12:22:31.503+0530][1405.103s] Application time: 1.0000723 seconds
[2025-03-13T12:22:31.503+0530][1405.103s] Entering safepoint region: Cleanup
[2025-03-13T12:22:31.503+0530][1405.103s] Leaving safepoint region
[2025-03-13T12:22:31.503+0530][1405.103s] Total time for which application threads were stopped: 0.0000948 seconds, Stopping threads took: 0.0000206 seconds
[2025-03-13T12:22:32.504+0530][1406.104s] Application time: 1.0003166 seconds
[2025-03-13T12:22:32.504+0530][1406.104s] Entering safepoint region: Cleanup
[2025-03-13T12:22:32.504+0530][1406.104s] Leaving safepoint region
[2025-03-13T12:22:32.504+0530][1406.104s] Total time for which application threads were stopped: 0.0001057 seconds, Stopping threads took: 0.0000297 seconds
[2025-03-13T12:22:33.506+0530][1407.106s] Application time: 1.0023216 seconds
[2025-03-13T12:22:33.506+0530][1407.106s] Entering safepoint region: Cleanup
[2025-03-13T12:22:33.507+0530][1407.106s] Leaving safepoint region
[2025-03-13T12:22:33.507+0530][1407.106s] Total time for which application threads were stopped: 0.0004401 seconds, Stopping threads took: 0.0000189 seconds
[2025-03-13T12:22:34.507+0530][1408.107s] Application time: 1.0003310 seconds
[2025-03-13T12:22:34.507+0530][1408.107s] Entering safepoint region: Cleanup
[2025-03-13T12:22:34.507+0530][1408.107s] Leaving safepoint region
[2025-03-13T12:22:34.507+0530][1408.107s] Total time for which application threads were stopped: 0.0002036 seconds, Stopping threads took: 0.0000136 seconds
[2025-03-13T12:22:35.507+0530][1409.107s] Application time: 1.0001699 seconds
[2025-03-13T12:22:35.507+0530][1409.107s] Entering safepoint region: Cleanup
[2025-03-13T12:22:35.508+0530][1409.107s] Leaving safepoint region
[2025-03-13T12:22:35.508+0530][1409.107s] Total time for which application threads were stopped: 0.0001776 seconds, Stopping threads took: 0.0000128 seconds
[2025-03-13T12:22:36.508+0530][1410.108s] Application time: 1.0000971 seconds
[2025-03-13T12:22:36.508+0530][1410.108s] Entering safepoint region: Cleanup
[2025-03-13T12:22:36.508+0530][1410.108s] Leaving safepoint region
[2025-03-13T12:22:36.508+0530][1410.108s] Total time for which application threads were stopped: 0.0001502 seconds, Stopping threads took: 0.0000247 seconds
[2025-03-13T12:22:37.508+0530][1411.108s] Application time: 1.0000725 seconds
[2025-03-13T12:22:37.508+0530][1411.108s] Entering safepoint region: Cleanup
[2025-03-13T12:22:37.508+0530][1411.108s] Leaving safepoint region
[2025-03-13T12:22:37.508+0530][1411.108s] Total time for which application threads were stopped: 0.0001284 seconds, Stopping threads took: 0.0000192 seconds
[2025-03-13T12:22:38.508+0530][1412.108s] Application time: 1.0000756 seconds
[2025-03-13T12:22:38.508+0530][1412.108s] Entering safepoint region: Cleanup
[2025-03-13T12:22:38.508+0530][1412.108s] Leaving safepoint region
[2025-03-13T12:22:38.508+0530][1412.108s] Total time for which application threads were stopped: 0.0001101 seconds, Stopping threads took: 0.0000185 seconds
[2025-03-13T12:22:39.509+0530][1413.108s] Application time: 1.0001807 seconds
[2025-03-13T12:22:39.509+0530][1413.108s] Entering safepoint region: Cleanup
[2025-03-13T12:22:39.509+0530][1413.109s] Leaving safepoint region
[2025-03-13T12:22:39.509+0530][1413.109s] Total time for which application threads were stopped: 0.0001675 seconds, Stopping threads took: 0.0000130 seconds
[2025-03-13T12:22:40.509+0530][1414.109s] Application time: 1.0001106 seconds
[2025-03-13T12:22:40.509+0530][1414.109s] Entering safepoint region: Cleanup
[2025-03-13T12:22:40.509+0530][1414.109s] Leaving safepoint region
[2025-03-13T12:22:40.509+0530][1414.109s] Total time for which application threads were stopped: 0.0002028 seconds, Stopping threads took: 0.0000141 seconds
[2025-03-13T12:22:41.509+0530][1415.109s] Application time: 1.0001831 seconds
[2025-03-13T12:22:41.509+0530][1415.109s] Entering safepoint region: Cleanup
[2025-03-13T12:22:41.510+0530][1415.109s] Leaving safepoint region
[2025-03-13T12:22:41.510+0530][1415.109s] Total time for which application threads were stopped: 0.0002044 seconds, Stopping threads took: 0.0000128 seconds
[2025-03-13T12:22:42.510+0530][1416.110s] Application time: 1.0001736 seconds
[2025-03-13T12:22:42.510+0530][1416.110s] Entering safepoint region: Cleanup
[2025-03-13T12:22:42.510+0530][1416.110s] Leaving safepoint region
[2025-03-13T12:22:42.510+0530][1416.110s] Total time for which application threads were stopped: 0.0002016 seconds, Stopping threads took: 0.0000207 seconds
[2025-03-13T12:22:43.510+0530][1417.110s] Application time: 1.0000670 seconds
[2025-03-13T12:22:43.510+0530][1417.110s] Entering safepoint region: Cleanup
[2025-03-13T12:22:43.510+0530][1417.110s] Leaving safepoint region
[2025-03-13T12:22:43.510+0530][1417.110s] Total time for which application threads were stopped: 0.0001158 seconds, Stopping threads took: 0.0000137 seconds
[2025-03-13T12:22:44.510+0530][1418.110s] Application time: 1.0001750 seconds
[2025-03-13T12:22:44.510+0530][1418.110s] Entering safepoint region: Cleanup
[2025-03-13T12:22:44.511+0530][1418.110s] Leaving safepoint region
[2025-03-13T12:22:44.511+0530][1418.110s] Total time for which application threads were stopped: 0.0001119 seconds, Stopping threads took: 0.0000187 seconds
[2025-03-13T12:22:45.511+0530][1419.110s] Application time: 1.0001733 seconds
[2025-03-13T12:22:45.511+0530][1419.111s] Entering safepoint region: Cleanup
[2025-03-13T12:22:45.511+0530][1419.111s] Leaving safepoint region
[2025-03-13T12:22:45.511+0530][1419.111s] Total time for which application threads were stopped: 0.0001720 seconds, Stopping threads took: 0.0000132 seconds
[2025-03-13T12:22:46.511+0530][1420.111s] Application time: 1.0003453 seconds
[2025-03-13T12:22:46.511+0530][1420.111s] Entering safepoint region: Cleanup
[2025-03-13T12:22:46.511+0530][1420.111s] Leaving safepoint region
[2025-03-13T12:22:46.511+0530][1420.111s] Total time for which application threads were stopped: 0.0001747 seconds, Stopping threads took: 0.0000131 seconds
[2025-03-13T12:22:47.512+0530][1421.112s] Application time: 1.0003530 seconds
[2025-03-13T12:22:47.512+0530][1421.112s] Entering safepoint region: Cleanup
[2025-03-13T12:22:47.512+0530][1421.112s] Leaving safepoint region
[2025-03-13T12:22:47.512+0530][1421.112s] Total time for which application threads were stopped: 0.0002203 seconds, Stopping threads took: 0.0000267 seconds
[2025-03-13T12:22:48.512+0530][1422.112s] Application time: 1.0000727 seconds
[2025-03-13T12:22:48.512+0530][1422.112s] Entering safepoint region: Cleanup
[2025-03-13T12:22:48.512+0530][1422.112s] Leaving safepoint region
[2025-03-13T12:22:48.512+0530][1422.112s] Total time for which application threads were stopped: 0.0001252 seconds, Stopping threads took: 0.0000213 seconds
[2025-03-13T12:22:49.513+0530][1423.112s] Application time: 1.0002452 seconds
[2025-03-13T12:22:49.513+0530][1423.112s] Entering safepoint region: Cleanup
[2025-03-13T12:22:49.513+0530][1423.113s] Leaving safepoint region
[2025-03-13T12:22:49.513+0530][1423.113s] Total time for which application threads were stopped: 0.0002205 seconds, Stopping threads took: 0.0000133 seconds
[2025-03-13T12:22:50.513+0530][1424.113s] Application time: 1.0000697 seconds
[2025-03-13T12:22:50.513+0530][1424.113s] Entering safepoint region: Cleanup
[2025-03-13T12:22:50.513+0530][1424.113s] Leaving safepoint region
[2025-03-13T12:22:50.513+0530][1424.113s] Total time for which application threads were stopped: 0.0003523 seconds, Stopping threads took: 0.0000180 seconds
[2025-03-13T12:22:51.513+0530][1425.113s] Application time: 1.0000684 seconds
[2025-03-13T12:22:51.513+0530][1425.113s] Entering safepoint region: Cleanup
[2025-03-13T12:22:51.514+0530][1425.113s] Leaving safepoint region
[2025-03-13T12:22:51.514+0530][1425.113s] Total time for which application threads were stopped: 0.0002051 seconds, Stopping threads took: 0.0000146 seconds
[2025-03-13T12:22:52.514+0530][1426.114s] Application time: 1.0001760 seconds
[2025-03-13T12:22:52.514+0530][1426.114s] Entering safepoint region: Cleanup
[2025-03-13T12:22:52.514+0530][1426.114s] Leaving safepoint region
[2025-03-13T12:22:52.514+0530][1426.114s] Total time for which application threads were stopped: 0.0001914 seconds, Stopping threads took: 0.0000146 seconds
[2025-03-13T12:22:53.514+0530][1427.114s] Application time: 1.0000747 seconds
[2025-03-13T12:22:53.514+0530][1427.114s] Entering safepoint region: Cleanup
[2025-03-13T12:22:53.514+0530][1427.114s] Leaving safepoint region
[2025-03-13T12:22:53.514+0530][1427.114s] Total time for which application threads were stopped: 0.0001237 seconds, Stopping threads took: 0.0000184 seconds
[2025-03-13T12:22:54.515+0530][1428.114s] Application time: 1.0003433 seconds
[2025-03-13T12:22:54.515+0530][1428.114s] Entering safepoint region: Cleanup
[2025-03-13T12:22:54.515+0530][1428.115s] Leaving safepoint region
[2025-03-13T12:22:54.515+0530][1428.115s] Total time for which application threads were stopped: 0.0001674 seconds, Stopping threads took: 0.0000145 seconds
[2025-03-13T12:22:55.516+0530][1429.116s] Application time: 1.0014580 seconds
[2025-03-13T12:22:55.516+0530][1429.116s] Entering safepoint region: Cleanup
[2025-03-13T12:22:55.517+0530][1429.116s] Leaving safepoint region
[2025-03-13T12:22:55.517+0530][1429.117s] Total time for which application threads were stopped: 0.0004675 seconds, Stopping threads took: 0.0000284 seconds
[2025-03-13T12:22:56.517+0530][1430.117s] Application time: 1.0001356 seconds
[2025-03-13T12:22:56.517+0530][1430.117s] Entering safepoint region: Cleanup
[2025-03-13T12:22:56.517+0530][1430.117s] Leaving safepoint region
[2025-03-13T12:22:56.517+0530][1430.117s] Total time for which application threads were stopped: 0.0002187 seconds, Stopping threads took: 0.0000159 seconds
[2025-03-13T12:22:57.517+0530][1431.117s] Application time: 1.0000757 seconds
[2025-03-13T12:22:57.517+0530][1431.117s] Entering safepoint region: Cleanup
[2025-03-13T12:22:57.517+0530][1431.117s] Leaving safepoint region
[2025-03-13T12:22:57.517+0530][1431.117s] Total time for which application threads were stopped: 0.0002097 seconds, Stopping threads took: 0.0000152 seconds
[2025-03-13T12:22:58.518+0530][1432.117s] Application time: 1.0000717 seconds
[2025-03-13T12:22:58.518+0530][1432.117s] Entering safepoint region: Cleanup
[2025-03-13T12:22:58.518+0530][1432.118s] Leaving safepoint region
[2025-03-13T12:22:58.518+0530][1432.118s] Total time for which application threads were stopped: 0.0001142 seconds, Stopping threads took: 0.0000233 seconds
[2025-03-13T12:22:59.518+0530][1433.118s] Application time: 1.0001080 seconds
[2025-03-13T12:22:59.518+0530][1433.118s] Entering safepoint region: Cleanup
[2025-03-13T12:22:59.518+0530][1433.118s] Leaving safepoint region
[2025-03-13T12:22:59.518+0530][1433.118s] Total time for which application threads were stopped: 0.0001239 seconds, Stopping threads took: 0.0000134 seconds
[2025-03-13T12:23:00.518+0530][1434.118s] Application time: 1.0000793 seconds
[2025-03-13T12:23:00.518+0530][1434.118s] Entering safepoint region: Cleanup
[2025-03-13T12:23:00.518+0530][1434.118s] Leaving safepoint region
[2025-03-13T12:23:00.518+0530][1434.118s] Total time for which application threads were stopped: 0.0002113 seconds, Stopping threads took: 0.0000149 seconds
[2025-03-13T12:23:01.519+0530][1435.118s] Application time: 1.0003433 seconds
[2025-03-13T12:23:01.519+0530][1435.118s] Entering safepoint region: Cleanup
[2025-03-13T12:23:01.519+0530][1435.119s] Leaving safepoint region
[2025-03-13T12:23:01.519+0530][1435.119s] Total time for which application threads were stopped: 0.0001850 seconds, Stopping threads took: 0.0000142 seconds
[2025-03-13T12:23:02.519+0530][1436.119s] Application time: 1.0000747 seconds
[2025-03-13T12:23:02.519+0530][1436.119s] Entering safepoint region: Cleanup
[2025-03-13T12:23:02.519+0530][1436.119s] Leaving safepoint region
[2025-03-13T12:23:02.519+0530][1436.119s] Total time for which application threads were stopped: 0.0001784 seconds, Stopping threads took: 0.0000288 seconds
[2025-03-13T12:23:03.519+0530][1437.119s] Application time: 1.0002528 seconds
[2025-03-13T12:23:03.520+0530][1437.119s] Entering safepoint region: Cleanup
[2025-03-13T12:23:03.520+0530][1437.119s] Leaving safepoint region
[2025-03-13T12:23:03.520+0530][1437.119s] Total time for which application threads were stopped: 0.0001177 seconds, Stopping threads took: 0.0000229 seconds
[2025-03-13T12:23:04.520+0530][1438.120s] Application time: 1.0000778 seconds
[2025-03-13T12:23:04.520+0530][1438.120s] Entering safepoint region: Cleanup
[2025-03-13T12:23:04.520+0530][1438.120s] Leaving safepoint region
[2025-03-13T12:23:04.520+0530][1438.120s] Total time for which application threads were stopped: 0.0001550 seconds, Stopping threads took: 0.0000590 seconds
[2025-03-13T12:23:05.520+0530][1439.120s] Application time: 1.0000667 seconds
[2025-03-13T12:23:05.520+0530][1439.120s] Entering safepoint region: Cleanup
[2025-03-13T12:23:05.520+0530][1439.120s] Leaving safepoint region
[2025-03-13T12:23:05.520+0530][1439.120s] Total time for which application threads were stopped: 0.0000805 seconds, Stopping threads took: 0.0000129 seconds
[2025-03-13T12:23:06.520+0530][1440.120s] Application time: 1.0003404 seconds
[2025-03-13T12:23:06.520+0530][1440.120s] Entering safepoint region: Cleanup
[2025-03-13T12:23:06.521+0530][1440.120s] Leaving safepoint region
[2025-03-13T12:23:06.521+0530][1440.120s] Total time for which application threads were stopped: 0.0000890 seconds, Stopping threads took: 0.0000134 seconds
[2025-03-13T12:23:07.521+0530][1441.120s] Application time: 1.0000783 seconds
[2025-03-13T12:23:07.521+0530][1441.120s] Entering safepoint region: Cleanup
[2025-03-13T12:23:07.521+0530][1441.121s] Leaving safepoint region
[2025-03-13T12:23:07.521+0530][1441.121s] Total time for which application threads were stopped: 0.0001645 seconds, Stopping threads took: 0.0000134 seconds
[2025-03-13T12:23:08.521+0530][1442.121s] Application time: 1.0000761 seconds
[2025-03-13T12:23:08.521+0530][1442.121s] Entering safepoint region: Cleanup
[2025-03-13T12:23:08.521+0530][1442.121s] Leaving safepoint region
[2025-03-13T12:23:08.521+0530][1442.121s] Total time for which application threads were stopped: 0.0001206 seconds, Stopping threads took: 0.0000210 seconds
[2025-03-13T12:23:09.521+0530][1443.121s] Application time: 1.0001740 seconds
[2025-03-13T12:23:09.521+0530][1443.121s] Entering safepoint region: Cleanup
[2025-03-13T12:23:09.521+0530][1443.121s] Leaving safepoint region
[2025-03-13T12:23:09.521+0530][1443.121s] Total time for which application threads were stopped: 0.0001385 seconds, Stopping threads took: 0.0000150 seconds
[2025-03-13T12:23:10.522+0530][1444.122s] Application time: 1.0003290 seconds
[2025-03-13T12:23:10.522+0530][1444.122s] Entering safepoint region: Cleanup
[2025-03-13T12:23:10.522+0530][1444.122s] Leaving safepoint region
[2025-03-13T12:23:10.522+0530][1444.122s] Total time for which application threads were stopped: 0.0002052 seconds, Stopping threads took: 0.0000139 seconds
[2025-03-13T12:23:11.522+0530][1445.122s] Application time: 1.0002829 seconds
[2025-03-13T12:23:11.522+0530][1445.122s] Entering safepoint region: Cleanup
[2025-03-13T12:23:11.523+0530][1445.122s] Leaving safepoint region
[2025-03-13T12:23:11.523+0530][1445.122s] Total time for which application threads were stopped: 0.0002015 seconds, Stopping threads took: 0.0000134 seconds
[2025-03-13T12:23:12.523+0530][1446.123s] Application time: 1.0002924 seconds
[2025-03-13T12:23:12.523+0530][1446.123s] Entering safepoint region: Cleanup
[2025-03-13T12:23:12.523+0530][1446.123s] Leaving safepoint region
[2025-03-13T12:23:12.523+0530][1446.123s] Total time for which application threads were stopped: 0.0001956 seconds, Stopping threads took: 0.0000135 seconds
[2025-03-13T12:23:13.523+0530][1447.123s] Application time: 1.0000757 seconds
[2025-03-13T12:23:13.523+0530][1447.123s] Entering safepoint region: Cleanup
[2025-03-13T12:23:13.523+0530][1447.123s] Leaving safepoint region
[2025-03-13T12:23:13.523+0530][1447.123s] Total time for which application threads were stopped: 0.0001531 seconds, Stopping threads took: 0.0000211 seconds
[2025-03-13T12:23:14.523+0530][1448.123s] Application time: 1.0000670 seconds
[2025-03-13T12:23:14.523+0530][1448.123s] Entering safepoint region: Cleanup
[2025-03-13T12:23:14.524+0530][1448.123s] Leaving safepoint region
[2025-03-13T12:23:14.524+0530][1448.123s] Total time for which application threads were stopped: 0.0001942 seconds, Stopping threads took: 0.0000138 seconds
[2025-03-13T12:23:15.524+0530][1449.124s] Application time: 1.0000661 seconds
[2025-03-13T12:23:15.524+0530][1449.124s] Entering safepoint region: Cleanup
[2025-03-13T12:23:15.524+0530][1449.124s] Leaving safepoint region
[2025-03-13T12:23:15.524+0530][1449.124s] Total time for which application threads were stopped: 0.0000995 seconds, Stopping threads took: 0.0000140 seconds
[2025-03-13T12:23:16.524+0530][1450.124s] Application time: 1.0000721 seconds
[2025-03-13T12:23:16.524+0530][1450.124s] Entering safepoint region: Cleanup
[2025-03-13T12:23:16.524+0530][1450.124s] Leaving safepoint region
[2025-03-13T12:23:16.524+0530][1450.124s] Total time for which application threads were stopped: 0.0002034 seconds, Stopping threads took: 0.0000139 seconds
[2025-03-13T12:23:17.524+0530][1451.124s] Application time: 1.0000719 seconds
[2025-03-13T12:23:17.524+0530][1451.124s] Entering safepoint region: Cleanup
[2025-03-13T12:23:17.524+0530][1451.124s] Leaving safepoint region
[2025-03-13T12:23:17.524+0530][1451.124s] Total time for which application threads were stopped: 0.0000877 seconds, Stopping threads took: 0.0000141 seconds
[2025-03-13T12:23:18.524+0530][1452.124s] Application time: 1.0000733 seconds
[2025-03-13T12:23:18.524+0530][1452.124s] Entering safepoint region: Cleanup
[2025-03-13T12:23:18.525+0530][1452.124s] Leaving safepoint region
[2025-03-13T12:23:18.525+0530][1452.124s] Total time for which application threads were stopped: 0.0001199 seconds, Stopping threads took: 0.0000217 seconds
[2025-03-13T12:23:19.525+0530][1453.125s] Application time: 1.0001924 seconds
[2025-03-13T12:23:19.525+0530][1453.125s] Entering safepoint region: Cleanup
[2025-03-13T12:23:19.525+0530][1453.125s] Leaving safepoint region
[2025-03-13T12:23:19.525+0530][1453.125s] Total time for which application threads were stopped: 0.0002119 seconds, Stopping threads took: 0.0000148 seconds
[2025-03-13T12:23:20.525+0530][1454.125s] Application time: 1.0001718 seconds
[2025-03-13T12:23:20.525+0530][1454.125s] Entering safepoint region: Cleanup
[2025-03-13T12:23:20.525+0530][1454.125s] Leaving safepoint region
[2025-03-13T12:23:20.525+0530][1454.125s] Total time for which application threads were stopped: 0.0001915 seconds, Stopping threads took: 0.0000130 seconds
[2025-03-13T12:23:21.526+0530][1455.125s] Application time: 1.0001773 seconds
[2025-03-13T12:23:21.526+0530][1455.125s] Entering safepoint region: Cleanup
[2025-03-13T12:23:21.526+0530][1455.126s] Leaving safepoint region
[2025-03-13T12:23:21.526+0530][1455.126s] Total time for which application threads were stopped: 0.0000974 seconds, Stopping threads took: 0.0000132 seconds
[2025-03-13T12:23:22.526+0530][1456.126s] Application time: 1.0000596 seconds
[2025-03-13T12:23:22.526+0530][1456.126s] Entering safepoint region: Cleanup
[2025-03-13T12:23:22.526+0530][1456.126s] Leaving safepoint region
[2025-03-13T12:23:22.526+0530][1456.126s] Total time for which application threads were stopped: 0.0001177 seconds, Stopping threads took: 0.0000137 seconds
[2025-03-13T12:23:23.526+0530][1457.126s] Application time: 1.0000734 seconds
[2025-03-13T12:23:23.526+0530][1457.126s] Entering safepoint region: Cleanup
[2025-03-13T12:23:23.526+0530][1457.126s] Leaving safepoint region
[2025-03-13T12:23:23.526+0530][1457.126s] Total time for which application threads were stopped: 0.0001398 seconds, Stopping threads took: 0.0000260 seconds
[2025-03-13T12:23:24.526+0530][1458.126s] Application time: 1.0001807 seconds
[2025-03-13T12:23:24.526+0530][1458.126s] Entering safepoint region: Cleanup
[2025-03-13T12:23:24.527+0530][1458.126s] Leaving safepoint region
[2025-03-13T12:23:24.527+0530][1458.126s] Total time for which application threads were stopped: 0.0001899 seconds, Stopping threads took: 0.0000130 seconds
[2025-03-13T12:23:25.527+0530][1459.127s] Application time: 1.0003138 seconds
[2025-03-13T12:23:25.527+0530][1459.127s] Entering safepoint region: Cleanup
[2025-03-13T12:23:25.527+0530][1459.127s] Leaving safepoint region
[2025-03-13T12:23:25.527+0530][1459.127s] Total time for which application threads were stopped: 0.0002033 seconds, Stopping threads took: 0.0000136 seconds
[2025-03-13T12:23:26.527+0530][1460.127s] Application time: 1.0002706 seconds
[2025-03-13T12:23:26.528+0530][1460.127s] Entering safepoint region: Cleanup
[2025-03-13T12:23:26.528+0530][1460.128s] Leaving safepoint region
[2025-03-13T12:23:26.528+0530][1460.128s] Total time for which application threads were stopped: 0.0002169 seconds, Stopping threads took: 0.0000248 seconds
[2025-03-13T12:23:27.528+0530][1461.128s] Application time: 1.0001793 seconds
[2025-03-13T12:23:27.528+0530][1461.128s] Entering safepoint region: Cleanup
[2025-03-13T12:23:27.528+0530][1461.128s] Leaving safepoint region
[2025-03-13T12:23:27.528+0530][1461.128s] Total time for which application threads were stopped: 0.0001437 seconds, Stopping threads took: 0.0000147 seconds
[2025-03-13T12:23:28.528+0530][1462.128s] Application time: 1.0000790 seconds
[2025-03-13T12:23:28.528+0530][1462.128s] Entering safepoint region: Cleanup
[2025-03-13T12:23:28.528+0530][1462.128s] Leaving safepoint region
[2025-03-13T12:23:28.528+0530][1462.128s] Total time for which application threads were stopped: 0.0001106 seconds, Stopping threads took: 0.0000213 seconds
[2025-03-13T12:23:29.529+0530][1463.128s] Application time: 1.0003447 seconds
[2025-03-13T12:23:29.529+0530][1463.129s] Entering safepoint region: Cleanup
[2025-03-13T12:23:29.529+0530][1463.129s] Leaving safepoint region
[2025-03-13T12:23:29.529+0530][1463.129s] Total time for which application threads were stopped: 0.0001164 seconds, Stopping threads took: 0.0000142 seconds
[2025-03-13T12:23:30.529+0530][1464.129s] Application time: 1.0003348 seconds
[2025-03-13T12:23:30.529+0530][1464.129s] Entering safepoint region: Cleanup
[2025-03-13T12:23:30.529+0530][1464.129s] Leaving safepoint region
[2025-03-13T12:23:30.529+0530][1464.129s] Total time for which application threads were stopped: 0.0001039 seconds, Stopping threads took: 0.0000141 seconds
[2025-03-13T12:23:31.530+0530][1465.129s] Application time: 1.0003331 seconds
[2025-03-13T12:23:31.530+0530][1465.129s] Entering safepoint region: Cleanup
[2025-03-13T12:23:31.530+0530][1465.130s] Leaving safepoint region
[2025-03-13T12:23:31.530+0530][1465.130s] Total time for which application threads were stopped: 0.0000896 seconds, Stopping threads took: 0.0000134 seconds
[2025-03-13T12:23:32.530+0530][1466.130s] Application time: 1.0003443 seconds
[2025-03-13T12:23:32.530+0530][1466.130s] Entering safepoint region: Cleanup
[2025-03-13T12:23:32.530+0530][1466.130s] Leaving safepoint region
[2025-03-13T12:23:32.530+0530][1466.130s] Total time for which application threads were stopped: 0.0000892 seconds, Stopping threads took: 0.0000136 seconds
[2025-03-13T12:23:33.530+0530][1467.130s] Application time: 1.0000778 seconds
[2025-03-13T12:23:33.530+0530][1467.130s] Entering safepoint region: Cleanup
[2025-03-13T12:23:33.531+0530][1467.130s] Leaving safepoint region
[2025-03-13T12:23:33.531+0530][1467.130s] Total time for which application threads were stopped: 0.0001969 seconds, Stopping threads took: 0.0000196 seconds
[2025-03-13T12:23:34.531+0530][1468.131s] Application time: 1.0003286 seconds
[2025-03-13T12:23:34.531+0530][1468.131s] Entering safepoint region: Cleanup
[2025-03-13T12:23:34.531+0530][1468.131s] Leaving safepoint region
[2025-03-13T12:23:34.531+0530][1468.131s] Total time for which application threads were stopped: 0.0001999 seconds, Stopping threads took: 0.0000134 seconds
[2025-03-13T12:23:35.531+0530][1469.131s] Application time: 1.0003393 seconds
[2025-03-13T12:23:35.532+0530][1469.131s] Entering safepoint region: Cleanup
[2025-03-13T12:23:35.532+0530][1469.131s] Leaving safepoint region
[2025-03-13T12:23:35.532+0530][1469.131s] Total time for which application threads were stopped: 0.0002025 seconds, Stopping threads took: 0.0000135 seconds
[2025-03-13T12:23:36.532+0530][1470.132s] Application time: 1.0003110 seconds
[2025-03-13T12:23:36.532+0530][1470.132s] Entering safepoint region: Cleanup
[2025-03-13T12:23:36.532+0530][1470.132s] Leaving safepoint region
[2025-03-13T12:23:36.532+0530][1470.132s] Total time for which application threads were stopped: 0.0002015 seconds, Stopping threads took: 0.0000133 seconds
[2025-03-13T12:23:37.533+0530][1471.132s] Application time: 1.0003416 seconds
[2025-03-13T12:23:37.533+0530][1471.132s] Entering safepoint region: Cleanup
[2025-03-13T12:23:37.533+0530][1471.133s] Leaving safepoint region
[2025-03-13T12:23:37.533+0530][1471.133s] Total time for which application threads were stopped: 0.0002173 seconds, Stopping threads took: 0.0000134 seconds
[2025-03-13T12:23:38.533+0530][1472.133s] Application time: 1.0000995 seconds
[2025-03-13T12:23:38.533+0530][1472.133s] Entering safepoint region: Cleanup
[2025-03-13T12:23:38.533+0530][1472.133s] Leaving safepoint region
[2025-03-13T12:23:38.533+0530][1472.133s] Total time for which application threads were stopped: 0.0000908 seconds, Stopping threads took: 0.0000133 seconds
[2025-03-13T12:23:39.533+0530][1473.133s] Application time: 1.0001742 seconds
[2025-03-13T12:23:39.533+0530][1473.133s] Entering safepoint region: Cleanup
[2025-03-13T12:23:39.533+0530][1473.133s] Leaving safepoint region
[2025-03-13T12:23:39.533+0530][1473.133s] Total time for which application threads were stopped: 0.0000893 seconds, Stopping threads took: 0.0000134 seconds
[2025-03-13T12:23:40.534+0530][1474.134s] Application time: 1.0003418 seconds
[2025-03-13T12:23:40.534+0530][1474.134s] Entering safepoint region: Cleanup
[2025-03-13T12:23:40.534+0530][1474.134s] Leaving safepoint region
[2025-03-13T12:23:40.534+0530][1474.134s] Total time for which application threads were stopped: 0.0001118 seconds, Stopping threads took: 0.0000134 seconds
[2025-03-13T12:23:41.534+0530][1475.134s] Application time: 1.0003337 seconds
[2025-03-13T12:23:41.534+0530][1475.134s] Entering safepoint region: Cleanup
[2025-03-13T12:23:41.534+0530][1475.134s] Leaving safepoint region
[2025-03-13T12:23:41.534+0530][1475.134s] Total time for which application threads were stopped: 0.0001114 seconds, Stopping threads took: 0.0000255 seconds
[2025-03-13T12:23:42.535+0530][1476.134s] Application time: 1.0001772 seconds
[2025-03-13T12:23:42.535+0530][1476.134s] Entering safepoint region: Cleanup
[2025-03-13T12:23:42.535+0530][1476.134s] Leaving safepoint region
[2025-03-13T12:23:42.535+0530][1476.134s] Total time for which application threads were stopped: 0.0000883 seconds, Stopping threads took: 0.0000135 seconds
[2025-03-13T12:23:43.535+0530][1477.135s] Application time: 1.0000722 seconds
[2025-03-13T12:23:43.535+0530][1477.135s] Entering safepoint region: Cleanup
[2025-03-13T12:23:43.535+0530][1477.135s] Leaving safepoint region
[2025-03-13T12:23:43.537+0530][1477.137s] Total time for which application threads were stopped: 0.0020122 seconds, Stopping threads took: 0.0000219 seconds
[2025-03-13T12:23:44.537+0530][1478.137s] Application time: 1.0000764 seconds
[2025-03-13T12:23:44.537+0530][1478.137s] Entering safepoint region: Cleanup
[2025-03-13T12:23:44.537+0530][1478.137s] Leaving safepoint region
[2025-03-13T12:23:44.537+0530][1478.137s] Total time for which application threads were stopped: 0.0001249 seconds, Stopping threads took: 0.0000221 seconds
[2025-03-13T12:23:45.537+0530][1479.137s] Application time: 1.0003284 seconds
[2025-03-13T12:23:45.537+0530][1479.137s] Entering safepoint region: Cleanup
[2025-03-13T12:23:45.538+0530][1479.137s] Leaving safepoint region
[2025-03-13T12:23:45.538+0530][1479.137s] Total time for which application threads were stopped: 0.0002040 seconds, Stopping threads took: 0.0000134 seconds
[2025-03-13T12:23:46.538+0530][1480.138s] Application time: 1.0002794 seconds
[2025-03-13T12:23:46.538+0530][1480.138s] Entering safepoint region: Cleanup
[2025-03-13T12:23:46.538+0530][1480.138s] Leaving safepoint region
[2025-03-13T12:23:46.538+0530][1480.138s] Total time for which application threads were stopped: 0.0002036 seconds, Stopping threads took: 0.0000137 seconds
[2025-03-13T12:23:47.538+0530][1481.138s] Application time: 1.0003404 seconds
[2025-03-13T12:23:47.539+0530][1481.138s] Entering safepoint region: Cleanup
[2025-03-13T12:23:47.539+0530][1481.138s] Leaving safepoint region
[2025-03-13T12:23:47.539+0530][1481.138s] Total time for which application threads were stopped: 0.0002030 seconds, Stopping threads took: 0.0000138 seconds
[2025-03-13T12:23:48.539+0530][1482.139s] Application time: 1.0000846 seconds
[2025-03-13T12:23:48.539+0530][1482.139s] Entering safepoint region: Cleanup
[2025-03-13T12:23:48.539+0530][1482.139s] Leaving safepoint region
[2025-03-13T12:23:48.539+0530][1482.139s] Total time for which application threads were stopped: 0.0001174 seconds, Stopping threads took: 0.0000233 seconds
[2025-03-13T12:23:49.539+0530][1483.139s] Application time: 1.0000946 seconds
[2025-03-13T12:23:49.539+0530][1483.139s] Entering safepoint region: Cleanup
[2025-03-13T12:23:49.539+0530][1483.139s] Leaving safepoint region
[2025-03-13T12:23:49.539+0530][1483.139s] Total time for which application threads were stopped: 0.0000756 seconds, Stopping threads took: 0.0000131 seconds
[2025-03-13T12:23:50.540+0530][1484.139s] Application time: 1.0003407 seconds
[2025-03-13T12:23:50.540+0530][1484.139s] Entering safepoint region: Cleanup
[2025-03-13T12:23:50.540+0530][1484.140s] Leaving safepoint region
[2025-03-13T12:23:50.540+0530][1484.140s] Total time for which application threads were stopped: 0.0001119 seconds, Stopping threads took: 0.0000146 seconds
[2025-03-13T12:23:51.540+0530][1485.140s] Application time: 1.0003446 seconds
[2025-03-13T12:23:51.540+0530][1485.140s] Entering safepoint region: Cleanup
[2025-03-13T12:23:51.540+0530][1485.140s] Leaving safepoint region
[2025-03-13T12:23:51.540+0530][1485.140s] Total time for which application threads were stopped: 0.0000907 seconds, Stopping threads took: 0.0000138 seconds
[2025-03-13T12:23:52.540+0530][1486.140s] Application time: 1.0002444 seconds
[2025-03-13T12:23:52.540+0530][1486.140s] Entering safepoint region: Cleanup
[2025-03-13T12:23:52.541+0530][1486.140s] Leaving safepoint region
[2025-03-13T12:23:52.541+0530][1486.140s] Total time for which application threads were stopped: 0.0000887 seconds, Stopping threads took: 0.0000156 seconds
[2025-03-13T12:23:53.541+0530][1487.140s] Application time: 1.0000664 seconds
[2025-03-13T12:23:53.541+0530][1487.140s] Entering safepoint region: Cleanup
[2025-03-13T12:23:53.541+0530][1487.141s] Leaving safepoint region
[2025-03-13T12:23:53.541+0530][1487.141s] Total time for which application threads were stopped: 0.0001030 seconds, Stopping threads took: 0.0000129 seconds
[2025-03-13T12:23:54.541+0530][1488.141s] Application time: 1.0000325 seconds
[2025-03-13T12:23:54.541+0530][1488.141s] Entering safepoint region: Cleanup
[2025-03-13T12:23:54.541+0530][1488.141s] Leaving safepoint region
[2025-03-13T12:23:54.541+0530][1488.141s] Total time for which application threads were stopped: 0.0000800 seconds, Stopping threads took: 0.0000140 seconds
[2025-03-13T12:23:55.541+0530][1489.141s] Application time: 1.0000918 seconds
[2025-03-13T12:23:55.541+0530][1489.141s] Entering safepoint region: Cleanup
[2025-03-13T12:23:55.541+0530][1489.141s] Leaving safepoint region
[2025-03-13T12:23:55.541+0530][1489.141s] Total time for which application threads were stopped: 0.0001902 seconds, Stopping threads took: 0.0000141 seconds
[2025-03-13T12:23:56.542+0530][1490.141s] Application time: 1.0003403 seconds
[2025-03-13T12:23:56.542+0530][1490.141s] Entering safepoint region: Cleanup
[2025-03-13T12:23:56.542+0530][1490.142s] Leaving safepoint region
[2025-03-13T12:23:56.542+0530][1490.142s] Total time for which application threads were stopped: 0.0002178 seconds, Stopping threads took: 0.0000241 seconds
[2025-03-13T12:23:57.542+0530][1491.142s] Application time: 1.0003265 seconds
[2025-03-13T12:23:57.542+0530][1491.142s] Entering safepoint region: Cleanup
[2025-03-13T12:23:57.542+0530][1491.142s] Leaving safepoint region
[2025-03-13T12:23:57.542+0530][1491.142s] Total time for which application threads were stopped: 0.0002042 seconds, Stopping threads took: 0.0000138 seconds
[2025-03-13T12:23:58.542+0530][1492.142s] Application time: 1.0000733 seconds
[2025-03-13T12:23:58.543+0530][1492.142s] Entering safepoint region: Cleanup
[2025-03-13T12:23:58.543+0530][1492.142s] Leaving safepoint region
[2025-03-13T12:23:58.543+0530][1492.142s] Total time for which application threads were stopped: 0.0000971 seconds, Stopping threads took: 0.0000192 seconds
[2025-03-13T12:23:59.543+0530][1493.143s] Application time: 1.0003438 seconds
[2025-03-13T12:23:59.543+0530][1493.143s] Entering safepoint region: Cleanup
[2025-03-13T12:23:59.543+0530][1493.143s] Leaving safepoint region
[2025-03-13T12:23:59.543+0530][1493.143s] Total time for which application threads were stopped: 0.0001666 seconds, Stopping threads took: 0.0000182 seconds
[2025-03-13T12:24:00.543+0530][1494.143s] Application time: 1.0000675 seconds
[2025-03-13T12:24:00.543+0530][1494.143s] Entering safepoint region: Cleanup
[2025-03-13T12:24:00.543+0530][1494.143s] Leaving safepoint region
[2025-03-13T12:24:00.543+0530][1494.143s] Total time for which application threads were stopped: 0.0001337 seconds, Stopping threads took: 0.0000172 seconds
[2025-03-13T12:24:01.544+0530][1495.143s] Application time: 1.0001835 seconds
[2025-03-13T12:24:01.544+0530][1495.143s] Entering safepoint region: Cleanup
[2025-03-13T12:24:01.544+0530][1495.144s] Leaving safepoint region
[2025-03-13T12:24:01.544+0530][1495.144s] Total time for which application threads were stopped: 0.0002328 seconds, Stopping threads took: 0.0000144 seconds
[2025-03-13T12:24:02.544+0530][1496.144s] Application time: 1.0003426 seconds
[2025-03-13T12:24:02.544+0530][1496.144s] Entering safepoint region: Cleanup
[2025-03-13T12:24:02.544+0530][1496.144s] Leaving safepoint region
[2025-03-13T12:24:02.544+0530][1496.144s] Total time for which application threads were stopped: 0.0002077 seconds, Stopping threads took: 0.0000147 seconds
[2025-03-13T12:24:03.545+0530][1497.144s] Application time: 1.0000828 seconds
[2025-03-13T12:24:03.545+0530][1497.144s] Entering safepoint region: Cleanup
[2025-03-13T12:24:03.545+0530][1497.144s] Leaving safepoint region
[2025-03-13T12:24:03.545+0530][1497.144s] Total time for which application threads were stopped: 0.0001017 seconds, Stopping threads took: 0.0000174 seconds
[2025-03-13T12:24:04.545+0530][1498.145s] Application time: 1.0003384 seconds
[2025-03-13T12:24:04.545+0530][1498.145s] Entering safepoint region: Cleanup
[2025-03-13T12:24:04.545+0530][1498.145s] Leaving safepoint region
[2025-03-13T12:24:04.545+0530][1498.145s] Total time for which application threads were stopped: 0.0001451 seconds, Stopping threads took: 0.0000131 seconds
[2025-03-13T12:24:05.545+0530][1499.145s] Application time: 1.0000774 seconds
[2025-03-13T12:24:05.545+0530][1499.145s] Entering safepoint region: Cleanup
[2025-03-13T12:24:05.545+0530][1499.145s] Leaving safepoint region
[2025-03-13T12:24:05.545+0530][1499.145s] Total time for which application threads were stopped: 0.0001223 seconds, Stopping threads took: 0.0000215 seconds
[2025-03-13T12:24:06.546+0530][1500.145s] Application time: 1.0001768 seconds
[2025-03-13T12:24:06.546+0530][1500.145s] Entering safepoint region: Cleanup
[2025-03-13T12:24:06.546+0530][1500.146s] Leaving safepoint region
[2025-03-13T12:24:06.547+0530][1500.147s] Total time for which application threads were stopped: 0.0011336 seconds, Stopping threads took: 0.0000131 seconds
[2025-03-13T12:24:07.547+0530][1501.147s] Application time: 1.0003346 seconds
[2025-03-13T12:24:07.547+0530][1501.147s] Entering safepoint region: Cleanup
[2025-03-13T12:24:07.547+0530][1501.147s] Leaving safepoint region
[2025-03-13T12:24:07.547+0530][1501.147s] Total time for which application threads were stopped: 0.0002017 seconds, Stopping threads took: 0.0000146 seconds
[2025-03-13T12:24:08.547+0530][1502.147s] Application time: 1.0000981 seconds
[2025-03-13T12:24:08.548+0530][1502.147s] Entering safepoint region: Cleanup
[2025-03-13T12:24:08.548+0530][1502.147s] Leaving safepoint region
[2025-03-13T12:24:08.548+0530][1502.147s] Total time for which application threads were stopped: 0.0000941 seconds, Stopping threads took: 0.0000187 seconds
[2025-03-13T12:24:09.548+0530][1503.148s] Application time: 1.0003422 seconds
[2025-03-13T12:24:09.548+0530][1503.148s] Entering safepoint region: Cleanup
[2025-03-13T12:24:09.548+0530][1503.148s] Leaving safepoint region
[2025-03-13T12:24:09.548+0530][1503.148s] Total time for which application threads were stopped: 0.0002059 seconds, Stopping threads took: 0.0000141 seconds
[2025-03-13T12:24:10.548+0530][1504.148s] Application time: 1.0000697 seconds
[2025-03-13T12:24:10.548+0530][1504.148s] Entering safepoint region: Cleanup
[2025-03-13T12:24:10.548+0530][1504.148s] Leaving safepoint region
[2025-03-13T12:24:10.548+0530][1504.148s] Total time for which application threads were stopped: 0.0001163 seconds, Stopping threads took: 0.0000201 seconds
[2025-03-13T12:24:11.549+0530][1505.148s] Application time: 1.0001783 seconds
[2025-03-13T12:24:11.549+0530][1505.148s] Entering safepoint region: Cleanup
[2025-03-13T12:24:11.549+0530][1505.149s] Leaving safepoint region
[2025-03-13T12:24:11.549+0530][1505.149s] Total time for which application threads were stopped: 0.0001579 seconds, Stopping threads took: 0.0000139 seconds
[2025-03-13T12:24:12.549+0530][1506.149s] Application time: 1.0000943 seconds
[2025-03-13T12:24:12.549+0530][1506.149s] Entering safepoint region: Cleanup
[2025-03-13T12:24:12.549+0530][1506.149s] Leaving safepoint region
[2025-03-13T12:24:12.549+0530][1506.149s] Total time for which application threads were stopped: 0.0002148 seconds, Stopping threads took: 0.0000136 seconds
[2025-03-13T12:24:13.549+0530][1507.149s] Application time: 1.0000768 seconds
[2025-03-13T12:24:13.549+0530][1507.149s] Entering safepoint region: Cleanup
[2025-03-13T12:24:13.549+0530][1507.149s] Leaving safepoint region
[2025-03-13T12:24:13.549+0530][1507.149s] Total time for which application threads were stopped: 0.0001515 seconds, Stopping threads took: 0.0000237 seconds
[2025-03-13T12:24:14.550+0530][1508.149s] Application time: 1.0000678 seconds
[2025-03-13T12:24:14.550+0530][1508.149s] Entering safepoint region: Cleanup
[2025-03-13T12:24:14.550+0530][1508.149s] Leaving safepoint region
[2025-03-13T12:24:14.550+0530][1508.149s] Total time for which application threads were stopped: 0.0001256 seconds, Stopping threads took: 0.0000141 seconds
[2025-03-13T12:24:15.550+0530][1509.150s] Application time: 1.0001895 seconds
[2025-03-13T12:24:15.550+0530][1509.150s] Entering safepoint region: Cleanup
[2025-03-13T12:24:15.550+0530][1509.150s] Leaving safepoint region
[2025-03-13T12:24:15.550+0530][1509.150s] Total time for which application threads were stopped: 0.0002027 seconds, Stopping threads took: 0.0000141 seconds
[2025-03-13T12:24:16.550+0530][1510.150s] Application time: 1.0001794 seconds
[2025-03-13T12:24:16.550+0530][1510.150s] Entering safepoint region: Cleanup
[2025-03-13T12:24:16.551+0530][1510.150s] Leaving safepoint region
[2025-03-13T12:24:16.551+0530][1510.150s] Total time for which application threads were stopped: 0.0002032 seconds, Stopping threads took: 0.0000144 seconds
[2025-03-13T12:24:17.551+0530][1511.150s] Application time: 1.0001027 seconds
[2025-03-13T12:24:17.551+0530][1511.150s] Entering safepoint region: Cleanup
[2025-03-13T12:24:17.551+0530][1511.151s] Leaving safepoint region
[2025-03-13T12:24:17.551+0530][1511.151s] Total time for which application threads were stopped: 0.0000853 seconds, Stopping threads took: 0.0000141 seconds
[2025-03-13T12:24:18.552+0530][1512.152s] Application time: 1.0012978 seconds
[2025-03-13T12:24:18.552+0530][1512.152s] Entering safepoint region: Cleanup
[2025-03-13T12:24:18.552+0530][1512.152s] Leaving safepoint region
[2025-03-13T12:24:18.552+0530][1512.152s] Total time for which application threads were stopped: 0.0000983 seconds, Stopping threads took: 0.0000200 seconds
[2025-03-13T12:24:19.552+0530][1513.152s] Application time: 1.0000742 seconds
[2025-03-13T12:24:19.552+0530][1513.152s] Entering safepoint region: Cleanup
[2025-03-13T12:24:19.552+0530][1513.152s] Leaving safepoint region
[2025-03-13T12:24:19.552+0530][1513.152s] Total time for which application threads were stopped: 0.0000985 seconds, Stopping threads took: 0.0000205 seconds
[2025-03-13T12:24:20.552+0530][1514.152s] Application time: 1.0000912 seconds
[2025-03-13T12:24:20.553+0530][1514.152s] Entering safepoint region: Cleanup
[2025-03-13T12:24:20.553+0530][1514.152s] Leaving safepoint region
[2025-03-13T12:24:20.553+0530][1514.152s] Total time for which application threads were stopped: 0.0001167 seconds, Stopping threads took: 0.0000136 seconds
[2025-03-13T12:24:21.553+0530][1515.153s] Application time: 1.0001977 seconds
[2025-03-13T12:24:21.553+0530][1515.153s] Entering safepoint region: Cleanup
[2025-03-13T12:24:21.553+0530][1515.153s] Leaving safepoint region
[2025-03-13T12:24:21.553+0530][1515.153s] Total time for which application threads were stopped: 0.0001952 seconds, Stopping threads took: 0.0000380 seconds
[2025-03-13T12:24:22.553+0530][1516.153s] Application time: 1.0000770 seconds
[2025-03-13T12:24:22.553+0530][1516.153s] Entering safepoint region: Cleanup
[2025-03-13T12:24:22.553+0530][1516.153s] Leaving safepoint region
[2025-03-13T12:24:22.553+0530][1516.153s] Total time for which application threads were stopped: 0.0001110 seconds, Stopping threads took: 0.0000217 seconds
[2025-03-13T12:24:23.554+0530][1517.154s] Application time: 1.0010668 seconds
[2025-03-13T12:24:23.554+0530][1517.154s] Entering safepoint region: Cleanup
[2025-03-13T12:24:23.555+0530][1517.154s] Leaving safepoint region
[2025-03-13T12:24:23.555+0530][1517.154s] Total time for which application threads were stopped: 0.0000923 seconds, Stopping threads took: 0.0000188 seconds
[2025-03-13T12:24:24.555+0530][1518.155s] Application time: 1.0001713 seconds
[2025-03-13T12:24:24.555+0530][1518.155s] Entering safepoint region: Cleanup
[2025-03-13T12:24:24.555+0530][1518.155s] Leaving safepoint region
[2025-03-13T12:24:24.555+0530][1518.155s] Total time for which application threads were stopped: 0.0001309 seconds, Stopping threads took: 0.0000273 seconds
[2025-03-13T12:24:25.555+0530][1519.155s] Application time: 1.0000661 seconds
[2025-03-13T12:24:25.555+0530][1519.155s] Entering safepoint region: Cleanup
[2025-03-13T12:24:25.555+0530][1519.155s] Leaving safepoint region
[2025-03-13T12:24:25.555+0530][1519.155s] Total time for which application threads were stopped: 0.0000930 seconds, Stopping threads took: 0.0000134 seconds
[2025-03-13T12:24:26.555+0530][1520.155s] Application time: 1.0000757 seconds
[2025-03-13T12:24:26.555+0530][1520.155s] Entering safepoint region: Cleanup
[2025-03-13T12:24:26.555+0530][1520.155s] Leaving safepoint region
[2025-03-13T12:24:26.555+0530][1520.155s] Total time for which application threads were stopped: 0.0000851 seconds, Stopping threads took: 0.0000169 seconds
[2025-03-13T12:24:27.555+0530][1521.155s] Application time: 1.0000707 seconds
[2025-03-13T12:24:27.555+0530][1521.155s] Entering safepoint region: Cleanup
[2025-03-13T12:24:27.556+0530][1521.155s] Leaving safepoint region
[2025-03-13T12:24:27.556+0530][1521.155s] Total time for which application threads were stopped: 0.0002127 seconds, Stopping threads took: 0.0000410 seconds
[2025-03-13T12:24:28.556+0530][1522.156s] Application time: 1.0000918 seconds
[2025-03-13T12:24:28.556+0530][1522.156s] Entering safepoint region: Cleanup
[2025-03-13T12:24:28.556+0530][1522.156s] Leaving safepoint region
[2025-03-13T12:24:28.556+0530][1522.156s] Total time for which application threads were stopped: 0.0002638 seconds, Stopping threads took: 0.0000151 seconds
[2025-03-13T12:24:29.556+0530][1523.156s] Application time: 1.0000913 seconds
[2025-03-13T12:24:29.556+0530][1523.156s] Entering safepoint region: Cleanup
[2025-03-13T12:24:29.556+0530][1523.156s] Leaving safepoint region
[2025-03-13T12:24:29.556+0530][1523.156s] Total time for which application threads were stopped: 0.0000765 seconds, Stopping threads took: 0.0000133 seconds
[2025-03-13T12:24:30.557+0530][1524.156s] Application time: 1.0003340 seconds
[2025-03-13T12:24:30.557+0530][1524.156s] Entering safepoint region: Cleanup
[2025-03-13T12:24:30.557+0530][1524.156s] Leaving safepoint region
[2025-03-13T12:24:30.557+0530][1524.156s] Total time for which application threads were stopped: 0.0000899 seconds, Stopping threads took: 0.0000136 seconds
[2025-03-13T12:24:31.557+0530][1525.157s] Application time: 1.0001852 seconds
[2025-03-13T12:24:31.557+0530][1525.157s] Entering safepoint region: Cleanup
[2025-03-13T12:24:31.557+0530][1525.157s] Leaving safepoint region
[2025-03-13T12:24:31.557+0530][1525.157s] Total time for which application threads were stopped: 0.0000732 seconds, Stopping threads took: 0.0000133 seconds
[2025-03-13T12:24:32.557+0530][1526.157s] Application time: 1.0001009 seconds
[2025-03-13T12:24:32.557+0530][1526.157s] Entering safepoint region: Cleanup
[2025-03-13T12:24:32.557+0530][1526.157s] Leaving safepoint region
[2025-03-13T12:24:32.557+0530][1526.157s] Total time for which application threads were stopped: 0.0001516 seconds, Stopping threads took: 0.0000167 seconds
[2025-03-13T12:24:33.557+0530][1527.157s] Application time: 1.0000769 seconds
[2025-03-13T12:24:33.557+0530][1527.157s] Entering safepoint region: Cleanup
[2025-03-13T12:24:33.557+0530][1527.157s] Leaving safepoint region
[2025-03-13T12:24:33.558+0530][1527.157s] Total time for which application threads were stopped: 0.0001111 seconds, Stopping threads took: 0.0000228 seconds
[2025-03-13T12:24:34.558+0530][1528.157s] Application time: 1.0001768 seconds
[2025-03-13T12:24:34.558+0530][1528.158s] Entering safepoint region: Cleanup
[2025-03-13T12:24:34.558+0530][1528.158s] Leaving safepoint region
[2025-03-13T12:24:34.558+0530][1528.158s] Total time for which application threads were stopped: 0.0001887 seconds, Stopping threads took: 0.0000150 seconds
[2025-03-13T12:24:35.558+0530][1529.158s] Application time: 1.0001292 seconds
[2025-03-13T12:24:35.558+0530][1529.158s] Entering safepoint region: Cleanup
[2025-03-13T12:24:35.558+0530][1529.158s] Leaving safepoint region
[2025-03-13T12:24:35.558+0530][1529.158s] Total time for which application threads were stopped: 0.0002642 seconds, Stopping threads took: 0.0001685 seconds
[2025-03-13T12:24:36.558+0530][1530.158s] Application time: 1.0001234 seconds
[2025-03-13T12:24:36.559+0530][1530.158s] Entering safepoint region: Cleanup
[2025-03-13T12:24:36.559+0530][1530.158s] Leaving safepoint region
[2025-03-13T12:24:36.559+0530][1530.158s] Total time for which application threads were stopped: 0.0001525 seconds, Stopping threads took: 0.0000168 seconds
[2025-03-13T12:24:37.559+0530][1531.159s] Application time: 1.0001830 seconds
[2025-03-13T12:24:37.559+0530][1531.159s] Entering safepoint region: Cleanup
[2025-03-13T12:24:37.559+0530][1531.159s] Leaving safepoint region
[2025-03-13T12:24:37.559+0530][1531.159s] Total time for which application threads were stopped: 0.0002126 seconds, Stopping threads took: 0.0000139 seconds
[2025-03-13T12:24:38.559+0530][1532.159s] Application time: 1.0000764 seconds
[2025-03-13T12:24:38.559+0530][1532.159s] Entering safepoint region: Cleanup
[2025-03-13T12:24:38.559+0530][1532.159s] Leaving safepoint region
[2025-03-13T12:24:38.559+0530][1532.159s] Total time for which application threads were stopped: 0.0001132 seconds, Stopping threads took: 0.0000199 seconds
[2025-03-13T12:24:39.560+0530][1533.159s] Application time: 1.0003095 seconds
[2025-03-13T12:24:39.560+0530][1533.159s] Entering safepoint region: Cleanup
[2025-03-13T12:24:39.560+0530][1533.160s] Leaving safepoint region
[2025-03-13T12:24:39.560+0530][1533.160s] Total time for which application threads were stopped: 0.0002217 seconds, Stopping threads took: 0.0000134 seconds
[2025-03-13T12:24:40.560+0530][1534.160s] Application time: 1.0003318 seconds
[2025-03-13T12:24:40.560+0530][1534.160s] Entering safepoint region: Cleanup
[2025-03-13T12:24:40.560+0530][1534.160s] Leaving safepoint region
[2025-03-13T12:24:40.560+0530][1534.160s] Total time for which application threads were stopped: 0.0002026 seconds, Stopping threads took: 0.0000134 seconds
[2025-03-13T12:24:41.561+0530][1535.160s] Application time: 1.0001752 seconds
[2025-03-13T12:24:41.561+0530][1535.160s] Entering safepoint region: Cleanup
[2025-03-13T12:24:41.561+0530][1535.161s] Leaving safepoint region
[2025-03-13T12:24:41.561+0530][1535.161s] Total time for which application threads were stopped: 0.0000956 seconds, Stopping threads took: 0.0000134 seconds
[2025-03-13T12:24:42.561+0530][1536.161s] Application time: 1.0000256 seconds
[2025-03-13T12:24:42.561+0530][1536.161s] Entering safepoint region: Cleanup
[2025-03-13T12:24:42.561+0530][1536.161s] Leaving safepoint region
[2025-03-13T12:24:42.561+0530][1536.161s] Total time for which application threads were stopped: 0.0000666 seconds, Stopping threads took: 0.0000126 seconds
[2025-03-13T12:24:43.561+0530][1537.161s] Application time: 1.0003590 seconds
[2025-03-13T12:24:43.561+0530][1537.161s] Entering safepoint region: Cleanup
[2025-03-13T12:24:43.561+0530][1537.161s] Leaving safepoint region
[2025-03-13T12:24:43.561+0530][1537.161s] Total time for which application threads were stopped: 0.0001227 seconds, Stopping threads took: 0.0000222 seconds
[2025-03-13T12:24:44.561+0530][1538.161s] Application time: 1.0000748 seconds
[2025-03-13T12:24:44.562+0530][1538.161s] Entering safepoint region: Cleanup
[2025-03-13T12:24:44.562+0530][1538.161s] Leaving safepoint region
[2025-03-13T12:24:44.562+0530][1538.161s] Total time for which application threads were stopped: 0.0001186 seconds, Stopping threads took: 0.0000166 seconds
[2025-03-13T12:24:45.562+0530][1539.162s] Application time: 1.0000990 seconds
[2025-03-13T12:24:45.562+0530][1539.162s] Entering safepoint region: Cleanup
[2025-03-13T12:24:45.562+0530][1539.162s] Leaving safepoint region
[2025-03-13T12:24:45.562+0530][1539.162s] Total time for which application threads were stopped: 0.0000848 seconds, Stopping threads took: 0.0000149 seconds
[2025-03-13T12:24:46.562+0530][1540.162s] Application time: 1.0002457 seconds
[2025-03-13T12:24:46.562+0530][1540.162s] Entering safepoint region: Cleanup
[2025-03-13T12:24:46.562+0530][1540.162s] Leaving safepoint region
[2025-03-13T12:24:46.562+0530][1540.162s] Total time for which application threads were stopped: 0.0000922 seconds, Stopping threads took: 0.0000148 seconds
[2025-03-13T12:24:47.562+0530][1541.162s] Application time: 1.0001785 seconds
[2025-03-13T12:24:47.562+0530][1541.162s] Entering safepoint region: Cleanup
[2025-03-13T12:24:47.563+0530][1541.162s] Leaving safepoint region
[2025-03-13T12:24:47.563+0530][1541.162s] Total time for which application threads were stopped: 0.0000897 seconds, Stopping threads took: 0.0000138 seconds
[2025-03-13T12:24:48.563+0530][1542.162s] Application time: 1.0000991 seconds
[2025-03-13T12:24:48.563+0530][1542.163s] Entering safepoint region: Cleanup
[2025-03-13T12:24:48.563+0530][1542.163s] Leaving safepoint region
[2025-03-13T12:24:48.563+0530][1542.163s] Total time for which application threads were stopped: 0.0006440 seconds, Stopping threads took: 0.0000131 seconds
[2025-03-13T12:24:49.564+0530][1543.163s] Application time: 1.0002988 seconds
[2025-03-13T12:24:49.564+0530][1543.163s] Entering safepoint region: Cleanup
[2025-03-13T12:24:49.564+0530][1543.164s] Leaving safepoint region
[2025-03-13T12:24:49.564+0530][1543.164s] Total time for which application threads were stopped: 0.0002272 seconds, Stopping threads took: 0.0000134 seconds
[2025-03-13T12:24:50.564+0530][1544.164s] Application time: 1.0003398 seconds
[2025-03-13T12:24:50.564+0530][1544.164s] Entering safepoint region: Cleanup
[2025-03-13T12:24:50.564+0530][1544.164s] Leaving safepoint region
[2025-03-13T12:24:50.564+0530][1544.164s] Total time for which application threads were stopped: 0.0002039 seconds, Stopping threads took: 0.0000131 seconds
[2025-03-13T12:24:51.565+0530][1545.164s] Application time: 1.0001722 seconds
[2025-03-13T12:24:51.565+0530][1545.165s] Entering safepoint region: Cleanup
[2025-03-13T12:24:51.565+0530][1545.165s] Leaving safepoint region
[2025-03-13T12:24:51.566+0530][1545.166s] Total time for which application threads were stopped: 0.0010287 seconds, Stopping threads took: 0.0000137 seconds
[2025-03-13T12:24:52.566+0530][1546.166s] Application time: 1.0000453 seconds
[2025-03-13T12:24:52.566+0530][1546.166s] Entering safepoint region: Cleanup
[2025-03-13T12:24:52.566+0530][1546.166s] Leaving safepoint region
[2025-03-13T12:24:52.566+0530][1546.166s] Total time for which application threads were stopped: 0.0001172 seconds, Stopping threads took: 0.0000157 seconds
[2025-03-13T12:24:53.566+0530][1547.166s] Application time: 1.0001175 seconds
[2025-03-13T12:24:53.566+0530][1547.166s] Entering safepoint region: Cleanup
[2025-03-13T12:24:53.566+0530][1547.166s] Leaving safepoint region
[2025-03-13T12:24:53.566+0530][1547.166s] Total time for which application threads were stopped: 0.0001372 seconds, Stopping threads took: 0.0000196 seconds
[2025-03-13T12:24:54.566+0530][1548.166s] Application time: 1.0000978 seconds
[2025-03-13T12:24:54.566+0530][1548.166s] Entering safepoint region: Cleanup
[2025-03-13T12:24:54.566+0530][1548.166s] Leaving safepoint region
[2025-03-13T12:24:54.566+0530][1548.166s] Total time for which application threads were stopped: 0.0000830 seconds, Stopping threads took: 0.0000134 seconds
[2025-03-13T12:24:55.567+0530][1549.166s] Application time: 1.0000999 seconds
[2025-03-13T12:24:55.567+0530][1549.166s] Entering safepoint region: Cleanup
[2025-03-13T12:24:55.567+0530][1549.166s] Leaving safepoint region
[2025-03-13T12:24:55.567+0530][1549.166s] Total time for which application threads were stopped: 0.0000823 seconds, Stopping threads took: 0.0000131 seconds
[2025-03-13T12:24:56.567+0530][1550.167s] Application time: 1.0002394 seconds
[2025-03-13T12:24:56.567+0530][1550.167s] Entering safepoint region: Cleanup
[2025-03-13T12:24:56.567+0530][1550.167s] Leaving safepoint region
[2025-03-13T12:24:56.567+0530][1550.167s] Total time for which application threads were stopped: 0.0001997 seconds, Stopping threads took: 0.0000130 seconds
[2025-03-13T12:24:57.567+0530][1551.167s] Application time: 1.0001723 seconds
[2025-03-13T12:24:57.567+0530][1551.167s] Entering safepoint region: Cleanup
[2025-03-13T12:24:57.568+0530][1551.167s] Leaving safepoint region
[2025-03-13T12:24:57.568+0530][1551.167s] Total time for which application threads were stopped: 0.0001917 seconds, Stopping threads took: 0.0000132 seconds
[2025-03-13T12:24:58.568+0530][1552.167s] Application time: 1.0000872 seconds
[2025-03-13T12:24:58.568+0530][1552.168s] Entering safepoint region: Cleanup
[2025-03-13T12:24:58.568+0530][1552.168s] Leaving safepoint region
[2025-03-13T12:24:58.568+0530][1552.168s] Total time for which application threads were stopped: 0.0001463 seconds, Stopping threads took: 0.0000328 seconds
[2025-03-13T12:24:59.568+0530][1553.168s] Application time: 1.0000988 seconds
[2025-03-13T12:24:59.568+0530][1553.168s] Entering safepoint region: Cleanup
[2025-03-13T12:24:59.568+0530][1553.168s] Leaving safepoint region
[2025-03-13T12:24:59.568+0530][1553.168s] Total time for which application threads were stopped: 0.0001148 seconds, Stopping threads took: 0.0000132 seconds
[2025-03-13T12:25:00.568+0530][1554.168s] Application time: 1.0000794 seconds
[2025-03-13T12:25:00.568+0530][1554.168s] Entering safepoint region: Cleanup
[2025-03-13T12:25:00.568+0530][1554.168s] Leaving safepoint region
[2025-03-13T12:25:00.568+0530][1554.168s] Total time for which application threads were stopped: 0.0001353 seconds, Stopping threads took: 0.0000225 seconds
[2025-03-13T12:25:01.568+0530][1555.168s] Application time: 1.0000711 seconds
[2025-03-13T12:25:01.568+0530][1555.168s] Entering safepoint region: Cleanup
[2025-03-13T12:25:01.569+0530][1555.168s] Leaving safepoint region
[2025-03-13T12:25:01.569+0530][1555.168s] Total time for which application threads were stopped: 0.0001157 seconds, Stopping threads took: 0.0000168 seconds
[2025-03-13T12:25:02.569+0530][1556.169s] Application time: 1.0001763 seconds
[2025-03-13T12:25:02.569+0530][1556.169s] Entering safepoint region: Cleanup
[2025-03-13T12:25:02.569+0530][1556.169s] Leaving safepoint region
[2025-03-13T12:25:02.569+0530][1556.169s] Total time for which application threads were stopped: 0.0002054 seconds, Stopping threads took: 0.0000162 seconds
[2025-03-13T12:25:03.569+0530][1557.169s] Application time: 1.0001246 seconds
[2025-03-13T12:25:03.569+0530][1557.169s] Entering safepoint region: Cleanup
[2025-03-13T12:25:03.570+0530][1557.169s] Leaving safepoint region
[2025-03-13T12:25:03.570+0530][1557.169s] Total time for which application threads were stopped: 0.0001968 seconds, Stopping threads took: 0.0000428 seconds
[2025-03-13T12:25:04.570+0530][1558.170s] Application time: 1.0000656 seconds
[2025-03-13T12:25:04.570+0530][1558.170s] Entering safepoint region: Cleanup
[2025-03-13T12:25:04.570+0530][1558.170s] Leaving safepoint region
[2025-03-13T12:25:04.570+0530][1558.170s] Total time for which application threads were stopped: 0.0000870 seconds, Stopping threads took: 0.0000208 seconds
[2025-03-13T12:25:05.570+0530][1559.170s] Application time: 1.0000665 seconds
[2025-03-13T12:25:05.570+0530][1559.170s] Entering safepoint region: Cleanup
[2025-03-13T12:25:05.570+0530][1559.170s] Leaving safepoint region
[2025-03-13T12:25:05.570+0530][1559.170s] Total time for which application threads were stopped: 0.0001514 seconds, Stopping threads took: 0.0000163 seconds
[2025-03-13T12:25:06.570+0530][1560.170s] Application time: 1.0003428 seconds
[2025-03-13T12:25:06.571+0530][1560.170s] Entering safepoint region: Cleanup
[2025-03-13T12:25:06.571+0530][1560.171s] Leaving safepoint region
[2025-03-13T12:25:06.571+0530][1560.171s] Total time for which application threads were stopped: 0.0002070 seconds, Stopping threads took: 0.0000146 seconds
[2025-03-13T12:25:07.571+0530][1561.171s] Application time: 1.0001140 seconds
[2025-03-13T12:25:07.571+0530][1561.171s] Entering safepoint region: Cleanup
[2025-03-13T12:25:07.571+0530][1561.171s] Leaving safepoint region
[2025-03-13T12:25:07.571+0530][1561.171s] Total time for which application threads were stopped: 0.0001325 seconds, Stopping threads took: 0.0000147 seconds
[2025-03-13T12:25:08.021+0530][1561.620s] Application time: 0.4496462 seconds
[2025-03-13T12:25:08.021+0530][1561.621s] Entering safepoint region: RevokeBias
[2025-03-13T12:25:08.021+0530][1561.621s] Leaving safepoint region
[2025-03-13T12:25:08.021+0530][1561.621s] Total time for which application threads were stopped: 0.0000973 seconds, Stopping threads took: 0.0000140 seconds
[2025-03-13T12:25:08.021+0530][1561.621s] Application time: 0.0000188 seconds
[2025-03-13T12:25:08.021+0530][1561.621s] Entering safepoint region: RevokeBias
[2025-03-13T12:25:08.021+0530][1561.621s] Leaving safepoint region
[2025-03-13T12:25:08.021+0530][1561.621s] Total time for which application threads were stopped: 0.0000438 seconds, Stopping threads took: 0.0000051 seconds
[2025-03-13T12:25:08.021+0530][1561.621s] Application time: 0.0000146 seconds
[2025-03-13T12:25:08.021+0530][1561.621s] Entering safepoint region: RevokeBias
[2025-03-13T12:25:08.021+0530][1561.621s] Leaving safepoint region
[2025-03-13T12:25:08.021+0530][1561.621s] Total time for which application threads were stopped: 0.0000370 seconds, Stopping threads took: 0.0000045 seconds
[2025-03-13T12:25:08.021+0530][1561.621s] Application time: 0.0002837 seconds
[2025-03-13T12:25:08.021+0530][1561.621s] Entering safepoint region: RevokeBias
[2025-03-13T12:25:08.021+0530][1561.621s] Leaving safepoint region
[2025-03-13T12:25:08.021+0530][1561.621s] Total time for which application threads were stopped: 0.0000511 seconds, Stopping threads took: 0.0000051 seconds
[2025-03-13T12:25:09.021+0530][1562.621s] Application time: 1.0001832 seconds
[2025-03-13T12:25:09.022+0530][1562.621s] Entering safepoint region: Cleanup
[2025-03-13T12:25:09.022+0530][1562.622s] Leaving safepoint region
[2025-03-13T12:25:09.022+0530][1562.622s] Total time for which application threads were stopped: 0.0002243 seconds, Stopping threads took: 0.0000192 seconds
[2025-03-13T12:25:10.022+0530][1563.622s] Application time: 1.0000775 seconds
[2025-03-13T12:25:10.022+0530][1563.622s] Entering safepoint region: Cleanup
[2025-03-13T12:25:10.022+0530][1563.622s] Leaving safepoint region
[2025-03-13T12:25:10.022+0530][1563.622s] Total time for which application threads were stopped: 0.0001156 seconds, Stopping threads took: 0.0000200 seconds
[2025-03-13T12:25:11.022+0530][1564.622s] Application time: 1.0003161 seconds
[2025-03-13T12:25:11.022+0530][1564.622s] Entering safepoint region: Cleanup
[2025-03-13T12:25:11.022+0530][1564.622s] Leaving safepoint region
[2025-03-13T12:25:11.023+0530][1564.622s] Total time for which application threads were stopped: 0.0002050 seconds, Stopping threads took: 0.0000137 seconds
[2025-03-13T12:25:12.023+0530][1565.622s] Application time: 1.0000659 seconds
[2025-03-13T12:25:12.023+0530][1565.622s] Entering safepoint region: Cleanup
[2025-03-13T12:25:12.023+0530][1565.622s] Leaving safepoint region
[2025-03-13T12:25:12.023+0530][1565.622s] Total time for which application threads were stopped: 0.0000661 seconds, Stopping threads took: 0.0000127 seconds
[2025-03-13T12:25:13.023+0530][1566.623s] Application time: 1.0001730 seconds
[2025-03-13T12:25:13.023+0530][1566.623s] Entering safepoint region: Cleanup
[2025-03-13T12:25:13.023+0530][1566.623s] Leaving safepoint region
[2025-03-13T12:25:13.023+0530][1566.623s] Total time for which application threads were stopped: 0.0001896 seconds, Stopping threads took: 0.0000125 seconds
[2025-03-13T12:25:14.023+0530][1567.623s] Application time: 1.0001538 seconds
[2025-03-13T12:25:14.023+0530][1567.623s] Entering safepoint region: Cleanup
[2025-03-13T12:25:14.023+0530][1567.623s] Leaving safepoint region
[2025-03-13T12:25:14.023+0530][1567.623s] Total time for which application threads were stopped: 0.0002086 seconds, Stopping threads took: 0.0000131 seconds
[2025-03-13T12:25:15.024+0530][1568.623s] Application time: 1.0001833 seconds
[2025-03-13T12:25:15.024+0530][1568.623s] Entering safepoint region: Cleanup
[2025-03-13T12:25:15.024+0530][1568.624s] Leaving safepoint region
[2025-03-13T12:25:15.024+0530][1568.624s] Total time for which application threads were stopped: 0.0002190 seconds, Stopping threads took: 0.0000129 seconds
[2025-03-13T12:25:16.024+0530][1569.624s] Application time: 1.0000683 seconds
[2025-03-13T12:25:16.024+0530][1569.624s] Entering safepoint region: Cleanup
[2025-03-13T12:25:16.024+0530][1569.624s] Leaving safepoint region
[2025-03-13T12:25:16.024+0530][1569.624s] Total time for which application threads were stopped: 0.0001937 seconds, Stopping threads took: 0.0000138 seconds
[2025-03-13T12:25:17.024+0530][1570.624s] Application time: 1.0000940 seconds
[2025-03-13T12:25:17.024+0530][1570.624s] Entering safepoint region: Cleanup
[2025-03-13T12:25:17.024+0530][1570.624s] Leaving safepoint region
[2025-03-13T12:25:17.024+0530][1570.624s] Total time for which application threads were stopped: 0.0001246 seconds, Stopping threads took: 0.0000131 seconds
[2025-03-13T12:25:18.025+0530][1571.624s] Application time: 1.0000827 seconds
[2025-03-13T12:25:18.025+0530][1571.624s] Entering safepoint region: Cleanup
[2025-03-13T12:25:18.025+0530][1571.624s] Leaving safepoint region
[2025-03-13T12:25:18.025+0530][1571.624s] Total time for which application threads were stopped: 0.0001245 seconds, Stopping threads took: 0.0000498 seconds
[2025-03-13T12:25:19.025+0530][1572.625s] Application time: 1.0001060 seconds
[2025-03-13T12:25:19.025+0530][1572.625s] Entering safepoint region: Cleanup
[2025-03-13T12:25:19.025+0530][1572.625s] Leaving safepoint region
[2025-03-13T12:25:19.025+0530][1572.625s] Total time for which application threads were stopped: 0.0000813 seconds, Stopping threads took: 0.0000133 seconds
[2025-03-13T12:25:20.025+0530][1573.625s] Application time: 1.0001727 seconds
[2025-03-13T12:25:20.025+0530][1573.625s] Entering safepoint region: Cleanup
[2025-03-13T12:25:20.025+0530][1573.625s] Leaving safepoint region
[2025-03-13T12:25:20.025+0530][1573.625s] Total time for which application threads were stopped: 0.0001741 seconds, Stopping threads took: 0.0000171 seconds
[2025-03-13T12:25:21.025+0530][1574.625s] Application time: 1.0001785 seconds
[2025-03-13T12:25:21.026+0530][1574.625s] Entering safepoint region: Cleanup
[2025-03-13T12:25:21.026+0530][1574.626s] Leaving safepoint region
[2025-03-13T12:25:21.026+0530][1574.626s] Total time for which application threads were stopped: 0.0002072 seconds, Stopping threads took: 0.0000132 seconds
[2025-03-13T12:25:22.026+0530][1575.626s] Application time: 1.0000765 seconds
[2025-03-13T12:25:22.026+0530][1575.626s] Entering safepoint region: Cleanup
[2025-03-13T12:25:22.026+0530][1575.626s] Leaving safepoint region
[2025-03-13T12:25:22.026+0530][1575.626s] Total time for which application threads were stopped: 0.0001244 seconds, Stopping threads took: 0.0000218 seconds
[2025-03-13T12:25:23.026+0530][1576.626s] Application time: 1.0000920 seconds
[2025-03-13T12:25:23.026+0530][1576.626s] Entering safepoint region: Cleanup
[2025-03-13T12:25:23.026+0530][1576.626s] Leaving safepoint region
[2025-03-13T12:25:23.026+0530][1576.626s] Total time for which application threads were stopped: 0.0002080 seconds, Stopping threads took: 0.0000148 seconds
[2025-03-13T12:25:24.027+0530][1577.626s] Application time: 1.0003412 seconds
[2025-03-13T12:25:24.027+0530][1577.626s] Entering safepoint region: Cleanup
[2025-03-13T12:25:24.027+0530][1577.627s] Leaving safepoint region
[2025-03-13T12:25:24.027+0530][1577.627s] Total time for which application threads were stopped: 0.0001652 seconds, Stopping threads took: 0.0000133 seconds
[2025-03-13T12:25:25.027+0530][1578.627s] Application time: 1.0000619 seconds
[2025-03-13T12:25:25.027+0530][1578.627s] Entering safepoint region: Cleanup
[2025-03-13T12:25:25.027+0530][1578.627s] Leaving safepoint region
[2025-03-13T12:25:25.027+0530][1578.627s] Total time for which application threads were stopped: 0.0002153 seconds, Stopping threads took: 0.0000140 seconds
[2025-03-13T12:25:26.027+0530][1579.627s] Application time: 1.0003351 seconds
[2025-03-13T12:25:26.028+0530][1579.627s] Entering safepoint region: Cleanup
[2025-03-13T12:25:26.028+0530][1579.627s] Leaving safepoint region
[2025-03-13T12:25:26.028+0530][1579.628s] Total time for which application threads were stopped: 0.0001890 seconds, Stopping threads took: 0.0000256 seconds
[2025-03-13T12:25:27.028+0530][1580.628s] Application time: 1.0001068 seconds
[2025-03-13T12:25:27.028+0530][1580.628s] Entering safepoint region: Cleanup
[2025-03-13T12:25:27.028+0530][1580.628s] Leaving safepoint region
[2025-03-13T12:25:27.028+0530][1580.628s] Total time for which application threads were stopped: 0.0001345 seconds, Stopping threads took: 0.0000128 seconds
[2025-03-13T12:25:28.028+0530][1581.628s] Application time: 1.0000638 seconds
[2025-03-13T12:25:28.028+0530][1581.628s] Entering safepoint region: Cleanup
[2025-03-13T12:25:28.028+0530][1581.628s] Leaving safepoint region
[2025-03-13T12:25:28.028+0530][1581.628s] Total time for which application threads were stopped: 0.0001899 seconds, Stopping threads took: 0.0000114 seconds
[2025-03-13T12:25:29.028+0530][1582.628s] Application time: 1.0001900 seconds
[2025-03-13T12:25:29.029+0530][1582.628s] Entering safepoint region: Cleanup
[2025-03-13T12:25:29.029+0530][1582.629s] Leaving safepoint region
[2025-03-13T12:25:29.029+0530][1582.629s] Total time for which application threads were stopped: 0.0002514 seconds, Stopping threads took: 0.0000265 seconds
[2025-03-13T12:25:30.029+0530][1583.629s] Application time: 1.0001501 seconds
[2025-03-13T12:25:30.029+0530][1583.629s] Entering safepoint region: Cleanup
[2025-03-13T12:25:30.029+0530][1583.629s] Leaving safepoint region
[2025-03-13T12:25:30.029+0530][1583.629s] Total time for which application threads were stopped: 0.0002065 seconds, Stopping threads took: 0.0000140 seconds
[2025-03-13T12:25:31.029+0530][1584.629s] Application time: 1.0003104 seconds
[2025-03-13T12:25:31.029+0530][1584.629s] Entering safepoint region: Cleanup
[2025-03-13T12:25:31.030+0530][1584.629s] Leaving safepoint region
[2025-03-13T12:25:31.030+0530][1584.629s] Total time for which application threads were stopped: 0.0002030 seconds, Stopping threads took: 0.0000136 seconds
[2025-03-13T12:25:32.030+0530][1585.630s] Application time: 1.0000687 seconds
[2025-03-13T12:25:32.030+0530][1585.630s] Entering safepoint region: Cleanup
[2025-03-13T12:25:32.030+0530][1585.630s] Leaving safepoint region
[2025-03-13T12:25:32.030+0530][1585.630s] Total time for which application threads were stopped: 0.0000795 seconds, Stopping threads took: 0.0000159 seconds
[2025-03-13T12:25:33.030+0530][1586.630s] Application time: 1.0000639 seconds
[2025-03-13T12:25:33.030+0530][1586.630s] Entering safepoint region: Cleanup
[2025-03-13T12:25:33.030+0530][1586.630s] Leaving safepoint region
[2025-03-13T12:25:33.030+0530][1586.630s] Total time for which application threads were stopped: 0.0000761 seconds, Stopping threads took: 0.0000130 seconds
[2025-03-13T12:25:34.030+0530][1587.630s] Application time: 1.0001815 seconds
[2025-03-13T12:25:34.030+0530][1587.630s] Entering safepoint region: Cleanup
[2025-03-13T12:25:34.030+0530][1587.630s] Leaving safepoint region
[2025-03-13T12:25:34.030+0530][1587.630s] Total time for which application threads were stopped: 0.0001084 seconds, Stopping threads took: 0.0000207 seconds
[2025-03-13T12:25:35.031+0530][1588.631s] Application time: 1.0003078 seconds
[2025-03-13T12:25:35.031+0530][1588.631s] Entering safepoint region: Cleanup
[2025-03-13T12:25:35.031+0530][1588.631s] Leaving safepoint region
[2025-03-13T12:25:35.031+0530][1588.631s] Total time for which application threads were stopped: 0.0001157 seconds, Stopping threads took: 0.0000143 seconds
[2025-03-13T12:25:36.031+0530][1589.631s] Application time: 1.0003415 seconds
[2025-03-13T12:25:36.031+0530][1589.631s] Entering safepoint region: Cleanup
[2025-03-13T12:25:36.031+0530][1589.631s] Leaving safepoint region
[2025-03-13T12:25:36.031+0530][1589.631s] Total time for which application threads were stopped: 0.0000931 seconds, Stopping threads took: 0.0000146 seconds
[2025-03-13T12:25:37.032+0530][1590.631s] Application time: 1.0003367 seconds
[2025-03-13T12:25:37.032+0530][1590.632s] Entering safepoint region: Cleanup
[2025-03-13T12:25:37.032+0530][1590.632s] Leaving safepoint region
[2025-03-13T12:25:37.032+0530][1590.632s] Total time for which application threads were stopped: 0.0001118 seconds, Stopping threads took: 0.0000149 seconds
[2025-03-13T12:25:38.032+0530][1591.632s] Application time: 1.0000761 seconds
[2025-03-13T12:25:38.032+0530][1591.632s] Entering safepoint region: Cleanup
[2025-03-13T12:25:38.032+0530][1591.632s] Leaving safepoint region
[2025-03-13T12:25:38.032+0530][1591.632s] Total time for which application threads were stopped: 0.0000752 seconds, Stopping threads took: 0.0000112 seconds
[2025-03-13T12:25:39.032+0530][1592.632s] Application time: 1.0000944 seconds
[2025-03-13T12:25:39.032+0530][1592.632s] Entering safepoint region: Cleanup
[2025-03-13T12:25:39.032+0530][1592.632s] Leaving safepoint region
[2025-03-13T12:25:39.032+0530][1592.632s] Total time for which application threads were stopped: 0.0001413 seconds, Stopping threads took: 0.0000145 seconds
[2025-03-13T12:25:40.032+0530][1593.632s] Application time: 1.0001109 seconds
[2025-03-13T12:25:40.032+0530][1593.632s] Entering safepoint region: Cleanup
[2025-03-13T12:25:40.033+0530][1593.632s] Leaving safepoint region
[2025-03-13T12:25:40.033+0530][1593.632s] Total time for which application threads were stopped: 0.0001796 seconds, Stopping threads took: 0.0000252 seconds
[2025-03-13T12:25:41.033+0530][1594.632s] Application time: 1.0000677 seconds
[2025-03-13T12:25:41.033+0530][1594.633s] Entering safepoint region: Cleanup
[2025-03-13T12:25:41.033+0530][1594.633s] Leaving safepoint region
[2025-03-13T12:25:41.033+0530][1594.633s] Total time for which application threads were stopped: 0.0001084 seconds, Stopping threads took: 0.0000139 seconds
[2025-03-13T12:25:42.033+0530][1595.633s] Application time: 1.0000752 seconds
[2025-03-13T12:25:42.033+0530][1595.633s] Entering safepoint region: Cleanup
[2025-03-13T12:25:42.033+0530][1595.633s] Leaving safepoint region
[2025-03-13T12:25:42.033+0530][1595.633s] Total time for which application threads were stopped: 0.0001482 seconds, Stopping threads took: 0.0000171 seconds
[2025-03-13T12:25:43.033+0530][1596.633s] Application time: 1.0000721 seconds
[2025-03-13T12:25:43.033+0530][1596.633s] Entering safepoint region: Cleanup
[2025-03-13T12:25:43.033+0530][1596.633s] Leaving safepoint region
[2025-03-13T12:25:43.033+0530][1596.633s] Total time for which application threads were stopped: 0.0001470 seconds, Stopping threads took: 0.0000193 seconds
[2025-03-13T12:25:44.033+0530][1597.633s] Application time: 1.0000787 seconds
[2025-03-13T12:25:44.033+0530][1597.633s] Entering safepoint region: Cleanup
[2025-03-13T12:25:44.034+0530][1597.633s] Leaving safepoint region
[2025-03-13T12:25:44.034+0530][1597.633s] Total time for which application threads were stopped: 0.0001549 seconds, Stopping threads took: 0.0000197 seconds
[2025-03-13T12:25:45.034+0530][1598.634s] Application time: 1.0000722 seconds
[2025-03-13T12:25:45.034+0530][1598.634s] Entering safepoint region: Cleanup
[2025-03-13T12:25:45.034+0530][1598.634s] Leaving safepoint region
[2025-03-13T12:25:45.034+0530][1598.634s] Total time for which application threads were stopped: 0.0001317 seconds, Stopping threads took: 0.0000199 seconds
[2025-03-13T12:25:46.034+0530][1599.634s] Application time: 1.0000701 seconds
[2025-03-13T12:25:46.034+0530][1599.634s] Entering safepoint region: Cleanup
[2025-03-13T12:25:46.034+0530][1599.634s] Leaving safepoint region
[2025-03-13T12:25:46.034+0530][1599.634s] Total time for which application threads were stopped: 0.0002220 seconds, Stopping threads took: 0.0000148 seconds
[2025-03-13T12:25:47.035+0530][1600.634s] Application time: 1.0003322 seconds
[2025-03-13T12:25:47.035+0530][1600.634s] Entering safepoint region: Cleanup
[2025-03-13T12:25:47.035+0530][1600.635s] Leaving safepoint region
[2025-03-13T12:25:47.035+0530][1600.635s] Total time for which application threads were stopped: 0.0002334 seconds, Stopping threads took: 0.0000137 seconds
[2025-03-13T12:25:48.035+0530][1601.635s] Application time: 1.0001248 seconds
[2025-03-13T12:25:48.035+0530][1601.635s] Entering safepoint region: Cleanup
[2025-03-13T12:25:48.035+0530][1601.635s] Leaving safepoint region
[2025-03-13T12:25:48.035+0530][1601.635s] Total time for which application threads were stopped: 0.0001182 seconds, Stopping threads took: 0.0000224 seconds
[2025-03-13T12:25:48.528+0530][1602.128s] Application time: 0.4932776 seconds
[2025-03-13T12:25:48.528+0530][1602.128s] Entering safepoint region: RevokeBias
[2025-03-13T12:25:48.529+0530][1602.128s] Leaving safepoint region
[2025-03-13T12:25:48.529+0530][1602.128s] Total time for which application threads were stopped: 0.0001000 seconds, Stopping threads took: 0.0000108 seconds
[2025-03-13T12:25:48.529+0530][1602.129s] Application time: 0.0002132 seconds
[2025-03-13T12:25:48.529+0530][1602.129s] Entering safepoint region: RevokeBias
[2025-03-13T12:25:48.529+0530][1602.129s] Leaving safepoint region
[2025-03-13T12:25:48.529+0530][1602.129s] Total time for which application threads were stopped: 0.0001001 seconds, Stopping threads took: 0.0000105 seconds
[2025-03-13T12:25:48.529+0530][1602.129s] Application time: 0.0000874 seconds
[2025-03-13T12:25:48.529+0530][1602.129s] Entering safepoint region: RevokeBias
[2025-03-13T12:25:48.529+0530][1602.129s] Leaving safepoint region
[2025-03-13T12:25:48.529+0530][1602.129s] Total time for which application threads were stopped: 0.0000710 seconds, Stopping threads took: 0.0000083 seconds
[2025-03-13T12:25:48.529+0530][1602.129s] Application time: 0.0000956 seconds
[2025-03-13T12:25:48.529+0530][1602.129s] Entering safepoint region: RevokeBias
[2025-03-13T12:25:48.529+0530][1602.129s] Leaving safepoint region
[2025-03-13T12:25:48.529+0530][1602.129s] Total time for which application threads were stopped: 0.0001101 seconds, Stopping threads took: 0.0000087 seconds
[2025-03-13T12:25:48.529+0530][1602.129s] Application time: 0.0001559 seconds
[2025-03-13T12:25:48.529+0530][1602.129s] Entering safepoint region: RevokeBias
[2025-03-13T12:25:48.530+0530][1602.129s] Leaving safepoint region
[2025-03-13T12:25:48.530+0530][1602.129s] Total time for which application threads were stopped: 0.0001060 seconds, Stopping threads took: 0.0000126 seconds
[2025-03-13T12:25:48.530+0530][1602.129s] Application time: 0.0000292 seconds
[2025-03-13T12:25:48.530+0530][1602.129s] Entering safepoint region: RevokeBias
[2025-03-13T12:25:48.530+0530][1602.129s] Leaving safepoint region
[2025-03-13T12:25:48.530+0530][1602.129s] Total time for which application threads were stopped: 0.0000870 seconds, Stopping threads took: 0.0000083 seconds
[2025-03-13T12:25:48.530+0530][1602.130s] Application time: 0.0004728 seconds
[2025-03-13T12:25:48.530+0530][1602.130s] Entering safepoint region: RevokeBias
[2025-03-13T12:25:48.530+0530][1602.130s] Leaving safepoint region
[2025-03-13T12:25:48.530+0530][1602.130s] Total time for which application threads were stopped: 0.0000987 seconds, Stopping threads took: 0.0000114 seconds
[2025-03-13T12:25:48.530+0530][1602.130s] Application time: 0.0002010 seconds
[2025-03-13T12:25:48.530+0530][1602.130s] Entering safepoint region: RevokeBias
[2025-03-13T12:25:48.531+0530][1602.130s] Leaving safepoint region
[2025-03-13T12:25:48.531+0530][1602.130s] Total time for which application threads were stopped: 0.0000856 seconds, Stopping threads took: 0.0000086 seconds
[2025-03-13T12:25:48.531+0530][1602.130s] Application time: 0.0000231 seconds
[2025-03-13T12:25:48.531+0530][1602.130s] Entering safepoint region: RevokeBias
[2025-03-13T12:25:48.531+0530][1602.130s] Leaving safepoint region
[2025-03-13T12:25:48.531+0530][1602.130s] Total time for which application threads were stopped: 0.0000662 seconds, Stopping threads took: 0.0000072 seconds
[2025-03-13T12:25:48.531+0530][1602.131s] Application time: 0.0001595 seconds
[2025-03-13T12:25:48.531+0530][1602.131s] Entering safepoint region: RevokeBias
[2025-03-13T12:25:48.531+0530][1602.131s] Leaving safepoint region
[2025-03-13T12:25:48.531+0530][1602.131s] Total time for which application threads were stopped: 0.0001117 seconds, Stopping threads took: 0.0000076 seconds
[2025-03-13T12:25:48.531+0530][1602.131s] Application time: 0.0000823 seconds
[2025-03-13T12:25:48.531+0530][1602.131s] Entering safepoint region: RevokeBias
[2025-03-13T12:25:48.531+0530][1602.131s] Leaving safepoint region
[2025-03-13T12:25:48.531+0530][1602.131s] Total time for which application threads were stopped: 0.0000771 seconds, Stopping threads took: 0.0000067 seconds
[2025-03-13T12:25:48.532+0530][1602.131s] Application time: 0.0005350 seconds
[2025-03-13T12:25:48.532+0530][1602.132s] Entering safepoint region: RevokeBias
[2025-03-13T12:25:48.532+0530][1602.132s] Leaving safepoint region
[2025-03-13T12:25:48.532+0530][1602.132s] Total time for which application threads were stopped: 0.0001465 seconds, Stopping threads took: 0.0000163 seconds
[2025-03-13T12:25:48.532+0530][1602.132s] Application time: 0.0000636 seconds
[2025-03-13T12:25:48.532+0530][1602.132s] Entering safepoint region: RevokeBias
[2025-03-13T12:25:48.532+0530][1602.132s] Leaving safepoint region
[2025-03-13T12:25:48.532+0530][1602.132s] Total time for which application threads were stopped: 0.0001070 seconds, Stopping threads took: 0.0000104 seconds
[2025-03-13T12:25:48.532+0530][1602.132s] Application time: 0.0000397 seconds
[2025-03-13T12:25:48.532+0530][1602.132s] Entering safepoint region: RevokeBias
[2025-03-13T12:25:48.532+0530][1602.132s] Leaving safepoint region
[2025-03-13T12:25:48.532+0530][1602.132s] Total time for which application threads were stopped: 0.0000801 seconds, Stopping threads took: 0.0000092 seconds
[2025-03-13T12:25:48.532+0530][1602.132s] Application time: 0.0000760 seconds
[2025-03-13T12:25:48.532+0530][1602.132s] Entering safepoint region: RevokeBias
[2025-03-13T12:25:48.532+0530][1602.132s] Leaving safepoint region
[2025-03-13T12:25:48.532+0530][1602.132s] Total time for which application threads were stopped: 0.0000986 seconds, Stopping threads took: 0.0000106 seconds
[2025-03-13T12:25:48.533+0530][1602.132s] Application time: 0.0001290 seconds
[2025-03-13T12:25:48.533+0530][1602.132s] Entering safepoint region: RevokeBias
[2025-03-13T12:25:48.533+0530][1602.132s] Leaving safepoint region
[2025-03-13T12:25:48.533+0530][1602.132s] Total time for which application threads were stopped: 0.0000877 seconds, Stopping threads took: 0.0000105 seconds
[2025-03-13T12:25:48.533+0530][1602.132s] Application time: 0.0000569 seconds
[2025-03-13T12:25:48.533+0530][1602.133s] Entering safepoint region: RevokeBias
[2025-03-13T12:25:48.533+0530][1602.133s] Leaving safepoint region
[2025-03-13T12:25:48.533+0530][1602.133s] Total time for which application threads were stopped: 0.0001090 seconds, Stopping threads took: 0.0000225 seconds
[2025-03-13T12:25:48.533+0530][1602.133s] Application time: 0.0001781 seconds
[2025-03-13T12:25:48.533+0530][1602.133s] Entering safepoint region: RevokeBias
[2025-03-13T12:25:48.533+0530][1602.133s] Leaving safepoint region
[2025-03-13T12:25:48.533+0530][1602.133s] Total time for which application threads were stopped: 0.0001107 seconds, Stopping threads took: 0.0000125 seconds
[2025-03-13T12:25:48.534+0530][1602.133s] Application time: 0.0005473 seconds
[2025-03-13T12:25:48.534+0530][1602.133s] Entering safepoint region: RevokeBias
[2025-03-13T12:25:48.534+0530][1602.134s] Leaving safepoint region
[2025-03-13T12:25:48.534+0530][1602.134s] Total time for which application threads were stopped: 0.0001643 seconds, Stopping threads took: 0.0000159 seconds
[2025-03-13T12:25:48.534+0530][1602.134s] Application time: 0.0001795 seconds
[2025-03-13T12:25:48.534+0530][1602.134s] Entering safepoint region: RevokeBias
[2025-03-13T12:25:48.534+0530][1602.134s] Leaving safepoint region
[2025-03-13T12:25:48.534+0530][1602.134s] Total time for which application threads were stopped: 0.0001173 seconds, Stopping threads took: 0.0000149 seconds
[2025-03-13T12:25:48.534+0530][1602.134s] Application time: 0.0002278 seconds
[2025-03-13T12:25:48.534+0530][1602.134s] Entering safepoint region: RevokeBias
[2025-03-13T12:25:48.535+0530][1602.134s] Leaving safepoint region
[2025-03-13T12:25:48.535+0530][1602.134s] Total time for which application threads were stopped: 0.0001447 seconds, Stopping threads took: 0.0000313 seconds
[2025-03-13T12:25:48.538+0530][1602.138s] Application time: 0.0032348 seconds
[2025-03-13T12:25:48.538+0530][1602.138s] Entering safepoint region: BulkRevokeBias
[2025-03-13T12:25:48.540+0530][1602.139s] Leaving safepoint region
[2025-03-13T12:25:48.540+0530][1602.139s] Total time for which application threads were stopped: 0.0017444 seconds, Stopping threads took: 0.0000208 seconds
[2025-03-13T12:25:48.540+0530][1602.140s] Application time: 0.0003223 seconds
[2025-03-13T12:25:48.540+0530][1602.140s] Entering safepoint region: RevokeBias
[2025-03-13T12:25:48.540+0530][1602.140s] Leaving safepoint region
[2025-03-13T12:25:48.540+0530][1602.140s] Total time for which application threads were stopped: 0.0001366 seconds, Stopping threads took: 0.0000436 seconds
[2025-03-13T12:25:48.540+0530][1602.140s] Application time: 0.0001704 seconds
[2025-03-13T12:25:48.540+0530][1602.140s] Entering safepoint region: RevokeBias
[2025-03-13T12:25:48.540+0530][1602.140s] Leaving safepoint region
[2025-03-13T12:25:48.540+0530][1602.140s] Total time for which application threads were stopped: 0.0000831 seconds, Stopping threads took: 0.0000141 seconds
[2025-03-13T12:25:48.540+0530][1602.140s] Application time: 0.0000308 seconds
[2025-03-13T12:25:48.540+0530][1602.140s] Entering safepoint region: RevokeBias
[2025-03-13T12:25:48.540+0530][1602.140s] Leaving safepoint region
[2025-03-13T12:25:48.540+0530][1602.140s] Total time for which application threads were stopped: 0.0000737 seconds, Stopping threads took: 0.0000162 seconds
[2025-03-13T12:25:48.541+0530][1602.140s] Application time: 0.0000394 seconds
[2025-03-13T12:25:48.541+0530][1602.140s] Entering safepoint region: RevokeBias
[2025-03-13T12:25:48.541+0530][1602.140s] Leaving safepoint region
[2025-03-13T12:25:48.541+0530][1602.140s] Total time for which application threads were stopped: 0.0000627 seconds, Stopping threads took: 0.0000113 seconds
[2025-03-13T12:25:48.541+0530][1602.141s] Application time: 0.0001073 seconds
[2025-03-13T12:25:48.541+0530][1602.141s] Entering safepoint region: RevokeBias
[2025-03-13T12:25:48.541+0530][1602.141s] Leaving safepoint region
[2025-03-13T12:25:48.541+0530][1602.141s] Total time for which application threads were stopped: 0.0001120 seconds, Stopping threads took: 0.0000114 seconds
[2025-03-13T12:25:48.546+0530][1602.146s] Application time: 0.0048972 seconds
[2025-03-13T12:25:48.546+0530][1602.146s] Entering safepoint region: RevokeBias
[2025-03-13T12:25:48.546+0530][1602.146s] Leaving safepoint region
[2025-03-13T12:25:48.546+0530][1602.146s] Total time for which application threads were stopped: 0.0001436 seconds, Stopping threads took: 0.0000202 seconds
[2025-03-13T12:25:48.554+0530][1602.154s] Application time: 0.0078565 seconds
[2025-03-13T12:25:48.554+0530][1602.154s] Entering safepoint region: RevokeBias
[2025-03-13T12:25:48.554+0530][1602.154s] Leaving safepoint region
[2025-03-13T12:25:48.554+0530][1602.154s] Total time for which application threads were stopped: 0.0001280 seconds, Stopping threads took: 0.0000152 seconds
[2025-03-13T12:25:48.554+0530][1602.154s] Application time: 0.0000365 seconds
[2025-03-13T12:25:48.554+0530][1602.154s] Entering safepoint region: RevokeBias
[2025-03-13T12:25:48.554+0530][1602.154s] Leaving safepoint region
[2025-03-13T12:25:48.554+0530][1602.154s] Total time for which application threads were stopped: 0.0000911 seconds, Stopping threads took: 0.0000083 seconds
[2025-03-13T12:25:49.059+0530][1602.659s] Application time: 0.5047180 seconds
[2025-03-13T12:25:49.059+0530][1602.659s] Entering safepoint region: RevokeBias
[2025-03-13T12:25:49.059+0530][1602.659s] Leaving safepoint region
[2025-03-13T12:25:49.059+0530][1602.659s] Total time for which application threads were stopped: 0.0001300 seconds, Stopping threads took: 0.0000136 seconds
[2025-03-13T12:25:49.059+0530][1602.659s] Application time: 0.0000606 seconds
[2025-03-13T12:25:49.059+0530][1602.659s] Entering safepoint region: RevokeBias
[2025-03-13T12:25:49.059+0530][1602.659s] Leaving safepoint region
[2025-03-13T12:25:49.059+0530][1602.659s] Total time for which application threads were stopped: 0.0000983 seconds, Stopping threads took: 0.0000079 seconds
[2025-03-13T12:25:49.059+0530][1602.659s] Application time: 0.0000523 seconds
[2025-03-13T12:25:49.059+0530][1602.659s] Entering safepoint region: RevokeBias
[2025-03-13T12:25:49.059+0530][1602.659s] Leaving safepoint region
[2025-03-13T12:25:49.059+0530][1602.659s] Total time for which application threads were stopped: 0.0000900 seconds, Stopping threads took: 0.0000066 seconds
[2025-03-13T12:25:49.059+0530][1602.659s] Application time: 0.0000839 seconds
[2025-03-13T12:25:49.059+0530][1602.659s] Entering safepoint region: RevokeBias
[2025-03-13T12:25:49.060+0530][1602.659s] Leaving safepoint region
[2025-03-13T12:25:49.060+0530][1602.659s] Total time for which application threads were stopped: 0.0001072 seconds, Stopping threads took: 0.0000066 seconds
[2025-03-13T12:25:49.060+0530][1602.659s] Application time: 0.0000505 seconds
[2025-03-13T12:25:49.060+0530][1602.659s] Entering safepoint region: RevokeBias
[2025-03-13T12:25:49.060+0530][1602.659s] Leaving safepoint region
[2025-03-13T12:25:49.060+0530][1602.659s] Total time for which application threads were stopped: 0.0000774 seconds, Stopping threads took: 0.0000068 seconds
[2025-03-13T12:25:49.060+0530][1602.659s] Application time: 0.0000181 seconds
[2025-03-13T12:25:49.060+0530][1602.659s] Entering safepoint region: RevokeBias
[2025-03-13T12:25:49.060+0530][1602.660s] Leaving safepoint region
[2025-03-13T12:25:49.060+0530][1602.660s] Total time for which application threads were stopped: 0.0000755 seconds, Stopping threads took: 0.0000064 seconds
[2025-03-13T12:25:49.060+0530][1602.660s] Application time: 0.0000464 seconds
[2025-03-13T12:25:49.060+0530][1602.660s] Entering safepoint region: RevokeBias
[2025-03-13T12:25:49.060+0530][1602.660s] Leaving safepoint region
[2025-03-13T12:25:49.060+0530][1602.660s] Total time for which application threads were stopped: 0.0000845 seconds, Stopping threads took: 0.0000067 seconds
[2025-03-13T12:25:49.060+0530][1602.660s] Application time: 0.0000771 seconds
[2025-03-13T12:25:49.060+0530][1602.660s] Entering safepoint region: RevokeBias
[2025-03-13T12:25:49.060+0530][1602.660s] Leaving safepoint region
[2025-03-13T12:25:49.060+0530][1602.660s] Total time for which application threads were stopped: 0.0000510 seconds, Stopping threads took: 0.0000068 seconds
[2025-03-13T12:25:49.060+0530][1602.660s] Application time: 0.0000197 seconds
[2025-03-13T12:25:49.060+0530][1602.660s] Entering safepoint region: RevokeBias
[2025-03-13T12:25:49.060+0530][1602.660s] Leaving safepoint region
[2025-03-13T12:25:49.060+0530][1602.660s] Total time for which application threads were stopped: 0.0000473 seconds, Stopping threads took: 0.0000063 seconds
[2025-03-13T12:25:49.060+0530][1602.660s] Application time: 0.0000425 seconds
[2025-03-13T12:25:49.060+0530][1602.660s] Entering safepoint region: RevokeBias
[2025-03-13T12:25:49.060+0530][1602.660s] Leaving safepoint region
[2025-03-13T12:25:49.060+0530][1602.660s] Total time for which application threads were stopped: 0.0000755 seconds, Stopping threads took: 0.0000064 seconds
[2025-03-13T12:25:49.060+0530][1602.660s] Application time: 0.0000222 seconds
[2025-03-13T12:25:49.060+0530][1602.660s] Entering safepoint region: RevokeBias
[2025-03-13T12:25:49.060+0530][1602.660s] Leaving safepoint region
[2025-03-13T12:25:49.060+0530][1602.660s] Total time for which application threads were stopped: 0.0000738 seconds, Stopping threads took: 0.0000065 seconds
[2025-03-13T12:25:49.060+0530][1602.660s] Application time: 0.0000192 seconds
[2025-03-13T12:25:49.060+0530][1602.660s] Entering safepoint region: RevokeBias
[2025-03-13T12:25:49.060+0530][1602.660s] Leaving safepoint region
[2025-03-13T12:25:49.060+0530][1602.660s] Total time for which application threads were stopped: 0.0000747 seconds, Stopping threads took: 0.0000065 seconds
[2025-03-13T12:25:49.061+0530][1602.660s] Application time: 0.0000379 seconds
[2025-03-13T12:25:49.061+0530][1602.660s] Entering safepoint region: RevokeBias
[2025-03-13T12:25:49.061+0530][1602.660s] Leaving safepoint region
[2025-03-13T12:25:49.061+0530][1602.660s] Total time for which application threads were stopped: 0.0000755 seconds, Stopping threads took: 0.0000065 seconds
[2025-03-13T12:25:49.061+0530][1602.660s] Application time: 0.0000210 seconds
[2025-03-13T12:25:49.061+0530][1602.660s] Entering safepoint region: RevokeBias
[2025-03-13T12:25:49.061+0530][1602.661s] Leaving safepoint region
[2025-03-13T12:25:49.061+0530][1602.661s] Total time for which application threads were stopped: 0.0000737 seconds, Stopping threads took: 0.0000065 seconds
[2025-03-13T12:25:49.061+0530][1602.661s] Application time: 0.0000177 seconds
[2025-03-13T12:25:49.061+0530][1602.661s] Entering safepoint region: RevokeBias
[2025-03-13T12:25:49.061+0530][1602.661s] Leaving safepoint region
[2025-03-13T12:25:49.061+0530][1602.661s] Total time for which application threads were stopped: 0.0000855 seconds, Stopping threads took: 0.0000063 seconds
[2025-03-13T12:25:49.061+0530][1602.661s] Application time: 0.0000368 seconds
[2025-03-13T12:25:49.061+0530][1602.661s] Entering safepoint region: RevokeBias
[2025-03-13T12:25:49.061+0530][1602.661s] Leaving safepoint region
[2025-03-13T12:25:49.061+0530][1602.661s] Total time for which application threads were stopped: 0.0000755 seconds, Stopping threads took: 0.0000065 seconds
[2025-03-13T12:25:49.061+0530][1602.661s] Application time: 0.0000205 seconds
[2025-03-13T12:25:49.061+0530][1602.661s] Entering safepoint region: RevokeBias
[2025-03-13T12:25:49.061+0530][1602.661s] Leaving safepoint region
[2025-03-13T12:25:49.061+0530][1602.661s] Total time for which application threads were stopped: 0.0000738 seconds, Stopping threads took: 0.0000065 seconds
[2025-03-13T12:25:49.061+0530][1602.661s] Application time: 0.0000173 seconds
[2025-03-13T12:25:49.061+0530][1602.661s] Entering safepoint region: RevokeBias
[2025-03-13T12:25:49.061+0530][1602.661s] Leaving safepoint region
[2025-03-13T12:25:49.061+0530][1602.661s] Total time for which application threads were stopped: 0.0000738 seconds, Stopping threads took: 0.0000064 seconds
[2025-03-13T12:25:49.061+0530][1602.661s] Application time: 0.0000333 seconds
[2025-03-13T12:25:49.061+0530][1602.661s] Entering safepoint region: RevokeBias
[2025-03-13T12:25:49.061+0530][1602.661s] Leaving safepoint region
[2025-03-13T12:25:49.061+0530][1602.661s] Total time for which application threads were stopped: 0.0000753 seconds, Stopping threads took: 0.0000067 seconds
[2025-03-13T12:25:49.061+0530][1602.661s] Application time: 0.0001152 seconds
[2025-03-13T12:25:49.061+0530][1602.661s] Entering safepoint region: RevokeBias
[2025-03-13T12:25:49.061+0530][1602.661s] Leaving safepoint region
[2025-03-13T12:25:49.061+0530][1602.661s] Total time for which application threads were stopped: 0.0000756 seconds, Stopping threads took: 0.0000068 seconds
[2025-03-13T12:25:49.062+0530][1602.661s] Application time: 0.0000333 seconds
[2025-03-13T12:25:49.062+0530][1602.661s] Entering safepoint region: RevokeBias
[2025-03-13T12:25:49.062+0530][1602.661s] Leaving safepoint region
[2025-03-13T12:25:49.062+0530][1602.661s] Total time for which application threads were stopped: 0.0000815 seconds, Stopping threads took: 0.0000097 seconds
[2025-03-13T12:25:49.062+0530][1602.661s] Application time: 0.0000638 seconds
[2025-03-13T12:25:49.062+0530][1602.661s] Entering safepoint region: RevokeBias
[2025-03-13T12:25:49.062+0530][1602.662s] Leaving safepoint region
[2025-03-13T12:25:49.062+0530][1602.662s] Total time for which application threads were stopped: 0.0000755 seconds, Stopping threads took: 0.0000066 seconds
[2025-03-13T12:25:49.062+0530][1602.662s] Application time: 0.0000253 seconds
[2025-03-13T12:25:49.062+0530][1602.662s] Entering safepoint region: RevokeBias
[2025-03-13T12:25:49.062+0530][1602.662s] Leaving safepoint region
[2025-03-13T12:25:49.062+0530][1602.662s] Total time for which application threads were stopped: 0.0000796 seconds, Stopping threads took: 0.0000069 seconds
[2025-03-13T12:25:49.062+0530][1602.662s] Application time: 0.0000214 seconds
[2025-03-13T12:25:49.062+0530][1602.662s] Entering safepoint region: RevokeBias
[2025-03-13T12:25:49.062+0530][1602.662s] Leaving safepoint region
[2025-03-13T12:25:49.062+0530][1602.662s] Total time for which application threads were stopped: 0.0000789 seconds, Stopping threads took: 0.0000065 seconds
[2025-03-13T12:25:49.062+0530][1602.662s] Application time: 0.0002031 seconds
[2025-03-13T12:25:49.062+0530][1602.662s] Entering safepoint region: RevokeBias
[2025-03-13T12:25:49.062+0530][1602.662s] Leaving safepoint region
[2025-03-13T12:25:49.062+0530][1602.662s] Total time for which application threads were stopped: 0.0000835 seconds, Stopping threads took: 0.0000070 seconds
[2025-03-13T12:25:49.063+0530][1602.663s] Application time: 0.0005466 seconds
[2025-03-13T12:25:49.063+0530][1602.663s] Entering safepoint region: RevokeBias
[2025-03-13T12:25:49.063+0530][1602.663s] Leaving safepoint region
[2025-03-13T12:25:49.063+0530][1602.663s] Total time for which application threads were stopped: 0.0001103 seconds, Stopping threads took: 0.0000169 seconds
[2025-03-13T12:25:49.063+0530][1602.663s] Application time: 0.0000649 seconds
[2025-03-13T12:25:49.063+0530][1602.663s] Entering safepoint region: RevokeBias
[2025-03-13T12:25:49.063+0530][1602.663s] Leaving safepoint region
[2025-03-13T12:25:49.063+0530][1602.663s] Total time for which application threads were stopped: 0.0000729 seconds, Stopping threads took: 0.0000114 seconds
[2025-03-13T12:25:49.063+0530][1602.663s] Application time: 0.0000292 seconds
[2025-03-13T12:25:49.063+0530][1602.663s] Entering safepoint region: RevokeBias
[2025-03-13T12:25:49.063+0530][1602.663s] Leaving safepoint region
[2025-03-13T12:25:49.063+0530][1602.663s] Total time for which application threads were stopped: 0.0000872 seconds, Stopping threads took: 0.0000107 seconds
[2025-03-13T12:25:49.063+0530][1602.663s] Application time: 0.0000294 seconds
[2025-03-13T12:25:49.063+0530][1602.663s] Entering safepoint region: RevokeBias
[2025-03-13T12:25:49.063+0530][1602.663s] Leaving safepoint region
[2025-03-13T12:25:49.063+0530][1602.663s] Total time for which application threads were stopped: 0.0000672 seconds, Stopping threads took: 0.0000075 seconds
[2025-03-13T12:25:49.063+0530][1602.663s] Application time: 0.0000685 seconds
[2025-03-13T12:25:49.063+0530][1602.663s] Entering safepoint region: RevokeBias
[2025-03-13T12:25:49.063+0530][1602.663s] Leaving safepoint region
[2025-03-13T12:25:49.064+0530][1602.663s] Total time for which application threads were stopped: 0.0000607 seconds, Stopping threads took: 0.0000073 seconds
[2025-03-13T12:25:49.066+0530][1602.666s] Application time: 0.0023266 seconds
[2025-03-13T12:25:49.066+0530][1602.666s] Entering safepoint region: RevokeBias
[2025-03-13T12:25:49.066+0530][1602.666s] Leaving safepoint region
[2025-03-13T12:25:49.066+0530][1602.666s] Total time for which application threads were stopped: 0.0001446 seconds, Stopping threads took: 0.0000544 seconds
[2025-03-13T12:25:49.066+0530][1602.666s] Application time: 0.0000347 seconds
[2025-03-13T12:25:49.066+0530][1602.666s] Entering safepoint region: RevokeBias
[2025-03-13T12:25:49.066+0530][1602.666s] Leaving safepoint region
[2025-03-13T12:25:49.066+0530][1602.666s] Total time for which application threads were stopped: 0.0000807 seconds, Stopping threads took: 0.0000232 seconds
[2025-03-13T12:25:50.067+0530][1603.667s] Application time: 1.0009190 seconds
[2025-03-13T12:25:50.067+0530][1603.667s] Entering safepoint region: Cleanup
[2025-03-13T12:25:50.067+0530][1603.667s] Leaving safepoint region
[2025-03-13T12:25:50.067+0530][1603.667s] Total time for which application threads were stopped: 0.0001109 seconds, Stopping threads took: 0.0000199 seconds
[2025-03-13T12:25:51.067+0530][1604.667s] Application time: 1.0001076 seconds
[2025-03-13T12:25:51.067+0530][1604.667s] Entering safepoint region: Cleanup
[2025-03-13T12:25:51.068+0530][1604.667s] Leaving safepoint region
[2025-03-13T12:25:51.068+0530][1604.667s] Total time for which application threads were stopped: 0.0001614 seconds, Stopping threads took: 0.0000339 seconds
[2025-03-13T12:25:52.068+0530][1605.667s] Application time: 1.0000739 seconds
[2025-03-13T12:25:52.068+0530][1605.667s] Entering safepoint region: Cleanup
[2025-03-13T12:25:52.068+0530][1605.668s] Leaving safepoint region
[2025-03-13T12:25:52.068+0530][1605.668s] Total time for which application threads were stopped: 0.0001122 seconds, Stopping threads took: 0.0000178 seconds
[2025-03-13T12:25:53.068+0530][1606.668s] Application time: 1.0000657 seconds
[2025-03-13T12:25:53.068+0530][1606.668s] Entering safepoint region: Cleanup
[2025-03-13T12:25:53.068+0530][1606.668s] Leaving safepoint region
[2025-03-13T12:25:53.068+0530][1606.668s] Total time for which application threads were stopped: 0.0001312 seconds, Stopping threads took: 0.0000273 seconds
[2025-03-13T12:25:54.068+0530][1607.668s] Application time: 1.0000963 seconds
[2025-03-13T12:25:54.068+0530][1607.668s] Entering safepoint region: Cleanup
[2025-03-13T12:25:54.068+0530][1607.668s] Leaving safepoint region
[2025-03-13T12:25:54.068+0530][1607.668s] Total time for which application threads were stopped: 0.0000792 seconds, Stopping threads took: 0.0000136 seconds
[2025-03-13T12:25:55.068+0530][1608.668s] Application time: 1.0000659 seconds
[2025-03-13T12:25:55.068+0530][1608.668s] Entering safepoint region: Cleanup
[2025-03-13T12:25:55.068+0530][1608.668s] Leaving safepoint region
[2025-03-13T12:25:55.068+0530][1608.668s] Total time for which application threads were stopped: 0.0001011 seconds, Stopping threads took: 0.0000148 seconds
[2025-03-13T12:25:56.069+0530][1609.668s] Application time: 1.0000746 seconds
[2025-03-13T12:25:56.069+0530][1609.668s] Entering safepoint region: Cleanup
[2025-03-13T12:25:56.069+0530][1609.668s] Leaving safepoint region
[2025-03-13T12:25:56.069+0530][1609.668s] Total time for which application threads were stopped: 0.0001220 seconds, Stopping threads took: 0.0000202 seconds
[2025-03-13T12:25:57.069+0530][1610.669s] Application time: 1.0000813 seconds
[2025-03-13T12:25:57.069+0530][1610.669s] Entering safepoint region: Cleanup
[2025-03-13T12:25:57.069+0530][1610.669s] Leaving safepoint region
[2025-03-13T12:25:57.069+0530][1610.669s] Total time for which application threads were stopped: 0.0001060 seconds, Stopping threads took: 0.0000226 seconds
[2025-03-13T12:25:58.069+0530][1611.669s] Application time: 1.0000764 seconds
[2025-03-13T12:25:58.069+0530][1611.669s] Entering safepoint region: Cleanup
[2025-03-13T12:25:58.069+0530][1611.669s] Leaving safepoint region
[2025-03-13T12:25:58.069+0530][1611.669s] Total time for which application threads were stopped: 0.0000981 seconds, Stopping threads took: 0.0000181 seconds
[2025-03-13T12:25:59.070+0530][1612.670s] Application time: 1.0006198 seconds
[2025-03-13T12:25:59.070+0530][1612.670s] Entering safepoint region: Cleanup
[2025-03-13T12:25:59.070+0530][1612.670s] Leaving safepoint region
[2025-03-13T12:25:59.070+0530][1612.670s] Total time for which application threads were stopped: 0.0000993 seconds, Stopping threads took: 0.0000278 seconds
[2025-03-13T12:26:00.070+0530][1613.670s] Application time: 1.0000805 seconds
[2025-03-13T12:26:00.070+0530][1613.670s] Entering safepoint region: Cleanup
[2025-03-13T12:26:00.070+0530][1613.670s] Leaving safepoint region
[2025-03-13T12:26:00.070+0530][1613.670s] Total time for which application threads were stopped: 0.0001063 seconds, Stopping threads took: 0.0000300 seconds
[2025-03-13T12:26:01.070+0530][1614.670s] Application time: 1.0000743 seconds
[2025-03-13T12:26:01.070+0530][1614.670s] Entering safepoint region: Cleanup
[2025-03-13T12:26:01.070+0530][1614.670s] Leaving safepoint region
[2025-03-13T12:26:01.070+0530][1614.670s] Total time for which application threads were stopped: 0.0000936 seconds, Stopping threads took: 0.0000181 seconds
[2025-03-13T12:26:02.070+0530][1615.670s] Application time: 1.0000779 seconds
[2025-03-13T12:26:02.070+0530][1615.670s] Entering safepoint region: Cleanup
[2025-03-13T12:26:02.071+0530][1615.670s] Leaving safepoint region
[2025-03-13T12:26:02.071+0530][1615.670s] Total time for which application threads were stopped: 0.0001267 seconds, Stopping threads took: 0.0000213 seconds
